<?xml version="1.0" encoding="ISO-8859-1" ?>
<link_info>
   <banner>TI ARM Linker PC v20.2.6.LTS</banner>
   <copyright>Copyright (c) 1996-2018 Texas Instruments Incorporated</copyright>
   <link_time>0x63fe8027</link_time>
   <link_errors>0x0</link_errors>
   <output_file>Lab3.out</output_file>
   <entry_point>
      <name>_c_int00_noargs</name>
      <address>0x4899</address>
   </entry_point>
   <input_file_list>
      <input_file id="fl-2">
         <path>.\</path>
         <kind>object</kind>
         <file>Timer.obj</file>
         <name>Timer.obj</name>
      </input_file>
      <input_file id="fl-3">
         <path>.\</path>
         <kind>object</kind>
         <file>lcd.obj</file>
         <name>lcd.obj</name>
      </input_file>
      <input_file id="fl-4">
         <path>.\</path>
         <kind>object</kind>
         <file>main.obj</file>
         <name>main.obj</name>
      </input_file>
      <input_file id="fl-5">
         <path>.\</path>
         <kind>object</kind>
         <file>movement.obj</file>
         <name>movement.obj</name>
      </input_file>
      <input_file id="fl-6">
         <path>.\</path>
         <kind>object</kind>
         <file>open_interface.obj</file>
         <name>open_interface.obj</name>
      </input_file>
      <input_file id="fl-7">
         <path>.\</path>
         <kind>object</kind>
         <file>tm4c123gh6pm_startup_ccs.obj</file>
         <name>tm4c123gh6pm_startup_ccs.obj</name>
      </input_file>
      <input_file id="fl-e">
         <kind>object</kind>
         <file>&lt;internal&gt;</file>
         <name>&lt;internal&gt;</name>
      </input_file>
      <input_file id="fl-f">
         <path>..\</path>
         <kind>archive</kind>
         <file>libcybotScan.lib</file>
         <name>cyBot_Scan.obj</name>
      </input_file>
      <input_file id="fl-10">
         <path>..\</path>
         <kind>archive</kind>
         <file>libcybotScan.lib</file>
         <name>ir.obj</name>
      </input_file>
      <input_file id="fl-11">
         <path>..\</path>
         <kind>archive</kind>
         <file>libcybotScan.lib</file>
         <name>ping.obj</name>
      </input_file>
      <input_file id="fl-12">
         <path>..\</path>
         <kind>archive</kind>
         <file>libcybotScan.lib</file>
         <name>servo.obj</name>
      </input_file>
      <input_file id="fl-13">
         <path>..\</path>
         <kind>archive</kind>
         <file>libcybotUART.lib</file>
         <name>uart.obj</name>
      </input_file>
      <input_file id="fl-c9">
         <path>C:\ti\ccs1200\ccs\tools\compiler\ti-cgt-arm_20.2.6.LTS\lib\</path>
         <kind>archive</kind>
         <file>rtsv7M4_T_le_v4SPD16_eabi.lib</file>
         <name>sprintf.c.obj</name>
      </input_file>
      <input_file id="fl-ca">
         <path>C:\ti\ccs1200\ccs\tools\compiler\ti-cgt-arm_20.2.6.LTS\lib\</path>
         <kind>archive</kind>
         <file>rtsv7M4_T_le_v4SPD16_eabi.lib</file>
         <name>vsnprintf.c.obj</name>
      </input_file>
      <input_file id="fl-cb">
         <path>C:\ti\ccs1200\ccs\tools\compiler\ti-cgt-arm_20.2.6.LTS\lib\</path>
         <kind>archive</kind>
         <file>rtsv7M4_T_le_v4SPD16_eabi.lib</file>
         <name>vla_alloc.c.obj</name>
      </input_file>
      <input_file id="fl-cc">
         <path>C:\ti\ccs1200\ccs\tools\compiler\ti-cgt-arm_20.2.6.LTS\lib\</path>
         <kind>archive</kind>
         <file>rtsv7M4_T_le_v4SPD16_eabi.lib</file>
         <name>fd_add_t2.asm.obj</name>
      </input_file>
      <input_file id="fl-cd">
         <path>C:\ti\ccs1200\ccs\tools\compiler\ti-cgt-arm_20.2.6.LTS\lib\</path>
         <kind>archive</kind>
         <file>rtsv7M4_T_le_v4SPD16_eabi.lib</file>
         <name>fd_cmp_t2.asm.obj</name>
      </input_file>
      <input_file id="fl-ce">
         <path>C:\ti\ccs1200\ccs\tools\compiler\ti-cgt-arm_20.2.6.LTS\lib\</path>
         <kind>archive</kind>
         <file>rtsv7M4_T_le_v4SPD16_eabi.lib</file>
         <name>fd_div_t2.asm.obj</name>
      </input_file>
      <input_file id="fl-cf">
         <path>C:\ti\ccs1200\ccs\tools\compiler\ti-cgt-arm_20.2.6.LTS\lib\</path>
         <kind>archive</kind>
         <file>rtsv7M4_T_le_v4SPD16_eabi.lib</file>
         <name>fd_mul_t2.asm.obj</name>
      </input_file>
      <input_file id="fl-d0">
         <path>C:\ti\ccs1200\ccs\tools\compiler\ti-cgt-arm_20.2.6.LTS\lib\</path>
         <kind>archive</kind>
         <file>rtsv7M4_T_le_v4SPD16_eabi.lib</file>
         <name>fd_tos_t2.asm.obj</name>
      </input_file>
      <input_file id="fl-d1">
         <path>C:\ti\ccs1200\ccs\tools\compiler\ti-cgt-arm_20.2.6.LTS\lib\</path>
         <kind>archive</kind>
         <file>rtsv7M4_T_le_v4SPD16_eabi.lib</file>
         <name>fs_tod_t2.asm.obj</name>
      </input_file>
      <input_file id="fl-d2">
         <path>C:\ti\ccs1200\ccs\tools\compiler\ti-cgt-arm_20.2.6.LTS\lib\</path>
         <kind>archive</kind>
         <file>rtsv7M4_T_le_v4SPD16_eabi.lib</file>
         <name>i_tofd_t2.asm.obj</name>
      </input_file>
      <input_file id="fl-d3">
         <path>C:\ti\ccs1200\ccs\tools\compiler\ti-cgt-arm_20.2.6.LTS\lib\</path>
         <kind>archive</kind>
         <file>rtsv7M4_T_le_v4SPD16_eabi.lib</file>
         <name>memcpy_t2.asm.obj</name>
      </input_file>
      <input_file id="fl-d4">
         <path>C:\ti\ccs1200\ccs\tools\compiler\ti-cgt-arm_20.2.6.LTS\lib\</path>
         <kind>archive</kind>
         <file>rtsv7M4_T_le_v4SPD16_eabi.lib</file>
         <name>memset_t2.asm.obj</name>
      </input_file>
      <input_file id="fl-d5">
         <path>C:\ti\ccs1200\ccs\tools\compiler\ti-cgt-arm_20.2.6.LTS\lib\</path>
         <kind>archive</kind>
         <file>rtsv7M4_T_le_v4SPD16_eabi.lib</file>
         <name>copy_zero_init.c.obj</name>
      </input_file>
      <input_file id="fl-d6">
         <path>C:\ti\ccs1200\ccs\tools\compiler\ti-cgt-arm_20.2.6.LTS\lib\</path>
         <kind>archive</kind>
         <file>rtsv7M4_T_le_v4SPD16_eabi.lib</file>
         <name>copy_decompress_none.c.obj</name>
      </input_file>
      <input_file id="fl-d7">
         <path>C:\ti\ccs1200\ccs\tools\compiler\ti-cgt-arm_20.2.6.LTS\lib\</path>
         <kind>archive</kind>
         <file>rtsv7M4_T_le_v4SPD16_eabi.lib</file>
         <name>copy_decompress_lzss.c.obj</name>
      </input_file>
      <input_file id="fl-d8">
         <path>C:\ti\ccs1200\ccs\tools\compiler\ti-cgt-arm_20.2.6.LTS\lib\</path>
         <kind>archive</kind>
         <file>rtsv7M4_T_le_v4SPD16_eabi.lib</file>
         <name>memory.c.obj</name>
      </input_file>
      <input_file id="fl-d9">
         <path>C:\ti\ccs1200\ccs\tools\compiler\ti-cgt-arm_20.2.6.LTS\lib\</path>
         <kind>archive</kind>
         <file>rtsv7M4_T_le_v4SPD16_eabi.lib</file>
         <name>strcmp.c.obj</name>
      </input_file>
      <input_file id="fl-da">
         <path>C:\ti\ccs1200\ccs\tools\compiler\ti-cgt-arm_20.2.6.LTS\lib\</path>
         <kind>archive</kind>
         <file>rtsv7M4_T_le_v4SPD16_eabi.lib</file>
         <name>strcpy.c.obj</name>
      </input_file>
      <input_file id="fl-db">
         <path>C:\ti\ccs1200\ccs\tools\compiler\ti-cgt-arm_20.2.6.LTS\lib\</path>
         <kind>archive</kind>
         <file>rtsv7M4_T_le_v4SPD16_eabi.lib</file>
         <name>boot_cortex_m.c.obj</name>
      </input_file>
      <input_file id="fl-dc">
         <path>C:\ti\ccs1200\ccs\tools\compiler\ti-cgt-arm_20.2.6.LTS\lib\</path>
         <kind>archive</kind>
         <file>rtsv7M4_T_le_v4SPD16_eabi.lib</file>
         <name>_printfi.c.obj</name>
      </input_file>
      <input_file id="fl-dd">
         <path>C:\ti\ccs1200\ccs\tools\compiler\ti-cgt-arm_20.2.6.LTS\lib\</path>
         <kind>archive</kind>
         <file>rtsv7M4_T_le_v4SPD16_eabi.lib</file>
         <name>error.c.obj</name>
      </input_file>
      <input_file id="fl-de">
         <path>C:\ti\ccs1200\ccs\tools\compiler\ti-cgt-arm_20.2.6.LTS\lib\</path>
         <kind>archive</kind>
         <file>rtsv7M4_T_le_v4SPD16_eabi.lib</file>
         <name>fd_toi_t2.asm.obj</name>
      </input_file>
      <input_file id="fl-df">
         <path>C:\ti\ccs1200\ccs\tools\compiler\ti-cgt-arm_20.2.6.LTS\lib\</path>
         <kind>archive</kind>
         <file>rtsv7M4_T_le_v4SPD16_eabi.lib</file>
         <name>ull_div_t2.asm.obj</name>
      </input_file>
      <input_file id="fl-e0">
         <path>C:\ti\ccs1200\ccs\tools\compiler\ti-cgt-arm_20.2.6.LTS\lib\</path>
         <kind>archive</kind>
         <file>rtsv7M4_T_le_v4SPD16_eabi.lib</file>
         <name>autoinit.c.obj</name>
      </input_file>
      <input_file id="fl-e1">
         <path>C:\ti\ccs1200\ccs\tools\compiler\ti-cgt-arm_20.2.6.LTS\lib\</path>
         <kind>archive</kind>
         <file>rtsv7M4_T_le_v4SPD16_eabi.lib</file>
         <name>pre_init.c.obj</name>
      </input_file>
      <input_file id="fl-e2">
         <path>C:\ti\ccs1200\ccs\tools\compiler\ti-cgt-arm_20.2.6.LTS\lib\</path>
         <kind>archive</kind>
         <file>rtsv7M4_T_le_v4SPD16_eabi.lib</file>
         <name>cpy_tbl.c.obj</name>
      </input_file>
      <input_file id="fl-e3">
         <path>C:\ti\ccs1200\ccs\tools\compiler\ti-cgt-arm_20.2.6.LTS\lib\</path>
         <kind>archive</kind>
         <file>rtsv7M4_T_le_v4SPD16_eabi.lib</file>
         <name>exit.c.obj</name>
      </input_file>
      <input_file id="fl-e4">
         <path>C:\ti\ccs1200\ccs\tools\compiler\ti-cgt-arm_20.2.6.LTS\lib\</path>
         <kind>archive</kind>
         <file>rtsv7M4_T_le_v4SPD16_eabi.lib</file>
         <name>_lock.c.obj</name>
      </input_file>
      <input_file id="fl-e5">
         <path>C:\ti\ccs1200\ccs\tools\compiler\ti-cgt-arm_20.2.6.LTS\lib\</path>
         <kind>archive</kind>
         <file>rtsv7M4_T_le_v4SPD16_eabi.lib</file>
         <name>_ltoa.c.obj</name>
      </input_file>
      <input_file id="fl-e6">
         <path>C:\ti\ccs1200\ccs\tools\compiler\ti-cgt-arm_20.2.6.LTS\lib\</path>
         <kind>archive</kind>
         <file>rtsv7M4_T_le_v4SPD16_eabi.lib</file>
         <name>args_main.c.obj</name>
      </input_file>
      <input_file id="fl-e7">
         <path>C:\ti\ccs1200\ccs\tools\compiler\ti-cgt-arm_20.2.6.LTS\lib\</path>
         <kind>archive</kind>
         <file>rtsv7M4_T_le_v4SPD16_eabi.lib</file>
         <name>atoi.c.obj</name>
      </input_file>
      <input_file id="fl-e8">
         <path>C:\ti\ccs1200\ccs\tools\compiler\ti-cgt-arm_20.2.6.LTS\lib\</path>
         <kind>archive</kind>
         <file>rtsv7M4_T_le_v4SPD16_eabi.lib</file>
         <name>ctype.c.obj</name>
      </input_file>
      <input_file id="fl-e9">
         <path>C:\ti\ccs1200\ccs\tools\compiler\ti-cgt-arm_20.2.6.LTS\lib\</path>
         <kind>archive</kind>
         <file>rtsv7M4_T_le_v4SPD16_eabi.lib</file>
         <name>memccpy.c.obj</name>
      </input_file>
      <input_file id="fl-ea">
         <path>C:\ti\ccs1200\ccs\tools\compiler\ti-cgt-arm_20.2.6.LTS\lib\</path>
         <kind>archive</kind>
         <file>rtsv7M4_T_le_v4SPD16_eabi.lib</file>
         <name>strchr.c.obj</name>
      </input_file>
      <input_file id="fl-eb">
         <path>C:\ti\ccs1200\ccs\tools\compiler\ti-cgt-arm_20.2.6.LTS\lib\</path>
         <kind>archive</kind>
         <file>rtsv7M4_T_le_v4SPD16_eabi.lib</file>
         <name>strlen.c.obj</name>
      </input_file>
      <input_file id="fl-ec">
         <path>C:\ti\ccs1200\ccs\tools\compiler\ti-cgt-arm_20.2.6.LTS\lib\</path>
         <kind>archive</kind>
         <file>rtsv7M4_T_le_v4SPD16_eabi.lib</file>
         <name>errno.c.obj</name>
      </input_file>
      <input_file id="fl-ed">
         <path>C:\ti\ccs1200\ccs\tools\compiler\ti-cgt-arm_20.2.6.LTS\lib\</path>
         <kind>archive</kind>
         <file>rtsv7M4_T_le_v4SPD16_eabi.lib</file>
         <name>s_frexp.c.obj</name>
      </input_file>
      <input_file id="fl-ee">
         <path>C:\ti\ccs1200\ccs\tools\compiler\ti-cgt-arm_20.2.6.LTS\lib\</path>
         <kind>archive</kind>
         <file>rtsv7M4_T_le_v4SPD16_eabi.lib</file>
         <name>s_scalbn.c.obj</name>
      </input_file>
      <input_file id="fl-ef">
         <path>C:\ti\ccs1200\ccs\tools\compiler\ti-cgt-arm_20.2.6.LTS\lib\</path>
         <kind>archive</kind>
         <file>rtsv7M4_T_le_v4SPD16_eabi.lib</file>
         <name>s_copysign.c.obj</name>
      </input_file>
      <input_file id="fl-f0">
         <path>C:\ti\ccs1200\ccs\tools\compiler\ti-cgt-arm_20.2.6.LTS\lib\</path>
         <kind>archive</kind>
         <file>rtsv7M4_T_le_v4SPD16_eabi.lib</file>
         <name>wcslen.c.obj</name>
      </input_file>
      <input_file id="fl-f1">
         <path>C:\ti\ccs1200\ccs\tools\compiler\ti-cgt-arm_20.2.6.LTS\lib\</path>
         <kind>archive</kind>
         <file>rtsv7M4_T_le_v4SPD16_eabi.lib</file>
         <name>div0.asm.obj</name>
      </input_file>
      <input_file id="fl-f2">
         <path>C:\ti\TivaWare_C_Series-2.2.0.295\driverlib\ccs\Debug\</path>
         <kind>archive</kind>
         <file>driverlib.lib</file>
         <name>interrupt.obj</name>
      </input_file>
      <input_file id="fl-f3">
         <path>C:\ti\TivaWare_C_Series-2.2.0.295\driverlib\ccs\Debug\</path>
         <kind>archive</kind>
         <file>driverlib.lib</file>
         <name>cpu.obj</name>
      </input_file>
   </input_file_list>
   <object_component_list>
      <object_component id="oc-12">
         <name>.intvecs</name>
         <load_address>0x0</load_address>
         <run_address>0x0</run_address>
         <size>0x26c</size>
         <input_file_ref idref="fl-7"/>
      </object_component>
      <object_component id="oc-e3">
         <name>.text</name>
         <load_address>0x26c</load_address>
         <run_address>0x26c</run_address>
         <size>0xc20</size>
         <input_file_ref idref="fl-6"/>
      </object_component>
      <object_component id="oc-207">
         <name>.text:__TI_printfi</name>
         <load_address>0xe8c</load_address>
         <run_address>0xe8c</run_address>
         <size>0xa4e</size>
         <input_file_ref idref="fl-dc"/>
      </object_component>
      <object_component id="oc-34e">
         <name>.text:_nop</name>
         <load_address>0x18da</load_address>
         <run_address>0x18da</run_address>
         <size>0x2</size>
         <input_file_ref idref="fl-e4"/>
      </object_component>
      <object_component id="oc-a2">
         <name>.text</name>
         <load_address>0x18dc</load_address>
         <run_address>0x18dc</run_address>
         <size>0x71c</size>
         <input_file_ref idref="fl-4"/>
      </object_component>
      <object_component id="oc-dd">
         <name>.text</name>
         <load_address>0x1ff8</load_address>
         <run_address>0x1ff8</run_address>
         <size>0x328</size>
         <input_file_ref idref="fl-3"/>
      </object_component>
      <object_component id="oc-314">
         <name>.text:_pconv_a</name>
         <load_address>0x2320</load_address>
         <run_address>0x2320</run_address>
         <size>0x270</size>
         <input_file_ref idref="fl-dc"/>
      </object_component>
      <object_component id="oc-fb">
         <name>.text</name>
         <load_address>0x2590</load_address>
         <run_address>0x2590</run_address>
         <size>0x260</size>
         <input_file_ref idref="fl-f"/>
      </object_component>
      <object_component id="oc-117">
         <name>.text</name>
         <load_address>0x27f0</load_address>
         <run_address>0x27f0</run_address>
         <size>0x248</size>
         <input_file_ref idref="fl-2"/>
      </object_component>
      <object_component id="oc-221">
         <name>.text</name>
         <load_address>0x2a38</load_address>
         <run_address>0x2a38</run_address>
         <size>0x1ec</size>
         <input_file_ref idref="fl-11"/>
      </object_component>
      <object_component id="oc-302">
         <name>.text:_pconv_g</name>
         <load_address>0x2c24</load_address>
         <run_address>0x2c24</run_address>
         <size>0x1d0</size>
         <input_file_ref idref="fl-dc"/>
      </object_component>
      <object_component id="oc-e9">
         <name>.text</name>
         <load_address>0x2df4</load_address>
         <run_address>0x2df4</run_address>
         <size>0x1c4</size>
         <input_file_ref idref="fl-5"/>
      </object_component>
      <object_component id="oc-1c9">
         <name>.text</name>
         <load_address>0x2fb8</load_address>
         <run_address>0x2fb8</run_address>
         <size>0x1b6</size>
         <input_file_ref idref="fl-cc"/>
      </object_component>
      <object_component id="oc-411">
         <name>.text</name>
         <load_address>0x316e</load_address>
         <run_address>0x316e</run_address>
         <size>0x2</size>
         <input_file_ref idref="fl-f1"/>
      </object_component>
      <object_component id="oc-d7">
         <name>.text</name>
         <load_address>0x3170</load_address>
         <run_address>0x3170</run_address>
         <size>0x15c</size>
         <input_file_ref idref="fl-13"/>
      </object_component>
      <object_component id="oc-21b">
         <name>.text</name>
         <load_address>0x32cc</load_address>
         <run_address>0x32cc</run_address>
         <size>0x158</size>
         <input_file_ref idref="fl-12"/>
      </object_component>
      <object_component id="oc-ef">
         <name>.text:__vla_alloc</name>
         <load_address>0x3424</load_address>
         <run_address>0x3424</run_address>
         <size>0x14c</size>
         <input_file_ref idref="fl-cb"/>
      </object_component>
      <object_component id="oc-30e">
         <name>.text:_pconv_e</name>
         <load_address>0x3570</load_address>
         <run_address>0x3570</run_address>
         <size>0x13c</size>
         <input_file_ref idref="fl-dc"/>
      </object_component>
      <object_component id="oc-1bf">
         <name>.text</name>
         <load_address>0x36ac</load_address>
         <run_address>0x36ac</run_address>
         <size>0x136</size>
         <input_file_ref idref="fl-ce"/>
      </object_component>
      <object_component id="oc-3ba">
         <name>.text:fcvt</name>
         <load_address>0x37e4</load_address>
         <run_address>0x37e4</run_address>
         <size>0x124</size>
         <input_file_ref idref="fl-dc"/>
      </object_component>
      <object_component id="oc-227">
         <name>.text</name>
         <load_address>0x3908</load_address>
         <run_address>0x3908</run_address>
         <size>0x118</size>
         <input_file_ref idref="fl-10"/>
      </object_component>
      <object_component id="oc-3ce">
         <name>.text:scalbn</name>
         <load_address>0x3a20</load_address>
         <run_address>0x3a20</run_address>
         <size>0x110</size>
         <input_file_ref idref="fl-ee"/>
      </object_component>
      <object_component id="oc-2ce">
         <name>.text:aligned_alloc</name>
         <load_address>0x3b30</load_address>
         <run_address>0x3b30</run_address>
         <size>0x100</size>
         <input_file_ref idref="fl-d8"/>
      </object_component>
      <object_component id="oc-1ba">
         <name>.text</name>
         <load_address>0x3c30</load_address>
         <run_address>0x3c30</run_address>
         <size>0xfc</size>
         <input_file_ref idref="fl-cf"/>
      </object_component>
      <object_component id="oc-19e">
         <name>.text:free</name>
         <load_address>0x3d2c</load_address>
         <run_address>0x3d2c</run_address>
         <size>0xe4</size>
         <input_file_ref idref="fl-d8"/>
      </object_component>
      <object_component id="oc-1f2">
         <name>.text:realloc</name>
         <load_address>0x3e10</load_address>
         <run_address>0x3e10</run_address>
         <size>0xe4</size>
         <input_file_ref idref="fl-d8"/>
      </object_component>
      <object_component id="oc-2fc">
         <name>.text:_ltostr</name>
         <load_address>0x3ef4</load_address>
         <run_address>0x3ef4</run_address>
         <size>0xb1</size>
         <input_file_ref idref="fl-dc"/>
      </object_component>
      <object_component id="oc-3e">
         <name>.text</name>
         <load_address>0x3fa6</load_address>
         <run_address>0x3fa6</run_address>
         <size>0x9c</size>
         <input_file_ref idref="fl-d3"/>
      </object_component>
      <object_component id="oc-397">
         <name>.text</name>
         <load_address>0x4042</load_address>
         <run_address>0x4042</run_address>
         <size>0x96</size>
         <input_file_ref idref="fl-df"/>
      </object_component>
      <object_component id="oc-106">
         <name>.text:__aeabi_cdcmple</name>
         <load_address>0x40d8</load_address>
         <run_address>0x40d8</run_address>
         <size>0x86</size>
         <input_file_ref idref="fl-cd"/>
      </object_component>
      <object_component id="oc-39d">
         <name>.text:__aeabi_cdrcmple</name>
         <load_address>0x415e</load_address>
         <run_address>0x415e</run_address>
         <size>0x86</size>
         <input_file_ref idref="fl-cd"/>
      </object_component>
      <object_component id="oc-96">
         <name>.text</name>
         <load_address>0x41e4</load_address>
         <run_address>0x41e4</run_address>
         <size>0x7a</size>
         <input_file_ref idref="fl-d4"/>
      </object_component>
      <object_component id="oc-1ec">
         <name>.text:_ZN33_INTERNAL_11_vla_alloc_c_be8bd49b21free_dead_allocationsEPv</name>
         <load_address>0x4260</load_address>
         <run_address>0x4260</run_address>
         <size>0x78</size>
         <input_file_ref idref="fl-cb"/>
      </object_component>
      <object_component id="oc-111">
         <name>.text:__vla_dealloc</name>
         <load_address>0x42d8</load_address>
         <run_address>0x42d8</run_address>
         <size>0x70</size>
         <input_file_ref idref="fl-cb"/>
      </object_component>
      <object_component id="oc-2d6">
         <name>.text:split</name>
         <load_address>0x4348</load_address>
         <run_address>0x4348</run_address>
         <size>0x70</size>
         <input_file_ref idref="fl-d8"/>
      </object_component>
      <object_component id="oc-3b3">
         <name>.text:_mcpy</name>
         <load_address>0x43b8</load_address>
         <run_address>0x43b8</run_address>
         <size>0x6e</size>
         <input_file_ref idref="fl-dc"/>
      </object_component>
      <object_component id="oc-1d1">
         <name>.text</name>
         <load_address>0x4426</load_address>
         <run_address>0x4426</run_address>
         <size>0x6e</size>
         <input_file_ref idref="fl-d0"/>
      </object_component>
      <object_component id="oc-15">
         <name>.text:decompress:lzss:__TI_decompress_lzss</name>
         <load_address>0x4494</load_address>
         <run_address>0x4494</run_address>
         <size>0x68</size>
         <input_file_ref idref="fl-d7"/>
      </object_component>
      <object_component id="oc-3c8">
         <name>.text:frexp</name>
         <load_address>0x44fc</load_address>
         <run_address>0x44fc</run_address>
         <size>0x64</size>
         <input_file_ref idref="fl-ed"/>
      </object_component>
      <object_component id="oc-308">
         <name>.text:_pconv_f</name>
         <load_address>0x4560</load_address>
         <run_address>0x4560</run_address>
         <size>0x56</size>
         <input_file_ref idref="fl-dc"/>
      </object_component>
      <object_component id="oc-3a7">
         <name>.text:__TI_ltoa</name>
         <load_address>0x45b6</load_address>
         <run_address>0x45b6</run_address>
         <size>0x54</size>
         <input_file_ref idref="fl-e5"/>
      </object_component>
      <object_component id="oc-3ad">
         <name>.text:_ecpy</name>
         <load_address>0x460a</load_address>
         <run_address>0x460a</run_address>
         <size>0x52</size>
         <input_file_ref idref="fl-dc"/>
      </object_component>
      <object_component id="oc-2f6">
         <name>.text:atoi</name>
         <load_address>0x465c</load_address>
         <run_address>0x465c</run_address>
         <size>0x4c</size>
         <input_file_ref idref="fl-e7"/>
      </object_component>
      <object_component id="oc-3a2">
         <name>.text</name>
         <load_address>0x46a8</load_address>
         <run_address>0x46a8</run_address>
         <size>0x48</size>
         <input_file_ref idref="fl-de"/>
      </object_component>
      <object_component id="oc-13a">
         <name>.text:__TI_auto_init_nobinit_nopinit:__TI_auto_init_nobinit_nopinit</name>
         <load_address>0x46f0</load_address>
         <run_address>0x46f0</run_address>
         <size>0x44</size>
         <input_file_ref idref="fl-e0"/>
      </object_component>
      <object_component id="oc-f5">
         <name>.text:sprintf</name>
         <load_address>0x4734</load_address>
         <run_address>0x4734</run_address>
         <size>0x40</size>
         <input_file_ref idref="fl-c9"/>
      </object_component>
      <object_component id="oc-17c">
         <name>.text:vsnprintf</name>
         <load_address>0x4774</load_address>
         <run_address>0x4774</run_address>
         <size>0x40</size>
         <input_file_ref idref="fl-ca"/>
      </object_component>
      <object_component id="oc-3c0">
         <name>.text:_fcpy</name>
         <load_address>0x47b4</load_address>
         <run_address>0x47b4</run_address>
         <size>0x3e</size>
         <input_file_ref idref="fl-dc"/>
      </object_component>
      <object_component id="oc-198">
         <name>.text:calloc</name>
         <load_address>0x47f4</load_address>
         <run_address>0x47f4</run_address>
         <size>0x38</size>
         <input_file_ref idref="fl-d8"/>
      </object_component>
      <object_component id="oc-101">
         <name>.text</name>
         <load_address>0x482c</load_address>
         <run_address>0x482c</run_address>
         <size>0x38</size>
         <input_file_ref idref="fl-d1"/>
      </object_component>
      <object_component id="oc-1ab">
         <name>.text:IntRegister</name>
         <load_address>0x4864</load_address>
         <run_address>0x4864</run_address>
         <size>0x34</size>
         <input_file_ref idref="fl-f2"/>
      </object_component>
      <object_component id="oc-5c">
         <name>.text:_c_int00_noargs:_c_int00_noargs</name>
         <load_address>0x4898</load_address>
         <run_address>0x4898</run_address>
         <size>0x34</size>
         <input_file_ref idref="fl-db"/>
      </object_component>
      <object_component id="oc-27e">
         <name>.text:_outs</name>
         <load_address>0x48cc</load_address>
         <run_address>0x48cc</run_address>
         <size>0x30</size>
         <input_file_ref idref="fl-ca"/>
      </object_component>
      <object_component id="oc-1c4">
         <name>.text</name>
         <load_address>0x48fc</load_address>
         <run_address>0x48fc</run_address>
         <size>0x2e</size>
         <input_file_ref idref="fl-d2"/>
      </object_component>
      <object_component id="oc-2a8">
         <name>.text:free_list_insert</name>
         <load_address>0x492c</load_address>
         <run_address>0x492c</run_address>
         <size>0x28</size>
         <input_file_ref idref="fl-d8"/>
      </object_component>
      <object_component id="oc-4a">
         <name>.text:decompress:ZI:__TI_zero_init_nomemset:__TI_zero_init_nomemset</name>
         <load_address>0x4954</load_address>
         <run_address>0x4954</run_address>
         <size>0x1c</size>
         <input_file_ref idref="fl-d5"/>
      </object_component>
      <object_component id="oc-2a2">
         <name>.text:free_list_remove</name>
         <load_address>0x4970</load_address>
         <run_address>0x4970</run_address>
         <size>0x1c</size>
         <input_file_ref idref="fl-d8"/>
      </object_component>
      <object_component id="oc-31a">
         <name>.text:memccpy</name>
         <load_address>0x498c</load_address>
         <run_address>0x498c</run_address>
         <size>0x1c</size>
         <input_file_ref idref="fl-e9"/>
      </object_component>
      <object_component id="oc-426">
         <name>.text:copysign</name>
         <load_address>0x49a8</load_address>
         <run_address>0x49a8</run_address>
         <size>0x1a</size>
         <input_file_ref idref="fl-ef"/>
      </object_component>
      <object_component id="oc-284">
         <name>.text:_outc</name>
         <load_address>0x49c2</load_address>
         <run_address>0x49c2</run_address>
         <size>0x18</size>
         <input_file_ref idref="fl-ca"/>
      </object_component>
      <object_component id="oc-20d">
         <name>.text:_outs</name>
         <load_address>0x49da</load_address>
         <run_address>0x49da</run_address>
         <size>0x18</size>
         <input_file_ref idref="fl-c9"/>
      </object_component>
      <object_component id="oc-1a4">
         <name>.text:oi_parseInt</name>
         <load_address>0x49f2</load_address>
         <run_address>0x49f2</run_address>
         <size>0x18</size>
         <input_file_ref idref="fl-6"/>
      </object_component>
      <object_component id="oc-182">
         <name>.text:strcmp</name>
         <load_address>0x4a0a</load_address>
         <run_address>0x4a0a</run_address>
         <size>0x18</size>
         <input_file_ref idref="fl-d9"/>
      </object_component>
      <object_component id="oc-3d4">
         <name>.text:strchr</name>
         <load_address>0x4a22</load_address>
         <run_address>0x4a22</run_address>
         <size>0x16</size>
         <input_file_ref idref="fl-ea"/>
      </object_component>
      <object_component id="oc-188">
         <name>.text:strcpy</name>
         <load_address>0x4a38</load_address>
         <run_address>0x4a38</run_address>
         <size>0x14</size>
         <input_file_ref idref="fl-da"/>
      </object_component>
      <object_component id="oc-2f0">
         <name>.text:strlen</name>
         <load_address>0x4a4c</load_address>
         <run_address>0x4a4c</run_address>
         <size>0x14</size>
         <input_file_ref idref="fl-eb"/>
      </object_component>
      <object_component id="oc-320">
         <name>.text:wcslen</name>
         <load_address>0x4a60</load_address>
         <run_address>0x4a60</run_address>
         <size>0x12</size>
         <input_file_ref idref="fl-f0"/>
      </object_component>
      <object_component id="oc-1b1">
         <name>.text:IntMasterEnable</name>
         <load_address>0x4a72</load_address>
         <run_address>0x4a72</run_address>
         <size>0x10</size>
         <input_file_ref idref="fl-f2"/>
      </object_component>
      <object_component id="oc-175">
         <name>.text:lcd_clear</name>
         <load_address>0x4a82</load_address>
         <run_address>0x4a82</run_address>
         <size>0x10</size>
         <input_file_ref idref="fl-3"/>
      </object_component>
      <object_component id="oc-1b">
         <name>.text:decompress:none:__TI_decompress_none</name>
         <load_address>0x4a92</load_address>
         <run_address>0x4a92</run_address>
         <size>0xe</size>
         <input_file_ref idref="fl-d6"/>
      </object_component>
      <object_component id="oc-2b9">
         <name>.text:CPUcpsie</name>
         <load_address>0x4aa0</load_address>
         <run_address>0x4aa0</run_address>
         <size>0xc</size>
         <input_file_ref idref="fl-f3"/>
      </object_component>
      <object_component id="oc-2a">
         <name>.text</name>
         <load_address>0x4aac</load_address>
         <run_address>0x4aac</run_address>
         <size>0xc</size>
         <input_file_ref idref="fl-7"/>
      </object_component>
      <object_component id="oc-213">
         <name>.text:_outc</name>
         <load_address>0x4ab8</load_address>
         <run_address>0x4ab8</run_address>
         <size>0xa</size>
         <input_file_ref idref="fl-c9"/>
      </object_component>
      <object_component id="oc-326">
         <name>.text:__aeabi_errno_addr</name>
         <load_address>0x4ac4</load_address>
         <run_address>0x4ac4</run_address>
         <size>0x8</size>
         <input_file_ref idref="fl-ec"/>
      </object_component>
      <object_component id="oc-1e6">
         <name>.text:malloc</name>
         <load_address>0x4acc</load_address>
         <run_address>0x4acc</run_address>
         <size>0x8</size>
         <input_file_ref idref="fl-d8"/>
      </object_component>
      <object_component id="oc-1e0">
         <name>.text:__abort_execution</name>
         <load_address>0x4ad4</load_address>
         <run_address>0x4ad4</run_address>
         <size>0x4</size>
         <input_file_ref idref="fl-dd"/>
      </object_component>
      <object_component id="oc-9c">
         <name>.text:_system_pre_init</name>
         <load_address>0x4ad8</load_address>
         <run_address>0x4ad8</run_address>
         <size>0x4</size>
         <input_file_ref idref="fl-e1"/>
      </object_component>
      <object_component id="oc-12e">
         <name>.text:abort:abort</name>
         <load_address>0x4adc</load_address>
         <run_address>0x4adc</run_address>
         <size>0x4</size>
         <input_file_ref idref="fl-e3"/>
      </object_component>
      <object_component id="oc-10b">
         <name>.const:$P$T1$1</name>
         <load_address>0x4ae0</load_address>
         <run_address>0x4ae0</run_address>
         <size>0x2d4</size>
         <input_file_ref idref="fl-4"/>
      </object_component>
      <object_component id="oc-392">
         <name>.const:.string:_ctypes_</name>
         <load_address>0x4db4</load_address>
         <run_address>0x4db4</run_address>
         <size>0x101</size>
         <input_file_ref idref="fl-e8"/>
      </object_component>
      <object_component id="oc-10e">
         <name>.const:$P$T2$2</name>
         <load_address>0x4eb8</load_address>
         <run_address>0x4eb8</run_address>
         <size>0xf0</size>
         <input_file_ref idref="fl-4"/>
      </object_component>
      <object_component id="oc-1ce">
         <name>.const:.string:$P$T0$3</name>
         <load_address>0x4fa8</load_address>
         <run_address>0x4fa8</run_address>
         <size>0xf</size>
         <input_file_ref idref="fl-6"/>
      </object_component>
      <object_component id="oc-18e">
         <name>.const:.string:lineAddress$1</name>
         <load_address>0x4fb7</load_address>
         <run_address>0x4fb7</run_address>
         <size>0x4</size>
         <input_file_ref idref="fl-3"/>
      </object_component>
      <object_component id="oc-18f">
         <name>.const:.string:lineAddresses$2</name>
         <load_address>0x4fbb</load_address>
         <run_address>0x4fbb</run_address>
         <size>0x4</size>
         <input_file_ref idref="fl-3"/>
      </object_component>
      <object_component id="oc-47f">
         <name>.cinit..data.load</name>
         <load_address>0x4fc0</load_address>
         <run_address>0x4fc0</run_address>
         <size>0x19</size>
      </object_component>
      <object_component id="oc-47c">
         <name>__TI_handler_table</name>
         <load_address>0x4fdc</load_address>
         <run_address>0x4fdc</run_address>
         <size>0xc</size>
      </object_component>
      <object_component id="oc-480">
         <name>.cinit..bss.load</name>
         <load_address>0x4fe8</load_address>
         <run_address>0x4fe8</run_address>
         <size>0x8</size>
      </object_component>
      <object_component id="oc-47e">
         <name>.cinit..vtable.load</name>
         <load_address>0x4ff0</load_address>
         <run_address>0x4ff0</run_address>
         <size>0x8</size>
      </object_component>
      <object_component id="oc-47d">
         <name>__TI_cinit_table</name>
         <load_address>0x4ff8</load_address>
         <run_address>0x4ff8</run_address>
         <size>0x18</size>
      </object_component>
      <object_component id="oc-2af">
         <name>.vtable</name>
         <uninitialized>true</uninitialized>
         <run_address>0x20000000</run_address>
         <size>0x26c</size>
         <input_file_ref idref="fl-f2"/>
      </object_component>
      <object_component id="oc-23d">
         <name>.data</name>
         <load_address>0x20002370</load_address>
         <run_address>0x20002370</run_address>
         <size>0x1</size>
         <input_file_ref idref="fl-2"/>
      </object_component>
      <object_component id="oc-1b7">
         <name>.data</name>
         <load_address>0x20002330</load_address>
         <run_address>0x20002330</run_address>
         <size>0x20</size>
         <input_file_ref idref="fl-6"/>
      </object_component>
      <object_component id="oc-22d">
         <name>.data</name>
         <load_address>0x20002360</load_address>
         <run_address>0x20002360</run_address>
         <size>0x4</size>
         <input_file_ref idref="fl-f"/>
      </object_component>
      <object_component id="oc-171">
         <name>.data</name>
         <load_address>0x20002364</load_address>
         <run_address>0x20002364</run_address>
         <size>0x4</size>
         <input_file_ref idref="fl-13"/>
      </object_component>
      <object_component id="oc-1f8">
         <name>.data</name>
         <load_address>0x2000236c</load_address>
         <run_address>0x2000236c</run_address>
         <size>0x4</size>
         <input_file_ref idref="fl-cb"/>
      </object_component>
      <object_component id="oc-37a">
         <name>.data:$O1$$</name>
         <load_address>0x20002358</load_address>
         <run_address>0x20002358</run_address>
         <size>0x8</size>
         <input_file_ref idref="fl-d8"/>
      </object_component>
      <object_component id="oc-254">
         <name>.data:$O1$$</name>
         <load_address>0x20002350</load_address>
         <run_address>0x20002350</run_address>
         <size>0x8</size>
         <input_file_ref idref="fl-e4"/>
      </object_component>
      <object_component id="oc-3e4">
         <name>.data</name>
         <load_address>0x20002368</load_address>
         <run_address>0x20002368</run_address>
         <size>0x4</size>
         <input_file_ref idref="fl-ec"/>
      </object_component>
      <object_component id="oc-190">
         <name>.bss:lastbuffer$3</name>
         <uninitialized>true</uninitialized>
         <run_address>0x20002270</run_address>
         <size>0x54</size>
         <input_file_ref idref="fl-3"/>
      </object_component>
      <object_component id="oc-1d6">
         <name>.bss:firmware$2</name>
         <uninitialized>true</uninitialized>
         <run_address>0x200022f8</run_address>
         <size>0x18</size>
         <input_file_ref idref="fl-6"/>
      </object_component>
      <object_component id="oc-240">
         <name>.common:_timeout_ticks</name>
         <uninitialized>true</uninitialized>
         <run_address>0x20002310</run_address>
         <size>0x4</size>
      </object_component>
      <object_component id="oc-11d">
         <name>.common:right_calibration_value</name>
         <uninitialized>true</uninitialized>
         <run_address>0x20002324</run_address>
         <size>0x4</size>
      </object_component>
      <object_component id="oc-122">
         <name>.common:left_calibration_value</name>
         <uninitialized>true</uninitialized>
         <run_address>0x2000231c</run_address>
         <size>0x4</size>
      </object_component>
      <object_component id="oc-344">
         <name>.common:isr_int_value</name>
         <uninitialized>true</uninitialized>
         <run_address>0x20002318</run_address>
         <size>0x4</size>
      </object_component>
      <object_component id="oc-340">
         <name>.common:risingEdge</name>
         <uninitialized>true</uninitialized>
         <run_address>0x20002328</run_address>
         <size>0x4</size>
      </object_component>
      <object_component id="oc-341">
         <name>.common:fallingEdge</name>
         <uninitialized>true</uninitialized>
         <run_address>0x20002314</run_address>
         <size>0x4</size>
      </object_component>
      <object_component id="oc-342">
         <name>.common:pulseLength</name>
         <uninitialized>true</uninitialized>
         <run_address>0x20002320</run_address>
         <size>0x4</size>
      </object_component>
      <object_component id="oc-33d">
         <name>.common:isRisingEdge</name>
         <uninitialized>true</uninitialized>
         <run_address>0x2000232c</run_address>
         <size>0x1</size>
      </object_component>
      <object_component id="oc-16e">
         <name>.common:isr_char_buffer</name>
         <uninitialized>true</uninitialized>
         <run_address>0x200022c4</run_address>
         <size>0x34</size>
      </object_component>
      <object_component id="oc-24">
         <name>.sysmem</name>
         <uninitialized>true</uninitialized>
         <run_address>0x20001270</run_address>
         <size>0x10</size>
         <input_file_ref idref="fl-d8"/>
      </object_component>
      <object_component id="oc-483">
         <name>.sysmem</name>
         <uninitialized>true</uninitialized>
         <run_address>0x20001270</run_address>
         <size>0x0</size>
      </object_component>
      <object_component id="oc-27">
         <name>.stack</name>
         <uninitialized>true</uninitialized>
         <run_address>0x20000270</run_address>
         <size>0x4</size>
         <input_file_ref idref="fl-db"/>
      </object_component>
      <object_component id="oc-482">
         <name>.stack</name>
         <uninitialized>true</uninitialized>
         <run_address>0x20000270</run_address>
         <size>0x0</size>
      </object_component>
      <object_component id="oc-c5">
         <name>.debug_info</name>
         <load_address>0x0</load_address>
         <run_address>0x0</run_address>
         <size>0x2b1</size>
         <input_file_ref idref="fl-2"/>
      </object_component>
      <object_component id="oc-23e">
         <name>.debug_info</name>
         <load_address>0x2b1</load_address>
         <run_address>0x2b1</run_address>
         <size>0xbf</size>
         <input_file_ref idref="fl-2"/>
      </object_component>
      <object_component id="oc-118">
         <name>.debug_info</name>
         <load_address>0x370</load_address>
         <run_address>0x370</run_address>
         <size>0x507</size>
         <input_file_ref idref="fl-2"/>
      </object_component>
      <object_component id="oc-77">
         <name>.debug_info</name>
         <load_address>0x877</load_address>
         <run_address>0x877</run_address>
         <size>0x26b</size>
         <input_file_ref idref="fl-2"/>
      </object_component>
      <object_component id="oc-39">
         <name>.debug_info</name>
         <load_address>0xae2</load_address>
         <run_address>0xae2</run_address>
         <size>0x84</size>
         <input_file_ref idref="fl-2"/>
      </object_component>
      <object_component id="oc-c0">
         <name>.debug_info</name>
         <load_address>0xb66</load_address>
         <run_address>0xb66</run_address>
         <size>0x2a4</size>
         <input_file_ref idref="fl-2"/>
      </object_component>
      <object_component id="oc-7c">
         <name>.debug_info</name>
         <load_address>0xe0a</load_address>
         <run_address>0xe0a</run_address>
         <size>0xbb</size>
         <input_file_ref idref="fl-2"/>
      </object_component>
      <object_component id="oc-192">
         <name>.debug_info</name>
         <load_address>0xec5</load_address>
         <run_address>0xec5</run_address>
         <size>0x37f</size>
         <input_file_ref idref="fl-3"/>
      </object_component>
      <object_component id="oc-177">
         <name>.debug_info</name>
         <load_address>0x1244</load_address>
         <run_address>0x1244</run_address>
         <size>0x114</size>
         <input_file_ref idref="fl-3"/>
      </object_component>
      <object_component id="oc-de">
         <name>.debug_info</name>
         <load_address>0x1358</load_address>
         <run_address>0x1358</run_address>
         <size>0x8a0</size>
         <input_file_ref idref="fl-3"/>
      </object_component>
      <object_component id="oc-29c">
         <name>.debug_info</name>
         <load_address>0x1bf8</load_address>
         <run_address>0x1bf8</run_address>
         <size>0xcc</size>
         <input_file_ref idref="fl-3"/>
      </object_component>
      <object_component id="oc-193">
         <name>.debug_info</name>
         <load_address>0x1cc4</load_address>
         <run_address>0x1cc4</run_address>
         <size>0x2c</size>
         <input_file_ref idref="fl-3"/>
      </object_component>
      <object_component id="oc-249">
         <name>.debug_info</name>
         <load_address>0x1cf0</load_address>
         <run_address>0x1cf0</run_address>
         <size>0x35</size>
         <input_file_ref idref="fl-3"/>
      </object_component>
      <object_component id="oc-11e">
         <name>.debug_info</name>
         <load_address>0x1d25</load_address>
         <run_address>0x1d25</run_address>
         <size>0x6de</size>
         <input_file_ref idref="fl-4"/>
      </object_component>
      <object_component id="oc-10c">
         <name>.debug_info</name>
         <load_address>0x2403</load_address>
         <run_address>0x2403</run_address>
         <size>0xbb</size>
         <input_file_ref idref="fl-4"/>
      </object_component>
      <object_component id="oc-10f">
         <name>.debug_info</name>
         <load_address>0x24be</load_address>
         <run_address>0x24be</run_address>
         <size>0xbb</size>
         <input_file_ref idref="fl-4"/>
      </object_component>
      <object_component id="oc-a3">
         <name>.debug_info</name>
         <load_address>0x2579</load_address>
         <run_address>0x2579</run_address>
         <size>0x926</size>
         <input_file_ref idref="fl-4"/>
      </object_component>
      <object_component id="oc-244">
         <name>.debug_info</name>
         <load_address>0x2e9f</load_address>
         <run_address>0x2e9f</run_address>
         <size>0x5aa</size>
         <input_file_ref idref="fl-4"/>
      </object_component>
      <object_component id="oc-124">
         <name>.debug_info</name>
         <load_address>0x3449</load_address>
         <run_address>0x3449</run_address>
         <size>0x9d</size>
         <input_file_ref idref="fl-4"/>
      </object_component>
      <object_component id="oc-129">
         <name>.debug_info</name>
         <load_address>0x34e6</load_address>
         <run_address>0x34e6</run_address>
         <size>0x8a</size>
         <input_file_ref idref="fl-4"/>
      </object_component>
      <object_component id="oc-1df">
         <name>.debug_info</name>
         <load_address>0x3570</load_address>
         <run_address>0x3570</run_address>
         <size>0x2e0</size>
         <input_file_ref idref="fl-5"/>
      </object_component>
      <object_component id="oc-ea">
         <name>.debug_info</name>
         <load_address>0x3850</load_address>
         <run_address>0x3850</run_address>
         <size>0x5bd</size>
         <input_file_ref idref="fl-5"/>
      </object_component>
      <object_component id="oc-1d8">
         <name>.debug_info</name>
         <load_address>0x3e0d</load_address>
         <run_address>0x3e0d</run_address>
         <size>0x3fc</size>
         <input_file_ref idref="fl-6"/>
      </object_component>
      <object_component id="oc-1b8">
         <name>.debug_info</name>
         <load_address>0x4209</load_address>
         <run_address>0x4209</run_address>
         <size>0x111</size>
         <input_file_ref idref="fl-6"/>
      </object_component>
      <object_component id="oc-1cf">
         <name>.debug_info</name>
         <load_address>0x431a</load_address>
         <run_address>0x431a</run_address>
         <size>0xc6</size>
         <input_file_ref idref="fl-6"/>
      </object_component>
      <object_component id="oc-1a6">
         <name>.debug_info</name>
         <load_address>0x43e0</load_address>
         <run_address>0x43e0</run_address>
         <size>0x13e</size>
         <input_file_ref idref="fl-6"/>
      </object_component>
      <object_component id="oc-e6">
         <name>.debug_info</name>
         <load_address>0x451e</load_address>
         <run_address>0x451e</run_address>
         <size>0x1988</size>
         <input_file_ref idref="fl-6"/>
      </object_component>
      <object_component id="oc-1d9">
         <name>.debug_info</name>
         <load_address>0x5ea6</load_address>
         <run_address>0x5ea6</run_address>
         <size>0x8b</size>
         <input_file_ref idref="fl-6"/>
      </object_component>
      <object_component id="oc-32">
         <name>.debug_info</name>
         <load_address>0x5f31</load_address>
         <run_address>0x5f31</run_address>
         <size>0x29b</size>
         <input_file_ref idref="fl-7"/>
      </object_component>
      <object_component id="oc-13">
         <name>.debug_info</name>
         <load_address>0x61cc</load_address>
         <run_address>0x61cc</run_address>
         <size>0xda</size>
         <input_file_ref idref="fl-7"/>
      </object_component>
      <object_component id="oc-2b">
         <name>.debug_info</name>
         <load_address>0x62a6</load_address>
         <run_address>0x62a6</run_address>
         <size>0x256</size>
         <input_file_ref idref="fl-7"/>
      </object_component>
      <object_component id="oc-120">
         <name>.debug_info</name>
         <load_address>0x64fc</load_address>
         <run_address>0x64fc</run_address>
         <size>0x485</size>
         <input_file_ref idref="fl-f"/>
      </object_component>
      <object_component id="oc-22e">
         <name>.debug_info</name>
         <load_address>0x6981</load_address>
         <run_address>0x6981</run_address>
         <size>0x114</size>
         <input_file_ref idref="fl-f"/>
      </object_component>
      <object_component id="oc-fc">
         <name>.debug_info</name>
         <load_address>0x6a95</load_address>
         <run_address>0x6a95</run_address>
         <size>0x4ce</size>
         <input_file_ref idref="fl-f"/>
      </object_component>
      <object_component id="oc-231">
         <name>.debug_info</name>
         <load_address>0x6f63</load_address>
         <run_address>0x6f63</run_address>
         <size>0x9d</size>
         <input_file_ref idref="fl-f"/>
      </object_component>
      <object_component id="oc-345">
         <name>.debug_info</name>
         <load_address>0x7000</load_address>
         <run_address>0x7000</run_address>
         <size>0x2b7</size>
         <input_file_ref idref="fl-10"/>
      </object_component>
      <object_component id="oc-228">
         <name>.debug_info</name>
         <load_address>0x72b7</load_address>
         <run_address>0x72b7</run_address>
         <size>0x266</size>
         <input_file_ref idref="fl-10"/>
      </object_component>
      <object_component id="oc-33e">
         <name>.debug_info</name>
         <load_address>0x751d</load_address>
         <run_address>0x751d</run_address>
         <size>0x3ba</size>
         <input_file_ref idref="fl-11"/>
      </object_component>
      <object_component id="oc-223">
         <name>.debug_info</name>
         <load_address>0x78d7</load_address>
         <run_address>0x78d7</run_address>
         <size>0x270</size>
         <input_file_ref idref="fl-11"/>
      </object_component>
      <object_component id="oc-21e">
         <name>.debug_info</name>
         <load_address>0x7b47</load_address>
         <run_address>0x7b47</run_address>
         <size>0x296</size>
         <input_file_ref idref="fl-12"/>
      </object_component>
      <object_component id="oc-16f">
         <name>.debug_info</name>
         <load_address>0x7ddd</load_address>
         <run_address>0x7ddd</run_address>
         <size>0x326</size>
         <input_file_ref idref="fl-13"/>
      </object_component>
      <object_component id="oc-172">
         <name>.debug_info</name>
         <load_address>0x8103</load_address>
         <run_address>0x8103</run_address>
         <size>0xee</size>
         <input_file_ref idref="fl-13"/>
      </object_component>
      <object_component id="oc-d9">
         <name>.debug_info</name>
         <load_address>0x81f1</load_address>
         <run_address>0x81f1</run_address>
         <size>0x43b</size>
         <input_file_ref idref="fl-13"/>
      </object_component>
      <object_component id="oc-277">
         <name>.debug_info</name>
         <load_address>0x862c</load_address>
         <run_address>0x862c</run_address>
         <size>0x26b</size>
         <input_file_ref idref="fl-13"/>
      </object_component>
      <object_component id="oc-36d">
         <name>.debug_info</name>
         <load_address>0x8897</load_address>
         <run_address>0x8897</run_address>
         <size>0x297</size>
         <input_file_ref idref="fl-13"/>
      </object_component>
      <object_component id="oc-272">
         <name>.debug_info</name>
         <load_address>0x8b2e</load_address>
         <run_address>0x8b2e</run_address>
         <size>0xbb</size>
         <input_file_ref idref="fl-13"/>
      </object_component>
      <object_component id="oc-21a">
         <name>.debug_info</name>
         <load_address>0x8be9</load_address>
         <run_address>0x8be9</run_address>
         <size>0x333</size>
         <input_file_ref idref="fl-c9"/>
      </object_component>
      <object_component id="oc-f7">
         <name>.debug_info</name>
         <load_address>0x8f1c</load_address>
         <run_address>0x8f1c</run_address>
         <size>0x1d1</size>
         <input_file_ref idref="fl-c9"/>
      </object_component>
      <object_component id="oc-20f">
         <name>.debug_info</name>
         <load_address>0x90ed</load_address>
         <run_address>0x90ed</run_address>
         <size>0x18d</size>
         <input_file_ref idref="fl-c9"/>
      </object_component>
      <object_component id="oc-216">
         <name>.debug_info</name>
         <load_address>0x927a</load_address>
         <run_address>0x927a</run_address>
         <size>0x16d</size>
         <input_file_ref idref="fl-c9"/>
      </object_component>
      <object_component id="oc-28c">
         <name>.debug_info</name>
         <load_address>0x93e7</load_address>
         <run_address>0x93e7</run_address>
         <size>0x2c</size>
         <input_file_ref idref="fl-c9"/>
      </object_component>
      <object_component id="oc-28b">
         <name>.debug_info</name>
         <load_address>0x9413</load_address>
         <run_address>0x9413</run_address>
         <size>0x340</size>
         <input_file_ref idref="fl-ca"/>
      </object_component>
      <object_component id="oc-17e">
         <name>.debug_info</name>
         <load_address>0x9753</load_address>
         <run_address>0x9753</run_address>
         <size>0x208</size>
         <input_file_ref idref="fl-ca"/>
      </object_component>
      <object_component id="oc-281">
         <name>.debug_info</name>
         <load_address>0x995b</load_address>
         <run_address>0x995b</run_address>
         <size>0x1c6</size>
         <input_file_ref idref="fl-ca"/>
      </object_component>
      <object_component id="oc-287">
         <name>.debug_info</name>
         <load_address>0x9b21</load_address>
         <run_address>0x9b21</run_address>
         <size>0x179</size>
         <input_file_ref idref="fl-ca"/>
      </object_component>
      <object_component id="oc-291">
         <name>.debug_info</name>
         <load_address>0x9c9a</load_address>
         <run_address>0x9c9a</run_address>
         <size>0x69</size>
         <input_file_ref idref="fl-ca"/>
      </object_component>
      <object_component id="oc-1fc">
         <name>.debug_info</name>
         <load_address>0x9d03</load_address>
         <run_address>0x9d03</run_address>
         <size>0x395</size>
         <input_file_ref idref="fl-cb"/>
      </object_component>
      <object_component id="oc-1f9">
         <name>.debug_info</name>
         <load_address>0xa098</load_address>
         <run_address>0xa098</run_address>
         <size>0x112</size>
         <input_file_ref idref="fl-cb"/>
      </object_component>
      <object_component id="oc-114">
         <name>.debug_info</name>
         <load_address>0xa1aa</load_address>
         <run_address>0xa1aa</run_address>
         <size>0x1d0</size>
         <input_file_ref idref="fl-cb"/>
      </object_component>
      <object_component id="oc-1ee">
         <name>.debug_info</name>
         <load_address>0xa37a</load_address>
         <run_address>0xa37a</run_address>
         <size>0x208</size>
         <input_file_ref idref="fl-cb"/>
      </object_component>
      <object_component id="oc-f1">
         <name>.debug_info</name>
         <load_address>0xa582</load_address>
         <run_address>0xa582</run_address>
         <size>0x2ef</size>
         <input_file_ref idref="fl-cb"/>
      </object_component>
      <object_component id="oc-2eb">
         <name>.debug_info</name>
         <load_address>0xa871</load_address>
         <run_address>0xa871</run_address>
         <size>0x2c</size>
         <input_file_ref idref="fl-cb"/>
      </object_component>
      <object_component id="oc-1fd">
         <name>.debug_info</name>
         <load_address>0xa89d</load_address>
         <run_address>0xa89d</run_address>
         <size>0x2c</size>
         <input_file_ref idref="fl-cb"/>
      </object_component>
      <object_component id="oc-2e1">
         <name>.debug_info</name>
         <load_address>0xa8c9</load_address>
         <run_address>0xa8c9</run_address>
         <size>0x2c</size>
         <input_file_ref idref="fl-cb"/>
      </object_component>
      <object_component id="oc-202">
         <name>.debug_info</name>
         <load_address>0xa8f5</load_address>
         <run_address>0xa8f5</run_address>
         <size>0x16d</size>
         <input_file_ref idref="fl-cb"/>
      </object_component>
      <object_component id="oc-2e6">
         <name>.debug_info</name>
         <load_address>0xaa62</load_address>
         <run_address>0xaa62</run_address>
         <size>0xca</size>
         <input_file_ref idref="fl-cb"/>
      </object_component>
      <object_component id="oc-1ca">
         <name>.debug_info</name>
         <load_address>0xab2c</load_address>
         <run_address>0xab2c</run_address>
         <size>0x14c</size>
         <input_file_ref idref="fl-cc"/>
      </object_component>
      <object_component id="oc-107">
         <name>.debug_info</name>
         <load_address>0xac78</load_address>
         <run_address>0xac78</run_address>
         <size>0x128</size>
         <input_file_ref idref="fl-cd"/>
      </object_component>
      <object_component id="oc-3a0">
         <name>.debug_info</name>
         <load_address>0xada0</load_address>
         <run_address>0xada0</run_address>
         <size>0x12a</size>
         <input_file_ref idref="fl-cd"/>
      </object_component>
      <object_component id="oc-1c2">
         <name>.debug_info</name>
         <load_address>0xaeca</load_address>
         <run_address>0xaeca</run_address>
         <size>0x13a</size>
         <input_file_ref idref="fl-ce"/>
      </object_component>
      <object_component id="oc-1bc">
         <name>.debug_info</name>
         <load_address>0xb004</load_address>
         <run_address>0xb004</run_address>
         <size>0x13a</size>
         <input_file_ref idref="fl-cf"/>
      </object_component>
      <object_component id="oc-1d3">
         <name>.debug_info</name>
         <load_address>0xb13e</load_address>
         <run_address>0xb13e</run_address>
         <size>0x13e</size>
         <input_file_ref idref="fl-d0"/>
      </object_component>
      <object_component id="oc-102">
         <name>.debug_info</name>
         <load_address>0xb27c</load_address>
         <run_address>0xb27c</run_address>
         <size>0x12c</size>
         <input_file_ref idref="fl-d1"/>
      </object_component>
      <object_component id="oc-1c6">
         <name>.debug_info</name>
         <load_address>0xb3a8</load_address>
         <run_address>0xb3a8</run_address>
         <size>0x12c</size>
         <input_file_ref idref="fl-d2"/>
      </object_component>
      <object_component id="oc-41">
         <name>.debug_info</name>
         <load_address>0xb4d4</load_address>
         <run_address>0xb4d4</run_address>
         <size>0x119</size>
         <input_file_ref idref="fl-d3"/>
      </object_component>
      <object_component id="oc-99">
         <name>.debug_info</name>
         <load_address>0xb5ed</load_address>
         <run_address>0xb5ed</run_address>
         <size>0x147</size>
         <input_file_ref idref="fl-d4"/>
      </object_component>
      <object_component id="oc-95">
         <name>.debug_info</name>
         <load_address>0xb734</load_address>
         <run_address>0xb734</run_address>
         <size>0x2d4</size>
         <input_file_ref idref="fl-d5"/>
      </object_component>
      <object_component id="oc-4e">
         <name>.debug_info</name>
         <load_address>0xba08</load_address>
         <run_address>0xba08</run_address>
         <size>0x1d2</size>
         <input_file_ref idref="fl-d5"/>
      </object_component>
      <object_component id="oc-90">
         <name>.debug_info</name>
         <load_address>0xbbda</load_address>
         <run_address>0xbbda</run_address>
         <size>0x46</size>
         <input_file_ref idref="fl-d5"/>
      </object_component>
      <object_component id="oc-ce">
         <name>.debug_info</name>
         <load_address>0xbc20</load_address>
         <run_address>0xbc20</run_address>
         <size>0x2c</size>
         <input_file_ref idref="fl-d5"/>
      </object_component>
      <object_component id="oc-49">
         <name>.debug_info</name>
         <load_address>0xbc4c</load_address>
         <run_address>0xbc4c</run_address>
         <size>0x2a8</size>
         <input_file_ref idref="fl-d6"/>
      </object_component>
      <object_component id="oc-1c">
         <name>.debug_info</name>
         <load_address>0xbef4</load_address>
         <run_address>0xbef4</run_address>
         <size>0x1ea</size>
         <input_file_ref idref="fl-d6"/>
      </object_component>
      <object_component id="oc-44">
         <name>.debug_info</name>
         <load_address>0xc0de</load_address>
         <run_address>0xc0de</run_address>
         <size>0x46</size>
         <input_file_ref idref="fl-d6"/>
      </object_component>
      <object_component id="oc-88">
         <name>.debug_info</name>
         <load_address>0xc124</load_address>
         <run_address>0xc124</run_address>
         <size>0x2c</size>
         <input_file_ref idref="fl-d6"/>
      </object_component>
      <object_component id="oc-86">
         <name>.debug_info</name>
         <load_address>0xc150</load_address>
         <run_address>0xc150</run_address>
         <size>0x29e</size>
         <input_file_ref idref="fl-d7"/>
      </object_component>
      <object_component id="oc-17">
         <name>.debug_info</name>
         <load_address>0xc3ee</load_address>
         <run_address>0xc3ee</run_address>
         <size>0x250</size>
         <input_file_ref idref="fl-d7"/>
      </object_component>
      <object_component id="oc-34">
         <name>.debug_info</name>
         <load_address>0xc63e</load_address>
         <run_address>0xc63e</run_address>
         <size>0x60</size>
         <input_file_ref idref="fl-d7"/>
      </object_component>
      <object_component id="oc-c7">
         <name>.debug_info</name>
         <load_address>0xc69e</load_address>
         <run_address>0xc69e</run_address>
         <size>0x46</size>
         <input_file_ref idref="fl-d7"/>
      </object_component>
      <object_component id="oc-81">
         <name>.debug_info</name>
         <load_address>0xc6e4</load_address>
         <run_address>0xc6e4</run_address>
         <size>0x39</size>
         <input_file_ref idref="fl-d7"/>
      </object_component>
      <object_component id="oc-70">
         <name>.debug_info</name>
         <load_address>0xc71d</load_address>
         <run_address>0xc71d</run_address>
         <size>0x3b2</size>
         <input_file_ref idref="fl-d8"/>
      </object_component>
      <object_component id="oc-25">
         <name>.debug_info</name>
         <load_address>0xcacf</load_address>
         <run_address>0xcacf</run_address>
         <size>0x10c</size>
         <input_file_ref idref="fl-d8"/>
      </object_component>
      <object_component id="oc-37b">
         <name>.debug_info</name>
         <load_address>0xcbdb</load_address>
         <run_address>0xcbdb</run_address>
         <size>0x13f</size>
         <input_file_ref idref="fl-d8"/>
      </object_component>
      <object_component id="oc-1ea">
         <name>.debug_info</name>
         <load_address>0xcd1a</load_address>
         <run_address>0xcd1a</run_address>
         <size>0x168</size>
         <input_file_ref idref="fl-d8"/>
      </object_component>
      <object_component id="oc-2a6">
         <name>.debug_info</name>
         <load_address>0xce82</load_address>
         <run_address>0xce82</run_address>
         <size>0x18e</size>
         <input_file_ref idref="fl-d8"/>
      </object_component>
      <object_component id="oc-2ac">
         <name>.debug_info</name>
         <load_address>0xd010</load_address>
         <run_address>0xd010</run_address>
         <size>0x19f</size>
         <input_file_ref idref="fl-d8"/>
      </object_component>
      <object_component id="oc-1a2">
         <name>.debug_info</name>
         <load_address>0xd1af</load_address>
         <run_address>0xd1af</run_address>
         <size>0x203</size>
         <input_file_ref idref="fl-d8"/>
      </object_component>
      <object_component id="oc-2da">
         <name>.debug_info</name>
         <load_address>0xd3b2</load_address>
         <run_address>0xd3b2</run_address>
         <size>0x1db</size>
         <input_file_ref idref="fl-d8"/>
      </object_component>
      <object_component id="oc-1f4">
         <name>.debug_info</name>
         <load_address>0xd58d</load_address>
         <run_address>0xd58d</run_address>
         <size>0x26e</size>
         <input_file_ref idref="fl-d8"/>
      </object_component>
      <object_component id="oc-199">
         <name>.debug_info</name>
         <load_address>0xd7fb</load_address>
         <run_address>0xd7fb</run_address>
         <size>0x1a5</size>
         <input_file_ref idref="fl-d8"/>
      </object_component>
      <object_component id="oc-2d0">
         <name>.debug_info</name>
         <load_address>0xd9a0</load_address>
         <run_address>0xd9a0</run_address>
         <size>0x299</size>
         <input_file_ref idref="fl-d8"/>
      </object_component>
      <object_component id="oc-bb">
         <name>.debug_info</name>
         <load_address>0xdc39</load_address>
         <run_address>0xdc39</run_address>
         <size>0xb2</size>
         <input_file_ref idref="fl-d8"/>
      </object_component>
      <object_component id="oc-b6">
         <name>.debug_info</name>
         <load_address>0xdceb</load_address>
         <run_address>0xdceb</run_address>
         <size>0x2c</size>
         <input_file_ref idref="fl-d8"/>
      </object_component>
      <object_component id="oc-297">
         <name>.debug_info</name>
         <load_address>0xdd17</load_address>
         <run_address>0xdd17</run_address>
         <size>0x28a</size>
         <input_file_ref idref="fl-d9"/>
      </object_component>
      <object_component id="oc-185">
         <name>.debug_info</name>
         <load_address>0xdfa1</load_address>
         <run_address>0xdfa1</run_address>
         <size>0x273</size>
         <input_file_ref idref="fl-d9"/>
      </object_component>
      <object_component id="oc-299">
         <name>.debug_info</name>
         <load_address>0xe214</load_address>
         <run_address>0xe214</run_address>
         <size>0x2a4</size>
         <input_file_ref idref="fl-da"/>
      </object_component>
      <object_component id="oc-18b">
         <name>.debug_info</name>
         <load_address>0xe4b8</load_address>
         <run_address>0xe4b8</run_address>
         <size>0x24d</size>
         <input_file_ref idref="fl-da"/>
      </object_component>
      <object_component id="oc-28">
         <name>.debug_info</name>
         <load_address>0xe705</load_address>
         <run_address>0xe705</run_address>
         <size>0x10b</size>
         <input_file_ref idref="fl-db"/>
      </object_component>
      <object_component id="oc-60">
         <name>.debug_info</name>
         <load_address>0xe810</load_address>
         <run_address>0xe810</run_address>
         <size>0x1a9</size>
         <input_file_ref idref="fl-db"/>
      </object_component>
      <object_component id="oc-32d">
         <name>.debug_info</name>
         <load_address>0xe9b9</load_address>
         <run_address>0xe9b9</run_address>
         <size>0x590</size>
         <input_file_ref idref="fl-dc"/>
      </object_component>
      <object_component id="oc-2fe">
         <name>.debug_info</name>
         <load_address>0xef49</load_address>
         <run_address>0xef49</run_address>
         <size>0x21e</size>
         <input_file_ref idref="fl-dc"/>
      </object_component>
      <object_component id="oc-3af">
         <name>.debug_info</name>
         <load_address>0xf167</load_address>
         <run_address>0xf167</run_address>
         <size>0x1b3</size>
         <input_file_ref idref="fl-dc"/>
      </object_component>
      <object_component id="oc-3b4">
         <name>.debug_info</name>
         <load_address>0xf31a</load_address>
         <run_address>0xf31a</run_address>
         <size>0x21b</size>
         <input_file_ref idref="fl-dc"/>
      </object_component>
      <object_component id="oc-303">
         <name>.debug_info</name>
         <load_address>0xf535</load_address>
         <run_address>0xf535</run_address>
         <size>0x3c0</size>
         <input_file_ref idref="fl-dc"/>
      </object_component>
      <object_component id="oc-3bb">
         <name>.debug_info</name>
         <load_address>0xf8f5</load_address>
         <run_address>0xf8f5</run_address>
         <size>0x30a</size>
         <input_file_ref idref="fl-dc"/>
      </object_component>
      <object_component id="oc-3c1">
         <name>.debug_info</name>
         <load_address>0xfbff</load_address>
         <run_address>0xfbff</run_address>
         <size>0x215</size>
         <input_file_ref idref="fl-dc"/>
      </object_component>
      <object_component id="oc-309">
         <name>.debug_info</name>
         <load_address>0xfe14</load_address>
         <run_address>0xfe14</run_address>
         <size>0x215</size>
         <input_file_ref idref="fl-dc"/>
      </object_component>
      <object_component id="oc-30f">
         <name>.debug_info</name>
         <load_address>0x10029</load_address>
         <run_address>0x10029</run_address>
         <size>0x304</size>
         <input_file_ref idref="fl-dc"/>
      </object_component>
      <object_component id="oc-315">
         <name>.debug_info</name>
         <load_address>0x1032d</load_address>
         <run_address>0x1032d</run_address>
         <size>0x4b5</size>
         <input_file_ref idref="fl-dc"/>
      </object_component>
      <object_component id="oc-208">
         <name>.debug_info</name>
         <load_address>0x107e2</load_address>
         <run_address>0x107e2</run_address>
         <size>0x5f4</size>
         <input_file_ref idref="fl-dc"/>
      </object_component>
      <object_component id="oc-32e">
         <name>.debug_info</name>
         <load_address>0x10dd6</load_address>
         <run_address>0x10dd6</run_address>
         <size>0x86</size>
         <input_file_ref idref="fl-dc"/>
      </object_component>
      <object_component id="oc-3eb">
         <name>.debug_info</name>
         <load_address>0x10e5c</load_address>
         <run_address>0x10e5c</run_address>
         <size>0x39</size>
         <input_file_ref idref="fl-dc"/>
      </object_component>
      <object_component id="oc-43d">
         <name>.debug_info</name>
         <load_address>0x10e95</load_address>
         <run_address>0x10e95</run_address>
         <size>0xb6</size>
         <input_file_ref idref="fl-dc"/>
      </object_component>
      <object_component id="oc-3f0">
         <name>.debug_info</name>
         <load_address>0x10f4b</load_address>
         <run_address>0x10f4b</run_address>
         <size>0x46</size>
         <input_file_ref idref="fl-dc"/>
      </object_component>
      <object_component id="oc-333">
         <name>.debug_info</name>
         <load_address>0x10f91</load_address>
         <run_address>0x10f91</run_address>
         <size>0x46</size>
         <input_file_ref idref="fl-dc"/>
      </object_component>
      <object_component id="oc-1e2">
         <name>.debug_info</name>
         <load_address>0x10fd7</load_address>
         <run_address>0x10fd7</run_address>
         <size>0x168</size>
         <input_file_ref idref="fl-dd"/>
      </object_component>
      <object_component id="oc-3a5">
         <name>.debug_info</name>
         <load_address>0x1113f</load_address>
         <run_address>0x1113f</run_address>
         <size>0x12e</size>
         <input_file_ref idref="fl-de"/>
      </object_component>
      <object_component id="oc-398">
         <name>.debug_info</name>
         <load_address>0x1126d</load_address>
         <run_address>0x1126d</run_address>
         <size>0x134</size>
         <input_file_ref idref="fl-df"/>
      </object_component>
      <object_component id="oc-25b">
         <name>.debug_info</name>
         <load_address>0x113a1</load_address>
         <run_address>0x113a1</run_address>
         <size>0x4b3</size>
         <input_file_ref idref="fl-e0"/>
      </object_component>
      <object_component id="oc-13b">
         <name>.debug_info</name>
         <load_address>0x11854</load_address>
         <run_address>0x11854</run_address>
         <size>0x1a6</size>
         <input_file_ref idref="fl-e0"/>
      </object_component>
      <object_component id="oc-35c">
         <name>.debug_info</name>
         <load_address>0x119fa</load_address>
         <run_address>0x119fa</run_address>
         <size>0x39</size>
         <input_file_ref idref="fl-e0"/>
      </object_component>
      <object_component id="oc-3fc">
         <name>.debug_info</name>
         <load_address>0x11a33</load_address>
         <run_address>0x11a33</run_address>
         <size>0x39</size>
         <input_file_ref idref="fl-e0"/>
      </object_component>
      <object_component id="oc-361">
         <name>.debug_info</name>
         <load_address>0x11a6c</load_address>
         <run_address>0x11a6c</run_address>
         <size>0x39</size>
         <input_file_ref idref="fl-e0"/>
      </object_component>
      <object_component id="oc-366">
         <name>.debug_info</name>
         <load_address>0x11aa5</load_address>
         <run_address>0x11aa5</run_address>
         <size>0xcd</size>
         <input_file_ref idref="fl-e0"/>
      </object_component>
      <object_component id="oc-9d">
         <name>.debug_info</name>
         <load_address>0x11b72</load_address>
         <run_address>0x11b72</run_address>
         <size>0x153</size>
         <input_file_ref idref="fl-e1"/>
      </object_component>
      <object_component id="oc-130">
         <name>.debug_info</name>
         <load_address>0x11cc5</load_address>
         <run_address>0x11cc5</run_address>
         <size>0x122</size>
         <input_file_ref idref="fl-e3"/>
      </object_component>
      <object_component id="oc-356">
         <name>.debug_info</name>
         <load_address>0x11de7</load_address>
         <run_address>0x11de7</run_address>
         <size>0x2c9</size>
         <input_file_ref idref="fl-e4"/>
      </object_component>
      <object_component id="oc-255">
         <name>.debug_info</name>
         <load_address>0x120b0</load_address>
         <run_address>0x120b0</run_address>
         <size>0x11e</size>
         <input_file_ref idref="fl-e4"/>
      </object_component>
      <object_component id="oc-352">
         <name>.debug_info</name>
         <load_address>0x121ce</load_address>
         <run_address>0x121ce</run_address>
         <size>0x12e</size>
         <input_file_ref idref="fl-e4"/>
      </object_component>
      <object_component id="oc-41a">
         <name>.debug_info</name>
         <load_address>0x122fc</load_address>
         <run_address>0x122fc</run_address>
         <size>0x29c</size>
         <input_file_ref idref="fl-e5"/>
      </object_component>
      <object_component id="oc-3aa">
         <name>.debug_info</name>
         <load_address>0x12598</load_address>
         <run_address>0x12598</run_address>
         <size>0x1da</size>
         <input_file_ref idref="fl-e5"/>
      </object_component>
      <object_component id="oc-396">
         <name>.debug_info</name>
         <load_address>0x12772</load_address>
         <run_address>0x12772</run_address>
         <size>0x2b9</size>
         <input_file_ref idref="fl-e7"/>
      </object_component>
      <object_component id="oc-2f7">
         <name>.debug_info</name>
         <load_address>0x12a2b</load_address>
         <run_address>0x12a2b</run_address>
         <size>0x17c</size>
         <input_file_ref idref="fl-e7"/>
      </object_component>
      <object_component id="oc-40e">
         <name>.debug_info</name>
         <load_address>0x12ba7</load_address>
         <run_address>0x12ba7</run_address>
         <size>0xf9</size>
         <input_file_ref idref="fl-e8"/>
      </object_component>
      <object_component id="oc-393">
         <name>.debug_info</name>
         <load_address>0x12ca0</load_address>
         <run_address>0x12ca0</run_address>
         <size>0x105</size>
         <input_file_ref idref="fl-e8"/>
      </object_component>
      <object_component id="oc-3dc">
         <name>.debug_info</name>
         <load_address>0x12da5</load_address>
         <run_address>0x12da5</run_address>
         <size>0x2a7</size>
         <input_file_ref idref="fl-e9"/>
      </object_component>
      <object_component id="oc-31b">
         <name>.debug_info</name>
         <load_address>0x1304c</load_address>
         <run_address>0x1304c</run_address>
         <size>0x1b8</size>
         <input_file_ref idref="fl-e9"/>
      </object_component>
      <object_component id="oc-42f">
         <name>.debug_info</name>
         <load_address>0x13204</load_address>
         <run_address>0x13204</run_address>
         <size>0x29a</size>
         <input_file_ref idref="fl-ea"/>
      </object_component>
      <object_component id="oc-3d7">
         <name>.debug_info</name>
         <load_address>0x1349e</load_address>
         <run_address>0x1349e</run_address>
         <size>0x262</size>
         <input_file_ref idref="fl-ea"/>
      </object_component>
      <object_component id="oc-391">
         <name>.debug_info</name>
         <load_address>0x13700</load_address>
         <run_address>0x13700</run_address>
         <size>0x28f</size>
         <input_file_ref idref="fl-eb"/>
      </object_component>
      <object_component id="oc-2f1">
         <name>.debug_info</name>
         <load_address>0x1398f</load_address>
         <run_address>0x1398f</run_address>
         <size>0x245</size>
         <input_file_ref idref="fl-eb"/>
      </object_component>
      <object_component id="oc-3e8">
         <name>.debug_info</name>
         <load_address>0x13bd4</load_address>
         <run_address>0x13bd4</run_address>
[...]
         <value>0xb51</value>
         <object_component_ref idref="oc-e3"/>
      </symbol>
      <symbol id="sm-23b">
         <name>motor_cal_factor_L</name>
         <value>0x20002330</value>
         <object_component_ref idref="oc-1b7"/>
      </symbol>
      <symbol id="sm-23c">
         <name>motor_cal_factor_R</name>
         <value>0x20002334</value>
         <object_component_ref idref="oc-1b7"/>
      </symbol>
      <symbol id="sm-23d">
         <name>oi_parseInt</name>
         <value>0x49f3</value>
         <object_component_ref idref="oc-1a4"/>
      </symbol>
      <symbol id="sm-23e">
         <name>oi_setMotorCalibration</name>
         <value>0xdb1</value>
         <object_component_ref idref="oc-e3"/>
      </symbol>
      <symbol id="sm-23f">
         <name>oi_uartSendStr</name>
         <value>0xa59</value>
         <object_component_ref idref="oc-e3"/>
      </symbol>
      <symbol id="sm-240">
         <name>oi_close</name>
         <value>0x2c7</value>
         <object_component_ref idref="oc-e3"/>
      </symbol>
      <symbol id="sm-241">
         <name>oi_uartSendBuff</name>
         <value>0xa77</value>
         <object_component_ref idref="oc-e3"/>
      </symbol>
      <symbol id="sm-242">
         <name>oi_checkFirmware</name>
         <value>0xaa9</value>
         <object_component_ref idref="oc-e3"/>
      </symbol>
      <symbol id="sm-243">
         <name>oi_init_noupdate</name>
         <value>0x289</value>
         <object_component_ref idref="oc-e3"/>
      </symbol>
      <symbol id="sm-244">
         <name>oi_uartSendChar</name>
         <value>0xa15</value>
         <object_component_ref idref="oc-e3"/>
      </symbol>
      <symbol id="sm-245">
         <name>oi_alloc</name>
         <value>0x26d</value>
         <object_component_ref idref="oc-e3"/>
      </symbol>
      <symbol id="sm-246">
         <name>oi_getMotorCalibrationLeft</name>
         <value>0xded</value>
         <object_component_ref idref="oc-e3"/>
      </symbol>
      <symbol id="sm-247">
         <name>oi_loadSong</name>
         <value>0x915</value>
         <object_component_ref idref="oc-e3"/>
      </symbol>
      <symbol id="sm-248">
         <name>oi_play_song</name>
         <value>0x96b</value>
         <object_component_ref idref="oc-e3"/>
      </symbol>
      <symbol id="sm-249">
         <name>oi_parsePacket</name>
         <value>0x32b</value>
         <object_component_ref idref="oc-e3"/>
      </symbol>
      <symbol id="sm-24a">
         <name>oi_setLeds</name>
         <value>0x84b</value>
         <object_component_ref idref="oc-e3"/>
      </symbol>
      <symbol id="sm-24b">
         <name>oi_init</name>
         <value>0x2b1</value>
         <object_component_ref idref="oc-e3"/>
      </symbol>
      <symbol id="sm-24c">
         <name>oi_update</name>
         <value>0x2d9</value>
         <object_component_ref idref="oc-e3"/>
      </symbol>
      <symbol id="sm-24d">
         <name>oi_uartInit</name>
         <value>0x98d</value>
         <object_component_ref idref="oc-e3"/>
      </symbol>
      <symbol id="sm-269">
         <name>ResetISR</name>
         <value>0x4aad</value>
         <object_component_ref idref="oc-2a"/>
      </symbol>
      <symbol id="sm-26a">
         <name>g_pfnVectors</name>
         <value>0x0</value>
         <object_component_ref idref="oc-12"/>
      </symbol>
      <symbol id="sm-2a6">
         <name>cyBOT_SERVO_cal</name>
         <value>0x2669</value>
         <object_component_ref idref="oc-fb"/>
      </symbol>
      <symbol id="sm-2a7">
         <name>cyBOT_Scan</name>
         <value>0x25f7</value>
         <object_component_ref idref="oc-fb"/>
      </symbol>
      <symbol id="sm-2a8">
         <name>cyBOT_scan_features</name>
         <value>0x20002360</value>
         <object_component_ref idref="oc-22d"/>
      </symbol>
      <symbol id="sm-2a9">
         <name>cyBOT_scan_version</name>
         <value>0x2591</value>
         <object_component_ref idref="oc-fb"/>
      </symbol>
      <symbol id="sm-2aa">
         <name>cyBOT_init_Scan</name>
         <value>0x259f</value>
         <object_component_ref idref="oc-fb"/>
      </symbol>
      <symbol id="sm-2d1">
         <name>isr_int_value</name>
         <value>0x20002318</value>
      </symbol>
      <symbol id="sm-2d2">
         <name>ir_enableInterrupt</name>
         <value>0x39b7</value>
         <object_component_ref idref="oc-227"/>
      </symbol>
      <symbol id="sm-2d3">
         <name>ir_getDistance</name>
         <value>0x3999</value>
         <object_component_ref idref="oc-227"/>
      </symbol>
      <symbol id="sm-2d4">
         <name>ir_init</name>
         <value>0x3909</value>
         <object_component_ref idref="oc-227"/>
      </symbol>
      <symbol id="sm-2d5">
         <name>ADC0SS0_Handler</name>
         <value>0x39a1</value>
         <object_component_ref idref="oc-227"/>
      </symbol>
      <symbol id="sm-2d6">
         <name>ir_getValue</name>
         <value>0x3971</value>
         <object_component_ref idref="oc-227"/>
      </symbol>
      <symbol id="sm-305">
         <name>risingEdge</name>
         <value>0x20002328</value>
      </symbol>
      <symbol id="sm-306">
         <name>fallingEdge</name>
         <value>0x20002314</value>
      </symbol>
      <symbol id="sm-307">
         <name>pulseLength</name>
         <value>0x20002320</value>
      </symbol>
      <symbol id="sm-308">
         <name>isRisingEdge</name>
         <value>0x2000232c</value>
      </symbol>
      <symbol id="sm-309">
         <name>TIMER3B_Handler</name>
         <value>0x2b29</value>
         <object_component_ref idref="oc-221"/>
      </symbol>
      <symbol id="sm-30a">
         <name>ping_init</name>
         <value>0x2a39</value>
         <object_component_ref idref="oc-221"/>
      </symbol>
      <symbol id="sm-30b">
         <name>ping_getDistance</name>
         <value>0x2b7b</value>
         <object_component_ref idref="oc-221"/>
      </symbol>
      <symbol id="sm-30c">
         <name>ping_trigger</name>
         <value>0x2abf</value>
         <object_component_ref idref="oc-221"/>
      </symbol>
      <symbol id="sm-32e">
         <name>servo_move</name>
         <value>0x335d</value>
         <object_component_ref idref="oc-21b"/>
      </symbol>
      <symbol id="sm-32f">
         <name>servo_init</name>
         <value>0x32cd</value>
         <object_component_ref idref="oc-21b"/>
      </symbol>
      <symbol id="sm-330">
         <name>servo_stop</name>
         <value>0x3351</value>
         <object_component_ref idref="oc-21b"/>
      </symbol>
      <symbol id="sm-331">
         <name>servo_setPWM</name>
         <value>0x33bd</value>
         <object_component_ref idref="oc-21b"/>
      </symbol>
      <symbol id="sm-36d">
         <name>isr_char_buffer</name>
         <value>0x200022c4</value>
      </symbol>
      <symbol id="sm-36e">
         <name>cyBot_getByte</name>
         <value>0x325f</value>
         <object_component_ref idref="oc-d7"/>
      </symbol>
      <symbol id="sm-36f">
         <name>cyBot_sendByte</name>
         <value>0x3171</value>
         <object_component_ref idref="oc-d7"/>
      </symbol>
      <symbol id="sm-370">
         <name>cyBot_uart_sendStr</name>
         <value>0x317d</value>
         <object_component_ref idref="oc-d7"/>
      </symbol>
      <symbol id="sm-371">
         <name>isr_counter</name>
         <value>0x20002364</value>
         <object_component_ref idref="oc-171"/>
      </symbol>
      <symbol id="sm-372">
         <name>cyBot_uart_sendBuffer</name>
         <value>0x3197</value>
         <object_component_ref idref="oc-d7"/>
      </symbol>
      <symbol id="sm-373">
         <name>cyBot_uart_flush</name>
         <value>0x3241</value>
         <object_component_ref idref="oc-d7"/>
      </symbol>
      <symbol id="sm-374">
         <name>cyBot_UART1_Handler</name>
         <value>0x3279</value>
         <object_component_ref idref="oc-d7"/>
      </symbol>
      <symbol id="sm-375">
         <name>cyBot_uart_init</name>
         <value>0x31af</value>
         <object_component_ref idref="oc-d7"/>
      </symbol>
      <symbol id="sm-39c">
         <name>sprintf</name>
         <value>0x4735</value>
         <object_component_ref idref="oc-f5"/>
      </symbol>
      <symbol id="sm-3c6">
         <name>vsnprintf</name>
         <value>0x4775</value>
         <object_component_ref idref="oc-17c"/>
      </symbol>
      <symbol id="sm-429">
         <name>__vla_dealloc</name>
         <value>0x42d9</value>
         <object_component_ref idref="oc-111"/>
      </symbol>
      <symbol id="sm-42a">
         <name>__vla_alloc</name>
         <value>0x3425</value>
         <object_component_ref idref="oc-ef"/>
      </symbol>
      <symbol id="sm-441">
         <name>__aeabi_dsub</name>
         <value>0x2fb9</value>
         <object_component_ref idref="oc-1c9"/>
      </symbol>
      <symbol id="sm-442">
         <name>__aeabi_dadd</name>
         <value>0x2fc3</value>
         <object_component_ref idref="oc-1c9"/>
      </symbol>
      <symbol id="sm-464">
         <name>__aeabi_cdcmpeq</name>
         <value>0x40d9</value>
         <object_component_ref idref="oc-106"/>
      </symbol>
      <symbol id="sm-465">
         <name>__aeabi_cdcmple</name>
         <value>0x40d9</value>
         <object_component_ref idref="oc-106"/>
      </symbol>
      <symbol id="sm-466">
         <name>__aeabi_cdrcmple</name>
         <value>0x415f</value>
         <object_component_ref idref="oc-39d"/>
      </symbol>
      <symbol id="sm-47a">
         <name>__aeabi_ddiv</name>
         <value>0x36ad</value>
         <object_component_ref idref="oc-1bf"/>
      </symbol>
      <symbol id="sm-485">
         <name>__aeabi_dmul</name>
         <value>0x3c31</value>
         <object_component_ref idref="oc-1ba"/>
      </symbol>
      <symbol id="sm-491">
         <name>__aeabi_d2f</name>
         <value>0x4427</value>
         <object_component_ref idref="oc-1d1"/>
      </symbol>
      <symbol id="sm-49c">
         <name>__aeabi_f2d</name>
         <value>0x482d</value>
         <object_component_ref idref="oc-101"/>
      </symbol>
      <symbol id="sm-4a6">
         <name>__aeabi_i2d</name>
         <value>0x48fd</value>
         <object_component_ref idref="oc-1c4"/>
      </symbol>
      <symbol id="sm-4c1">
         <name>memcpy</name>
         <value>0x3fa7</value>
         <object_component_ref idref="oc-3e"/>
      </symbol>
      <symbol id="sm-4c2">
         <name>__aeabi_memcpy</name>
         <value>0x3fa7</value>
         <object_component_ref idref="oc-3e"/>
      </symbol>
      <symbol id="sm-4c3">
         <name>__aeabi_memcpy8</name>
         <value>0x3fa7</value>
         <object_component_ref idref="oc-3e"/>
      </symbol>
      <symbol id="sm-4c4">
         <name>__aeabi_memcpy4</name>
         <value>0x3fa7</value>
         <object_component_ref idref="oc-3e"/>
      </symbol>
      <symbol id="sm-4d3">
         <name>__aeabi_memset</name>
         <value>0x41e7</value>
         <object_component_ref idref="oc-96"/>
      </symbol>
      <symbol id="sm-4d4">
         <name>memset</name>
         <value>0x41ed</value>
         <object_component_ref idref="oc-96"/>
      </symbol>
      <symbol id="sm-4d5">
         <name>__aeabi_memset8</name>
         <value>0x41e7</value>
         <object_component_ref idref="oc-96"/>
      </symbol>
      <symbol id="sm-4d6">
         <name>__aeabi_memset4</name>
         <value>0x41e7</value>
         <object_component_ref idref="oc-96"/>
      </symbol>
      <symbol id="sm-4d7">
         <name>__aeabi_memclr8</name>
         <value>0x41e5</value>
         <object_component_ref idref="oc-96"/>
      </symbol>
      <symbol id="sm-4d8">
         <name>__aeabi_memclr4</name>
         <value>0x41e5</value>
         <object_component_ref idref="oc-96"/>
      </symbol>
      <symbol id="sm-4d9">
         <name>__aeabi_memclr</name>
         <value>0x41e5</value>
         <object_component_ref idref="oc-96"/>
      </symbol>
      <symbol id="sm-4f2">
         <name>__TI_zero_init_nomemset</name>
         <value>0x4955</value>
         <object_component_ref idref="oc-4a"/>
      </symbol>
      <symbol id="sm-509">
         <name>__TI_decompress_none</name>
         <value>0x4a93</value>
         <object_component_ref idref="oc-1b"/>
      </symbol>
      <symbol id="sm-52c">
         <name>__TI_decompress_lzss</name>
         <value>0x4495</value>
         <object_component_ref idref="oc-15"/>
      </symbol>
      <symbol id="sm-5d6">
         <name>_sys_memory</name>
         <value>0x20001270</value>
         <object_component_ref idref="oc-24"/>
      </symbol>
      <symbol id="sm-5d7">
         <name>free</name>
         <value>0x3d2d</value>
         <object_component_ref idref="oc-19e"/>
      </symbol>
      <symbol id="sm-5d8">
         <name>realloc</name>
         <value>0x3e11</value>
         <object_component_ref idref="oc-1f2"/>
      </symbol>
      <symbol id="sm-5d9">
         <name>memalign</name>
         <value>0x3b31</value>
         <object_component_ref idref="oc-2ce"/>
      </symbol>
      <symbol id="sm-5da">
         <name>calloc</name>
         <value>0x47f5</value>
         <object_component_ref idref="oc-198"/>
      </symbol>
      <symbol id="sm-5db">
         <name>malloc</name>
         <value>0x4acd</value>
         <object_component_ref idref="oc-1e6"/>
      </symbol>
      <symbol id="sm-5dc">
         <name>aligned_alloc</name>
         <value>0x3b31</value>
         <object_component_ref idref="oc-2ce"/>
      </symbol>
      <symbol id="sm-5eb">
         <name>strcmp</name>
         <value>0x4a0b</value>
         <object_component_ref idref="oc-182"/>
      </symbol>
      <symbol id="sm-5f9">
         <name>strcpy</name>
         <value>0x4a39</value>
         <object_component_ref idref="oc-188"/>
      </symbol>
      <symbol id="sm-60c">
         <name>__stack</name>
         <value>0x20000270</value>
         <object_component_ref idref="oc-27"/>
      </symbol>
      <symbol id="sm-60d">
         <name>_c_int00_noargs</name>
         <value>0x4899</value>
         <object_component_ref idref="oc-5c"/>
      </symbol>
      <symbol id="sm-772">
         <name>__TI_printfi</name>
         <value>0xe8d</value>
         <object_component_ref idref="oc-207"/>
      </symbol>
      <symbol id="sm-77c">
         <name>__abort_execution</name>
         <value>0x4ad5</value>
         <object_component_ref idref="oc-1e0"/>
      </symbol>
      <symbol id="sm-786">
         <name>__aeabi_d2iz</name>
         <value>0x46a9</value>
         <object_component_ref idref="oc-3a2"/>
      </symbol>
      <symbol id="sm-793">
         <name>__aeabi_uldivmod</name>
         <value>0x4043</value>
         <object_component_ref idref="oc-397"/>
      </symbol>
      <symbol id="sm-7bb">
         <name>__TI_auto_init_nobinit_nopinit</name>
         <value>0x46f1</value>
         <object_component_ref idref="oc-13a"/>
      </symbol>
      <symbol id="sm-7c5">
         <name>_system_pre_init</name>
         <value>0x4ad9</value>
         <object_component_ref idref="oc-9c"/>
      </symbol>
      <symbol id="sm-7d1">
         <name>C$$EXIT</name>
         <value>0x4add</value>
         <object_component_ref idref="oc-12e"/>
      </symbol>
      <symbol id="sm-7d2">
         <name>abort</name>
         <value>0x4add</value>
         <object_component_ref idref="oc-12e"/>
      </symbol>
      <symbol id="sm-7e7">
         <name>_nop</name>
         <value>0x18db</value>
         <object_component_ref idref="oc-34e"/>
      </symbol>
      <symbol id="sm-7e8">
         <name>_lock</name>
         <value>0x20002350</value>
         <object_component_ref idref="oc-254"/>
      </symbol>
      <symbol id="sm-7e9">
         <name>_unlock</name>
         <value>0x20002354</value>
         <object_component_ref idref="oc-254"/>
      </symbol>
      <symbol id="sm-7f8">
         <name>__TI_ltoa</name>
         <value>0x45b7</value>
         <object_component_ref idref="oc-3a7"/>
      </symbol>
      <symbol id="sm-80f">
         <name>atoi</name>
         <value>0x465d</value>
         <object_component_ref idref="oc-2f6"/>
      </symbol>
      <symbol id="sm-81a">
         <name>_ctypes_</name>
         <value>0x4db4</value>
         <object_component_ref idref="oc-392"/>
      </symbol>
      <symbol id="sm-82a">
         <name>memccpy</name>
         <value>0x498d</value>
         <object_component_ref idref="oc-31a"/>
      </symbol>
      <symbol id="sm-83a">
         <name>strchr</name>
         <value>0x4a23</value>
         <object_component_ref idref="oc-3d4"/>
      </symbol>
      <symbol id="sm-848">
         <name>strlen</name>
         <value>0x4a4d</value>
         <object_component_ref idref="oc-2f0"/>
      </symbol>
      <symbol id="sm-85e">
         <name>__aeabi_errno_addr</name>
         <value>0x4ac5</value>
         <object_component_ref idref="oc-326"/>
      </symbol>
      <symbol id="sm-85f">
         <name>errno</name>
         <value>0x20002368</value>
         <object_component_ref idref="oc-3e4"/>
      </symbol>
      <symbol id="sm-87f">
         <name>frexpl</name>
         <value>0x44fd</value>
         <object_component_ref idref="oc-3c8"/>
      </symbol>
      <symbol id="sm-880">
         <name>frexp</name>
         <value>0x44fd</value>
         <object_component_ref idref="oc-3c8"/>
      </symbol>
      <symbol id="sm-89d">
         <name>scalbn</name>
         <value>0x3a21</value>
         <object_component_ref idref="oc-3ce"/>
      </symbol>
      <symbol id="sm-89e">
         <name>scalbnl</name>
         <value>0x3a21</value>
         <object_component_ref idref="oc-3ce"/>
      </symbol>
      <symbol id="sm-89f">
         <name>ldexpl</name>
         <value>0x3a21</value>
         <object_component_ref idref="oc-3ce"/>
      </symbol>
      <symbol id="sm-8a0">
         <name>ldexp</name>
         <value>0x3a21</value>
         <object_component_ref idref="oc-3ce"/>
      </symbol>
      <symbol id="sm-8aa">
         <name>copysign</name>
         <value>0x49a9</value>
         <object_component_ref idref="oc-426"/>
      </symbol>
      <symbol id="sm-8ab">
         <name>copysignl</name>
         <value>0x49a9</value>
         <object_component_ref idref="oc-426"/>
      </symbol>
      <symbol id="sm-8c4">
         <name>wcslen</name>
         <value>0x4a61</value>
         <object_component_ref idref="oc-320"/>
      </symbol>
      <symbol id="sm-8ce">
         <name>__aeabi_idiv0</name>
         <value>0x316f</value>
         <object_component_ref idref="oc-411"/>
      </symbol>
      <symbol id="sm-8cf">
         <name>__aeabi_ldiv0</name>
         <value>0x316f</value>
         <object_component_ref idref="oc-411"/>
      </symbol>
      <symbol id="sm-8fe">
         <name>IntRegister</name>
         <value>0x4865</value>
         <object_component_ref idref="oc-1ab"/>
      </symbol>
      <symbol id="sm-8ff">
         <name>g_pfnRAMVectors</name>
         <value>0x20000000</value>
         <object_component_ref idref="oc-2af"/>
      </symbol>
      <symbol id="sm-900">
         <name>IntMasterEnable</name>
         <value>0x4a73</value>
         <object_component_ref idref="oc-1b1"/>
      </symbol>
      <symbol id="sm-90a">
         <name>CPUcpsie</name>
         <value>0x4aa1</value>
         <object_component_ref idref="oc-2b9"/>
      </symbol>
      <symbol id="sm-90b">
         <name>__TI_static_base__</name>
         <value>0x0</value>
      </symbol>
      <symbol id="sm-90e">
         <name>__mpu_init</name>
         <value>0x0</value>
      </symbol>
      <symbol id="sm-90f">
         <name>_system_post_cinit</name>
         <value>0x0</value>
      </symbol>
   </symbol_table>
   <title>Link successful</title>
</link_info>
