******************************************************************************
                  TI ARM Linker PC v20.2.6                     
******************************************************************************
>> Linked Tue Feb 28 16:28:55 2023

OUTPUT FILE NAME:   <Lab3.out>
ENTRY POINT SYMBOL: "_c_int00_noargs"  address: 00004899


MEMORY CONFIGURATION

         name            origin    length      used     unused   attr    fill
----------------------  --------  ---------  --------  --------  ----  --------
  FLASH                 00000000   00040000  0000500f  0003aff1  R  X
  SRAM                  20000000   00008000  0000236a  00005c96  RW X


SEGMENT ALLOCATION MAP

run origin  load origin   length   init length attrs members
----------  ----------- ---------- ----------- ----- -------
00000000    00000000    00005010   00005010    r-x
  00000000    00000000    0000026c   0000026c    r-- .intvecs
  0000026c    0000026c    00004874   00004874    r-x .text
  00004ae0    00004ae0    000004df   000004df    r-- .const
  00004fc0    00004fc0    00000050   00000050    r-- .cinit
20000000    20000000    00002371   00000000    rw-
  20000000    20000000    0000026c   00000000    rw- .vtable
  20000270    20000270    00001000   00000000    rw- .stack
  20001270    20001270    00001000   00000000    rw- .sysmem
  20002270    20002270    000000bd   00000000    rw- .bss
  20002330    20002330    00000041   00000000    rw- .data


SECTION ALLOCATION MAP

 output                                  attributes/
section   page    origin      length       input sections
--------  ----  ----------  ----------   ----------------
.intvecs   0    00000000    0000026c     
                  00000000    0000026c     tm4c123gh6pm_startup_ccs.obj (.intvecs)

.text      0    0000026c    00004874     
                  0000026c    00000c20     open_interface.obj (.text)
                  00000e8c    00000a4e     rtsv7M4_T_le_v4SPD16_eabi.lib : _printfi.c.obj (.text:__TI_printfi)
                  000018da    00000002                                   : _lock.c.obj (.text:_nop)
                  000018dc    0000071c     main.obj (.text)
                  00001ff8    00000328     lcd.obj (.text)
                  00002320    00000270     rtsv7M4_T_le_v4SPD16_eabi.lib : _printfi.c.obj (.text:_pconv_a)
                  00002590    00000260     libcybotScan.lib : cyBot_Scan.obj (.text)
                  000027f0    00000248     Timer.obj (.text)
                  00002a38    000001ec     libcybotScan.lib : ping.obj (.text)
                  00002c24    000001d0     rtsv7M4_T_le_v4SPD16_eabi.lib : _printfi.c.obj (.text:_pconv_g)
                  00002df4    000001c4     movement.obj (.text)
                  00002fb8    000001b6     rtsv7M4_T_le_v4SPD16_eabi.lib : fd_add_t2.asm.obj (.text)
                  0000316e    00000002                                   : div0.asm.obj (.text)
                  00003170    0000015c     libcybotUART.lib : uart.obj (.text)
                  000032cc    00000158     libcybotScan.lib : servo.obj (.text)
                  00003424    0000014c     rtsv7M4_T_le_v4SPD16_eabi.lib : vla_alloc.c.obj (.text:__vla_alloc)
                  00003570    0000013c                                   : _printfi.c.obj (.text:_pconv_e)
                  000036ac    00000136                                   : fd_div_t2.asm.obj (.text)
                  000037e2    00000002     --HOLE-- [fill = 0]
                  000037e4    00000124                                   : _printfi.c.obj (.text:fcvt)
                  00003908    00000118     libcybotScan.lib : ir.obj (.text)
                  00003a20    00000110     rtsv7M4_T_le_v4SPD16_eabi.lib : s_scalbn.c.obj (.text:scalbn)
                  00003b30    00000100                                   : memory.c.obj (.text:aligned_alloc)
                  00003c30    000000fc                                   : fd_mul_t2.asm.obj (.text)
                  00003d2c    000000e4                                   : memory.c.obj (.text:free)
                  00003e10    000000e4                                   : memory.c.obj (.text:realloc)
                  00003ef4    000000b1                                   : _printfi.c.obj (.text:_ltostr)
                  00003fa5    00000001     --HOLE-- [fill = 0]
                  00003fa6    0000009c                                   : memcpy_t2.asm.obj (.text)
                  00004042    00000096                                   : ull_div_t2.asm.obj (.text)
                  000040d8    00000086                                   : fd_cmp_t2.asm.obj (.text:__aeabi_cdcmple)
                  0000415e    00000086                                   : fd_cmp_t2.asm.obj (.text:__aeabi_cdrcmple)
                  000041e4    0000007a                                   : memset_t2.asm.obj (.text)
                  0000425e    00000002     --HOLE-- [fill = 0]
                  00004260    00000078                                   : vla_alloc.c.obj (.text:_ZN33_INTERNAL_11_vla_alloc_c_be8bd49b21free_dead_allocationsEPv)
                  000042d8    00000070                                   : vla_alloc.c.obj (.text:__vla_dealloc)
                  00004348    00000070                                   : memory.c.obj (.text:split)
                  000043b8    0000006e                                   : _printfi.c.obj (.text:_mcpy)
                  00004426    0000006e                                   : fd_tos_t2.asm.obj (.text)
                  00004494    00000068                                   : copy_decompress_lzss.c.obj (.text:decompress:lzss:__TI_decompress_lzss)
                  000044fc    00000064                                   : s_frexp.c.obj (.text:frexp)
                  00004560    00000056                                   : _printfi.c.obj (.text:_pconv_f)
                  000045b6    00000054                                   : _ltoa.c.obj (.text:__TI_ltoa)
                  0000460a    00000052                                   : _printfi.c.obj (.text:_ecpy)
                  0000465c    0000004c                                   : atoi.c.obj (.text:atoi)
                  000046a8    00000048                                   : fd_toi_t2.asm.obj (.text)
                  000046f0    00000044                                   : autoinit.c.obj (.text:__TI_auto_init_nobinit_nopinit:__TI_auto_init_nobinit_nopinit)
                  00004734    00000040                                   : sprintf.c.obj (.text:sprintf)
                  00004774    00000040                                   : vsnprintf.c.obj (.text:vsnprintf)
                  000047b4    0000003e                                   : _printfi.c.obj (.text:_fcpy)
                  000047f2    00000002     --HOLE-- [fill = 0]
                  000047f4    00000038                                   : memory.c.obj (.text:calloc)
                  0000482c    00000038                                   : fs_tod_t2.asm.obj (.text)
                  00004864    00000034     driverlib.lib : interrupt.obj (.text:IntRegister)
                  00004898    00000034     rtsv7M4_T_le_v4SPD16_eabi.lib : boot_cortex_m.c.obj (.text:_c_int00_noargs:_c_int00_noargs)
                  000048cc    00000030                                   : vsnprintf.c.obj (.text:_outs)
                  000048fc    0000002e                                   : i_tofd_t2.asm.obj (.text)
                  0000492a    00000002     --HOLE-- [fill = 0]
                  0000492c    00000028                                   : memory.c.obj (.text:free_list_insert)
                  00004954    0000001c                                   : copy_zero_init.c.obj (.text:decompress:ZI:__TI_zero_init_nomemset:__TI_zero_init_nomemset)
                  00004970    0000001c                                   : memory.c.obj (.text:free_list_remove)
                  0000498c    0000001c                                   : memccpy.c.obj (.text:memccpy)
                  000049a8    0000001a                                   : s_copysign.c.obj (.text:copysign)
                  000049c2    00000018                                   : vsnprintf.c.obj (.text:_outc)
                  000049da    00000018                                   : sprintf.c.obj (.text:_outs)
                  000049f2    00000018     open_interface.obj (.text:oi_parseInt)
                  00004a0a    00000018     rtsv7M4_T_le_v4SPD16_eabi.lib : strcmp.c.obj (.text:strcmp)
                  00004a22    00000016                                   : strchr.c.obj (.text:strchr)
                  00004a38    00000014                                   : strcpy.c.obj (.text:strcpy)
                  00004a4c    00000014                                   : strlen.c.obj (.text:strlen)
                  00004a60    00000012                                   : wcslen.c.obj (.text:wcslen)
                  00004a72    00000010     driverlib.lib : interrupt.obj (.text:IntMasterEnable)
                  00004a82    00000010     lcd.obj (.text:lcd_clear)
                  00004a92    0000000e     rtsv7M4_T_le_v4SPD16_eabi.lib : copy_decompress_none.c.obj (.text:decompress:none:__TI_decompress_none)
                  00004aa0    0000000c     driverlib.lib : cpu.obj (.text:CPUcpsie)
                  00004aac    0000000c     tm4c123gh6pm_startup_ccs.obj (.text)
                  00004ab8    0000000a     rtsv7M4_T_le_v4SPD16_eabi.lib : sprintf.c.obj (.text:_outc)
                  00004ac2    00000002     --HOLE-- [fill = 0]
                  00004ac4    00000008                                   : errno.c.obj (.text:__aeabi_errno_addr)
                  00004acc    00000008                                   : memory.c.obj (.text:malloc)
                  00004ad4    00000004                                   : error.c.obj (.text:__abort_execution)
                  00004ad8    00000004                                   : pre_init.c.obj (.text:_system_pre_init)
                  00004adc    00000004                                   : exit.c.obj (.text:abort:abort)

.const     0    00004ae0    000004df     
                  00004ae0    000002d4     main.obj (.const:$P$T1$1)
                  00004db4    00000101     rtsv7M4_T_le_v4SPD16_eabi.lib : ctype.c.obj (.const:.string:_ctypes_)
                  00004eb5    00000003     --HOLE-- [fill = 0]
                  00004eb8    000000f0     main.obj (.const:$P$T2$2)
                  00004fa8    0000000f     open_interface.obj (.const:.string:$P$T0$3)
                  00004fb7    00000004     lcd.obj (.const:.string:lineAddress$1)
                  00004fbb    00000004     lcd.obj (.const:.string:lineAddresses$2)

.cinit     0    00004fc0    00000050     
                  00004fc0    00000019     (.cinit..data.load) [load image, compression = lzss]
                  00004fd9    00000003     --HOLE-- [fill = 0]
                  00004fdc    0000000c     (__TI_handler_table)
                  00004fe8    00000008     (.cinit..bss.load) [load image, compression = zero_init]
                  00004ff0    00000008     (.cinit..vtable.load) [load image, compression = zero_init]
                  00004ff8    00000018     (__TI_cinit_table)

.init_array 
*          0    00000000    00000000     UNINITIALIZED

.vtable    0    20000000    0000026c     UNINITIALIZED
                  20000000    0000026c     driverlib.lib : interrupt.obj (.vtable)

.stack     0    20000270    00001000     UNINITIALIZED
                  20000270    00000004     rtsv7M4_T_le_v4SPD16_eabi.lib : boot_cortex_m.c.obj (.stack)
                  20000274    00000ffc     --HOLE--

.sysmem    0    20001270    00001000     UNINITIALIZED
                  20001270    00000010     rtsv7M4_T_le_v4SPD16_eabi.lib : memory.c.obj (.sysmem)
                  20001280    00000ff0     --HOLE--

.bss       0    20002270    000000bd     UNINITIALIZED
                  20002270    00000054     lcd.obj (.bss:lastbuffer$3)
                  200022c4    00000034     (.common:isr_char_buffer)
                  200022f8    00000018     open_interface.obj (.bss:firmware$2)
                  20002310    00000004     (.common:_timeout_ticks)
                  20002314    00000004     (.common:fallingEdge)
                  20002318    00000004     (.common:isr_int_value)
                  2000231c    00000004     (.common:left_calibration_value)
                  20002320    00000004     (.common:pulseLength)
                  20002324    00000004     (.common:right_calibration_value)
                  20002328    00000004     (.common:risingEdge)
                  2000232c    00000001     (.common:isRisingEdge)

.data      0    20002330    00000041     UNINITIALIZED
                  20002330    00000020     open_interface.obj (.data)
                  20002350    00000008     rtsv7M4_T_le_v4SPD16_eabi.lib : _lock.c.obj (.data:$O1$$)
                  20002358    00000008                                   : memory.c.obj (.data:$O1$$)
                  20002360    00000004     libcybotScan.lib : cyBot_Scan.obj (.data)
                  20002364    00000004     libcybotUART.lib : uart.obj (.data)
                  20002368    00000004     rtsv7M4_T_le_v4SPD16_eabi.lib : errno.c.obj (.data)
                  2000236c    00000004                                   : vla_alloc.c.obj (.data)
                  20002370    00000001     Timer.obj (.data)

__llvm_prf_cnts 
*          0    20000000    00000000     UNINITIALIZED

MODULE SUMMARY

       Module                         code    ro data   rw data
       ------                         ----    -------   -------
    .\
       open_interface.obj             3128    15        56     
       main.obj                       1820    964       8      
       lcd.obj                        824     8         84     
       tm4c123gh6pm_startup_ccs.obj   12      620       0      
       Timer.obj                      584     0         5      
       movement.obj                   452     0         0      
    +--+------------------------------+-------+---------+---------+
       Total:                         6820    1607      153    
                                                               
    ../libcybotScan.lib
       cyBot_Scan.obj                 608     0         4      
       ping.obj                       492     0         13     
       servo.obj                      344     0         0      
       ir.obj                         280     0         4      
    +--+------------------------------+-------+---------+---------+
       Total:                         1724    0         21     
                                                               
    ../libcybotUART.lib
       uart.obj                       348     0         56     
    +--+------------------------------+-------+---------+---------+
       Total:                         348     0         56     
                                                               
    C:/ti/TivaWare_C_Series-2.2.0.295/driverlib/ccs/Debug/driverlib.lib
       interrupt.obj                  68      0         620    
       cpu.obj                        12      0         0      
    +--+------------------------------+-------+---------+---------+
       Total:                         80      0         620    
                                                               
    C:\ti\ccs1200\ccs\tools\compiler\ti-cgt-arm_20.2.6.LTS\lib\rtsv7M4_T_le_v4SPD16_eabi.lib
       _printfi.c.obj                 4851    0         0      
       memory.c.obj                   956     0         8      
       vla_alloc.c.obj                564     0         4      
       fd_add_t2.asm.obj              438     0         0      
       fd_div_t2.asm.obj              310     0         0      
       s_scalbn.c.obj                 272     0         0      
       fd_cmp_t2.asm.obj              268     0         0      
       ctype.c.obj                    0       257       0      
       fd_mul_t2.asm.obj              252     0         0      
       memcpy_t2.asm.obj              156     0         0      
       ull_div_t2.asm.obj             150     0         0      
       vsnprintf.c.obj                136     0         0      
       memset_t2.asm.obj              122     0         0      
       fd_tos_t2.asm.obj              110     0         0      
       copy_decompress_lzss.c.obj     104     0         0      
       s_frexp.c.obj                  100     0         0      
       sprintf.c.obj                  98      0         0      
       _ltoa.c.obj                    84      0         0      
       atoi.c.obj                     76      0         0      
       fd_toi_t2.asm.obj              72      0         0      
       autoinit.c.obj                 68      0         0      
       fs_tod_t2.asm.obj              56      0         0      
       boot_cortex_m.c.obj            52      0         0      
       i_tofd_t2.asm.obj              46      0         0      
       copy_zero_init.c.obj           28      0         0      
       memccpy.c.obj                  28      0         0      
       s_copysign.c.obj               26      0         0      
       strcmp.c.obj                   24      0         0      
       strchr.c.obj                   22      0         0      
       strcpy.c.obj                   20      0         0      
       strlen.c.obj                   20      0         0      
       wcslen.c.obj                   18      0         0      
       copy_decompress_none.c.obj     14      0         0      
       errno.c.obj                    8       0         4      
       _lock.c.obj                    2       0         8      
       error.c.obj                    4       0         0      
       exit.c.obj                     4       0         0      
       pre_init.c.obj                 4       0         0      
       div0.asm.obj                   2       0         0      
    +--+------------------------------+-------+---------+---------+
       Total:                         9565    257       24     
                                                               
       Heap:                          0       0         4096   
       Stack:                         0       0         4096   
       Linker Generated:              0       77        0      
    +--+------------------------------+-------+---------+---------+
       Grand Total:                   18537   1941      9066   


LINKER GENERATED COPY TABLES

__TI_cinit_table @ 00004ff8 records: 3, size/record: 8, table size: 24
	.data: load addr=00004fc0, load size=00000019 bytes, run addr=20002330, run size=00000041 bytes, compression=lzss
	.bss: load addr=00004fe8, load size=00000008 bytes, run addr=20002270, run size=000000bd bytes, compression=zero_init
	.vtable: load addr=00004ff0, load size=00000008 bytes, run addr=20000000, run size=0000026c bytes, compression=zero_init


LINKER GENERATED HANDLER TABLE

__TI_handler_table @ 00004fdc records: 3, size/record: 4, table size: 12
	index: 0, handler: __TI_zero_init
	index: 1, handler: __TI_decompress_lzss
	index: 2, handler: __TI_decompress_none


GLOBAL SYMBOLS: SORTED ALPHABETICALLY BY Name 

address   name                          
-------   ----                          
000039a1  ADC0SS0_Handler               
00004add  C$$EXIT                       
00004aa1  CPUcpsie                      
00000bc3  GPIOF_Handler                 
00004a73  IntMasterEnable               
00004865  IntRegister                   
00004aad  ResetISR                      
00002b29  TIMER3B_Handler               
20001270  __STACK_END                   
00001000  __STACK_SIZE                  
20000470  __STACK_TOP                   
00001000  __SYSMEM_SIZE                 
00004ff8  __TI_CINIT_Base               
00005010  __TI_CINIT_Limit              
00004fdc  __TI_Handler_Table_Base       
00004fe8  __TI_Handler_Table_Limit      
000046f1  __TI_auto_init_nobinit_nopinit
00004495  __TI_decompress_lzss          
00004a93  __TI_decompress_none          
000045b7  __TI_ltoa                     
ffffffff  __TI_pprof_out_hndl           
00000e8d  __TI_printfi                  
ffffffff  __TI_prof_data_size           
ffffffff  __TI_prof_data_start          
00000000  __TI_static_base__            
00004955  __TI_zero_init_nomemset       
00004ad5  __abort_execution             
000040d9  __aeabi_cdcmpeq               
000040d9  __aeabi_cdcmple               
0000415f  __aeabi_cdrcmple              
00004427  __aeabi_d2f                   
000046a9  __aeabi_d2iz                  
00002fc3  __aeabi_dadd                  
000036ad  __aeabi_ddiv                  
00003c31  __aeabi_dmul                  
00002fb9  __aeabi_dsub                  
00004ac5  __aeabi_errno_addr            
0000482d  __aeabi_f2d                   
000048fd  __aeabi_i2d                   
0000316f  __aeabi_idiv0                 
0000316f  __aeabi_ldiv0                 
000041e5  __aeabi_memclr                
000041e5  __aeabi_memclr4               
000041e5  __aeabi_memclr8               
00003fa7  __aeabi_memcpy                
00003fa7  __aeabi_memcpy4               
00003fa7  __aeabi_memcpy8               
000041e7  __aeabi_memset                
000041e7  __aeabi_memset4               
000041e7  __aeabi_memset8               
00004043  __aeabi_uldivmod              
ffffffff  __binit__                     
ffffffff  __c_args__                    
UNDEFED   __mpu_init                    
20000270  __stack                       
20000000  __start___llvm_prf_cnts       
20000000  __stop___llvm_prf_cnts        
00003425  __vla_alloc                   
000042d9  __vla_dealloc                 
00004899  _c_int00_noargs               
00004db4  _ctypes_                      
20002350  _lock                         
000018db  _nop                          
20002370  _running                      
20001270  _sys_memory                   
UNDEFED   _system_post_cinit            
00004ad9  _system_pre_init              
20002310  _timeout_ticks                
20002354  _unlock                       
00004add  abort                         
00003b31  aligned_alloc                 
0000465d  atoi                          
ffffffff  binit                         
000019ad  buttonMove                    
00001903  calcAverage                   
0000194b  calcMedian                    
000047f5  calloc                        
000049a9  copysign                      
000049a9  copysignl                     
00002669  cyBOT_SERVO_cal               
000025f7  cyBOT_Scan                    
0000259f  cyBOT_init_Scan               
20002360  cyBOT_scan_features           
00002591  cyBOT_scan_version            
00003279  cyBot_UART1_Handler           
0000325f  cyBot_getByte                 
00003171  cyBot_sendByte                
00003241  cyBot_uart_flush              
000031af  cyBot_uart_init               
00003197  cyBot_uart_sendBuffer         
0000317d  cyBot_uart_sendStr            
20002368  errno                         
20002314  fallingEdge                   
00003d2d  free                          
000044fd  frexp                         
000044fd  frexpl                        
20000000  g_pfnRAMVectors               
00000000  g_pfnVectors                  
0000097f  go_charge                     
000039b7  ir_enableInterrupt            
00003999  ir_getDistance                
00003971  ir_getValue                   
00003909  ir_init                       
2000232c  isRisingEdge                  
200022c4  isr_char_buffer               
20002364  isr_counter                   
20002318  isr_int_value                 
00004a83  lcd_clear                     
000021cd  lcd_gotoLine                  
00002035  lcd_init                      
00002233  lcd_printf                    
000020f5  lcd_putc                      
0000212d  lcd_puts                      
00001ff9  lcd_reverseNibble             
0000214b  lcd_sendCommand               
00002189  lcd_sendNibble                
000021f5  lcd_setCursorPos              
00003a21  ldexp                         
00003a21  ldexpl                        
2000231c  left_calibration_value        
00001f35  main                          
00004acd  malloc                        
00003b31  memalign                      
0000498d  memccpy                       
00003fa7  memcpy                        
000041ed  memset                        
20002330  motor_cal_factor_L            
20002334  motor_cal_factor_R            
00002f41  moveBackward                  
00002df5  moveForward                   
000018dd  objDetected                   
0000026d  oi_alloc                      
00000aa9  oi_checkFirmware              
000002c7  oi_close                      
00000279  oi_free                       
00000ded  oi_getMotorCalibrationLeft    
00000e01  oi_getMotorCalibrationRight   
000002b1  oi_init                       
00000289  oi_init_noupdate              
00000915  oi_loadSong                   
000049f3  oi_parseInt                   
0000032b  oi_parsePacket                
0000096b  oi_play_song                  
0000084b  oi_setLeds                    
00000db1  oi_setMotorCalibration        
0000088f  oi_setWheels                  
00000b51  oi_shutoff_init               
0000098d  oi_uartInit                   
00000a31  oi_uartReceive                
00000a77  oi_uartSendBuff               
00000a15  oi_uartSendChar               
00000a59  oi_uartSendStr                
000002d9  oi_update                     
00001989  outputMessage                 
00002b7b  ping_getDistance              
00002a39  ping_init                     
00002abf  ping_trigger                  
20002320  pulseLength                   
00003e11  realloc                       
20002324  right_calibration_value       
20002328  risingEdge                    
00003a21  scalbn                        
00003a21  scalbnl                       
00001a49  scan_Objects                  
000032cd  servo_init                    
0000335d  servo_move                    
000033bd  servo_setPWM                  
00003351  servo_stop                    
00004735  sprintf                       
00004a23  strchr                        
00004a0b  strcmp                        
00004a39  strcpy                        
00004a4d  strlen                        
0000290f  timer_getMicros               
000028b7  timer_getMillis               
000027f1  timer_init                    
00002893  timer_pause                   
000028a5  timer_resume                  
00002869  timer_stop                    
00002969  timer_waitMicros              
0000299b  timer_waitMillis              
00002ed3  turnLeft                      
00002e65  turnRight                     
00004775  vsnprintf                     
00004a61  wcslen                        


GLOBAL SYMBOLS: SORTED BY Symbol Address 

address   name                          
-------   ----                          
00000000  __TI_static_base__            
00000000  g_pfnVectors                  
0000026d  oi_alloc                      
00000279  oi_free                       
00000289  oi_init_noupdate              
000002b1  oi_init                       
000002c7  oi_close                      
000002d9  oi_update                     
0000032b  oi_parsePacket                
0000084b  oi_setLeds                    
0000088f  oi_setWheels                  
00000915  oi_loadSong                   
0000096b  oi_play_song                  
0000097f  go_charge                     
0000098d  oi_uartInit                   
00000a15  oi_uartSendChar               
00000a31  oi_uartReceive                
00000a59  oi_uartSendStr                
00000a77  oi_uartSendBuff               
00000aa9  oi_checkFirmware              
00000b51  oi_shutoff_init               
00000bc3  GPIOF_Handler                 
00000db1  oi_setMotorCalibration        
00000ded  oi_getMotorCalibrationLeft    
00000e01  oi_getMotorCalibrationRight   
00000e8d  __TI_printfi                  
00001000  __STACK_SIZE                  
00001000  __SYSMEM_SIZE                 
000018db  _nop                          
000018dd  objDetected                   
00001903  calcAverage                   
0000194b  calcMedian                    
00001989  outputMessage                 
000019ad  buttonMove                    
00001a49  scan_Objects                  
00001f35  main                          
00001ff9  lcd_reverseNibble             
00002035  lcd_init                      
000020f5  lcd_putc                      
0000212d  lcd_puts                      
0000214b  lcd_sendCommand               
00002189  lcd_sendNibble                
000021cd  lcd_gotoLine                  
000021f5  lcd_setCursorPos              
00002233  lcd_printf                    
00002591  cyBOT_scan_version            
0000259f  cyBOT_init_Scan               
000025f7  cyBOT_Scan                    
00002669  cyBOT_SERVO_cal               
000027f1  timer_init                    
00002869  timer_stop                    
00002893  timer_pause                   
000028a5  timer_resume                  
000028b7  timer_getMillis               
0000290f  timer_getMicros               
00002969  timer_waitMicros              
0000299b  timer_waitMillis              
00002a39  ping_init                     
00002abf  ping_trigger                  
00002b29  TIMER3B_Handler               
00002b7b  ping_getDistance              
00002df5  moveForward                   
00002e65  turnRight                     
00002ed3  turnLeft                      
00002f41  moveBackward                  
00002fb9  __aeabi_dsub                  
00002fc3  __aeabi_dadd                  
0000316f  __aeabi_idiv0                 
0000316f  __aeabi_ldiv0                 
00003171  cyBot_sendByte                
0000317d  cyBot_uart_sendStr            
00003197  cyBot_uart_sendBuffer         
000031af  cyBot_uart_init               
00003241  cyBot_uart_flush              
0000325f  cyBot_getByte                 
00003279  cyBot_UART1_Handler           
000032cd  servo_init                    
00003351  servo_stop                    
0000335d  servo_move                    
000033bd  servo_setPWM                  
00003425  __vla_alloc                   
000036ad  __aeabi_ddiv                  
00003909  ir_init                       
00003971  ir_getValue                   
00003999  ir_getDistance                
000039a1  ADC0SS0_Handler               
000039b7  ir_enableInterrupt            
00003a21  ldexp                         
00003a21  ldexpl                        
00003a21  scalbn                        
00003a21  scalbnl                       
00003b31  aligned_alloc                 
00003b31  memalign                      
00003c31  __aeabi_dmul                  
00003d2d  free                          
00003e11  realloc                       
00003fa7  __aeabi_memcpy                
00003fa7  __aeabi_memcpy4               
00003fa7  __aeabi_memcpy8               
00003fa7  memcpy                        
00004043  __aeabi_uldivmod              
000040d9  __aeabi_cdcmpeq               
000040d9  __aeabi_cdcmple               
0000415f  __aeabi_cdrcmple              
000041e5  __aeabi_memclr                
000041e5  __aeabi_memclr4               
000041e5  __aeabi_memclr8               
000041e7  __aeabi_memset                
000041e7  __aeabi_memset4               
000041e7  __aeabi_memset8               
000041ed  memset                        
000042d9  __vla_dealloc                 
00004427  __aeabi_d2f                   
00004495  __TI_decompress_lzss          
000044fd  frexp                         
000044fd  frexpl                        
000045b7  __TI_ltoa                     
0000465d  atoi                          
000046a9  __aeabi_d2iz                  
000046f1  __TI_auto_init_nobinit_nopinit
00004735  sprintf                       
00004775  vsnprintf                     
000047f5  calloc                        
0000482d  __aeabi_f2d                   
00004865  IntRegister                   
00004899  _c_int00_noargs               
000048fd  __aeabi_i2d                   
00004955  __TI_zero_init_nomemset       
0000498d  memccpy                       
000049a9  copysign                      
000049a9  copysignl                     
000049f3  oi_parseInt                   
00004a0b  strcmp                        
00004a23  strchr                        
00004a39  strcpy                        
00004a4d  strlen                        
00004a61  wcslen                        
00004a73  IntMasterEnable               
00004a83  lcd_clear                     
00004a93  __TI_decompress_none          
00004aa1  CPUcpsie                      
00004aad  ResetISR                      
00004ac5  __aeabi_errno_addr            
00004acd  malloc                        
00004ad5  __abort_execution             
00004ad9  _system_pre_init              
00004add  C$$EXIT                       
00004add  abort                         
00004db4  _ctypes_                      
00004fdc  __TI_Handler_Table_Base       
00004fe8  __TI_Handler_Table_Limit      
00004ff8  __TI_CINIT_Base               
00005010  __TI_CINIT_Limit              
20000000  __start___llvm_prf_cnts       
20000000  __stop___llvm_prf_cnts        
20000000  g_pfnRAMVectors               
20000270  __stack                       
20000470  __STACK_TOP                   
20001270  __STACK_END                   
20001270  _sys_memory                   
200022c4  isr_char_buffer               
20002310  _timeout_ticks                
20002314  fallingEdge                   
20002318  isr_int_value                 
2000231c  left_calibration_value        
20002320  pulseLength                   
20002324  right_calibration_value       
20002328  risingEdge                    
2000232c  isRisingEdge                  
20002330  motor_cal_factor_L            
20002334  motor_cal_factor_R            
20002350  _lock                         
20002354  _unlock                       
20002360  cyBOT_scan_features           
20002364  isr_counter                   
20002368  errno                         
20002370  _running                      
ffffffff  __TI_pprof_out_hndl           
ffffffff  __TI_prof_data_size           
ffffffff  __TI_prof_data_start          
ffffffff  __binit__                     
ffffffff  __c_args__                    
ffffffff  binit                         
UNDEFED   __mpu_init                    
UNDEFED   _system_post_cinit            

[185 symbols]
