******************************************************************************
                  TI ARM Linker PC v20.2.6                     
******************************************************************************
>> Linked Tue Mar 21 19:12:39 2023

OUTPUT FILE NAME:   <Lab7.out>
ENTRY POINT SYMBOL: "_c_int00_noargs"  address: 00004cf1


MEMORY CONFIGURATION

         name            origin    length      used     unused   attr    fill
----------------------  --------  ---------  --------  --------  ----  --------
  FLASH                 00000000   00040000  0000591c  0003a6e4  R  X
  SRAM                  20000000   00008000  00003337  00004cc9  RW X


SEGMENT ALLOCATION MAP

run origin  load origin   length   init length attrs members
----------  ----------- ---------- ----------- ----- -------
00000000    00000000    00005920   00005920    r-x
  00000000    00000000    0000026c   0000026c    r-- .intvecs
  0000026c    0000026c    00004ccc   00004ccc    r-x .text
  00004f38    00004f38    00000994   00000994    r-- .const
  000058d0    000058d0    00000050   00000050    r-- .cinit
20000000    20000000    0000333d   00000000    rw-
  20000000    20000000    0000026c   00000000    rw- .vtable
  20000270    20000270    00002000   00000000    rw- .sysmem
  20002270    20002270    00001000   00000000    rw- .stack
  20003270    20003270    0000008e   00000000    rw- .bss
  20003300    20003300    0000003d   00000000    rw- .data


SECTION ALLOCATION MAP

 output                                  attributes/
section   page    origin      length       input sections
--------  ----  ----------  ----------   ----------------
.intvecs   0    00000000    0000026c     
                  00000000    0000026c     tm4c123gh6pm_startup_ccs.obj (.intvecs)

.text      0    0000026c    00004ccc     
                  0000026c    00000c20     open_interface.obj (.text)
                  00000e8c    00000a4e     rtsv7M4_T_le_v4SPD16_eabi.lib : _printfi.c.obj (.text:__TI_printfi)
                  000018da    00000002                                   : _lock.c.obj (.text:_nop)
                  000018dc    00000934     main.obj (.text)
                  00002210    00000380     movement.obj (.text)
                  00002590    00000328     lcd.obj (.text)
                  000028b8    00000270     rtsv7M4_T_le_v4SPD16_eabi.lib : _printfi.c.obj (.text:_pconv_a)
                  00002b28    00000260     libcybotScan.lib : cyBot_Scan.obj (.text)
                  00002d88    00000248     Timer.obj (.text)
                  00002fd0    000001ec     libcybotScan.lib : ping.obj (.text)
                  000031bc    000001e0     uart.obj (.text)
                  0000339c    000001d0     rtsv7M4_T_le_v4SPD16_eabi.lib : _printfi.c.obj (.text:_pconv_g)
                  0000356c    000001b6                                   : fd_add_t2.asm.obj (.text)
                  00003722    00000002                                   : div0.asm.obj (.text)
                  00003724    00000158     libcybotScan.lib : servo.obj (.text)
                  0000387c    0000014c     rtsv7M4_T_le_v4SPD16_eabi.lib : vla_alloc.c.obj (.text:__vla_alloc)
                  000039c8    0000013c                                   : _printfi.c.obj (.text:_pconv_e)
                  00003b04    00000136                                   : fd_div_t2.asm.obj (.text)
                  00003c3a    00000002     --HOLE-- [fill = 0]
                  00003c3c    00000124                                   : _printfi.c.obj (.text:fcvt)
                  00003d60    00000118     libcybotScan.lib : ir.obj (.text)
                  00003e78    00000110     rtsv7M4_T_le_v4SPD16_eabi.lib : s_scalbn.c.obj (.text:scalbn)
                  00003f88    00000100                                   : memory.c.obj (.text:aligned_alloc)
                  00004088    000000fc                                   : fd_mul_t2.asm.obj (.text)
                  00004184    000000e4                                   : memory.c.obj (.text:free)
                  00004268    000000e4                                   : memory.c.obj (.text:realloc)
                  0000434c    000000b1                                   : _printfi.c.obj (.text:_ltostr)
                  000043fd    00000001     --HOLE-- [fill = 0]
                  000043fe    0000009c                                   : memcpy_t2.asm.obj (.text)
                  0000449a    00000096                                   : ull_div_t2.asm.obj (.text)
                  00004530    00000086                                   : fd_cmp_t2.asm.obj (.text:__aeabi_cdcmple)
                  000045b6    00000086                                   : fd_cmp_t2.asm.obj (.text:__aeabi_cdrcmple)
                  0000463c    0000007a                                   : memset_t2.asm.obj (.text)
                  000046b6    00000002     --HOLE-- [fill = 0]
                  000046b8    00000078                                   : vla_alloc.c.obj (.text:_ZN33_INTERNAL_11_vla_alloc_c_be8bd49b21free_dead_allocationsEPv)
                  00004730    00000070                                   : vla_alloc.c.obj (.text:__vla_dealloc)
                  000047a0    00000070                                   : memory.c.obj (.text:split)
                  00004810    0000006e                                   : _printfi.c.obj (.text:_mcpy)
                  0000487e    0000006e                                   : fd_tos_t2.asm.obj (.text)
                  000048ec    00000068                                   : copy_decompress_lzss.c.obj (.text:decompress:lzss:__TI_decompress_lzss)
                  00004954    00000064                                   : s_frexp.c.obj (.text:frexp)
                  000049b8    00000056                                   : _printfi.c.obj (.text:_pconv_f)
                  00004a0e    00000054                                   : _ltoa.c.obj (.text:__TI_ltoa)
                  00004a62    00000052                                   : _printfi.c.obj (.text:_ecpy)
                  00004ab4    0000004c                                   : atoi.c.obj (.text:atoi)
                  00004b00    00000048                                   : fd_toi_t2.asm.obj (.text)
                  00004b48    00000044                                   : autoinit.c.obj (.text:__TI_auto_init_nobinit_nopinit:__TI_auto_init_nobinit_nopinit)
                  00004b8c    00000040                                   : sprintf.c.obj (.text:sprintf)
                  00004bcc    00000040                                   : vsnprintf.c.obj (.text:vsnprintf)
                  00004c0c    0000003e                                   : _printfi.c.obj (.text:_fcpy)
                  00004c4a    00000002     --HOLE-- [fill = 0]
                  00004c4c    00000038                                   : memory.c.obj (.text:calloc)
                  00004c84    00000038                                   : fs_tod_t2.asm.obj (.text)
                  00004cbc    00000034     driverlib.lib : interrupt.obj (.text:IntRegister)
                  00004cf0    00000034     rtsv7M4_T_le_v4SPD16_eabi.lib : boot_cortex_m.c.obj (.text:_c_int00_noargs:_c_int00_noargs)
                  00004d24    00000030                                   : vsnprintf.c.obj (.text:_outs)
                  00004d54    0000002e                                   : i_tofd_t2.asm.obj (.text)
                  00004d82    00000002     --HOLE-- [fill = 0]
                  00004d84    00000028                                   : memory.c.obj (.text:free_list_insert)
                  00004dac    0000001c                                   : copy_zero_init.c.obj (.text:decompress:ZI:__TI_zero_init_nomemset:__TI_zero_init_nomemset)
                  00004dc8    0000001c                                   : memory.c.obj (.text:free_list_remove)
                  00004de4    0000001c                                   : memccpy.c.obj (.text:memccpy)
                  00004e00    0000001a                                   : s_copysign.c.obj (.text:copysign)
                  00004e1a    00000018                                   : vsnprintf.c.obj (.text:_outc)
                  00004e32    00000018                                   : sprintf.c.obj (.text:_outs)
                  00004e4a    00000018     open_interface.obj (.text:oi_parseInt)
                  00004e62    00000018     rtsv7M4_T_le_v4SPD16_eabi.lib : strcmp.c.obj (.text:strcmp)
                  00004e7a    00000016                                   : strchr.c.obj (.text:strchr)
                  00004e90    00000014                                   : strcpy.c.obj (.text:strcpy)
                  00004ea4    00000014                                   : strlen.c.obj (.text:strlen)
                  00004eb8    00000012                                   : wcslen.c.obj (.text:wcslen)
                  00004eca    00000010     driverlib.lib : interrupt.obj (.text:IntMasterEnable)
                  00004eda    00000010     lcd.obj (.text:lcd_clear)
                  00004eea    0000000e     rtsv7M4_T_le_v4SPD16_eabi.lib : copy_decompress_none.c.obj (.text:decompress:none:__TI_decompress_none)
                  00004ef8    0000000c     driverlib.lib : cpu.obj (.text:CPUcpsie)
                  00004f04    0000000c     tm4c123gh6pm_startup_ccs.obj (.text)
                  00004f10    0000000a     rtsv7M4_T_le_v4SPD16_eabi.lib : sprintf.c.obj (.text:_outc)
                  00004f1a    00000002     --HOLE-- [fill = 0]
                  00004f1c    00000008                                   : errno.c.obj (.text:__aeabi_errno_addr)
                  00004f24    00000008                                   : memory.c.obj (.text:malloc)
                  00004f2c    00000004                                   : error.c.obj (.text:__abort_execution)
                  00004f30    00000004                                   : pre_init.c.obj (.text:_system_pre_init)
                  00004f34    00000004                                   : exit.c.obj (.text:abort:abort)

.const     0    00004f38    00000994     
                  00004f38    000002d4     main.obj (.const:$P$T1$1)
                  0000520c    000002d4     main.obj (.const:$P$T2$2)
                  000054e0    000002d4     main.obj (.const:$P$T3$3)
                  000057b4    00000101     rtsv7M4_T_le_v4SPD16_eabi.lib : ctype.c.obj (.const:.string:_ctypes_)
                  000058b5    0000000f     open_interface.obj (.const:.string:$P$T0$3)
                  000058c4    00000004     lcd.obj (.const:.string:lineAddress$1)
                  000058c8    00000004     lcd.obj (.const:.string:lineAddresses$2)

.cinit     0    000058d0    00000050     
                  000058d0    00000019     (.cinit..data.load) [load image, compression = lzss]
                  000058e9    00000003     --HOLE-- [fill = 0]
                  000058ec    0000000c     (__TI_handler_table)
                  000058f8    00000008     (.cinit..bss.load) [load image, compression = zero_init]
                  00005900    00000008     (.cinit..vtable.load) [load image, compression = zero_init]
                  00005908    00000018     (__TI_cinit_table)

.init_array 
*          0    00000000    00000000     UNINITIALIZED

.vtable    0    20000000    0000026c     UNINITIALIZED
                  20000000    0000026c     driverlib.lib : interrupt.obj (.vtable)

.sysmem    0    20000270    00002000     UNINITIALIZED
                  20000270    00000010     rtsv7M4_T_le_v4SPD16_eabi.lib : memory.c.obj (.sysmem)
                  20000280    00001ff0     --HOLE--

.stack     0    20002270    00001000     UNINITIALIZED
                  20002270    00000004     rtsv7M4_T_le_v4SPD16_eabi.lib : boot_cortex_m.c.obj (.stack)
                  20002274    00000ffc     --HOLE--

.bss       0    20003270    0000008e     UNINITIALIZED
                  20003270    00000054     lcd.obj (.bss:lastbuffer$3)
                  200032c4    00000018     open_interface.obj (.bss:firmware$2)
                  200032dc    00000004     (.common:_timeout_ticks)
                  200032e0    00000004     (.common:command_flag)
                  200032e4    00000004     (.common:fallingEdge)
                  200032e8    00000004     (.common:isr_int_value)
                  200032ec    00000004     (.common:left_calibration_value)
                  200032f0    00000004     (.common:pulseLength)
                  200032f4    00000004     (.common:right_calibration_value)
                  200032f8    00000004     (.common:risingEdge)
                  200032fc    00000001     (.common:command_byte)
                  200032fd    00000001     (.common:isRisingEdge)

.data      0    20003300    0000003d     UNINITIALIZED
                  20003300    00000020     open_interface.obj (.data)
                  20003320    00000008     rtsv7M4_T_le_v4SPD16_eabi.lib : _lock.c.obj (.data:$O1$$)
                  20003328    00000008                                   : memory.c.obj (.data:$O1$$)
                  20003330    00000004     libcybotScan.lib : cyBot_Scan.obj (.data)
                  20003334    00000004     rtsv7M4_T_le_v4SPD16_eabi.lib : errno.c.obj (.data)
                  20003338    00000004                                   : vla_alloc.c.obj (.data)
                  2000333c    00000001     Timer.obj (.data)

__llvm_prf_cnts 
*          0    20000000    00000000     UNINITIALIZED

MODULE SUMMARY

       Module                         code    ro data   rw data
       ------                         ----    -------   -------
    .\
       main.obj                       2356    2172      8      
       open_interface.obj             3128    15        56     
       lcd.obj                        824     8         84     
       movement.obj                   896     0         0      
       tm4c123gh6pm_startup_ccs.obj   12      620       0      
       Timer.obj                      584     0         5      
       uart.obj                       480     0         5      
    +--+------------------------------+-------+---------+---------+
       Total:                         8280    2815      158    
                                                               
    ../libcybotScan.lib
       cyBot_Scan.obj                 608     0         4      
       ping.obj                       492     0         13     
       servo.obj                      344     0         0      
       ir.obj                         280     0         4      
    +--+------------------------------+-------+---------+---------+
       Total:                         1724    0         21     
                                                               
    C:/ti/TivaWare_C_Series-2.2.0.295/driverlib/ccs/Debug/driverlib.lib
       interrupt.obj                  68      0         620    
       cpu.obj                        12      0         0      
    +--+------------------------------+-------+---------+---------+
       Total:                         80      0         620    
                                                               
    C:\ti\ccs1200\ccs\tools\compiler\ti-cgt-arm_20.2.6.LTS\lib\rtsv7M4_T_le_v4SPD16_eabi.lib
       _printfi.c.obj                 4851    0         0      
       memory.c.obj                   956     0         8      
       vla_alloc.c.obj                564     0         4      
       fd_add_t2.asm.obj              438     0         0      
       fd_div_t2.asm.obj              310     0         0      
       s_scalbn.c.obj                 272     0         0      
       fd_cmp_t2.asm.obj              268     0         0      
       ctype.c.obj                    0       257       0      
       fd_mul_t2.asm.obj              252     0         0      
       memcpy_t2.asm.obj              156     0         0      
       ull_div_t2.asm.obj             150     0         0      
       vsnprintf.c.obj                136     0         0      
       memset_t2.asm.obj              122     0         0      
       fd_tos_t2.asm.obj              110     0         0      
       copy_decompress_lzss.c.obj     104     0         0      
       s_frexp.c.obj                  100     0         0      
       sprintf.c.obj                  98      0         0      
       _ltoa.c.obj                    84      0         0      
       atoi.c.obj                     76      0         0      
       fd_toi_t2.asm.obj              72      0         0      
       autoinit.c.obj                 68      0         0      
       fs_tod_t2.asm.obj              56      0         0      
       boot_cortex_m.c.obj            52      0         0      
       i_tofd_t2.asm.obj              46      0         0      
       copy_zero_init.c.obj           28      0         0      
       memccpy.c.obj                  28      0         0      
       s_copysign.c.obj               26      0         0      
       strcmp.c.obj                   24      0         0      
       strchr.c.obj                   22      0         0      
       strcpy.c.obj                   20      0         0      
       strlen.c.obj                   20      0         0      
       wcslen.c.obj                   18      0         0      
       copy_decompress_none.c.obj     14      0         0      
       errno.c.obj                    8       0         4      
       _lock.c.obj                    2       0         8      
       error.c.obj                    4       0         0      
       exit.c.obj                     4       0         0      
       pre_init.c.obj                 4       0         0      
       div0.asm.obj                   2       0         0      
    +--+------------------------------+-------+---------+---------+
       Total:                         9565    257       24     
                                                               
       Heap:                          0       0         8192   
       Stack:                         0       0         4096   
       Linker Generated:              0       77        0      
    +--+------------------------------+-------+---------+---------+
       Grand Total:                   19649   3149      13111  


LINKER GENERATED COPY TABLES

__TI_cinit_table @ 00005908 records: 3, size/record: 8, table size: 24
	.data: load addr=000058d0, load size=00000019 bytes, run addr=20003300, run size=0000003d bytes, compression=lzss
	.bss: load addr=000058f8, load size=00000008 bytes, run addr=20003270, run size=0000008e bytes, compression=zero_init
	.vtable: load addr=00005900, load size=00000008 bytes, run addr=20000000, run size=0000026c bytes, compression=zero_init


LINKER GENERATED HANDLER TABLE

__TI_handler_table @ 000058ec records: 3, size/record: 4, table size: 12
	index: 0, handler: __TI_zero_init
	index: 1, handler: __TI_decompress_lzss
	index: 2, handler: __TI_decompress_none


GLOBAL SYMBOLS: SORTED ALPHABETICALLY BY Name 

address   name                          
-------   ----                          
00003df9  ADC0SS0_Handler               
00004f35  C$$EXIT                       
00004ef9  CPUcpsie                      
00000bc3  GPIOF_Handler                 
00004ecb  IntMasterEnable               
00004cbd  IntRegister                   
00004f05  ResetISR                      
000030c1  TIMER3B_Handler               
000032fb  UART1_Handler                 
20003270  __STACK_END                   
00001000  __STACK_SIZE                  
20002470  __STACK_TOP                   
00002000  __SYSMEM_SIZE                 
00005908  __TI_CINIT_Base               
00005920  __TI_CINIT_Limit              
000058ec  __TI_Handler_Table_Base       
000058f8  __TI_Handler_Table_Limit      
00004b49  __TI_auto_init_nobinit_nopinit
000048ed  __TI_decompress_lzss          
00004eeb  __TI_decompress_none          
00004a0f  __TI_ltoa                     
ffffffff  __TI_pprof_out_hndl           
00000e8d  __TI_printfi                  
ffffffff  __TI_prof_data_size           
ffffffff  __TI_prof_data_start          
00000000  __TI_static_base__            
00004dad  __TI_zero_init_nomemset       
00004f2d  __abort_execution             
00004531  __aeabi_cdcmpeq               
00004531  __aeabi_cdcmple               
000045b7  __aeabi_cdrcmple              
0000487f  __aeabi_d2f                   
00004b01  __aeabi_d2iz                  
00003577  __aeabi_dadd                  
00003b05  __aeabi_ddiv                  
00004089  __aeabi_dmul                  
0000356d  __aeabi_dsub                  
00004f1d  __aeabi_errno_addr            
00004c85  __aeabi_f2d                   
00004d55  __aeabi_i2d                   
00003723  __aeabi_idiv0                 
00003723  __aeabi_ldiv0                 
0000463d  __aeabi_memclr                
0000463d  __aeabi_memclr4               
0000463d  __aeabi_memclr8               
000043ff  __aeabi_memcpy                
000043ff  __aeabi_memcpy4               
000043ff  __aeabi_memcpy8               
0000463f  __aeabi_memset                
0000463f  __aeabi_memset4               
0000463f  __aeabi_memset8               
0000449b  __aeabi_uldivmod              
ffffffff  __binit__                     
ffffffff  __c_args__                    
UNDEFED   __mpu_init                    
20002270  __stack                       
20000000  __start___llvm_prf_cnts       
20000000  __stop___llvm_prf_cnts        
0000387d  __vla_alloc                   
00004731  __vla_dealloc                 
00004cf1  _c_int00_noargs               
000057b4  _ctypes_                      
20003320  _lock                         
000018db  _nop                          
2000333c  _running                      
20000270  _sys_memory                   
UNDEFED   _system_post_cinit            
00004f31  _system_pre_init              
200032dc  _timeout_ticks                
20003324  _unlock                       
00004f35  abort                         
00003f89  aligned_alloc                 
00004ab5  atoi                          
ffffffff  binit                         
0000241d  bump_Check                    
000023ed  bumper                        
000019ad  buttonMove                    
00001903  calcAverage                   
0000194b  calcMedian                    
00004c4d  calloc                        
200032fc  command_byte                  
200032e0  command_flag                  
00004e01  copysign                      
00004e01  copysignl                     
00002c01  cyBOT_SERVO_cal               
00002b8f  cyBOT_Scan                    
00002b37  cyBOT_init_Scan               
20003330  cyBOT_scan_features           
00002b29  cyBOT_scan_version            
20003334  errno                         
200032e4  fallingEdge                   
00004185  free                          
00004955  frexp                         
00004955  frexpl                        
20000000  g_pfnRAMVectors               
00000000  g_pfnVectors                  
0000097f  go_charge                     
00003e0f  ir_enableInterrupt            
00003df1  ir_getDistance                
00003dc9  ir_getValue                   
00003d61  ir_init                       
200032fd  isRisingEdge                  
200032e8  isr_int_value                 
00004edb  lcd_clear                     
00002765  lcd_gotoLine                  
000025cd  lcd_init                      
000027cb  lcd_printf                    
0000268d  lcd_putc                      
000026c5  lcd_puts                      
00002591  lcd_reverseNibble             
000026e3  lcd_sendCommand               
00002721  lcd_sendNibble                
0000278d  lcd_setCursorPos              
00003e79  ldexp                         
00003e79  ldexpl                        
200032ec  left_calibration_value        
00002129  main                          
00004f25  malloc                        
00003f89  memalign                      
00004de5  memccpy                       
000043ff  memcpy                        
00004645  memset                        
20003300  motor_cal_factor_L            
20003304  motor_cal_factor_R            
0000237d  moveBackward                  
00002211  moveForward                   
000018dd  objDetected                   
0000026d  oi_alloc                      
00000aa9  oi_checkFirmware              
000002c7  oi_close                      
00000279  oi_free                       
00000ded  oi_getMotorCalibrationLeft    
00000e01  oi_getMotorCalibrationRight   
000002b1  oi_init                       
00000289  oi_init_noupdate              
00000915  oi_loadSong                   
00004e4b  oi_parseInt                   
0000032b  oi_parsePacket                
0000096b  oi_play_song                  
0000084b  oi_setLeds                    
00000db1  oi_setMotorCalibration        
0000088f  oi_setWheels                  
00000b51  oi_shutoff_init               
0000098d  oi_uartInit                   
00000a31  oi_uartReceive                
00000a77  oi_uartSendBuff               
00000a15  oi_uartSendChar               
00000a59  oi_uartSendStr                
000002d9  oi_update                     
00001989  outputMessage                 
00003113  ping_getDistance              
00002fd1  ping_init                     
00003057  ping_trigger                  
200032f0  pulseLength                   
00004269  realloc                       
200032f4  right_calibration_value       
200032f8  risingEdge                    
00003e79  scalbn                        
00003e79  scalbnl                       
00001a49  scan_Objects                  
00003725  servo_init                    
000037b5  servo_move                    
00003815  servo_setPWM                  
000037a9  servo_stop                    
00004b8d  sprintf                       
00004e7b  strchr                        
00004e63  strcmp                        
00004e91  strcpy                        
00004ea5  strlen                        
00002ea7  timer_getMicros               
00002e4f  timer_getMillis               
00002d89  timer_init                    
00002e2b  timer_pause                   
00002e3d  timer_resume                  
00002e01  timer_stop                    
00002f01  timer_waitMicros              
00002f33  timer_waitMillis              
0000230f  turnLeft                      
000022a1  turnRight                     
000031bd  uart_init                     
0000329b  uart_receive                  
0000327f  uart_sendChar                 
000032d3  uart_sendStr                  
00004bcd  vsnprintf                     
00004eb9  wcslen                        


GLOBAL SYMBOLS: SORTED BY Symbol Address 

address   name                          
-------   ----                          
00000000  __TI_static_base__            
00000000  g_pfnVectors                  
0000026d  oi_alloc                      
00000279  oi_free                       
00000289  oi_init_noupdate              
000002b1  oi_init                       
000002c7  oi_close                      
000002d9  oi_update                     
0000032b  oi_parsePacket                
0000084b  oi_setLeds                    
0000088f  oi_setWheels                  
00000915  oi_loadSong                   
0000096b  oi_play_song                  
0000097f  go_charge                     
0000098d  oi_uartInit                   
00000a15  oi_uartSendChar               
00000a31  oi_uartReceive                
00000a59  oi_uartSendStr                
00000a77  oi_uartSendBuff               
00000aa9  oi_checkFirmware              
00000b51  oi_shutoff_init               
00000bc3  GPIOF_Handler                 
00000db1  oi_setMotorCalibration        
00000ded  oi_getMotorCalibrationLeft    
00000e01  oi_getMotorCalibrationRight   
00000e8d  __TI_printfi                  
00001000  __STACK_SIZE                  
000018db  _nop                          
000018dd  objDetected                   
00001903  calcAverage                   
0000194b  calcMedian                    
00001989  outputMessage                 
000019ad  buttonMove                    
00001a49  scan_Objects                  
00002000  __SYSMEM_SIZE                 
00002129  main                          
00002211  moveForward                   
000022a1  turnRight                     
0000230f  turnLeft                      
0000237d  moveBackward                  
000023ed  bumper                        
0000241d  bump_Check                    
00002591  lcd_reverseNibble             
000025cd  lcd_init                      
0000268d  lcd_putc                      
000026c5  lcd_puts                      
000026e3  lcd_sendCommand               
00002721  lcd_sendNibble                
00002765  lcd_gotoLine                  
0000278d  lcd_setCursorPos              
000027cb  lcd_printf                    
00002b29  cyBOT_scan_version            
00002b37  cyBOT_init_Scan               
00002b8f  cyBOT_Scan                    
00002c01  cyBOT_SERVO_cal               
00002d89  timer_init                    
00002e01  timer_stop                    
00002e2b  timer_pause                   
00002e3d  timer_resume                  
00002e4f  timer_getMillis               
00002ea7  timer_getMicros               
00002f01  timer_waitMicros              
00002f33  timer_waitMillis              
00002fd1  ping_init                     
00003057  ping_trigger                  
000030c1  TIMER3B_Handler               
00003113  ping_getDistance              
000031bd  uart_init                     
0000327f  uart_sendChar                 
0000329b  uart_receive                  
000032d3  uart_sendStr                  
000032fb  UART1_Handler                 
0000356d  __aeabi_dsub                  
00003577  __aeabi_dadd                  
00003723  __aeabi_idiv0                 
00003723  __aeabi_ldiv0                 
00003725  servo_init                    
000037a9  servo_stop                    
000037b5  servo_move                    
00003815  servo_setPWM                  
0000387d  __vla_alloc                   
00003b05  __aeabi_ddiv                  
00003d61  ir_init                       
00003dc9  ir_getValue                   
00003df1  ir_getDistance                
00003df9  ADC0SS0_Handler               
00003e0f  ir_enableInterrupt            
00003e79  ldexp                         
00003e79  ldexpl                        
00003e79  scalbn                        
00003e79  scalbnl                       
00003f89  aligned_alloc                 
00003f89  memalign                      
00004089  __aeabi_dmul                  
00004185  free                          
00004269  realloc                       
000043ff  __aeabi_memcpy                
000043ff  __aeabi_memcpy4               
000043ff  __aeabi_memcpy8               
000043ff  memcpy                        
0000449b  __aeabi_uldivmod              
00004531  __aeabi_cdcmpeq               
00004531  __aeabi_cdcmple               
000045b7  __aeabi_cdrcmple              
0000463d  __aeabi_memclr                
0000463d  __aeabi_memclr4               
0000463d  __aeabi_memclr8               
0000463f  __aeabi_memset                
0000463f  __aeabi_memset4               
0000463f  __aeabi_memset8               
00004645  memset                        
00004731  __vla_dealloc                 
0000487f  __aeabi_d2f                   
000048ed  __TI_decompress_lzss          
00004955  frexp                         
00004955  frexpl                        
00004a0f  __TI_ltoa                     
00004ab5  atoi                          
00004b01  __aeabi_d2iz                  
00004b49  __TI_auto_init_nobinit_nopinit
00004b8d  sprintf                       
00004bcd  vsnprintf                     
00004c4d  calloc                        
00004c85  __aeabi_f2d                   
00004cbd  IntRegister                   
00004cf1  _c_int00_noargs               
00004d55  __aeabi_i2d                   
00004dad  __TI_zero_init_nomemset       
00004de5  memccpy                       
00004e01  copysign                      
00004e01  copysignl                     
00004e4b  oi_parseInt                   
00004e63  strcmp                        
00004e7b  strchr                        
00004e91  strcpy                        
00004ea5  strlen                        
00004eb9  wcslen                        
00004ecb  IntMasterEnable               
00004edb  lcd_clear                     
00004eeb  __TI_decompress_none          
00004ef9  CPUcpsie                      
00004f05  ResetISR                      
00004f1d  __aeabi_errno_addr            
00004f25  malloc                        
00004f2d  __abort_execution             
00004f31  _system_pre_init              
00004f35  C$$EXIT                       
00004f35  abort                         
000057b4  _ctypes_                      
000058ec  __TI_Handler_Table_Base       
000058f8  __TI_Handler_Table_Limit      
00005908  __TI_CINIT_Base               
00005920  __TI_CINIT_Limit              
20000000  __start___llvm_prf_cnts       
20000000  __stop___llvm_prf_cnts        
20000000  g_pfnRAMVectors               
20000270  _sys_memory                   
20002270  __stack                       
20002470  __STACK_TOP                   
20003270  __STACK_END                   
200032dc  _timeout_ticks                
200032e0  command_flag                  
200032e4  fallingEdge                   
200032e8  isr_int_value                 
200032ec  left_calibration_value        
200032f0  pulseLength                   
200032f4  right_calibration_value       
200032f8  risingEdge                    
200032fc  command_byte                  
200032fd  isRisingEdge                  
20003300  motor_cal_factor_L            
20003304  motor_cal_factor_R            
20003320  _lock                         
20003324  _unlock                       
20003330  cyBOT_scan_features           
20003334  errno                         
2000333c  _running                      
ffffffff  __TI_pprof_out_hndl           
ffffffff  __TI_prof_data_size           
ffffffff  __TI_prof_data_start          
ffffffff  __binit__                     
ffffffff  __c_args__                    
ffffffff  binit                         
UNDEFED   __mpu_init                    
UNDEFED   _system_post_cinit            

[185 symbols]
