******************************************************************************
                  TI ARM Linker PC v20.2.6                     
******************************************************************************
>> Linked Thu Mar 30 16:47:40 2023

OUTPUT FILE NAME:   <Lab8.out>
ENTRY POINT SYMBOL: "_c_int00_noargs"  address: 00004ee5


MEMORY CONFIGURATION

         name            origin    length      used     unused   attr    fill
----------------------  --------  ---------  --------  --------  ----  --------
  FLASH                 00000000   00040000  000052e3  0003ad1d  R  X
  SRAM                  20000000   00008000  00003333  00004ccd  RW X


SEGMENT ALLOCATION MAP

run origin  load origin   length   init length attrs members
----------  ----------- ---------- ----------- ----- -------
00000000    00000000    000052e8   000052e8    r-x
  00000000    00000000    0000026c   0000026c    r-- .intvecs
  0000026c    0000026c    00004edc   00004edc    r-x .text
  00005148    00005148    0000014b   0000014b    r-- .const
  00005298    00005298    00000050   00000050    r-- .cinit
20000000    20000000    00003339   00000000    rw-
  20000000    20000000    0000026c   00000000    rw- .vtable
  20000270    20000270    00002000   00000000    rw- .sysmem
  20002270    20002270    00001000   00000000    rw- .stack
  20003270    20003270    0000008e   00000000    rw- .bss
  20003300    20003300    00000039   00000000    rw- .data


SECTION ALLOCATION MAP

 output                                  attributes/
section   page    origin      length       input sections
--------  ----  ----------  ----------   ----------------
.intvecs   0    00000000    0000026c     
                  00000000    0000026c     tm4c123gh6pm_startup_ccs.obj (.intvecs)

.text      0    0000026c    00004edc     
                  0000026c    00000c20     open_interface.obj (.text)
                  00000e8c    00000a4e     rtsv7M4_T_le_v4SPD16_eabi.lib : _printfi.c.obj (.text:__TI_printfi)
                  000018da    00000002                                   : _lock.c.obj (.text:_nop)
                  000018dc    000009d0                                   : e_pow.c.obj (.text:pow)
                  000022ac    00000374     movement.obj (.text)
                  00002620    00000328     lcd.obj (.text)
                  00002948    000002a8     adc.obj (.text)
                  00002bf0    00000270     rtsv7M4_T_le_v4SPD16_eabi.lib : _printfi.c.obj (.text:_pconv_a)
                  00002e60    00000260     libcybotScan.lib : cyBot_Scan.obj (.text)
                  000030c0    00000248     Timer.obj (.text)
                  00003308    000001ec     libcybotScan.lib : ping.obj (.text)
                  000034f4    000001e0     uart.obj (.text)
                  000036d4    000001d0     rtsv7M4_T_le_v4SPD16_eabi.lib : _printfi.c.obj (.text:_pconv_g)
                  000038a4    000001b6                                   : fd_add_t2.asm.obj (.text)
                  00003a5a    00000002                                   : div0.asm.obj (.text)
                  00003a5c    00000158     libcybotScan.lib : servo.obj (.text)
                  00003bb4    00000158     rtsv7M4_T_le_v4SPD16_eabi.lib : e_sqrt.c.obj (.text:sqrt)
                  00003d0c    0000013c                                   : _printfi.c.obj (.text:_pconv_e)
                  00003e48    00000136                                   : fd_div_t2.asm.obj (.text)
                  00003f7e    00000002     --HOLE-- [fill = 0]
                  00003f80    00000124                                   : _printfi.c.obj (.text:fcvt)
                  000040a4    00000118     libcybotScan.lib : ir.obj (.text)
                  000041bc    00000110     rtsv7M4_T_le_v4SPD16_eabi.lib : s_scalbn.c.obj (.text:scalbn)
                  000042cc    00000100                                   : memory.c.obj (.text:aligned_alloc)
                  000043cc    000000fc                                   : fd_mul_t2.asm.obj (.text)
                  000044c8    000000e4                                   : memory.c.obj (.text:free)
                  000045ac    000000b1                                   : _printfi.c.obj (.text:_ltostr)
                  0000465d    00000001     --HOLE-- [fill = 0]
                  0000465e    0000009c                                   : memcpy_t2.asm.obj (.text)
                  000046fa    00000096                                   : ull_div_t2.asm.obj (.text)
                  00004790    00000086                                   : fd_cmp_t2.asm.obj (.text:__aeabi_cdcmple)
                  00004816    00000086                                   : fd_cmp_t2.asm.obj (.text:__aeabi_cdrcmple)
                  0000489c    0000007c     main.obj (.text)
                  00004918    0000007a     rtsv7M4_T_le_v4SPD16_eabi.lib : memset_t2.asm.obj (.text)
                  00004992    00000002     --HOLE-- [fill = 0]
                  00004994    00000070                                   : memory.c.obj (.text:split)
                  00004a04    0000006e                                   : _printfi.c.obj (.text:_mcpy)
                  00004a72    0000006e                                   : fd_tos_t2.asm.obj (.text)
                  00004ae0    00000068                                   : copy_decompress_lzss.c.obj (.text:decompress:lzss:__TI_decompress_lzss)
                  00004b48    00000064                                   : s_frexp.c.obj (.text:frexp)
                  00004bac    00000056                                   : _printfi.c.obj (.text:_pconv_f)
                  00004c02    00000054                                   : _ltoa.c.obj (.text:__TI_ltoa)
                  00004c56    00000052                                   : _printfi.c.obj (.text:_ecpy)
                  00004ca8    0000004c                                   : atoi.c.obj (.text:atoi)
                  00004cf4    00000048                                   : fd_toi_t2.asm.obj (.text)
                  00004d3c    00000044                                   : autoinit.c.obj (.text:__TI_auto_init_nobinit_nopinit:__TI_auto_init_nobinit_nopinit)
                  00004d80    00000040                                   : sprintf.c.obj (.text:sprintf)
                  00004dc0    00000040                                   : vsnprintf.c.obj (.text:vsnprintf)
                  00004e00    0000003e                                   : _printfi.c.obj (.text:_fcpy)
                  00004e3e    00000002     --HOLE-- [fill = 0]
                  00004e40    00000038                                   : memory.c.obj (.text:calloc)
                  00004e78    00000038                                   : fs_tod_t2.asm.obj (.text)
                  00004eb0    00000034     driverlib.lib : interrupt.obj (.text:IntRegister)
                  00004ee4    00000034     rtsv7M4_T_le_v4SPD16_eabi.lib : boot_cortex_m.c.obj (.text:_c_int00_noargs:_c_int00_noargs)
                  00004f18    00000030                                   : vsnprintf.c.obj (.text:_outs)
                  00004f48    0000002e                                   : i_tofd_t2.asm.obj (.text)
                  00004f76    00000002     --HOLE-- [fill = 0]
                  00004f78    00000028                                   : memory.c.obj (.text:free_list_insert)
                  00004fa0    00000020                                   : u_tofd_t2.asm.obj (.text)
                  00004fc0    0000001c                                   : copy_zero_init.c.obj (.text:decompress:ZI:__TI_zero_init_nomemset:__TI_zero_init_nomemset)
                  00004fdc    0000001c                                   : memory.c.obj (.text:free_list_remove)
                  00004ff8    0000001c                                   : memccpy.c.obj (.text:memccpy)
                  00005014    0000001a                                   : s_copysign.c.obj (.text:copysign)
                  0000502e    00000018                                   : vsnprintf.c.obj (.text:_outc)
                  00005046    00000018                                   : sprintf.c.obj (.text:_outs)
                  0000505e    00000018     open_interface.obj (.text:oi_parseInt)
                  00005076    00000018     rtsv7M4_T_le_v4SPD16_eabi.lib : strcmp.c.obj (.text:strcmp)
                  0000508e    00000016                                   : strchr.c.obj (.text:strchr)
                  000050a4    00000014                                   : strcpy.c.obj (.text:strcpy)
                  000050b8    00000014                                   : strlen.c.obj (.text:strlen)
                  000050cc    00000012                                   : wcslen.c.obj (.text:wcslen)
                  000050de    00000010     driverlib.lib : interrupt.obj (.text:IntMasterEnable)
                  000050ee    00000010     lcd.obj (.text:lcd_clear)
                  000050fe    0000000e     rtsv7M4_T_le_v4SPD16_eabi.lib : copy_decompress_none.c.obj (.text:decompress:none:__TI_decompress_none)
                  0000510c    0000000c     driverlib.lib : cpu.obj (.text:CPUcpsie)
                  00005118    0000000c     tm4c123gh6pm_startup_ccs.obj (.text)
                  00005124    0000000a     rtsv7M4_T_le_v4SPD16_eabi.lib : sprintf.c.obj (.text:_outc)
                  0000512e    00000002     --HOLE-- [fill = 0]
                  00005130    00000008                                   : errno.c.obj (.text:__aeabi_errno_addr)
                  00005138    00000008                                   : memory.c.obj (.text:malloc)
                  00005140    00000004                                   : pre_init.c.obj (.text:_system_pre_init)
                  00005144    00000004                                   : exit.c.obj (.text:abort:abort)

.const     0    00005148    0000014b     
                  00005148    00000101     rtsv7M4_T_le_v4SPD16_eabi.lib : ctype.c.obj (.const:.string:_ctypes_)
                  00005249    00000004     lcd.obj (.const:.string:lineAddress$1)
                  0000524d    00000003     --HOLE-- [fill = 0]
                  00005250    00000030     rtsv7M4_T_le_v4SPD16_eabi.lib : e_pow.c.obj (.const:$O1$$)
                  00005280    0000000f     open_interface.obj (.const:.string:$P$T0$3)
                  0000528f    00000004     lcd.obj (.const:.string:lineAddresses$2)

.cinit     0    00005298    00000050     
                  00005298    00000018     (.cinit..data.load) [load image, compression = lzss]
                  000052b0    0000000c     (__TI_handler_table)
                  000052bc    00000004     --HOLE-- [fill = 0]
                  000052c0    00000008     (.cinit..bss.load) [load image, compression = zero_init]
                  000052c8    00000008     (.cinit..vtable.load) [load image, compression = zero_init]
                  000052d0    00000018     (__TI_cinit_table)

.init_array 
*          0    00000000    00000000     UNINITIALIZED

.vtable    0    20000000    0000026c     UNINITIALIZED
                  20000000    0000026c     driverlib.lib : interrupt.obj (.vtable)

.sysmem    0    20000270    00002000     UNINITIALIZED
                  20000270    00000010     rtsv7M4_T_le_v4SPD16_eabi.lib : memory.c.obj (.sysmem)
                  20000280    00001ff0     --HOLE--

.stack     0    20002270    00001000     UNINITIALIZED
                  20002270    00000004     rtsv7M4_T_le_v4SPD16_eabi.lib : boot_cortex_m.c.obj (.stack)
                  20002274    00000ffc     --HOLE--

.bss       0    20003270    0000008e     UNINITIALIZED
                  20003270    00000054     lcd.obj (.bss:lastbuffer$3)
                  200032c4    00000018     open_interface.obj (.bss:firmware$2)
                  200032dc    00000004     (.common:_timeout_ticks)
                  200032e0    00000004     (.common:command_flag)
                  200032e4    00000004     (.common:fallingEdge)
                  200032e8    00000004     (.common:isr_int_value)
                  200032ec    00000004     (.common:left_calibration_value)
                  200032f0    00000004     (.common:pulseLength)
                  200032f4    00000004     (.common:right_calibration_value)
                  200032f8    00000004     (.common:risingEdge)
                  200032fc    00000001     (.common:command_byte)
                  200032fd    00000001     (.common:isRisingEdge)

.data      0    20003300    00000039     UNINITIALIZED
                  20003300    00000020     open_interface.obj (.data)
                  20003320    00000008     rtsv7M4_T_le_v4SPD16_eabi.lib : _lock.c.obj (.data:$O1$$)
                  20003328    00000008                                   : memory.c.obj (.data:$O1$$)
                  20003330    00000004     libcybotScan.lib : cyBot_Scan.obj (.data)
                  20003334    00000004     rtsv7M4_T_le_v4SPD16_eabi.lib : errno.c.obj (.data)
                  20003338    00000001     Timer.obj (.data)

__llvm_prf_cnts 
*          0    20000000    00000000     UNINITIALIZED

MODULE SUMMARY

       Module                         code    ro data   rw data
       ------                         ----    -------   -------
    .\
       open_interface.obj             3128    15        56     
       lcd.obj                        824     8         84     
       movement.obj                   884     0         0      
       adc.obj                        680     0         8      
       tm4c123gh6pm_startup_ccs.obj   12      620       0      
       Timer.obj                      584     0         5      
       uart.obj                       480     0         5      
       main.obj                       124     0         0      
    +--+------------------------------+-------+---------+---------+
       Total:                         6716    643       158    
                                                               
    ../libcybotScan.lib
       cyBot_Scan.obj                 608     0         4      
       ping.obj                       492     0         13     
       servo.obj                      344     0         0      
       ir.obj                         280     0         4      
    +--+------------------------------+-------+---------+---------+
       Total:                         1724    0         21     
                                                               
    C:/ti/TivaWare_C_Series-2.2.0.295/driverlib/ccs/Debug/driverlib.lib
       interrupt.obj                  68      0         620    
       cpu.obj                        12      0         0      
    +--+------------------------------+-------+---------+---------+
       Total:                         80      0         620    
                                                               
    C:\ti\ccs1200\ccs\tools\compiler\ti-cgt-arm_20.2.6.LTS\lib\rtsv7M4_T_le_v4SPD16_eabi.lib
       _printfi.c.obj                 4851    0         0      
       e_pow.c.obj                    2512    48        0      
       memory.c.obj                   728     0         8      
       fd_add_t2.asm.obj              438     0         0      
       e_sqrt.c.obj                   344     0         0      
       fd_div_t2.asm.obj              310     0         0      
       s_scalbn.c.obj                 272     0         0      
       fd_cmp_t2.asm.obj              268     0         0      
       ctype.c.obj                    0       257       0      
       fd_mul_t2.asm.obj              252     0         0      
       memcpy_t2.asm.obj              156     0         0      
       ull_div_t2.asm.obj             150     0         0      
       vsnprintf.c.obj                136     0         0      
       memset_t2.asm.obj              122     0         0      
       fd_tos_t2.asm.obj              110     0         0      
       copy_decompress_lzss.c.obj     104     0         0      
       s_frexp.c.obj                  100     0         0      
       sprintf.c.obj                  98      0         0      
       _ltoa.c.obj                    84      0         0      
       atoi.c.obj                     76      0         0      
       fd_toi_t2.asm.obj              72      0         0      
       autoinit.c.obj                 68      0         0      
       fs_tod_t2.asm.obj              56      0         0      
       boot_cortex_m.c.obj            52      0         0      
       i_tofd_t2.asm.obj              46      0         0      
       u_tofd_t2.asm.obj              32      0         0      
       copy_zero_init.c.obj           28      0         0      
       memccpy.c.obj                  28      0         0      
       s_copysign.c.obj               26      0         0      
       strcmp.c.obj                   24      0         0      
       strchr.c.obj                   22      0         0      
       strcpy.c.obj                   20      0         0      
       strlen.c.obj                   20      0         0      
       wcslen.c.obj                   18      0         0      
       copy_decompress_none.c.obj     14      0         0      
       errno.c.obj                    8       0         4      
       _lock.c.obj                    2       0         8      
       exit.c.obj                     4       0         0      
       pre_init.c.obj                 4       0         0      
       div0.asm.obj                   2       0         0      
    +--+------------------------------+-------+---------+---------+
       Total:                         11657   305       20     
                                                               
       Heap:                          0       0         8192   
       Stack:                         0       0         4096   
       Linker Generated:              0       76        0      
    +--+------------------------------+-------+---------+---------+
       Grand Total:                   20177   1024      13107  


LINKER GENERATED COPY TABLES

__TI_cinit_table @ 000052d0 records: 3, size/record: 8, table size: 24
	.data: load addr=00005298, load size=00000018 bytes, run addr=20003300, run size=00000039 bytes, compression=lzss
	.bss: load addr=000052c0, load size=00000008 bytes, run addr=20003270, run size=0000008e bytes, compression=zero_init
	.vtable: load addr=000052c8, load size=00000008 bytes, run addr=20000000, run size=0000026c bytes, compression=zero_init


LINKER GENERATED HANDLER TABLE

__TI_handler_table @ 000052b0 records: 3, size/record: 4, table size: 12
	index: 0, handler: __TI_zero_init
	index: 1, handler: __TI_decompress_lzss
	index: 2, handler: __TI_decompress_none


GLOBAL SYMBOLS: SORTED ALPHABETICALLY BY Name 

address   name                          
-------   ----                          
0000413d  ADC0SS0_Handler               
00005145  C$$EXIT                       
0000510d  CPUcpsie                      
00000bc3  GPIOF_Handler                 
000050df  IntMasterEnable               
00004eb1  IntRegister                   
00005119  ResetISR                      
000033f9  TIMER3B_Handler               
00003633  UART1_Handler                 
20003270  __STACK_END                   
00001000  __STACK_SIZE                  
20002470  __STACK_TOP                   
00002000  __SYSMEM_SIZE                 
000052d0  __TI_CINIT_Base               
000052e8  __TI_CINIT_Limit              
000052b0  __TI_Handler_Table_Base       
000052bc  __TI_Handler_Table_Limit      
00004d3d  __TI_auto_init_nobinit_nopinit
00004ae1  __TI_decompress_lzss          
000050ff  __TI_decompress_none          
00004c03  __TI_ltoa                     
ffffffff  __TI_pprof_out_hndl           
00000e8d  __TI_printfi                  
ffffffff  __TI_prof_data_size           
ffffffff  __TI_prof_data_start          
00000000  __TI_static_base__            
00004fc1  __TI_zero_init_nomemset       
00004791  __aeabi_cdcmpeq               
00004791  __aeabi_cdcmple               
00004817  __aeabi_cdrcmple              
00004a73  __aeabi_d2f                   
00004cf5  __aeabi_d2iz                  
000038af  __aeabi_dadd                  
00003e49  __aeabi_ddiv                  
000043cd  __aeabi_dmul                  
000038a5  __aeabi_dsub                  
00005131  __aeabi_errno_addr            
00004e79  __aeabi_f2d                   
00004f49  __aeabi_i2d                   
00003a5b  __aeabi_idiv0                 
00003a5b  __aeabi_ldiv0                 
00004919  __aeabi_memclr                
00004919  __aeabi_memclr4               
00004919  __aeabi_memclr8               
0000465f  __aeabi_memcpy                
0000465f  __aeabi_memcpy4               
0000465f  __aeabi_memcpy8               
0000491b  __aeabi_memset                
0000491b  __aeabi_memset4               
0000491b  __aeabi_memset8               
00004fa1  __aeabi_ui2d                  
000046fb  __aeabi_uldivmod              
ffffffff  __binit__                     
ffffffff  __c_args__                    
UNDEFED   __mpu_init                    
20002270  __stack                       
20000000  __start___llvm_prf_cnts       
20000000  __stop___llvm_prf_cnts        
00004ee5  _c_int00_noargs               
00005148  _ctypes_                      
20003320  _lock                         
000018db  _nop                          
20003338  _running                      
20000270  _sys_memory                   
UNDEFED   _system_post_cinit            
00005141  _system_pre_init              
200032dc  _timeout_ticks                
20003324  _unlock                       
00005145  abort                         
00002949  adc_init                      
000029cf  adc_read                      
000042cd  aligned_alloc                 
00004ca9  atoi                          
ffffffff  binit                         
000024ad  bump_Check                    
0000247d  bumper                        
00004e41  calloc                        
200032fc  command_byte                  
200032e0  command_flag                  
00005015  copysign                      
00005015  copysignl                     
00002f39  cyBOT_SERVO_cal               
00002ec7  cyBOT_Scan                    
00002e6f  cyBOT_init_Scan               
20003330  cyBOT_scan_features           
00002e61  cyBOT_scan_version            
20003334  errno                         
200032e4  fallingEdge                   
000044c9  free                          
00004b49  frexp                         
00004b49  frexpl                        
20000000  g_pfnRAMVectors               
00000000  g_pfnVectors                  
0000097f  go_charge                     
00002abd  ir_convert                    
00004153  ir_enableInterrupt            
00004135  ir_getDistance                
0000410d  ir_getValue                   
000040a5  ir_init                       
200032fd  isRisingEdge                  
200032e8  isr_int_value                 
000050ef  lcd_clear                     
000027f5  lcd_gotoLine                  
0000265d  lcd_init                      
0000285b  lcd_printf                    
0000271d  lcd_putc                      
00002755  lcd_puts                      
00002621  lcd_reverseNibble             
00002773  lcd_sendCommand               
000027b1  lcd_sendNibble                
0000281d  lcd_setCursorPos              
000041bd  ldexp                         
000041bd  ldexpl                        
200032ec  left_calibration_value        
0000489d  main                          
00005139  malloc                        
00002a0f  measurement                   
000042cd  memalign                      
00004ff9  memccpy                       
0000465f  memcpy                        
00004921  memset                        
20003300  motor_cal_factor_L            
20003304  motor_cal_factor_R            
0000240d  moveBackward                  
000022ad  moveForward                   
0000026d  oi_alloc                      
00000aa9  oi_checkFirmware              
000002c7  oi_close                      
00000279  oi_free                       
00000ded  oi_getMotorCalibrationLeft    
00000e01  oi_getMotorCalibrationRight   
000002b1  oi_init                       
00000289  oi_init_noupdate              
00000915  oi_loadSong                   
0000505f  oi_parseInt                   
0000032b  oi_parsePacket                
0000096b  oi_play_song                  
0000084b  oi_setLeds                    
00000db1  oi_setMotorCalibration        
0000088f  oi_setWheels                  
00000b51  oi_shutoff_init               
0000098d  oi_uartInit                   
00000a31  oi_uartReceive                
00000a77  oi_uartSendBuff               
00000a15  oi_uartSendChar               
00000a59  oi_uartSendStr                
000002d9  oi_update                     
0000344b  ping_getDistance              
00003309  ping_init                     
0000338f  ping_trigger                  
000018dd  pow                           
000018dd  powl                          
200032f0  pulseLength                   
200032f4  right_calibration_value       
200032f8  risingEdge                    
000041bd  scalbn                        
000041bd  scalbnl                       
00003a5d  servo_init                    
00003aed  servo_move                    
00003b4d  servo_setPWM                  
00003ae1  servo_stop                    
00004d81  sprintf                       
00003bb5  sqrt                          
00003bb5  sqrtl                         
0000508f  strchr                        
00005077  strcmp                        
000050a5  strcpy                        
000050b9  strlen                        
000031df  timer_getMicros               
00003187  timer_getMillis               
000030c1  timer_init                    
00003163  timer_pause                   
00003175  timer_resume                  
00003139  timer_stop                    
00003239  timer_waitMicros              
0000326b  timer_waitMillis              
0000239f  turnLeft                      
00002331  turnRight                     
000034f5  uart_init                     
000035d3  uart_receive                  
000035b7  uart_sendChar                 
0000360b  uart_sendStr                  
00004dc1  vsnprintf                     
000050cd  wcslen                        


GLOBAL SYMBOLS: SORTED BY Symbol Address 

address   name                          
-------   ----                          
00000000  __TI_static_base__            
00000000  g_pfnVectors                  
0000026d  oi_alloc                      
00000279  oi_free                       
00000289  oi_init_noupdate              
000002b1  oi_init                       
000002c7  oi_close                      
000002d9  oi_update                     
0000032b  oi_parsePacket                
0000084b  oi_setLeds                    
0000088f  oi_setWheels                  
00000915  oi_loadSong                   
0000096b  oi_play_song                  
0000097f  go_charge                     
0000098d  oi_uartInit                   
00000a15  oi_uartSendChar               
00000a31  oi_uartReceive                
00000a59  oi_uartSendStr                
00000a77  oi_uartSendBuff               
00000aa9  oi_checkFirmware              
00000b51  oi_shutoff_init               
00000bc3  GPIOF_Handler                 
00000db1  oi_setMotorCalibration        
00000ded  oi_getMotorCalibrationLeft    
00000e01  oi_getMotorCalibrationRight   
00000e8d  __TI_printfi                  
00001000  __STACK_SIZE                  
000018db  _nop                          
000018dd  pow                           
000018dd  powl                          
00002000  __SYSMEM_SIZE                 
000022ad  moveForward                   
00002331  turnRight                     
0000239f  turnLeft                      
0000240d  moveBackward                  
0000247d  bumper                        
000024ad  bump_Check                    
00002621  lcd_reverseNibble             
0000265d  lcd_init                      
0000271d  lcd_putc                      
00002755  lcd_puts                      
00002773  lcd_sendCommand               
000027b1  lcd_sendNibble                
000027f5  lcd_gotoLine                  
0000281d  lcd_setCursorPos              
0000285b  lcd_printf                    
00002949  adc_init                      
000029cf  adc_read                      
00002a0f  measurement                   
00002abd  ir_convert                    
00002e61  cyBOT_scan_version            
00002e6f  cyBOT_init_Scan               
00002ec7  cyBOT_Scan                    
00002f39  cyBOT_SERVO_cal               
000030c1  timer_init                    
00003139  timer_stop                    
00003163  timer_pause                   
00003175  timer_resume                  
00003187  timer_getMillis               
000031df  timer_getMicros               
00003239  timer_waitMicros              
0000326b  timer_waitMillis              
00003309  ping_init                     
0000338f  ping_trigger                  
000033f9  TIMER3B_Handler               
0000344b  ping_getDistance              
000034f5  uart_init                     
000035b7  uart_sendChar                 
000035d3  uart_receive                  
0000360b  uart_sendStr                  
00003633  UART1_Handler                 
000038a5  __aeabi_dsub                  
000038af  __aeabi_dadd                  
00003a5b  __aeabi_idiv0                 
00003a5b  __aeabi_ldiv0                 
00003a5d  servo_init                    
00003ae1  servo_stop                    
00003aed  servo_move                    
00003b4d  servo_setPWM                  
00003bb5  sqrt                          
00003bb5  sqrtl                         
00003e49  __aeabi_ddiv                  
000040a5  ir_init                       
0000410d  ir_getValue                   
00004135  ir_getDistance                
0000413d  ADC0SS0_Handler               
00004153  ir_enableInterrupt            
000041bd  ldexp                         
000041bd  ldexpl                        
000041bd  scalbn                        
000041bd  scalbnl                       
000042cd  aligned_alloc                 
000042cd  memalign                      
000043cd  __aeabi_dmul                  
000044c9  free                          
0000465f  __aeabi_memcpy                
0000465f  __aeabi_memcpy4               
0000465f  __aeabi_memcpy8               
0000465f  memcpy                        
000046fb  __aeabi_uldivmod              
00004791  __aeabi_cdcmpeq               
00004791  __aeabi_cdcmple               
00004817  __aeabi_cdrcmple              
0000489d  main                          
00004919  __aeabi_memclr                
00004919  __aeabi_memclr4               
00004919  __aeabi_memclr8               
0000491b  __aeabi_memset                
0000491b  __aeabi_memset4               
0000491b  __aeabi_memset8               
00004921  memset                        
00004a73  __aeabi_d2f                   
00004ae1  __TI_decompress_lzss          
00004b49  frexp                         
00004b49  frexpl                        
00004c03  __TI_ltoa                     
00004ca9  atoi                          
00004cf5  __aeabi_d2iz                  
00004d3d  __TI_auto_init_nobinit_nopinit
00004d81  sprintf                       
00004dc1  vsnprintf                     
00004e41  calloc                        
00004e79  __aeabi_f2d                   
00004eb1  IntRegister                   
00004ee5  _c_int00_noargs               
00004f49  __aeabi_i2d                   
00004fa1  __aeabi_ui2d                  
00004fc1  __TI_zero_init_nomemset       
00004ff9  memccpy                       
00005015  copysign                      
00005015  copysignl                     
0000505f  oi_parseInt                   
00005077  strcmp                        
0000508f  strchr                        
000050a5  strcpy                        
000050b9  strlen                        
000050cd  wcslen                        
000050df  IntMasterEnable               
000050ef  lcd_clear                     
000050ff  __TI_decompress_none          
0000510d  CPUcpsie                      
00005119  ResetISR                      
00005131  __aeabi_errno_addr            
00005139  malloc                        
00005141  _system_pre_init              
00005145  C$$EXIT                       
00005145  abort                         
00005148  _ctypes_                      
000052b0  __TI_Handler_Table_Base       
000052bc  __TI_Handler_Table_Limit      
000052d0  __TI_CINIT_Base               
000052e8  __TI_CINIT_Limit              
20000000  __start___llvm_prf_cnts       
20000000  __stop___llvm_prf_cnts        
20000000  g_pfnRAMVectors               
20000270  _sys_memory                   
20002270  __stack                       
20002470  __STACK_TOP                   
20003270  __STACK_END                   
200032dc  _timeout_ticks                
200032e0  command_flag                  
200032e4  fallingEdge                   
200032e8  isr_int_value                 
200032ec  left_calibration_value        
200032f0  pulseLength                   
200032f4  right_calibration_value       
200032f8  risingEdge                    
200032fc  command_byte                  
200032fd  isRisingEdge                  
20003300  motor_cal_factor_L            
20003304  motor_cal_factor_R            
20003320  _lock                         
20003324  _unlock                       
20003330  cyBOT_scan_features           
20003334  errno                         
20003338  _running                      
ffffffff  __TI_pprof_out_hndl           
ffffffff  __TI_prof_data_size           
ffffffff  __TI_prof_data_start          
ffffffff  __binit__                     
ffffffff  __c_args__                    
ffffffff  binit                         
UNDEFED   __mpu_init                    
UNDEFED   _system_post_cinit            

[184 symbols]
