******************************************************************************
                  TI ARM Linker PC v20.2.6                     
******************************************************************************
>> Linked Sat Apr 29 00:02:09 2023

OUTPUT FILE NAME:   <Final.out>
ENTRY POINT SYMBOL: "_c_int00_noargs"  address: 00005fbd


MEMORY CONFIGURATION

         name            origin    length      used     unused   attr    fill
----------------------  --------  ---------  --------  --------  ----  --------
  FLASH                 00000000   00040000  00006823  000397dd  R  X
  SRAM                  20000000   00008000  00002320  00005ce0  RW X


SEGMENT ALLOCATION MAP

run origin  load origin   length   init length attrs members
----------  ----------- ---------- ----------- ----- -------
00000000    00000000    00006828   00006828    r-x
  00000000    00000000    0000026c   0000026c    r-- .intvecs
  0000026c    0000026c    00005f48   00005f48    r-x .text
  000061b8    000061b8    000005ef   000005ef    r-- .const
  000067a8    000067a8    00000080   00000080    r-- .cinit
20000000    20000000    00002324   00000000    rw-
  20000000    20000000    0000026c   00000000    rw- .vtable
  20000270    20000270    00001000   00000000    rw- .stack
  20001270    20001270    00001000   00000000    rw- .sysmem
  20002270    20002270    00000098   00000000    rw- .data
  20002308    20002308    0000001c   00000000    rw- .bss


SECTION ALLOCATION MAP

 output                                  attributes/
section   page    origin      length       input sections
--------  ----  ----------  ----------   ----------------
.intvecs   0    00000000    0000026c     
                  00000000    0000026c     tm4c123gh6pm_startup_ccs.obj (.intvecs)

.text      0    0000026c    00005f48     
                  0000026c    00000c20     open_interface.obj (.text)
                  00000e8c    00000a4e     rtsv7M4_T_le_v4SPD16_eabi.lib : _printfi.c.obj (.text:__TI_printfi)
                  000018da    00000002                                   : _lock.c.obj (.text:_nop)
                  000018dc    000009d0                                   : e_pow.c.obj (.text:pow)
                  000022ac    00000738                                   : k_rem_pio2.c.obj (.text:__kernel_rem_pio2)
                  000029e4    000005dc     FinalProjmain.obj (.text)
                  00002fc0    000005c0     movement.obj (.text)
                  00003580    00000508     rtsv7M4_T_le_v4SPD16_eabi.lib : s_tan.c.obj (.text:tan)
                  00003a88    0000031c                                   : k_tan.c.obj (.text:__kernel_tan)
                  00003da4    000002cc     ping_template.obj (.text)
                  00004070    00000270     rtsv7M4_T_le_v4SPD16_eabi.lib : _printfi.c.obj (.text:_pconv_a)
                  000042e0    00000248     Timer.obj (.text)
                  00004528    000001f0     uart-interrupt.obj (.text)
                  00004718    000001d0     rtsv7M4_T_le_v4SPD16_eabi.lib : _printfi.c.obj (.text:_pconv_g)
                  000048e8    000001b6                                   : fd_add_t2.asm.obj (.text)
                  00004a9e    00000002                                   : div0.asm.obj (.text)
                  00004aa0    00000170     servo.obj (.text)
                  00004c10    00000158     adc.obj (.text)
                  00004d68    00000158     rtsv7M4_T_le_v4SPD16_eabi.lib : e_sqrt.c.obj (.text:sqrt)
                  00004ec0    0000013c                                   : _printfi.c.obj (.text:_pconv_e)
                  00004ffc    00000136                                   : fd_div_t2.asm.obj (.text)
                  00005132    00000002     --HOLE-- [fill = 0]
                  00005134    00000124                                   : _printfi.c.obj (.text:fcvt)
                  00005258    00000110                                   : s_scalbn.c.obj (.text:scalbn)
                  00005368    00000100                                   : memory.c.obj (.text:aligned_alloc)
                  00005468    000000fc                                   : fd_mul_t2.asm.obj (.text)
                  00005564    000000f8                                   : s_floor.c.obj (.text:floor)
                  0000565c    000000e4                                   : memory.c.obj (.text:free)
                  00005740    000000b1                                   : _printfi.c.obj (.text:_ltostr)
                  000057f1    00000001     --HOLE-- [fill = 0]
                  000057f2    0000009c                                   : memcpy_t2.asm.obj (.text)
                  0000588e    00000096                                   : ull_div_t2.asm.obj (.text)
                  00005924    00000086                                   : fd_cmp_t2.asm.obj (.text:__aeabi_cdcmple)
                  000059aa    00000086                                   : fd_cmp_t2.asm.obj (.text:__aeabi_cdrcmple)
                  00005a30    0000007a                                   : memset_t2.asm.obj (.text)
                  00005aaa    00000002     --HOLE-- [fill = 0]
                  00005aac    00000070                                   : memory.c.obj (.text:split)
                  00005b1c    0000006e                                   : _printfi.c.obj (.text:_mcpy)
                  00005b8a    0000006e                                   : fd_tos_t2.asm.obj (.text)
                  00005bf8    00000068                                   : copy_decompress_lzss.c.obj (.text:decompress:lzss:__TI_decompress_lzss)
                  00005c60    00000064                                   : s_frexp.c.obj (.text:frexp)
                  00005cc4    00000056                                   : _printfi.c.obj (.text:_pconv_f)
                  00005d1a    00000054                                   : _ltoa.c.obj (.text:__TI_ltoa)
                  00005d6e    00000052                                   : _printfi.c.obj (.text:_ecpy)
                  00005dc0    0000004c                                   : atoi.c.obj (.text:atoi)
                  00005e0c    00000048                                   : fd_toi_t2.asm.obj (.text)
                  00005e54    00000044                                   : autoinit.c.obj (.text:__TI_auto_init_nobinit_nopinit:__TI_auto_init_nobinit_nopinit)
                  00005e98    00000040                                   : sprintf.c.obj (.text:sprintf)
                  00005ed8    0000003e                                   : _printfi.c.obj (.text:_fcpy)
                  00005f16    00000002     --HOLE-- [fill = 0]
                  00005f18    00000038                                   : memory.c.obj (.text:calloc)
                  00005f50    00000038                                   : fs_tod_t2.asm.obj (.text)
                  00005f88    00000034     driverlib.lib : interrupt.obj (.text:IntRegister)
                  00005fbc    00000034     rtsv7M4_T_le_v4SPD16_eabi.lib : boot_cortex_m.c.obj (.text:_c_int00_noargs:_c_int00_noargs)
                  00005ff0    0000002e                                   : i_tofd_t2.asm.obj (.text)
                  0000601e    00000002     --HOLE-- [fill = 0]
                  00006020    00000028                                   : memory.c.obj (.text:free_list_insert)
                  00006048    00000020                                   : u_tofd_t2.asm.obj (.text)
                  00006068    0000001c                                   : copy_zero_init.c.obj (.text:decompress:ZI:__TI_zero_init_nomemset:__TI_zero_init_nomemset)
                  00006084    0000001c                                   : memory.c.obj (.text:free_list_remove)
                  000060a0    0000001c                                   : memccpy.c.obj (.text:memccpy)
                  000060bc    0000001a                                   : s_copysign.c.obj (.text:copysign)
                  000060d6    00000018                                   : sprintf.c.obj (.text:_outs)
                  000060ee    00000018     open_interface.obj (.text:oi_parseInt)
                  00006106    00000018     rtsv7M4_T_le_v4SPD16_eabi.lib : strcmp.c.obj (.text:strcmp)
                  0000611e    00000016                                   : strchr.c.obj (.text:strchr)
                  00006134    00000014                                   : strlen.c.obj (.text:strlen)
                  00006148    00000012                                   : wcslen.c.obj (.text:wcslen)
                  0000615a    00000010     driverlib.lib : interrupt.obj (.text:IntMasterEnable)
                  0000616a    0000000e     rtsv7M4_T_le_v4SPD16_eabi.lib : copy_decompress_none.c.obj (.text:decompress:none:__TI_decompress_none)
                  00006178    0000000c     driverlib.lib : cpu.obj (.text:CPUcpsie)
                  00006184    0000000c     tm4c123gh6pm_startup_ccs.obj (.text)
                  00006190    0000000a     rtsv7M4_T_le_v4SPD16_eabi.lib : sprintf.c.obj (.text:_outc)
                  0000619a    00000002     --HOLE-- [fill = 0]
                  0000619c    00000008                                   : errno.c.obj (.text:__aeabi_errno_addr)
                  000061a4    00000008                                   : memory.c.obj (.text:malloc)
                  000061ac    00000004                                   : pre_init.c.obj (.text:_system_pre_init)
                  000061b0    00000004                                   : exit.c.obj (.text:abort:abort)

.const     0    000061b8    000005ef     
                  000061b8    000002d0     FinalProjmain.obj (.const:$P$T0$1)
                  00006488    00000158     rtsv7M4_T_le_v4SPD16_eabi.lib : k_rem_pio2.c.obj (.const:$O1$$)
                  000065e0    00000101                                   : ctype.c.obj (.const:.string:_ctypes_)
                  000066e1    00000007     --HOLE-- [fill = 0]
                  000066e8    00000080                                   : k_tan.c.obj (.const:xxx)
                  00006768    00000030                                   : e_pow.c.obj (.const:$O1$$)
                  00006798    0000000f     open_interface.obj (.const:.string:$P$T0$3)

.cinit     0    000067a8    00000080     
                  000067a8    00000047     (.cinit..data.load) [load image, compression = lzss]
                  000067ef    00000001     --HOLE-- [fill = 0]
                  000067f0    0000000c     (__TI_handler_table)
                  000067fc    00000004     --HOLE-- [fill = 0]
                  00006800    00000008     (.cinit..bss.load) [load image, compression = zero_init]
                  00006808    00000008     (.cinit..vtable.load) [load image, compression = zero_init]
                  00006810    00000018     (__TI_cinit_table)

.init_array 
*          0    00000000    00000000     UNINITIALIZED

.vtable    0    20000000    0000026c     UNINITIALIZED
                  20000000    0000026c     driverlib.lib : interrupt.obj (.vtable)

.stack     0    20000270    00001000     UNINITIALIZED
                  20000270    00000004     rtsv7M4_T_le_v4SPD16_eabi.lib : boot_cortex_m.c.obj (.stack)
                  20000274    00000ffc     --HOLE--

.sysmem    0    20001270    00001000     UNINITIALIZED
                  20001270    00000010     rtsv7M4_T_le_v4SPD16_eabi.lib : memory.c.obj (.sysmem)
                  20001280    00000ff0     --HOLE--

.data      0    20002270    00000098     UNINITIALIZED
                  20002270    00000026     FinalProjmain.obj (.data:Love_SosaNotes)
                  20002296    00000020     FinalProjmain.obj (.data:duration)
                  200022b6    00000001     Timer.obj (.data)
                  200022b7    00000001     --HOLE--
                  200022b8    00000020     open_interface.obj (.data)
                  200022d8    00000009     ping_template.obj (.data)
                  200022e1    00000003     --HOLE--
                  200022e4    00000008     rtsv7M4_T_le_v4SPD16_eabi.lib : _lock.c.obj (.data:$O1$$)
                  200022ec    00000008                                   : memory.c.obj (.data:$O1$$)
                  200022f4    00000008     FinalProjmain.obj (.data)
                  200022fc    00000008     uart-interrupt.obj (.data)
                  20002304    00000004     rtsv7M4_T_le_v4SPD16_eabi.lib : errno.c.obj (.data)

.bss       0    20002308    0000001c     UNINITIALIZED
                  20002308    00000018     open_interface.obj (.bss:firmware$2)
                  20002320    00000004     (.common:_timeout_ticks)

__llvm_prf_cnts 
*          0    20000000    00000000     UNINITIALIZED

MODULE SUMMARY

       Module                         code    ro data   rw data
       ------                         ----    -------   -------
    .\
       open_interface.obj             3128    15        56     
       FinalProjmain.obj              1500    720       78     
       movement.obj                   1472    0         0      
       ping_template.obj              716     0         9      
       tm4c123gh6pm_startup_ccs.obj   12      620       0      
       Timer.obj                      584     0         5      
       uart-interrupt.obj             496     0         8      
       servo.obj                      368     0         0      
       adc.obj                        344     0         0      
    +--+------------------------------+-------+---------+---------+
       Total:                         8620    1355      156    
                                                               
    C:/ti/TivaWare_C_Series-2.2.0.295/driverlib/ccs/Debug/driverlib.lib
       interrupt.obj                  68      0         620    
       cpu.obj                        12      0         0      
    +--+------------------------------+-------+---------+---------+
       Total:                         80      0         620    
                                                               
    C:\ti\ccs1200\ccs\tools\compiler\ti-cgt-arm_20.2.6.LTS\lib\rtsv7M4_T_le_v4SPD16_eabi.lib
       _printfi.c.obj                 4851    0         0      
       e_pow.c.obj                    2512    48        0      
       k_rem_pio2.c.obj               1848    344       0      
       s_tan.c.obj                    1288    0         0      
       k_tan.c.obj                    796     128       0      
       memory.c.obj                   728     0         8      
       fd_add_t2.asm.obj              438     0         0      
       e_sqrt.c.obj                   344     0         0      
       fd_div_t2.asm.obj              310     0         0      
       s_scalbn.c.obj                 272     0         0      
       fd_cmp_t2.asm.obj              268     0         0      
       ctype.c.obj                    0       257       0      
       fd_mul_t2.asm.obj              252     0         0      
       s_floor.c.obj                  248     0         0      
       memcpy_t2.asm.obj              156     0         0      
       ull_div_t2.asm.obj             150     0         0      
       memset_t2.asm.obj              122     0         0      
       fd_tos_t2.asm.obj              110     0         0      
       copy_decompress_lzss.c.obj     104     0         0      
       s_frexp.c.obj                  100     0         0      
       sprintf.c.obj                  98      0         0      
       _ltoa.c.obj                    84      0         0      
       atoi.c.obj                     76      0         0      
       fd_toi_t2.asm.obj              72      0         0      
       autoinit.c.obj                 68      0         0      
       fs_tod_t2.asm.obj              56      0         0      
       boot_cortex_m.c.obj            52      0         0      
       i_tofd_t2.asm.obj              46      0         0      
       u_tofd_t2.asm.obj              32      0         0      
       copy_zero_init.c.obj           28      0         0      
       memccpy.c.obj                  28      0         0      
       s_copysign.c.obj               26      0         0      
       strcmp.c.obj                   24      0         0      
       strchr.c.obj                   22      0         0      
       strlen.c.obj                   20      0         0      
       wcslen.c.obj                   18      0         0      
       copy_decompress_none.c.obj     14      0         0      
       errno.c.obj                    8       0         4      
       _lock.c.obj                    2       0         8      
       exit.c.obj                     4       0         0      
       pre_init.c.obj                 4       0         0      
       div0.asm.obj                   2       0         0      
    +--+------------------------------+-------+---------+---------+
       Total:                         15681   777       20     
                                                               
       Heap:                          0       0         4096   
       Stack:                         0       0         4096   
       Linker Generated:              0       123       0      
    +--+------------------------------+-------+---------+---------+
       Grand Total:                   24381   2255      8988   


LINKER GENERATED COPY TABLES

__TI_cinit_table @ 00006810 records: 3, size/record: 8, table size: 24
	.data: load addr=000067a8, load size=00000047 bytes, run addr=20002270, run size=00000098 bytes, compression=lzss
	.bss: load addr=00006800, load size=00000008 bytes, run addr=20002308, run size=0000001c bytes, compression=zero_init
	.vtable: load addr=00006808, load size=00000008 bytes, run addr=20000000, run size=0000026c bytes, compression=zero_init


LINKER GENERATED HANDLER TABLE

__TI_handler_table @ 000067f0 records: 3, size/record: 4, table size: 12
	index: 0, handler: __TI_zero_init
	index: 1, handler: __TI_decompress_lzss
	index: 2, handler: __TI_decompress_none


GLOBAL SYMBOLS: SORTED ALPHABETICALLY BY Name 

address   name                          
-------   ----                          
000030e3  BumpCheck                     
000061b1  C$$EXIT                       
00006179  CPUcpsie                      
00003185  CliffSensorCheck              
200022dc  END_TIME                      
00000bc3  GPIOF_Handler                 
0000615b  IntMasterEnable               
00005f89  IntRegister                   
20002270  Love_SosaNotes                
00006185  ResetISR                      
200022d8  START_TIME                    
200022e0  STATE                         
00003ee5  TIMER3B_Handler               
00004679  UART1_Handler                 
20001270  __STACK_END                   
00001000  __STACK_SIZE                  
20000470  __STACK_TOP                   
00001000  __SYSMEM_SIZE                 
00006810  __TI_CINIT_Base               
00006828  __TI_CINIT_Limit              
000067f0  __TI_Handler_Table_Base       
000067fc  __TI_Handler_Table_Limit      
00005e55  __TI_auto_init_nobinit_nopinit
00005bf9  __TI_decompress_lzss          
0000616b  __TI_decompress_none          
00005d1b  __TI_ltoa                     
ffffffff  __TI_pprof_out_hndl           
00000e8d  __TI_printfi                  
ffffffff  __TI_prof_data_size           
ffffffff  __TI_prof_data_start          
00000000  __TI_static_base__            
00006069  __TI_zero_init_nomemset       
00005925  __aeabi_cdcmpeq               
00005925  __aeabi_cdcmple               
000059ab  __aeabi_cdrcmple              
00005b8b  __aeabi_d2f                   
00005e0d  __aeabi_d2iz                  
000048f3  __aeabi_dadd                  
00004ffd  __aeabi_ddiv                  
00005469  __aeabi_dmul                  
000048e9  __aeabi_dsub                  
0000619d  __aeabi_errno_addr            
00005f51  __aeabi_f2d                   
00005ff1  __aeabi_i2d                   
00004a9f  __aeabi_idiv0                 
00004a9f  __aeabi_ldiv0                 
00005a31  __aeabi_memclr                
00005a31  __aeabi_memclr4               
00005a31  __aeabi_memclr8               
000057f3  __aeabi_memcpy                
000057f3  __aeabi_memcpy4               
000057f3  __aeabi_memcpy8               
00005a33  __aeabi_memset                
00005a33  __aeabi_memset4               
00005a33  __aeabi_memset8               
00006049  __aeabi_ui2d                  
0000588f  __aeabi_uldivmod              
ffffffff  __binit__                     
ffffffff  __c_args__                    
000022ad  __kernel_rem_pio2             
00003a89  __kernel_tan                  
UNDEFED   __mpu_init                    
20000270  __stack                       
20000000  __start___llvm_prf_cnts       
20000000  __stop___llvm_prf_cnts        
00005fbd  _c_int00_noargs               
000065e0  _ctypes_                      
200022e4  _lock                         
000018db  _nop                          
200022b6  _running                      
20001270  _sys_memory                   
UNDEFED   _system_post_cinit            
000061ad  _system_pre_init              
20002320  _timeout_ticks                
200022e8  _unlock                       
000061b1  abort                         
00004cd3  adcDistance                   
00004ca1  adcRead                       
00004c11  adc_init                      
00005369  aligned_alloc                 
00005dc1  atoi                          
000032fd  backup                        
ffffffff  binit                         
00005f19  calloc                        
200022fc  command_byte                  
20002300  command_flag                  
00002e29  control                       
000060bd  copysign                      
000060bd  copysignl                     
20002296  duration                      
20002304  errno                         
00005565  floor                         
00005565  floorl                        
0000565d  free                          
00005c61  frexp                         
00005c61  frexpl                        
20000000  g_pfnRAMVectors               
00000000  g_pfnVectors                  
0000097f  go_charge                     
00005259  ldexp                         
00005259  ldexpl                        
00002f17  main                          
000061a5  malloc                        
00005369  memalign                      
000060a1  memccpy                       
000057f3  memcpy                        
00005a39  memset                        
200022b8  motor_cal_factor_L            
200022bc  motor_cal_factor_R            
00002fc1  move_forward                  
00003033  move_forward_checks           
200022f8  num_notes                     
0000026d  oi_alloc                      
00000aa9  oi_checkFirmware              
000002c7  oi_close                      
00000279  oi_free                       
00000ded  oi_getMotorCalibrationLeft    
00000e01  oi_getMotorCalibrationRight   
000002b1  oi_init                       
00000289  oi_init_noupdate              
00000915  oi_loadSong                   
000060ef  oi_parseInt                   
0000032b  oi_parsePacket                
0000096b  oi_play_song                  
0000084b  oi_setLeds                    
00000db1  oi_setMotorCalibration        
0000088f  oi_setWheels                  
00000b51  oi_shutoff_init               
0000098d  oi_uartInit                   
00000a31  oi_uartReceive                
00000a77  oi_uartSendBuff               
00000a15  oi_uartSendChar               
00000a59  oi_uartSendStr                
000002d9  oi_update                     
00003f37  ping_getDistance              
00003da5  ping_init                     
00003e67  ping_trigger                  
000018dd  pow                           
000018dd  powl                          
00005259  scalbn                        
00005259  scalbnl                       
000029e5  scan                          
00004aa1  servomotor_init               
00004b33  servomotor_move               
200022f4  song_index                    
00005e99  sprintf                       
00004d69  sqrt                          
00004d69  sqrtl                         
0000611f  strchr                        
00006107  strcmp                        
00006135  strlen                        
00003581  tan                           
00003581  tanl                          
0000322d  theDreadedWhiteLineCheck      
000043ff  timer_getMicros               
000043a7  timer_getMillis               
000042e1  timer_init                    
00004383  timer_pause                   
00004395  timer_resume                  
00004359  timer_stop                    
00004459  timer_waitMicros              
0000448b  timer_waitMillis              
00003469  turn_left                     
000033b3  turn_right                    
00004529  uart_interrupt_init           
00004621  uart_receive                  
0000464f  uart_receive_nonBlocking      
000045e7  uart_sendChar                 
00004623  uart_sendStr                  
00006149  wcslen                        


GLOBAL SYMBOLS: SORTED BY Symbol Address 

address   name                          
-------   ----                          
00000000  __TI_static_base__            
00000000  g_pfnVectors                  
0000026d  oi_alloc                      
00000279  oi_free                       
00000289  oi_init_noupdate              
000002b1  oi_init                       
000002c7  oi_close                      
000002d9  oi_update                     
0000032b  oi_parsePacket                
0000084b  oi_setLeds                    
0000088f  oi_setWheels                  
00000915  oi_loadSong                   
0000096b  oi_play_song                  
0000097f  go_charge                     
0000098d  oi_uartInit                   
00000a15  oi_uartSendChar               
00000a31  oi_uartReceive                
00000a59  oi_uartSendStr                
00000a77  oi_uartSendBuff               
00000aa9  oi_checkFirmware              
00000b51  oi_shutoff_init               
00000bc3  GPIOF_Handler                 
00000db1  oi_setMotorCalibration        
00000ded  oi_getMotorCalibrationLeft    
00000e01  oi_getMotorCalibrationRight   
00000e8d  __TI_printfi                  
00001000  __STACK_SIZE                  
00001000  __SYSMEM_SIZE                 
000018db  _nop                          
000018dd  pow                           
000018dd  powl                          
000022ad  __kernel_rem_pio2             
000029e5  scan                          
00002e29  control                       
00002f17  main                          
00002fc1  move_forward                  
00003033  move_forward_checks           
000030e3  BumpCheck                     
00003185  CliffSensorCheck              
0000322d  theDreadedWhiteLineCheck      
000032fd  backup                        
000033b3  turn_right                    
00003469  turn_left                     
00003581  tan                           
00003581  tanl                          
00003a89  __kernel_tan                  
00003da5  ping_init                     
00003e67  ping_trigger                  
00003ee5  TIMER3B_Handler               
00003f37  ping_getDistance              
000042e1  timer_init                    
00004359  timer_stop                    
00004383  timer_pause                   
00004395  timer_resume                  
000043a7  timer_getMillis               
000043ff  timer_getMicros               
00004459  timer_waitMicros              
0000448b  timer_waitMillis              
00004529  uart_interrupt_init           
000045e7  uart_sendChar                 
00004621  uart_receive                  
00004623  uart_sendStr                  
0000464f  uart_receive_nonBlocking      
00004679  UART1_Handler                 
000048e9  __aeabi_dsub                  
000048f3  __aeabi_dadd                  
00004a9f  __aeabi_idiv0                 
00004a9f  __aeabi_ldiv0                 
00004aa1  servomotor_init               
00004b33  servomotor_move               
00004c11  adc_init                      
00004ca1  adcRead                       
00004cd3  adcDistance                   
00004d69  sqrt                          
00004d69  sqrtl                         
00004ffd  __aeabi_ddiv                  
00005259  ldexp                         
00005259  ldexpl                        
00005259  scalbn                        
00005259  scalbnl                       
00005369  aligned_alloc                 
00005369  memalign                      
00005469  __aeabi_dmul                  
00005565  floor                         
00005565  floorl                        
0000565d  free                          
000057f3  __aeabi_memcpy                
000057f3  __aeabi_memcpy4               
000057f3  __aeabi_memcpy8               
000057f3  memcpy                        
0000588f  __aeabi_uldivmod              
00005925  __aeabi_cdcmpeq               
00005925  __aeabi_cdcmple               
000059ab  __aeabi_cdrcmple              
00005a31  __aeabi_memclr                
00005a31  __aeabi_memclr4               
00005a31  __aeabi_memclr8               
00005a33  __aeabi_memset                
00005a33  __aeabi_memset4               
00005a33  __aeabi_memset8               
00005a39  memset                        
00005b8b  __aeabi_d2f                   
00005bf9  __TI_decompress_lzss          
00005c61  frexp                         
00005c61  frexpl                        
00005d1b  __TI_ltoa                     
00005dc1  atoi                          
00005e0d  __aeabi_d2iz                  
00005e55  __TI_auto_init_nobinit_nopinit
00005e99  sprintf                       
00005f19  calloc                        
00005f51  __aeabi_f2d                   
00005f89  IntRegister                   
00005fbd  _c_int00_noargs               
00005ff1  __aeabi_i2d                   
00006049  __aeabi_ui2d                  
00006069  __TI_zero_init_nomemset       
000060a1  memccpy                       
000060bd  copysign                      
000060bd  copysignl                     
000060ef  oi_parseInt                   
00006107  strcmp                        
0000611f  strchr                        
00006135  strlen                        
00006149  wcslen                        
0000615b  IntMasterEnable               
0000616b  __TI_decompress_none          
00006179  CPUcpsie                      
00006185  ResetISR                      
0000619d  __aeabi_errno_addr            
000061a5  malloc                        
000061ad  _system_pre_init              
000061b1  C$$EXIT                       
000061b1  abort                         
000065e0  _ctypes_                      
000067f0  __TI_Handler_Table_Base       
000067fc  __TI_Handler_Table_Limit      
00006810  __TI_CINIT_Base               
00006828  __TI_CINIT_Limit              
20000000  __start___llvm_prf_cnts       
20000000  __stop___llvm_prf_cnts        
20000000  g_pfnRAMVectors               
20000270  __stack                       
20000470  __STACK_TOP                   
20001270  __STACK_END                   
20001270  _sys_memory                   
20002270  Love_SosaNotes                
20002296  duration                      
200022b6  _running                      
200022b8  motor_cal_factor_L            
200022bc  motor_cal_factor_R            
200022d8  START_TIME                    
200022dc  END_TIME                      
200022e0  STATE                         
200022e4  _lock                         
200022e8  _unlock                       
200022f4  song_index                    
200022f8  num_notes                     
200022fc  command_byte                  
20002300  command_flag                  
20002304  errno                         
20002320  _timeout_ticks                
ffffffff  __TI_pprof_out_hndl           
ffffffff  __TI_prof_data_size           
ffffffff  __TI_prof_data_start          
ffffffff  __binit__                     
ffffffff  __c_args__                    
ffffffff  binit                         
UNDEFED   __mpu_init                    
UNDEFED   _system_post_cinit            

[170 symbols]
