******************************************************************************
                  TI ARM Linker PC v20.2.6                     
******************************************************************************
>> Linked Mon Apr 17 20:23:11 2023

OUTPUT FILE NAME:   <FinalProject.out>
ENTRY POINT SYMBOL: "_c_int00_noargs"  address: 000067c5


MEMORY CONFIGURATION

         name            origin    length      used     unused   attr    fill
----------------------  --------  ---------  --------  --------  ----  --------
  FLASH                 00000000   00040000  00006da3  0003925d  R  X
  SRAM                  20000000   00008000  00002339  00005cc7  RW X


SEGMENT ALLOCATION MAP

run origin  load origin   length   init length attrs members
----------  ----------- ---------- ----------- ----- -------
00000000    00000000    00006da8   00006da8    r-x
  00000000    00000000    0000026c   0000026c    r-- .intvecs
  0000026c    0000026c    000067bc   000067bc    r-x .text
  00006a28    00006a28    00000323   00000323    r-- .const
  00006d50    00006d50    00000058   00000058    r-- .cinit
20000000    20000000    0000233d   00000000    rw-
  20000000    20000000    0000026c   00000000    rw- .vtable
  20000270    20000270    00001000   00000000    rw- .stack
  20001270    20001270    00001000   00000000    rw- .sysmem
  20002270    20002270    0000007c   00000000    rw- .bss
  200022ec    200022ec    00000051   00000000    rw- .data


SECTION ALLOCATION MAP

 output                                  attributes/
section   page    origin      length       input sections
--------  ----  ----------  ----------   ----------------
.intvecs   0    00000000    0000026c     
                  00000000    0000026c     tm4c123gh6pm_startup_ccs.obj (.intvecs)

.text      0    0000026c    000067bc     
                  0000026c    00000c20     open_interface.obj (.text)
                  00000e8c    00000a4e     rtsv7M4_T_le_v4SPD16_eabi.lib : _printfi.c.obj (.text:__TI_printfi)
                  000018da    00000002                                   : _lock.c.obj (.text:_nop)
                  000018dc    000009d0                                   : e_pow.c.obj (.text:pow)
                  000022ac    000008e0     FinalProjmain.obj (.text)
                  00002b8c    00000738     rtsv7M4_T_le_v4SPD16_eabi.lib : k_rem_pio2.c.obj (.text:__kernel_rem_pio2)
                  000032c4    00000508                                   : s_tan.c.obj (.text:tan)
                  000037cc    000003e0     lcd.obj (.text)
                  00003bac    00000344     movement.obj (.text)
                  00003ef0    0000031c     rtsv7M4_T_le_v4SPD16_eabi.lib : k_tan.c.obj (.text:__kernel_tan)
                  0000420c    000002c4     ping.obj (.text)
                  000044d0    00000270     rtsv7M4_T_le_v4SPD16_eabi.lib : _printfi.c.obj (.text:_pconv_a)
                  00004740    00000260     libcybotScan.lib : cyBot_Scan.obj (.text)
                  000049a0    00000248     Timer.obj (.text)
                  00004be8    000001f8     uart-interrupt.obj (.text)
                  00004de0    000001d0     rtsv7M4_T_le_v4SPD16_eabi.lib : _printfi.c.obj (.text:_pconv_g)
                  00004fb0    000001b6                                   : fd_add_t2.asm.obj (.text)
                  00005166    00000002                                   : div0.asm.obj (.text)
                  00005168    00000158     adc.obj (.text)
                  000052c0    00000158     libcybotScan.lib : servo.obj (.text)
                  00005418    00000158     rtsv7M4_T_le_v4SPD16_eabi.lib : e_sqrt.c.obj (.text:sqrt)
                  00005570    0000013c                                   : _printfi.c.obj (.text:_pconv_e)
                  000056ac    00000136                                   : fd_div_t2.asm.obj (.text)
                  000057e2    00000002     --HOLE-- [fill = 0]
                  000057e4    00000124                                   : _printfi.c.obj (.text:fcvt)
                  00005908    00000118     libcybotScan.lib : ir.obj (.text)
                  00005a20    00000110     rtsv7M4_T_le_v4SPD16_eabi.lib : s_scalbn.c.obj (.text:scalbn)
                  00005b30    00000100                                   : memory.c.obj (.text:aligned_alloc)
                  00005c30    000000fc                                   : fd_mul_t2.asm.obj (.text)
                  00005d2c    000000f8                                   : s_floor.c.obj (.text:floor)
                  00005e24    000000e4                                   : memory.c.obj (.text:free)
                  00005f08    000000b1                                   : _printfi.c.obj (.text:_ltostr)
                  00005fb9    00000001     --HOLE-- [fill = 0]
                  00005fba    0000009c                                   : memcpy_t2.asm.obj (.text)
                  00006056    00000096                                   : ull_div_t2.asm.obj (.text)
                  000060ec    00000086                                   : fd_cmp_t2.asm.obj (.text:__aeabi_cdcmple)
                  00006172    00000086                                   : fd_cmp_t2.asm.obj (.text:__aeabi_cdrcmple)
                  000061f8    0000007a                                   : memset_t2.asm.obj (.text)
                  00006272    00000002     --HOLE-- [fill = 0]
                  00006274    00000070                                   : memory.c.obj (.text:split)
                  000062e4    0000006e                                   : _printfi.c.obj (.text:_mcpy)
                  00006352    0000006e                                   : fd_tos_t2.asm.obj (.text)
                  000063c0    00000068                                   : copy_decompress_lzss.c.obj (.text:decompress:lzss:__TI_decompress_lzss)
                  00006428    00000064                                   : s_frexp.c.obj (.text:frexp)
                  0000648c    00000056                                   : _printfi.c.obj (.text:_pconv_f)
                  000064e2    00000054                                   : _ltoa.c.obj (.text:__TI_ltoa)
                  00006536    00000052                                   : _printfi.c.obj (.text:_ecpy)
                  00006588    0000004c                                   : atoi.c.obj (.text:atoi)
                  000065d4    00000048                                   : fd_toi_t2.asm.obj (.text)
                  0000661c    00000044                                   : autoinit.c.obj (.text:__TI_auto_init_nobinit_nopinit:__TI_auto_init_nobinit_nopinit)
                  00006660    00000040                                   : sprintf.c.obj (.text:sprintf)
                  000066a0    00000040                                   : vsnprintf.c.obj (.text:vsnprintf)
                  000066e0    0000003e                                   : _printfi.c.obj (.text:_fcpy)
                  0000671e    00000002     --HOLE-- [fill = 0]
                  00006720    00000038                                   : memory.c.obj (.text:calloc)
                  00006758    00000038                                   : fs_tod_t2.asm.obj (.text)
                  00006790    00000034     driverlib.lib : interrupt.obj (.text:IntRegister)
                  000067c4    00000034     rtsv7M4_T_le_v4SPD16_eabi.lib : boot_cortex_m.c.obj (.text:_c_int00_noargs:_c_int00_noargs)
                  000067f8    00000030                                   : vsnprintf.c.obj (.text:_outs)
                  00006828    0000002e                                   : i_tofd_t2.asm.obj (.text)
                  00006856    00000002     --HOLE-- [fill = 0]
                  00006858    00000028                                   : memory.c.obj (.text:free_list_insert)
                  00006880    00000020                                   : u_tofd_t2.asm.obj (.text)
                  000068a0    0000001c                                   : copy_zero_init.c.obj (.text:decompress:ZI:__TI_zero_init_nomemset:__TI_zero_init_nomemset)
                  000068bc    0000001c                                   : memory.c.obj (.text:free_list_remove)
                  000068d8    0000001c                                   : memccpy.c.obj (.text:memccpy)
                  000068f4    0000001a                                   : s_copysign.c.obj (.text:copysign)
                  0000690e    00000018                                   : vsnprintf.c.obj (.text:_outc)
                  00006926    00000018                                   : sprintf.c.obj (.text:_outs)
                  0000693e    00000018     open_interface.obj (.text:oi_parseInt)
                  00006956    00000018     rtsv7M4_T_le_v4SPD16_eabi.lib : strcmp.c.obj (.text:strcmp)
                  0000696e    00000016                                   : strchr.c.obj (.text:strchr)
                  00006984    00000014                                   : strcpy.c.obj (.text:strcpy)
                  00006998    00000014                                   : strlen.c.obj (.text:strlen)
                  000069ac    00000012                                   : wcslen.c.obj (.text:wcslen)
                  000069be    00000010     driverlib.lib : interrupt.obj (.text:IntMasterEnable)
                  000069ce    00000010     lcd.obj (.text:lcd_clear)
                  000069de    0000000e     rtsv7M4_T_le_v4SPD16_eabi.lib : copy_decompress_none.c.obj (.text:decompress:none:__TI_decompress_none)
                  000069ec    0000000c     driverlib.lib : cpu.obj (.text:CPUcpsie)
                  000069f8    0000000c     tm4c123gh6pm_startup_ccs.obj (.text)
                  00006a04    0000000a     rtsv7M4_T_le_v4SPD16_eabi.lib : sprintf.c.obj (.text:_outc)
                  00006a0e    00000002     --HOLE-- [fill = 0]
                  00006a10    00000008                                   : errno.c.obj (.text:__aeabi_errno_addr)
                  00006a18    00000008                                   : memory.c.obj (.text:malloc)
                  00006a20    00000004                                   : pre_init.c.obj (.text:_system_pre_init)
                  00006a24    00000004                                   : exit.c.obj (.text:abort:abort)

.const     0    00006a28    00000323     
                  00006a28    00000158     rtsv7M4_T_le_v4SPD16_eabi.lib : k_rem_pio2.c.obj (.const:$O1$$)
                  00006b80    00000101                                   : ctype.c.obj (.const:.string:_ctypes_)
                  00006c81    00000004     lcd.obj (.const:.string:lineAddress$1)
                  00006c85    00000003     --HOLE-- [fill = 0]
                  00006c88    00000080     rtsv7M4_T_le_v4SPD16_eabi.lib : k_tan.c.obj (.const:xxx)
                  00006d08    00000030                                   : e_pow.c.obj (.const:$O1$$)
                  00006d38    0000000f     open_interface.obj (.const:.string:$P$T0$3)
                  00006d47    00000004     lcd.obj (.const:.string:lineAddresses$2)

.cinit     0    00006d50    00000058     
                  00006d50    00000024     (.cinit..data.load) [load image, compression = lzss]
                  00006d74    0000000c     (__TI_handler_table)
                  00006d80    00000008     (.cinit..bss.load) [load image, compression = zero_init]
                  00006d88    00000008     (.cinit..vtable.load) [load image, compression = zero_init]
                  00006d90    00000018     (__TI_cinit_table)

.init_array 
*          0    00000000    00000000     UNINITIALIZED

.vtable    0    20000000    0000026c     UNINITIALIZED
                  20000000    0000026c     driverlib.lib : interrupt.obj (.vtable)

.stack     0    20000270    00001000     UNINITIALIZED
                  20000270    00000004     rtsv7M4_T_le_v4SPD16_eabi.lib : boot_cortex_m.c.obj (.stack)
                  20000274    00000ffc     --HOLE--

.sysmem    0    20001270    00001000     UNINITIALIZED
                  20001270    00000010     rtsv7M4_T_le_v4SPD16_eabi.lib : memory.c.obj (.sysmem)
                  20001280    00000ff0     --HOLE--

.bss       0    20002270    0000007c     UNINITIALIZED
                  20002270    00000054     lcd.obj (.bss:lastbuffer$3)
                  200022c4    00000018     open_interface.obj (.bss:firmware$2)
                  200022dc    00000004     (.common:_timeout_ticks)
                  200022e0    00000004     (.common:isr_int_value)
                  200022e4    00000004     (.common:left_calibration_value)
                  200022e8    00000004     (.common:right_calibration_value)

.data      0    200022ec    00000051     UNINITIALIZED
                  200022ec    00000020     open_interface.obj (.data)
                  2000230c    00000010     ping.obj (.data)
                  2000231c    00000008     rtsv7M4_T_le_v4SPD16_eabi.lib : _lock.c.obj (.data:$O1$$)
                  20002324    00000008                                   : memory.c.obj (.data:$O1$$)
                  2000232c    00000008     uart-interrupt.obj (.data)
                  20002334    00000004     libcybotScan.lib : cyBot_Scan.obj (.data)
                  20002338    00000004     rtsv7M4_T_le_v4SPD16_eabi.lib : errno.c.obj (.data)
                  2000233c    00000001     Timer.obj (.data)

__llvm_prf_cnts 
*          0    20000000    00000000     UNINITIALIZED

MODULE SUMMARY

       Module                         code    ro data   rw data
       ------                         ----    -------   -------
    .\
       open_interface.obj             3128    15        56     
       FinalProjmain.obj              2272    0         8      
       lcd.obj                        1008    8         84     
       movement.obj                   836     0         0      
       ping.obj                       708     0         16     
       tm4c123gh6pm_startup_ccs.obj   12      620       0      
       Timer.obj                      584     0         5      
       uart-interrupt.obj             504     0         8      
       adc.obj                        344     0         0      
    +--+------------------------------+-------+---------+---------+
       Total:                         9396    643       177    
                                                               
    ../libcybotScan.lib
       cyBot_Scan.obj                 608     0         4      
       servo.obj                      344     0         0      
       ir.obj                         280     0         4      
    +--+------------------------------+-------+---------+---------+
       Total:                         1232    0         8      
                                                               
    C:/ti/TivaWare_C_Series-2.2.0.295/driverlib/ccs/Debug/driverlib.lib
       interrupt.obj                  68      0         620    
       cpu.obj                        12      0         0      
    +--+------------------------------+-------+---------+---------+
       Total:                         80      0         620    
                                                               
    C:\ti\ccs1200\ccs\tools\compiler\ti-cgt-arm_20.2.6.LTS\lib\rtsv7M4_T_le_v4SPD16_eabi.lib
       _printfi.c.obj                 4851    0         0      
       e_pow.c.obj                    2512    48        0      
       k_rem_pio2.c.obj               1848    344       0      
       s_tan.c.obj                    1288    0         0      
       k_tan.c.obj                    796     128       0      
       memory.c.obj                   728     0         8      
       fd_add_t2.asm.obj              438     0         0      
       e_sqrt.c.obj                   344     0         0      
       fd_div_t2.asm.obj              310     0         0      
       s_scalbn.c.obj                 272     0         0      
       fd_cmp_t2.asm.obj              268     0         0      
       ctype.c.obj                    0       257       0      
       fd_mul_t2.asm.obj              252     0         0      
       s_floor.c.obj                  248     0         0      
       memcpy_t2.asm.obj              156     0         0      
       ull_div_t2.asm.obj             150     0         0      
       vsnprintf.c.obj                136     0         0      
       memset_t2.asm.obj              122     0         0      
       fd_tos_t2.asm.obj              110     0         0      
       copy_decompress_lzss.c.obj     104     0         0      
       s_frexp.c.obj                  100     0         0      
       sprintf.c.obj                  98      0         0      
       _ltoa.c.obj                    84      0         0      
       atoi.c.obj                     76      0         0      
       fd_toi_t2.asm.obj              72      0         0      
       autoinit.c.obj                 68      0         0      
       fs_tod_t2.asm.obj              56      0         0      
       boot_cortex_m.c.obj            52      0         0      
       i_tofd_t2.asm.obj              46      0         0      
       u_tofd_t2.asm.obj              32      0         0      
       copy_zero_init.c.obj           28      0         0      
       memccpy.c.obj                  28      0         0      
       s_copysign.c.obj               26      0         0      
       strcmp.c.obj                   24      0         0      
       strchr.c.obj                   22      0         0      
       strcpy.c.obj                   20      0         0      
       strlen.c.obj                   20      0         0      
       wcslen.c.obj                   18      0         0      
       copy_decompress_none.c.obj     14      0         0      
       errno.c.obj                    8       0         4      
       _lock.c.obj                    2       0         8      
       exit.c.obj                     4       0         0      
       pre_init.c.obj                 4       0         0      
       div0.asm.obj                   2       0         0      
    +--+------------------------------+-------+---------+---------+
       Total:                         15837   777       20     
                                                               
       Heap:                          0       0         4096   
       Stack:                         0       0         4096   
       Linker Generated:              0       88        0      
    +--+------------------------------+-------+---------+---------+
       Grand Total:                   26545   1508      9017   


LINKER GENERATED COPY TABLES

__TI_cinit_table @ 00006d90 records: 3, size/record: 8, table size: 24
	.data: load addr=00006d50, load size=00000024 bytes, run addr=200022ec, run size=00000051 bytes, compression=lzss
	.bss: load addr=00006d80, load size=00000008 bytes, run addr=20002270, run size=0000007c bytes, compression=zero_init
	.vtable: load addr=00006d88, load size=00000008 bytes, run addr=20000000, run size=0000026c bytes, compression=zero_init


LINKER GENERATED HANDLER TABLE

__TI_handler_table @ 00006d74 records: 3, size/record: 4, table size: 12
	index: 0, handler: __TI_zero_init
	index: 1, handler: __TI_decompress_lzss
	index: 2, handler: __TI_decompress_none


GLOBAL SYMBOLS: SORTED ALPHABETICALLY BY Name 

address   name                          
-------   ----                          
000059a1  ADC0SS0_Handler               
00003ccd  BumpCheck                     
00006a25  C$$EXIT                       
000069ed  CPUcpsie                      
00003d03  CliffSensorCheck              
20002310  END_TIME                      
00000bc3  GPIOF_Handler                 
000069bf  IntMasterEnable               
00006791  IntRegister                   
000069f9  ResetISR                      
2000230c  START_TIME                    
20002314  STATE                         
00004375  TIMER3B_Handler               
00004d39  UART1_Handler                 
20001270  __STACK_END                   
00001000  __STACK_SIZE                  
20000470  __STACK_TOP                   
00001000  __SYSMEM_SIZE                 
00006d90  __TI_CINIT_Base               
00006da8  __TI_CINIT_Limit              
00006d74  __TI_Handler_Table_Base       
00006d80  __TI_Handler_Table_Limit      
0000661d  __TI_auto_init_nobinit_nopinit
000063c1  __TI_decompress_lzss          
000069df  __TI_decompress_none          
000064e3  __TI_ltoa                     
ffffffff  __TI_pprof_out_hndl           
00000e8d  __TI_printfi                  
ffffffff  __TI_prof_data_size           
ffffffff  __TI_prof_data_start          
00000000  __TI_static_base__            
000068a1  __TI_zero_init_nomemset       
000060ed  __aeabi_cdcmpeq               
000060ed  __aeabi_cdcmple               
00006173  __aeabi_cdrcmple              
00006353  __aeabi_d2f                   
000065d5  __aeabi_d2iz                  
00004fbb  __aeabi_dadd                  
000056ad  __aeabi_ddiv                  
00005c31  __aeabi_dmul                  
00004fb1  __aeabi_dsub                  
00006a11  __aeabi_errno_addr            
00006759  __aeabi_f2d                   
00006829  __aeabi_i2d                   
00005167  __aeabi_idiv0                 
00005167  __aeabi_ldiv0                 
000061f9  __aeabi_memclr                
000061f9  __aeabi_memclr4               
000061f9  __aeabi_memclr8               
00005fbb  __aeabi_memcpy                
00005fbb  __aeabi_memcpy4               
00005fbb  __aeabi_memcpy8               
000061fb  __aeabi_memset                
000061fb  __aeabi_memset4               
000061fb  __aeabi_memset8               
00006881  __aeabi_ui2d                  
00006057  __aeabi_uldivmod              
ffffffff  __binit__                     
ffffffff  __c_args__                    
00002b8d  __kernel_rem_pio2             
00003ef1  __kernel_tan                  
UNDEFED   __mpu_init                    
20000270  __stack                       
20000000  __start___llvm_prf_cnts       
20000000  __stop___llvm_prf_cnts        
000067c5  _c_int00_noargs               
00006b80  _ctypes_                      
2000231c  _lock                         
000018db  _nop                          
2000233c  _running                      
20001270  _sys_memory                   
UNDEFED   _system_post_cinit            
00006a21  _system_pre_init              
200022dc  _timeout_ticks                
20002320  _unlock                       
00006a25  abort                         
0000522b  adcDistance                   
000051f9  adcRead                       
00005169  adc_init                      
00005b31  aligned_alloc                 
00006589  atoi                          
00003d4d  backup                        
ffffffff  binit                         
00006721  calloc                        
2000232c  command_byte                  
20002330  command_flag                  
000029bd  control                       
000068f5  copysign                      
000068f5  copysignl                     
00004819  cyBOT_SERVO_cal               
000047a7  cyBOT_Scan                    
0000474f  cyBOT_init_Scan               
20002334  cyBOT_scan_features           
00004741  cyBOT_scan_version            
20002338  errno                         
00005d2d  floor                         
00005d2d  floorl                        
00005e25  free                          
00006429  frexp                         
00006429  frexpl                        
20000000  g_pfnRAMVectors               
00000000  g_pfnVectors                  
0000097f  go_charge                     
000059b7  ir_enableInterrupt            
00005999  ir_getDistance                
00005971  ir_getValue                   
00005909  ir_init                       
200022e0  isr_int_value                 
000069cf  lcd_clear                     
000039a1  lcd_gotoLine                  
00003809  lcd_init                      
00003a07  lcd_printf                    
000038c9  lcd_putc                      
00003901  lcd_puts                      
000037cd  lcd_reverseNibble             
00003ae5  lcd_rotatingBanner            
0000391f  lcd_sendCommand               
0000395d  lcd_sendNibble                
000039c9  lcd_setCursorPos              
00005a21  ldexp                         
00005a21  ldexpl                        
200022e4  left_calibration_value        
00002aad  main                          
00006a19  malloc                        
00005b31  memalign                      
000068d9  memccpy                       
00005fbb  memcpy                        
00006201  memset                        
200022ec  motor_cal_factor_L            
200022f0  motor_cal_factor_R            
00003bad  move_forward                  
00003c1f  move_forward_checks           
0000026d  oi_alloc                      
00000aa9  oi_checkFirmware              
000002c7  oi_close                      
00000279  oi_free                       
00000ded  oi_getMotorCalibrationLeft    
00000e01  oi_getMotorCalibrationRight   
000002b1  oi_init                       
00000289  oi_init_noupdate              
00000915  oi_loadSong                   
0000693f  oi_parseInt                   
0000032b  oi_parsePacket                
0000096b  oi_play_song                  
0000084b  oi_setLeds                    
00000db1  oi_setMotorCalibration        
0000088f  oi_setWheels                  
00000b51  oi_shutoff_init               
0000098d  oi_uartInit                   
00000a31  oi_uartReceive                
00000a77  oi_uartSendBuff               
00000a15  oi_uartSendChar               
00000a59  oi_uartSendStr                
000002d9  oi_update                     
20002318  overflow_count                
000043b5  ping_getDistance              
0000420d  ping_init                     
000042f7  ping_trigger                  
000018dd  pow                           
000018dd  powl                          
200022e8  right_calibration_value       
00005a21  scalbn                        
00005a21  scalbnl                       
000022ad  scan                          
000052c1  servo_init                    
00005351  servo_move                    
000053b1  servo_setPWM                  
00005345  servo_stop                    
00006661  sprintf                       
00005419  sqrt                          
00005419  sqrtl                         
0000696f  strchr                        
00006957  strcmp                        
00006985  strcpy                        
00006999  strlen                        
000032c5  tan                           
000032c5  tanl                          
00004abf  timer_getMicros               
00004a67  timer_getMillis               
000049a1  timer_init                    
00004a43  timer_pause                   
00004a55  timer_resume                  
00004a19  timer_stop                    
00004b19  timer_waitMicros              
00004b4b  timer_waitMillis              
00003e4f  turn_left                     
00003dc3  turn_right                    
00004be9  uart_interrupt_init           
00004ce1  uart_receive                  
00004d0f  uart_receive_nonBlocking      
00004ca7  uart_sendChar                 
00004ce3  uart_sendStr                  
000066a1  vsnprintf                     
000069ad  wcslen                        


GLOBAL SYMBOLS: SORTED BY Symbol Address 

address   name                          
-------   ----                          
00000000  __TI_static_base__            
00000000  g_pfnVectors                  
0000026d  oi_alloc                      
00000279  oi_free                       
00000289  oi_init_noupdate              
000002b1  oi_init                       
000002c7  oi_close                      
000002d9  oi_update                     
0000032b  oi_parsePacket                
0000084b  oi_setLeds                    
0000088f  oi_setWheels                  
00000915  oi_loadSong                   
0000096b  oi_play_song                  
0000097f  go_charge                     
0000098d  oi_uartInit                   
00000a15  oi_uartSendChar               
00000a31  oi_uartReceive                
00000a59  oi_uartSendStr                
00000a77  oi_uartSendBuff               
00000aa9  oi_checkFirmware              
00000b51  oi_shutoff_init               
00000bc3  GPIOF_Handler                 
00000db1  oi_setMotorCalibration        
00000ded  oi_getMotorCalibrationLeft    
00000e01  oi_getMotorCalibrationRight   
00000e8d  __TI_printfi                  
00001000  __STACK_SIZE                  
00001000  __SYSMEM_SIZE                 
000018db  _nop                          
000018dd  pow                           
000018dd  powl                          
000022ad  scan                          
000029bd  control                       
00002aad  main                          
00002b8d  __kernel_rem_pio2             
000032c5  tan                           
000032c5  tanl                          
000037cd  lcd_reverseNibble             
00003809  lcd_init                      
000038c9  lcd_putc                      
00003901  lcd_puts                      
0000391f  lcd_sendCommand               
0000395d  lcd_sendNibble                
000039a1  lcd_gotoLine                  
000039c9  lcd_setCursorPos              
00003a07  lcd_printf                    
00003ae5  lcd_rotatingBanner            
00003bad  move_forward                  
00003c1f  move_forward_checks           
00003ccd  BumpCheck                     
00003d03  CliffSensorCheck              
00003d4d  backup                        
00003dc3  turn_right                    
00003e4f  turn_left                     
00003ef1  __kernel_tan                  
0000420d  ping_init                     
000042f7  ping_trigger                  
00004375  TIMER3B_Handler               
000043b5  ping_getDistance              
00004741  cyBOT_scan_version            
0000474f  cyBOT_init_Scan               
000047a7  cyBOT_Scan                    
00004819  cyBOT_SERVO_cal               
000049a1  timer_init                    
00004a19  timer_stop                    
00004a43  timer_pause                   
00004a55  timer_resume                  
00004a67  timer_getMillis               
00004abf  timer_getMicros               
00004b19  timer_waitMicros              
00004b4b  timer_waitMillis              
00004be9  uart_interrupt_init           
00004ca7  uart_sendChar                 
00004ce1  uart_receive                  
00004ce3  uart_sendStr                  
00004d0f  uart_receive_nonBlocking      
00004d39  UART1_Handler                 
00004fb1  __aeabi_dsub                  
00004fbb  __aeabi_dadd                  
00005167  __aeabi_idiv0                 
00005167  __aeabi_ldiv0                 
00005169  adc_init                      
000051f9  adcRead                       
0000522b  adcDistance                   
000052c1  servo_init                    
00005345  servo_stop                    
00005351  servo_move                    
000053b1  servo_setPWM                  
00005419  sqrt                          
00005419  sqrtl                         
000056ad  __aeabi_ddiv                  
00005909  ir_init                       
00005971  ir_getValue                   
00005999  ir_getDistance                
000059a1  ADC0SS0_Handler               
000059b7  ir_enableInterrupt            
00005a21  ldexp                         
00005a21  ldexpl                        
00005a21  scalbn                        
00005a21  scalbnl                       
00005b31  aligned_alloc                 
00005b31  memalign                      
00005c31  __aeabi_dmul                  
00005d2d  floor                         
00005d2d  floorl                        
00005e25  free                          
00005fbb  __aeabi_memcpy                
00005fbb  __aeabi_memcpy4               
00005fbb  __aeabi_memcpy8               
00005fbb  memcpy                        
00006057  __aeabi_uldivmod              
000060ed  __aeabi_cdcmpeq               
000060ed  __aeabi_cdcmple               
00006173  __aeabi_cdrcmple              
000061f9  __aeabi_memclr                
000061f9  __aeabi_memclr4               
000061f9  __aeabi_memclr8               
000061fb  __aeabi_memset                
000061fb  __aeabi_memset4               
000061fb  __aeabi_memset8               
00006201  memset                        
00006353  __aeabi_d2f                   
000063c1  __TI_decompress_lzss          
00006429  frexp                         
00006429  frexpl                        
000064e3  __TI_ltoa                     
00006589  atoi                          
000065d5  __aeabi_d2iz                  
0000661d  __TI_auto_init_nobinit_nopinit
00006661  sprintf                       
000066a1  vsnprintf                     
00006721  calloc                        
00006759  __aeabi_f2d                   
00006791  IntRegister                   
000067c5  _c_int00_noargs               
00006829  __aeabi_i2d                   
00006881  __aeabi_ui2d                  
000068a1  __TI_zero_init_nomemset       
000068d9  memccpy                       
000068f5  copysign                      
000068f5  copysignl                     
0000693f  oi_parseInt                   
00006957  strcmp                        
0000696f  strchr                        
00006985  strcpy                        
00006999  strlen                        
000069ad  wcslen                        
000069bf  IntMasterEnable               
000069cf  lcd_clear                     
000069df  __TI_decompress_none          
000069ed  CPUcpsie                      
000069f9  ResetISR                      
00006a11  __aeabi_errno_addr            
00006a19  malloc                        
00006a21  _system_pre_init              
00006a25  C$$EXIT                       
00006a25  abort                         
00006b80  _ctypes_                      
00006d74  __TI_Handler_Table_Base       
00006d80  __TI_Handler_Table_Limit      
00006d90  __TI_CINIT_Base               
00006da8  __TI_CINIT_Limit              
20000000  __start___llvm_prf_cnts       
20000000  __stop___llvm_prf_cnts        
20000000  g_pfnRAMVectors               
20000270  __stack                       
20000470  __STACK_TOP                   
20001270  __STACK_END                   
20001270  _sys_memory                   
200022dc  _timeout_ticks                
200022e0  isr_int_value                 
200022e4  left_calibration_value        
200022e8  right_calibration_value       
200022ec  motor_cal_factor_L            
200022f0  motor_cal_factor_R            
2000230c  START_TIME                    
20002310  END_TIME                      
20002314  STATE                         
20002318  overflow_count                
2000231c  _lock                         
20002320  _unlock                       
2000232c  command_byte                  
20002330  command_flag                  
20002334  cyBOT_scan_features           
20002338  errno                         
2000233c  _running                      
ffffffff  __TI_pprof_out_hndl           
ffffffff  __TI_prof_data_size           
ffffffff  __TI_prof_data_start          
ffffffff  __binit__                     
ffffffff  __c_args__                    
ffffffff  binit                         
UNDEFED   __mpu_init                    
UNDEFED   _system_post_cinit            

[194 symbols]
