<?xml version="1.0" encoding="ISO-8859-1" ?>
<link_info>
   <banner>TI ARM Linker PC v20.2.6.LTS</banner>
   <copyright>Copyright (c) 1996-2018 Texas Instruments Incorporated</copyright>
   <link_time>0x643df0ff</link_time>
   <link_errors>0x0</link_errors>
   <output_file>FinalProject.out</output_file>
   <entry_point>
      <name>_c_int00_noargs</name>
      <address>0x67c5</address>
   </entry_point>
   <input_file_list>
      <input_file id="fl-2">
         <path>.\</path>
         <kind>object</kind>
         <file>FinalProjmain.obj</file>
         <name>FinalProjmain.obj</name>
      </input_file>
      <input_file id="fl-3">
         <path>.\</path>
         <kind>object</kind>
         <file>Timer.obj</file>
         <name>Timer.obj</name>
      </input_file>
      <input_file id="fl-4">
         <path>.\</path>
         <kind>object</kind>
         <file>adc.obj</file>
         <name>adc.obj</name>
      </input_file>
      <input_file id="fl-5">
         <path>.\</path>
         <kind>object</kind>
         <file>button.obj</file>
         <name>button.obj</name>
      </input_file>
      <input_file id="fl-6">
         <path>.\</path>
         <kind>object</kind>
         <file>lcd.obj</file>
         <name>lcd.obj</name>
      </input_file>
      <input_file id="fl-7">
         <path>.\</path>
         <kind>object</kind>
         <file>main.obj</file>
         <name>main.obj</name>
      </input_file>
      <input_file id="fl-8">
         <path>.\</path>
         <kind>object</kind>
         <file>movement.obj</file>
         <name>movement.obj</name>
      </input_file>
      <input_file id="fl-9">
         <path>.\</path>
         <kind>object</kind>
         <file>open_interface.obj</file>
         <name>open_interface.obj</name>
      </input_file>
      <input_file id="fl-a">
         <path>.\</path>
         <kind>object</kind>
         <file>ping.obj</file>
         <name>ping.obj</name>
      </input_file>
      <input_file id="fl-b">
         <path>.\</path>
         <kind>object</kind>
         <file>servo.obj</file>
         <name>servo.obj</name>
      </input_file>
      <input_file id="fl-c">
         <path>.\</path>
         <kind>object</kind>
         <file>tm4c123gh6pm_startup_ccs.obj</file>
         <name>tm4c123gh6pm_startup_ccs.obj</name>
      </input_file>
      <input_file id="fl-d">
         <path>.\</path>
         <kind>object</kind>
         <file>uart-interrupt.obj</file>
         <name>uart-interrupt.obj</name>
      </input_file>
      <input_file id="fl-e">
         <path>.\</path>
         <kind>object</kind>
         <file>uart.obj</file>
         <name>uart.obj</name>
      </input_file>
      <input_file id="fl-15">
         <kind>object</kind>
         <file>&lt;internal&gt;</file>
         <name>&lt;internal&gt;</name>
      </input_file>
      <input_file id="fl-16">
         <path>..\</path>
         <kind>archive</kind>
         <file>libcybotScan.lib</file>
         <name>cyBot_Scan.obj</name>
      </input_file>
      <input_file id="fl-17">
         <path>..\</path>
         <kind>archive</kind>
         <file>libcybotScan.lib</file>
         <name>ir.obj</name>
      </input_file>
      <input_file id="fl-18">
         <path>..\</path>
         <kind>archive</kind>
         <file>libcybotScan.lib</file>
         <name>servo.obj</name>
      </input_file>
      <input_file id="fl-ce">
         <path>C:\ti\ccs1200\ccs\tools\compiler\ti-cgt-arm_20.2.6.LTS\lib\</path>
         <kind>archive</kind>
         <file>rtsv7M4_T_le_v4SPD16_eabi.lib</file>
         <name>e_pow.c.obj</name>
      </input_file>
      <input_file id="fl-cf">
         <path>C:\ti\ccs1200\ccs\tools\compiler\ti-cgt-arm_20.2.6.LTS\lib\</path>
         <kind>archive</kind>
         <file>rtsv7M4_T_le_v4SPD16_eabi.lib</file>
         <name>e_sqrt.c.obj</name>
      </input_file>
      <input_file id="fl-d0">
         <path>C:\ti\ccs1200\ccs\tools\compiler\ti-cgt-arm_20.2.6.LTS\lib\</path>
         <kind>archive</kind>
         <file>rtsv7M4_T_le_v4SPD16_eabi.lib</file>
         <name>s_scalbn.c.obj</name>
      </input_file>
      <input_file id="fl-d1">
         <path>C:\ti\ccs1200\ccs\tools\compiler\ti-cgt-arm_20.2.6.LTS\lib\</path>
         <kind>archive</kind>
         <file>rtsv7M4_T_le_v4SPD16_eabi.lib</file>
         <name>s_tan.c.obj</name>
      </input_file>
      <input_file id="fl-d2">
         <path>C:\ti\ccs1200\ccs\tools\compiler\ti-cgt-arm_20.2.6.LTS\lib\</path>
         <kind>archive</kind>
         <file>rtsv7M4_T_le_v4SPD16_eabi.lib</file>
         <name>s_copysign.c.obj</name>
      </input_file>
      <input_file id="fl-d3">
         <path>C:\ti\ccs1200\ccs\tools\compiler\ti-cgt-arm_20.2.6.LTS\lib\</path>
         <kind>archive</kind>
         <file>rtsv7M4_T_le_v4SPD16_eabi.lib</file>
         <name>sprintf.c.obj</name>
      </input_file>
      <input_file id="fl-d4">
         <path>C:\ti\ccs1200\ccs\tools\compiler\ti-cgt-arm_20.2.6.LTS\lib\</path>
         <kind>archive</kind>
         <file>rtsv7M4_T_le_v4SPD16_eabi.lib</file>
         <name>vsnprintf.c.obj</name>
      </input_file>
      <input_file id="fl-d5">
         <path>C:\ti\ccs1200\ccs\tools\compiler\ti-cgt-arm_20.2.6.LTS\lib\</path>
         <kind>archive</kind>
         <file>rtsv7M4_T_le_v4SPD16_eabi.lib</file>
         <name>fd_add_t2.asm.obj</name>
      </input_file>
      <input_file id="fl-d6">
         <path>C:\ti\ccs1200\ccs\tools\compiler\ti-cgt-arm_20.2.6.LTS\lib\</path>
         <kind>archive</kind>
         <file>rtsv7M4_T_le_v4SPD16_eabi.lib</file>
         <name>fd_cmp_t2.asm.obj</name>
      </input_file>
      <input_file id="fl-d7">
         <path>C:\ti\ccs1200\ccs\tools\compiler\ti-cgt-arm_20.2.6.LTS\lib\</path>
         <kind>archive</kind>
         <file>rtsv7M4_T_le_v4SPD16_eabi.lib</file>
         <name>fd_div_t2.asm.obj</name>
      </input_file>
      <input_file id="fl-d8">
         <path>C:\ti\ccs1200\ccs\tools\compiler\ti-cgt-arm_20.2.6.LTS\lib\</path>
         <kind>archive</kind>
         <file>rtsv7M4_T_le_v4SPD16_eabi.lib</file>
         <name>fd_mul_t2.asm.obj</name>
      </input_file>
      <input_file id="fl-d9">
         <path>C:\ti\ccs1200\ccs\tools\compiler\ti-cgt-arm_20.2.6.LTS\lib\</path>
         <kind>archive</kind>
         <file>rtsv7M4_T_le_v4SPD16_eabi.lib</file>
         <name>fd_toi_t2.asm.obj</name>
      </input_file>
      <input_file id="fl-da">
         <path>C:\ti\ccs1200\ccs\tools\compiler\ti-cgt-arm_20.2.6.LTS\lib\</path>
         <kind>archive</kind>
         <file>rtsv7M4_T_le_v4SPD16_eabi.lib</file>
         <name>fd_tos_t2.asm.obj</name>
      </input_file>
      <input_file id="fl-db">
         <path>C:\ti\ccs1200\ccs\tools\compiler\ti-cgt-arm_20.2.6.LTS\lib\</path>
         <kind>archive</kind>
         <file>rtsv7M4_T_le_v4SPD16_eabi.lib</file>
         <name>fs_tod_t2.asm.obj</name>
      </input_file>
      <input_file id="fl-dc">
         <path>C:\ti\ccs1200\ccs\tools\compiler\ti-cgt-arm_20.2.6.LTS\lib\</path>
         <kind>archive</kind>
         <file>rtsv7M4_T_le_v4SPD16_eabi.lib</file>
         <name>i_tofd_t2.asm.obj</name>
      </input_file>
      <input_file id="fl-dd">
         <path>C:\ti\ccs1200\ccs\tools\compiler\ti-cgt-arm_20.2.6.LTS\lib\</path>
         <kind>archive</kind>
         <file>rtsv7M4_T_le_v4SPD16_eabi.lib</file>
         <name>memcpy_t2.asm.obj</name>
      </input_file>
      <input_file id="fl-de">
         <path>C:\ti\ccs1200\ccs\tools\compiler\ti-cgt-arm_20.2.6.LTS\lib\</path>
         <kind>archive</kind>
         <file>rtsv7M4_T_le_v4SPD16_eabi.lib</file>
         <name>u_tofd_t2.asm.obj</name>
      </input_file>
      <input_file id="fl-df">
         <path>C:\ti\ccs1200\ccs\tools\compiler\ti-cgt-arm_20.2.6.LTS\lib\</path>
         <kind>archive</kind>
         <file>rtsv7M4_T_le_v4SPD16_eabi.lib</file>
         <name>copy_zero_init.c.obj</name>
      </input_file>
      <input_file id="fl-e0">
         <path>C:\ti\ccs1200\ccs\tools\compiler\ti-cgt-arm_20.2.6.LTS\lib\</path>
         <kind>archive</kind>
         <file>rtsv7M4_T_le_v4SPD16_eabi.lib</file>
         <name>copy_decompress_none.c.obj</name>
      </input_file>
      <input_file id="fl-e1">
         <path>C:\ti\ccs1200\ccs\tools\compiler\ti-cgt-arm_20.2.6.LTS\lib\</path>
         <kind>archive</kind>
         <file>rtsv7M4_T_le_v4SPD16_eabi.lib</file>
         <name>copy_decompress_lzss.c.obj</name>
      </input_file>
      <input_file id="fl-e2">
         <path>C:\ti\ccs1200\ccs\tools\compiler\ti-cgt-arm_20.2.6.LTS\lib\</path>
         <kind>archive</kind>
         <file>rtsv7M4_T_le_v4SPD16_eabi.lib</file>
         <name>k_rem_pio2.c.obj</name>
      </input_file>
      <input_file id="fl-e3">
         <path>C:\ti\ccs1200\ccs\tools\compiler\ti-cgt-arm_20.2.6.LTS\lib\</path>
         <kind>archive</kind>
         <file>rtsv7M4_T_le_v4SPD16_eabi.lib</file>
         <name>memory.c.obj</name>
      </input_file>
      <input_file id="fl-e4">
         <path>C:\ti\ccs1200\ccs\tools\compiler\ti-cgt-arm_20.2.6.LTS\lib\</path>
         <kind>archive</kind>
         <file>rtsv7M4_T_le_v4SPD16_eabi.lib</file>
         <name>strcmp.c.obj</name>
      </input_file>
      <input_file id="fl-e5">
         <path>C:\ti\ccs1200\ccs\tools\compiler\ti-cgt-arm_20.2.6.LTS\lib\</path>
         <kind>archive</kind>
         <file>rtsv7M4_T_le_v4SPD16_eabi.lib</file>
         <name>strcpy.c.obj</name>
      </input_file>
      <input_file id="fl-e6">
         <path>C:\ti\ccs1200\ccs\tools\compiler\ti-cgt-arm_20.2.6.LTS\lib\</path>
         <kind>archive</kind>
         <file>rtsv7M4_T_le_v4SPD16_eabi.lib</file>
         <name>strlen.c.obj</name>
      </input_file>
      <input_file id="fl-e7">
         <path>C:\ti\ccs1200\ccs\tools\compiler\ti-cgt-arm_20.2.6.LTS\lib\</path>
         <kind>archive</kind>
         <file>rtsv7M4_T_le_v4SPD16_eabi.lib</file>
         <name>errno.c.obj</name>
      </input_file>
      <input_file id="fl-e8">
         <path>C:\ti\ccs1200\ccs\tools\compiler\ti-cgt-arm_20.2.6.LTS\lib\</path>
         <kind>archive</kind>
         <file>rtsv7M4_T_le_v4SPD16_eabi.lib</file>
         <name>boot_cortex_m.c.obj</name>
      </input_file>
      <input_file id="fl-e9">
         <path>C:\ti\ccs1200\ccs\tools\compiler\ti-cgt-arm_20.2.6.LTS\lib\</path>
         <kind>archive</kind>
         <file>rtsv7M4_T_le_v4SPD16_eabi.lib</file>
         <name>k_tan.c.obj</name>
      </input_file>
      <input_file id="fl-ea">
         <path>C:\ti\ccs1200\ccs\tools\compiler\ti-cgt-arm_20.2.6.LTS\lib\</path>
         <kind>archive</kind>
         <file>rtsv7M4_T_le_v4SPD16_eabi.lib</file>
         <name>s_floor.c.obj</name>
      </input_file>
      <input_file id="fl-eb">
         <path>C:\ti\ccs1200\ccs\tools\compiler\ti-cgt-arm_20.2.6.LTS\lib\</path>
         <kind>archive</kind>
         <file>rtsv7M4_T_le_v4SPD16_eabi.lib</file>
         <name>_printfi.c.obj</name>
      </input_file>
      <input_file id="fl-ec">
         <path>C:\ti\ccs1200\ccs\tools\compiler\ti-cgt-arm_20.2.6.LTS\lib\</path>
         <kind>archive</kind>
         <file>rtsv7M4_T_le_v4SPD16_eabi.lib</file>
         <name>memset_t2.asm.obj</name>
      </input_file>
      <input_file id="fl-ed">
         <path>C:\ti\ccs1200\ccs\tools\compiler\ti-cgt-arm_20.2.6.LTS\lib\</path>
         <kind>archive</kind>
         <file>rtsv7M4_T_le_v4SPD16_eabi.lib</file>
         <name>ull_div_t2.asm.obj</name>
      </input_file>
      <input_file id="fl-ee">
         <path>C:\ti\ccs1200\ccs\tools\compiler\ti-cgt-arm_20.2.6.LTS\lib\</path>
         <kind>archive</kind>
         <file>rtsv7M4_T_le_v4SPD16_eabi.lib</file>
         <name>autoinit.c.obj</name>
      </input_file>
      <input_file id="fl-ef">
         <path>C:\ti\ccs1200\ccs\tools\compiler\ti-cgt-arm_20.2.6.LTS\lib\</path>
         <kind>archive</kind>
         <file>rtsv7M4_T_le_v4SPD16_eabi.lib</file>
         <name>pre_init.c.obj</name>
      </input_file>
      <input_file id="fl-f0">
         <path>C:\ti\ccs1200\ccs\tools\compiler\ti-cgt-arm_20.2.6.LTS\lib\</path>
         <kind>archive</kind>
         <file>rtsv7M4_T_le_v4SPD16_eabi.lib</file>
         <name>cpy_tbl.c.obj</name>
      </input_file>
      <input_file id="fl-f1">
         <path>C:\ti\ccs1200\ccs\tools\compiler\ti-cgt-arm_20.2.6.LTS\lib\</path>
         <kind>archive</kind>
         <file>rtsv7M4_T_le_v4SPD16_eabi.lib</file>
         <name>exit.c.obj</name>
      </input_file>
      <input_file id="fl-f2">
         <path>C:\ti\ccs1200\ccs\tools\compiler\ti-cgt-arm_20.2.6.LTS\lib\</path>
         <kind>archive</kind>
         <file>rtsv7M4_T_le_v4SPD16_eabi.lib</file>
         <name>_lock.c.obj</name>
      </input_file>
      <input_file id="fl-f3">
         <path>C:\ti\ccs1200\ccs\tools\compiler\ti-cgt-arm_20.2.6.LTS\lib\</path>
         <kind>archive</kind>
         <file>rtsv7M4_T_le_v4SPD16_eabi.lib</file>
         <name>_ltoa.c.obj</name>
      </input_file>
      <input_file id="fl-f4">
         <path>C:\ti\ccs1200\ccs\tools\compiler\ti-cgt-arm_20.2.6.LTS\lib\</path>
         <kind>archive</kind>
         <file>rtsv7M4_T_le_v4SPD16_eabi.lib</file>
         <name>args_main.c.obj</name>
      </input_file>
      <input_file id="fl-f5">
         <path>C:\ti\ccs1200\ccs\tools\compiler\ti-cgt-arm_20.2.6.LTS\lib\</path>
         <kind>archive</kind>
         <file>rtsv7M4_T_le_v4SPD16_eabi.lib</file>
         <name>atoi.c.obj</name>
      </input_file>
      <input_file id="fl-f6">
         <path>C:\ti\ccs1200\ccs\tools\compiler\ti-cgt-arm_20.2.6.LTS\lib\</path>
         <kind>archive</kind>
         <file>rtsv7M4_T_le_v4SPD16_eabi.lib</file>
         <name>ctype.c.obj</name>
      </input_file>
      <input_file id="fl-f7">
         <path>C:\ti\ccs1200\ccs\tools\compiler\ti-cgt-arm_20.2.6.LTS\lib\</path>
         <kind>archive</kind>
         <file>rtsv7M4_T_le_v4SPD16_eabi.lib</file>
         <name>memccpy.c.obj</name>
      </input_file>
      <input_file id="fl-f8">
         <path>C:\ti\ccs1200\ccs\tools\compiler\ti-cgt-arm_20.2.6.LTS\lib\</path>
         <kind>archive</kind>
         <file>rtsv7M4_T_le_v4SPD16_eabi.lib</file>
         <name>strchr.c.obj</name>
      </input_file>
      <input_file id="fl-f9">
         <path>C:\ti\ccs1200\ccs\tools\compiler\ti-cgt-arm_20.2.6.LTS\lib\</path>
         <kind>archive</kind>
         <file>rtsv7M4_T_le_v4SPD16_eabi.lib</file>
         <name>s_frexp.c.obj</name>
      </input_file>
      <input_file id="fl-fa">
         <path>C:\ti\ccs1200\ccs\tools\compiler\ti-cgt-arm_20.2.6.LTS\lib\</path>
         <kind>archive</kind>
         <file>rtsv7M4_T_le_v4SPD16_eabi.lib</file>
         <name>wcslen.c.obj</name>
      </input_file>
      <input_file id="fl-fb">
         <path>C:\ti\ccs1200\ccs\tools\compiler\ti-cgt-arm_20.2.6.LTS\lib\</path>
         <kind>archive</kind>
         <file>rtsv7M4_T_le_v4SPD16_eabi.lib</file>
         <name>div0.asm.obj</name>
      </input_file>
      <input_file id="fl-fc">
         <path>C:\ti\TivaWare_C_Series-2.2.0.295\driverlib\ccs\Debug\</path>
         <kind>archive</kind>
         <file>driverlib.lib</file>
         <name>interrupt.obj</name>
      </input_file>
      <input_file id="fl-fd">
         <path>C:\ti\TivaWare_C_Series-2.2.0.295\driverlib\ccs\Debug\</path>
         <kind>archive</kind>
         <file>driverlib.lib</file>
         <name>cpu.obj</name>
      </input_file>
   </input_file_list>
   <object_component_list>
      <object_component id="oc-12">
         <name>.intvecs</name>
         <load_address>0x0</load_address>
         <run_address>0x0</run_address>
         <size>0x26c</size>
         <input_file_ref idref="fl-c"/>
      </object_component>
      <object_component id="oc-120">
         <name>.text</name>
         <load_address>0x26c</load_address>
         <run_address>0x26c</run_address>
         <size>0xc20</size>
         <input_file_ref idref="fl-9"/>
      </object_component>
      <object_component id="oc-182">
         <name>.text:__TI_printfi</name>
         <load_address>0xe8c</load_address>
         <run_address>0xe8c</run_address>
         <size>0xa4e</size>
         <input_file_ref idref="fl-eb"/>
      </object_component>
      <object_component id="oc-352">
         <name>.text:_nop</name>
         <load_address>0x18da</load_address>
         <run_address>0x18da</run_address>
         <size>0x2</size>
         <input_file_ref idref="fl-f2"/>
      </object_component>
      <object_component id="oc-1ce">
         <name>.text:pow</name>
         <load_address>0x18dc</load_address>
         <run_address>0x18dc</run_address>
         <size>0x9d0</size>
         <input_file_ref idref="fl-ce"/>
      </object_component>
      <object_component id="oc-a2">
         <name>.text</name>
         <load_address>0x22ac</load_address>
         <run_address>0x22ac</run_address>
         <size>0x8e0</size>
         <input_file_ref idref="fl-2"/>
      </object_component>
      <object_component id="oc-1e8">
         <name>.text:__kernel_rem_pio2</name>
         <load_address>0x2b8c</load_address>
         <run_address>0x2b8c</run_address>
         <size>0x738</size>
         <input_file_ref idref="fl-e2"/>
      </object_component>
      <object_component id="oc-103">
         <name>.text:tan</name>
         <load_address>0x32c4</load_address>
         <run_address>0x32c4</run_address>
         <size>0x508</size>
         <input_file_ref idref="fl-d1"/>
      </object_component>
      <object_component id="oc-10e">
         <name>.text</name>
         <load_address>0x37cc</load_address>
         <run_address>0x37cc</run_address>
         <size>0x3e0</size>
         <input_file_ref idref="fl-6"/>
      </object_component>
      <object_component id="oc-114">
         <name>.text</name>
         <load_address>0x3bac</load_address>
         <run_address>0x3bac</run_address>
         <size>0x344</size>
         <input_file_ref idref="fl-8"/>
      </object_component>
      <object_component id="oc-1ee">
         <name>.text:__kernel_tan</name>
         <load_address>0x3ef0</load_address>
         <run_address>0x3ef0</run_address>
         <size>0x31c</size>
         <input_file_ref idref="fl-e9"/>
      </object_component>
      <object_component id="oc-1b4">
         <name>.text</name>
         <load_address>0x420c</load_address>
         <run_address>0x420c</run_address>
         <size>0x2c4</size>
         <input_file_ref idref="fl-a"/>
      </object_component>
      <object_component id="oc-292">
         <name>.text:_pconv_a</name>
         <load_address>0x44d0</load_address>
         <run_address>0x44d0</run_address>
         <size>0x270</size>
         <input_file_ref idref="fl-eb"/>
      </object_component>
      <object_component id="oc-e3">
         <name>.text</name>
         <load_address>0x4740</load_address>
         <run_address>0x4740</run_address>
         <size>0x260</size>
         <input_file_ref idref="fl-16"/>
      </object_component>
      <object_component id="oc-11a">
         <name>.text</name>
         <load_address>0x49a0</load_address>
         <run_address>0x49a0</run_address>
         <size>0x248</size>
         <input_file_ref idref="fl-3"/>
      </object_component>
      <object_component id="oc-dd">
         <name>.text</name>
         <load_address>0x4be8</load_address>
         <run_address>0x4be8</run_address>
         <size>0x1f8</size>
         <input_file_ref idref="fl-d"/>
      </object_component>
      <object_component id="oc-280">
         <name>.text:_pconv_g</name>
         <load_address>0x4de0</load_address>
         <run_address>0x4de0</run_address>
         <size>0x1d0</size>
         <input_file_ref idref="fl-eb"/>
      </object_component>
      <object_component id="oc-1e3">
         <name>.text</name>
         <load_address>0x4fb0</load_address>
         <run_address>0x4fb0</run_address>
         <size>0x1b6</size>
         <input_file_ref idref="fl-d5"/>
      </object_component>
      <object_component id="oc-41e">
         <name>.text</name>
         <load_address>0x5166</load_address>
         <run_address>0x5166</run_address>
         <size>0x2</size>
         <input_file_ref idref="fl-fb"/>
      </object_component>
      <object_component id="oc-e9">
         <name>.text</name>
         <load_address>0x5168</load_address>
         <run_address>0x5168</run_address>
         <size>0x158</size>
         <input_file_ref idref="fl-4"/>
      </object_component>
      <object_component id="oc-1ae">
         <name>.text</name>
         <load_address>0x52c0</load_address>
         <run_address>0x52c0</run_address>
         <size>0x158</size>
         <input_file_ref idref="fl-18"/>
      </object_component>
      <object_component id="oc-2d3">
         <name>.text:sqrt</name>
         <load_address>0x5418</load_address>
         <run_address>0x5418</run_address>
         <size>0x158</size>
         <input_file_ref idref="fl-cf"/>
      </object_component>
      <object_component id="oc-28c">
         <name>.text:_pconv_e</name>
         <load_address>0x5570</load_address>
         <run_address>0x5570</run_address>
         <size>0x13c</size>
         <input_file_ref idref="fl-eb"/>
      </object_component>
      <object_component id="oc-f9">
         <name>.text</name>
         <load_address>0x56ac</load_address>
         <run_address>0x56ac</run_address>
         <size>0x136</size>
         <input_file_ref idref="fl-d7"/>
      </object_component>
      <object_component id="oc-38f">
         <name>.text:fcvt</name>
         <load_address>0x57e4</load_address>
         <run_address>0x57e4</run_address>
         <size>0x124</size>
         <input_file_ref idref="fl-eb"/>
      </object_component>
      <object_component id="oc-1ba">
         <name>.text</name>
         <load_address>0x5908</load_address>
         <run_address>0x5908</run_address>
         <size>0x118</size>
         <input_file_ref idref="fl-17"/>
      </object_component>
      <object_component id="oc-2dc">
         <name>.text:scalbn</name>
         <load_address>0x5a20</load_address>
         <run_address>0x5a20</run_address>
         <size>0x110</size>
         <input_file_ref idref="fl-d0"/>
      </object_component>
      <object_component id="oc-3fe">
         <name>.text:aligned_alloc</name>
         <load_address>0x5b30</load_address>
         <run_address>0x5b30</run_address>
         <size>0x100</size>
         <input_file_ref idref="fl-e3"/>
      </object_component>
      <object_component id="oc-f4">
         <name>.text</name>
         <load_address>0x5c30</load_address>
         <run_address>0x5c30</run_address>
         <size>0xfc</size>
         <input_file_ref idref="fl-d8"/>
      </object_component>
      <object_component id="oc-2e8">
         <name>.text:floor</name>
         <load_address>0x5d2c</load_address>
         <run_address>0x5d2c</run_address>
         <size>0xf8</size>
         <input_file_ref idref="fl-ea"/>
      </object_component>
      <object_component id="oc-23a">
         <name>.text:free</name>
         <load_address>0x5e24</load_address>
         <run_address>0x5e24</run_address>
         <size>0xe4</size>
         <input_file_ref idref="fl-e3"/>
      </object_component>
      <object_component id="oc-27a">
         <name>.text:_ltostr</name>
         <load_address>0x5f08</load_address>
         <run_address>0x5f08</run_address>
         <size>0xb1</size>
         <input_file_ref idref="fl-eb"/>
      </object_component>
      <object_component id="oc-3e">
         <name>.text</name>
         <load_address>0x5fba</load_address>
         <run_address>0x5fba</run_address>
         <size>0x9c</size>
         <input_file_ref idref="fl-dd"/>
      </object_component>
      <object_component id="oc-376">
         <name>.text</name>
         <load_address>0x6056</load_address>
         <run_address>0x6056</run_address>
         <size>0x96</size>
         <input_file_ref idref="fl-ed"/>
      </object_component>
      <object_component id="oc-109">
         <name>.text:__aeabi_cdcmple</name>
         <load_address>0x60ec</load_address>
         <run_address>0x60ec</run_address>
         <size>0x86</size>
         <input_file_ref idref="fl-d6"/>
      </object_component>
      <object_component id="oc-226">
         <name>.text:__aeabi_cdrcmple</name>
         <load_address>0x6172</load_address>
         <run_address>0x6172</run_address>
         <size>0x86</size>
         <input_file_ref idref="fl-d6"/>
      </object_component>
      <object_component id="oc-96">
         <name>.text</name>
         <load_address>0x61f8</load_address>
         <run_address>0x61f8</run_address>
         <size>0x7a</size>
         <input_file_ref idref="fl-ec"/>
      </object_component>
      <object_component id="oc-449">
         <name>.text:split</name>
         <load_address>0x6274</load_address>
         <run_address>0x6274</run_address>
         <size>0x70</size>
         <input_file_ref idref="fl-e3"/>
      </object_component>
      <object_component id="oc-388">
         <name>.text:_mcpy</name>
         <load_address>0x62e4</load_address>
         <run_address>0x62e4</run_address>
         <size>0x6e</size>
         <input_file_ref idref="fl-eb"/>
      </object_component>
      <object_component id="oc-fe">
         <name>.text</name>
         <load_address>0x6352</load_address>
         <run_address>0x6352</run_address>
         <size>0x6e</size>
         <input_file_ref idref="fl-da"/>
      </object_component>
      <object_component id="oc-15">
         <name>.text:decompress:lzss:__TI_decompress_lzss</name>
         <load_address>0x63c0</load_address>
         <run_address>0x63c0</run_address>
         <size>0x68</size>
         <input_file_ref idref="fl-e1"/>
      </object_component>
      <object_component id="oc-39d">
         <name>.text:frexp</name>
         <load_address>0x6428</load_address>
         <run_address>0x6428</run_address>
         <size>0x64</size>
         <input_file_ref idref="fl-f9"/>
      </object_component>
      <object_component id="oc-286">
         <name>.text:_pconv_f</name>
         <load_address>0x648c</load_address>
         <run_address>0x648c</run_address>
         <size>0x56</size>
         <input_file_ref idref="fl-eb"/>
      </object_component>
      <object_component id="oc-37c">
         <name>.text:__TI_ltoa</name>
         <load_address>0x64e2</load_address>
         <run_address>0x64e2</run_address>
         <size>0x54</size>
         <input_file_ref idref="fl-f3"/>
      </object_component>
      <object_component id="oc-382">
         <name>.text:_ecpy</name>
         <load_address>0x6536</load_address>
         <run_address>0x6536</run_address>
         <size>0x52</size>
         <input_file_ref idref="fl-eb"/>
      </object_component>
      <object_component id="oc-274">
         <name>.text:atoi</name>
         <load_address>0x6588</load_address>
         <run_address>0x6588</run_address>
         <size>0x4c</size>
         <input_file_ref idref="fl-f5"/>
      </object_component>
      <object_component id="oc-1d9">
         <name>.text</name>
         <load_address>0x65d4</load_address>
         <run_address>0x65d4</run_address>
         <size>0x48</size>
         <input_file_ref idref="fl-d9"/>
      </object_component>
      <object_component id="oc-13f">
         <name>.text:__TI_auto_init_nobinit_nopinit:__TI_auto_init_nobinit_nopinit</name>
         <load_address>0x661c</load_address>
         <run_address>0x661c</run_address>
         <size>0x44</size>
         <input_file_ref idref="fl-ee"/>
      </object_component>
      <object_component id="oc-d7">
         <name>.text:sprintf</name>
         <load_address>0x6660</load_address>
         <run_address>0x6660</run_address>
         <size>0x40</size>
         <input_file_ref idref="fl-d3"/>
      </object_component>
      <object_component id="oc-209">
         <name>.text:vsnprintf</name>
         <load_address>0x66a0</load_address>
         <run_address>0x66a0</run_address>
         <size>0x40</size>
         <input_file_ref idref="fl-d4"/>
      </object_component>
      <object_component id="oc-395">
         <name>.text:_fcpy</name>
         <load_address>0x66e0</load_address>
         <run_address>0x66e0</run_address>
         <size>0x3e</size>
         <input_file_ref idref="fl-eb"/>
      </object_component>
      <object_component id="oc-234">
         <name>.text:calloc</name>
         <load_address>0x6720</load_address>
         <run_address>0x6720</run_address>
         <size>0x38</size>
         <input_file_ref idref="fl-e3"/>
      </object_component>
      <object_component id="oc-ef">
         <name>.text</name>
         <load_address>0x6758</load_address>
         <run_address>0x6758</run_address>
         <size>0x38</size>
         <input_file_ref idref="fl-db"/>
      </object_component>
      <object_component id="oc-19b">
         <name>.text:IntRegister</name>
         <load_address>0x6790</load_address>
         <run_address>0x6790</run_address>
         <size>0x34</size>
         <input_file_ref idref="fl-fc"/>
      </object_component>
      <object_component id="oc-5c">
         <name>.text:_c_int00_noargs:_c_int00_noargs</name>
         <load_address>0x67c4</load_address>
         <run_address>0x67c4</run_address>
         <size>0x34</size>
         <input_file_ref idref="fl-e8"/>
      </object_component>
      <object_component id="oc-30a">
         <name>.text:_outs</name>
         <load_address>0x67f8</load_address>
         <run_address>0x67f8</run_address>
         <size>0x30</size>
         <input_file_ref idref="fl-d4"/>
      </object_component>
      <object_component id="oc-1de">
         <name>.text</name>
         <load_address>0x6828</load_address>
         <run_address>0x6828</run_address>
         <size>0x2e</size>
         <input_file_ref idref="fl-dc"/>
      </object_component>
      <object_component id="oc-343">
         <name>.text:free_list_insert</name>
         <load_address>0x6858</load_address>
         <run_address>0x6858</run_address>
         <size>0x28</size>
         <input_file_ref idref="fl-e3"/>
      </object_component>
      <object_component id="oc-1c9">
         <name>.text</name>
         <load_address>0x6880</load_address>
         <run_address>0x6880</run_address>
         <size>0x20</size>
         <input_file_ref idref="fl-de"/>
      </object_component>
      <object_component id="oc-4a">
         <name>.text:decompress:ZI:__TI_zero_init_nomemset:__TI_zero_init_nomemset</name>
         <load_address>0x68a0</load_address>
         <run_address>0x68a0</run_address>
         <size>0x1c</size>
         <input_file_ref idref="fl-df"/>
      </object_component>
      <object_component id="oc-33d">
         <name>.text:free_list_remove</name>
         <load_address>0x68bc</load_address>
         <run_address>0x68bc</run_address>
         <size>0x1c</size>
         <input_file_ref idref="fl-e3"/>
      </object_component>
      <object_component id="oc-298">
         <name>.text:memccpy</name>
         <load_address>0x68d8</load_address>
         <run_address>0x68d8</run_address>
         <size>0x1c</size>
         <input_file_ref idref="fl-f7"/>
      </object_component>
      <object_component id="oc-3d7">
         <name>.text:copysign</name>
         <load_address>0x68f4</load_address>
         <run_address>0x68f4</run_address>
         <size>0x1a</size>
         <input_file_ref idref="fl-d2"/>
      </object_component>
      <object_component id="oc-310">
         <name>.text:_outc</name>
         <load_address>0x690e</load_address>
         <run_address>0x690e</run_address>
         <size>0x18</size>
         <input_file_ref idref="fl-d4"/>
      </object_component>
      <object_component id="oc-188">
         <name>.text:_outs</name>
         <load_address>0x6926</load_address>
         <run_address>0x6926</run_address>
         <size>0x18</size>
         <input_file_ref idref="fl-d3"/>
      </object_component>
      <object_component id="oc-240">
         <name>.text:oi_parseInt</name>
         <load_address>0x693e</load_address>
         <run_address>0x693e</run_address>
         <size>0x18</size>
         <input_file_ref idref="fl-9"/>
      </object_component>
      <object_component id="oc-20f">
         <name>.text:strcmp</name>
         <load_address>0x6956</load_address>
         <run_address>0x6956</run_address>
         <size>0x18</size>
         <input_file_ref idref="fl-e4"/>
      </object_component>
      <object_component id="oc-3a3">
         <name>.text:strchr</name>
         <load_address>0x696e</load_address>
         <run_address>0x696e</run_address>
         <size>0x16</size>
         <input_file_ref idref="fl-f8"/>
      </object_component>
      <object_component id="oc-215">
         <name>.text:strcpy</name>
         <load_address>0x6984</load_address>
         <run_address>0x6984</run_address>
         <size>0x14</size>
         <input_file_ref idref="fl-e5"/>
      </object_component>
      <object_component id="oc-21b">
         <name>.text:strlen</name>
         <load_address>0x6998</load_address>
         <run_address>0x6998</run_address>
         <size>0x14</size>
         <input_file_ref idref="fl-e6"/>
      </object_component>
      <object_component id="oc-29e">
         <name>.text:wcslen</name>
         <load_address>0x69ac</load_address>
         <run_address>0x69ac</run_address>
         <size>0x12</size>
         <input_file_ref idref="fl-fa"/>
      </object_component>
      <object_component id="oc-1a1">
         <name>.text:IntMasterEnable</name>
         <load_address>0x69be</load_address>
         <run_address>0x69be</run_address>
         <size>0x10</size>
         <input_file_ref idref="fl-fc"/>
      </object_component>
      <object_component id="oc-202">
         <name>.text:lcd_clear</name>
         <load_address>0x69ce</load_address>
         <run_address>0x69ce</run_address>
         <size>0x10</size>
         <input_file_ref idref="fl-6"/>
      </object_component>
      <object_component id="oc-1b">
         <name>.text:decompress:none:__TI_decompress_none</name>
         <load_address>0x69de</load_address>
         <run_address>0x69de</run_address>
         <size>0xe</size>
         <input_file_ref idref="fl-e0"/>
      </object_component>
      <object_component id="oc-2be">
         <name>.text:CPUcpsie</name>
         <load_address>0x69ec</load_address>
         <run_address>0x69ec</run_address>
         <size>0xc</size>
         <input_file_ref idref="fl-fd"/>
      </object_component>
      <object_component id="oc-2a">
         <name>.text</name>
         <load_address>0x69f8</load_address>
         <run_address>0x69f8</run_address>
         <size>0xc</size>
         <input_file_ref idref="fl-c"/>
      </object_component>
      <object_component id="oc-18e">
         <name>.text:_outc</name>
         <load_address>0x6a04</load_address>
         <run_address>0x6a04</run_address>
         <size>0xa</size>
         <input_file_ref idref="fl-d3"/>
      </object_component>
      <object_component id="oc-1f4">
         <name>.text:__aeabi_errno_addr</name>
         <load_address>0x6a10</load_address>
         <run_address>0x6a10</run_address>
         <size>0x8</size>
         <input_file_ref idref="fl-e7"/>
      </object_component>
      <object_component id="oc-336">
         <name>.text:malloc</name>
         <load_address>0x6a18</load_address>
         <run_address>0x6a18</run_address>
         <size>0x8</size>
         <input_file_ref idref="fl-e3"/>
      </object_component>
      <object_component id="oc-9c">
         <name>.text:_system_pre_init</name>
         <load_address>0x6a20</load_address>
         <run_address>0x6a20</run_address>
         <size>0x4</size>
         <input_file_ref idref="fl-ef"/>
      </object_component>
      <object_component id="oc-133">
         <name>.text:abort:abort</name>
         <load_address>0x6a24</load_address>
         <run_address>0x6a24</run_address>
         <size>0x4</size>
         <input_file_ref idref="fl-f1"/>
      </object_component>
      <object_component id="oc-2ee">
         <name>.const:$O1$$</name>
         <load_address>0x6a28</load_address>
         <run_address>0x6a28</run_address>
         <size>0x158</size>
         <input_file_ref idref="fl-e2"/>
      </object_component>
      <object_component id="oc-371">
         <name>.const:.string:_ctypes_</name>
         <load_address>0x6b80</load_address>
         <run_address>0x6b80</run_address>
         <size>0x101</size>
         <input_file_ref idref="fl-f6"/>
      </object_component>
      <object_component id="oc-221">
         <name>.const:.string:lineAddress$1</name>
         <load_address>0x6c81</load_address>
         <run_address>0x6c81</run_address>
         <size>0x4</size>
         <input_file_ref idref="fl-6"/>
      </object_component>
      <object_component id="oc-2f9">
         <name>.const:xxx</name>
         <load_address>0x6c88</load_address>
         <run_address>0x6c88</run_address>
         <size>0x80</size>
         <input_file_ref idref="fl-e9"/>
      </object_component>
      <object_component id="oc-2d9">
         <name>.const:$O1$$</name>
         <load_address>0x6d08</load_address>
         <run_address>0x6d08</run_address>
         <size>0x30</size>
         <input_file_ref idref="fl-ce"/>
      </object_component>
      <object_component id="oc-24a">
         <name>.const:.string:$P$T0$3</name>
         <load_address>0x6d38</load_address>
         <run_address>0x6d38</run_address>
         <size>0xf</size>
         <input_file_ref idref="fl-9"/>
      </object_component>
      <object_component id="oc-222">
         <name>.const:.string:lineAddresses$2</name>
         <load_address>0x6d47</load_address>
         <run_address>0x6d47</run_address>
         <size>0x4</size>
         <input_file_ref idref="fl-6"/>
      </object_component>
      <object_component id="oc-488">
         <name>.cinit..data.load</name>
         <load_address>0x6d50</load_address>
         <run_address>0x6d50</run_address>
         <size>0x24</size>
      </object_component>
      <object_component id="oc-485">
         <name>__TI_handler_table</name>
         <load_address>0x6d74</load_address>
         <run_address>0x6d74</run_address>
         <size>0xc</size>
      </object_component>
      <object_component id="oc-489">
         <name>.cinit..bss.load</name>
         <load_address>0x6d80</load_address>
         <run_address>0x6d80</run_address>
         <size>0x8</size>
      </object_component>
      <object_component id="oc-487">
         <name>.cinit..vtable.load</name>
         <load_address>0x6d88</load_address>
         <run_address>0x6d88</run_address>
         <size>0x8</size>
      </object_component>
      <object_component id="oc-486">
         <name>__TI_cinit_table</name>
         <load_address>0x6d90</load_address>
         <run_address>0x6d90</run_address>
         <size>0x18</size>
      </object_component>
      <object_component id="oc-2b4">
         <name>.vtable</name>
         <uninitialized>true</uninitialized>
         <run_address>0x20000000</run_address>
         <size>0x26c</size>
         <input_file_ref idref="fl-fc"/>
      </object_component>
      <object_component id="oc-22d">
         <name>.data</name>
         <load_address>0x2000233c</load_address>
         <run_address>0x2000233c</run_address>
         <size>0x1</size>
         <input_file_ref idref="fl-3"/>
      </object_component>
      <object_component id="oc-247">
         <name>.data</name>
         <load_address>0x200022ec</load_address>
         <run_address>0x200022ec</run_address>
         <size>0x20</size>
         <input_file_ref idref="fl-9"/>
      </object_component>
      <object_component id="oc-2c8">
         <name>.data</name>
         <load_address>0x2000230c</load_address>
         <run_address>0x2000230c</run_address>
         <size>0x10</size>
         <input_file_ref idref="fl-a"/>
      </object_component>
      <object_component id="oc-126">
         <name>.data</name>
         <load_address>0x2000232c</load_address>
         <run_address>0x2000232c</run_address>
         <size>0x8</size>
         <input_file_ref idref="fl-d"/>
      </object_component>
      <object_component id="oc-1c0">
         <name>.data</name>
         <load_address>0x20002334</load_address>
         <run_address>0x20002334</run_address>
         <size>0x4</size>
         <input_file_ref idref="fl-16"/>
      </object_component>
      <object_component id="oc-405">
         <name>.data:$O1$$</name>
         <load_address>0x20002324</load_address>
         <run_address>0x20002324</run_address>
         <size>0x8</size>
         <input_file_ref idref="fl-e3"/>
      </object_component>
      <object_component id="oc-2fe">
         <name>.data</name>
         <load_address>0x20002338</load_address>
         <run_address>0x20002338</run_address>
         <size>0x4</size>
         <input_file_ref idref="fl-e7"/>
      </object_component>
      <object_component id="oc-258">
         <name>.data:$O1$$</name>
         <load_address>0x2000231c</load_address>
         <run_address>0x2000231c</run_address>
         <size>0x8</size>
         <input_file_ref idref="fl-f2"/>
      </object_component>
      <object_component id="oc-223">
         <name>.bss:lastbuffer$3</name>
         <uninitialized>true</uninitialized>
         <run_address>0x20002270</run_address>
         <size>0x54</size>
         <input_file_ref idref="fl-6"/>
      </object_component>
      <object_component id="oc-24d">
         <name>.bss:firmware$2</name>
         <uninitialized>true</uninitialized>
         <run_address>0x200022c4</run_address>
         <size>0x18</size>
         <input_file_ref idref="fl-9"/>
      </object_component>
      <object_component id="oc-129">
         <name>.common:right_calibration_value</name>
         <uninitialized>true</uninitialized>
         <run_address>0x200022e8</run_address>
         <size>0x4</size>
      </object_component>
      <object_component id="oc-12c">
         <name>.common:left_calibration_value</name>
         <uninitialized>true</uninitialized>
         <run_address>0x200022e4</run_address>
         <size>0x4</size>
      </object_component>
      <object_component id="oc-230">
         <name>.common:_timeout_ticks</name>
         <uninitialized>true</uninitialized>
         <run_address>0x200022dc</run_address>
         <size>0x4</size>
      </object_component>
      <object_component id="oc-2cc">
         <name>.common:isr_int_value</name>
         <uninitialized>true</uninitialized>
         <run_address>0x200022e0</run_address>
         <size>0x4</size>
      </object_component>
      <object_component id="oc-24">
         <name>.sysmem</name>
         <uninitialized>true</uninitialized>
         <run_address>0x20001270</run_address>
         <size>0x10</size>
         <input_file_ref idref="fl-e3"/>
      </object_component>
      <object_component id="oc-48c">
         <name>.sysmem</name>
         <uninitialized>true</uninitialized>
         <run_address>0x20001270</run_address>
         <size>0x0</size>
      </object_component>
      <object_component id="oc-27">
         <name>.stack</name>
         <uninitialized>true</uninitialized>
         <run_address>0x20000270</run_address>
         <size>0x4</size>
         <input_file_ref idref="fl-e8"/>
      </object_component>
      <object_component id="oc-48b">
         <name>.stack</name>
         <uninitialized>true</uninitialized>
         <run_address>0x20000270</run_address>
         <size>0x0</size>
      </object_component>
      <object_component id="oc-c5">
         <name>.debug_info</name>
         <load_address>0x0</load_address>
         <run_address>0x0</run_address>
         <size>0x6d6</size>
         <input_file_ref idref="fl-2"/>
      </object_component>
      <object_component id="oc-a4">
         <name>.debug_info</name>
         <load_address>0x6d6</load_address>
         <run_address>0x6d6</run_address>
         <size>0x867</size>
         <input_file_ref idref="fl-2"/>
      </object_component>
      <object_component id="oc-12e">
         <name>.debug_info</name>
         <load_address>0xf3d</load_address>
         <run_address>0xf3d</run_address>
         <size>0x9d</size>
         <input_file_ref idref="fl-2"/>
      </object_component>
      <object_component id="oc-173">
         <name>.debug_info</name>
         <load_address>0xfda</load_address>
         <run_address>0xfda</run_address>
         <size>0x5aa</size>
         <input_file_ref idref="fl-2"/>
      </object_component>
      <object_component id="oc-178">
         <name>.debug_info</name>
         <load_address>0x1584</load_address>
         <run_address>0x1584</run_address>
         <size>0x86</size>
         <input_file_ref idref="fl-2"/>
      </object_component>
      <object_component id="oc-77">
         <name>.debug_info</name>
         <load_address>0x160a</load_address>
         <run_address>0x160a</run_address>
         <size>0x26b</size>
         <input_file_ref idref="fl-2"/>
      </object_component>
      <object_component id="oc-39">
         <name>.debug_info</name>
         <load_address>0x1875</load_address>
         <run_address>0x1875</run_address>
         <size>0x84</size>
         <input_file_ref idref="fl-2"/>
      </object_component>
      <object_component id="oc-c0">
         <name>.debug_info</name>
         <load_address>0x18f9</load_address>
         <run_address>0x18f9</run_address>
         <size>0x2a4</size>
         <input_file_ref idref="fl-2"/>
      </object_component>
      <object_component id="oc-7c">
         <name>.debug_info</name>
         <load_address>0x1b9d</load_address>
         <run_address>0x1b9d</run_address>
         <size>0xbb</size>
         <input_file_ref idref="fl-2"/>
      </object_component>
      <object_component id="oc-32a">
         <name>.debug_info</name>
         <load_address>0x1c58</load_address>
         <run_address>0x1c58</run_address>
         <size>0xcc</size>
         <input_file_ref idref="fl-2"/>
      </object_component>
      <object_component id="oc-196">
         <name>.debug_info</name>
         <load_address>0x1d24</load_address>
         <run_address>0x1d24</run_address>
         <size>0x2c</size>
         <input_file_ref idref="fl-2"/>
      </object_component>
      <object_component id="oc-17d">
         <name>.debug_info</name>
         <load_address>0x1d50</load_address>
         <run_address>0x1d50</run_address>
         <size>0x35</size>
         <input_file_ref idref="fl-2"/>
      </object_component>
      <object_component id="oc-231">
         <name>.debug_info</name>
         <load_address>0x1d85</load_address>
         <run_address>0x1d85</run_address>
         <size>0x2b9</size>
         <input_file_ref idref="fl-3"/>
      </object_component>
      <object_component id="oc-22e">
         <name>.debug_info</name>
         <load_address>0x203e</load_address>
         <run_address>0x203e</run_address>
         <size>0xc7</size>
         <input_file_ref idref="fl-3"/>
      </object_component>
      <object_component id="oc-11e">
         <name>.debug_info</name>
         <load_address>0x2105</load_address>
         <run_address>0x2105</run_address>
         <size>0x50f</size>
         <input_file_ref idref="fl-3"/>
      </object_component>
      <object_component id="oc-ea">
         <name>.debug_info</name>
         <load_address>0x2614</load_address>
         <run_address>0x2614</run_address>
         <size>0x209</size>
         <input_file_ref idref="fl-4"/>
      </object_component>
      <object_component id="oc-225">
         <name>.debug_info</name>
         <load_address>0x281d</load_address>
         <run_address>0x281d</run_address>
         <size>0x3b7</size>
         <input_file_ref idref="fl-6"/>
      </object_component>
      <object_component id="oc-203">
         <name>.debug_info</name>
         <load_address>0x2bd4</load_address>
         <run_address>0x2bd4</run_address>
         <size>0x11c</size>
         <input_file_ref idref="fl-6"/>
      </object_component>
      <object_component id="oc-10f">
         <name>.debug_info</name>
         <load_address>0x2cf0</load_address>
         <run_address>0x2cf0</run_address>
         <size>0x9bb</size>
         <input_file_ref idref="fl-6"/>
      </object_component>
      <object_component id="oc-22c">
         <name>.debug_info</name>
         <load_address>0x36ab</load_address>
         <run_address>0x36ab</run_address>
         <size>0x393</size>
         <input_file_ref idref="fl-8"/>
      </object_component>
      <object_component id="oc-115">
         <name>.debug_info</name>
         <load_address>0x3a3e</load_address>
         <run_address>0x3a3e</run_address>
         <size>0xa7a</size>
         <input_file_ref idref="fl-8"/>
      </object_component>
      <object_component id="oc-24f">
         <name>.debug_info</name>
         <load_address>0x44b8</load_address>
         <run_address>0x44b8</run_address>
         <size>0x404</size>
         <input_file_ref idref="fl-9"/>
      </object_component>
      <object_component id="oc-248">
         <name>.debug_info</name>
         <load_address>0x48bc</load_address>
         <run_address>0x48bc</run_address>
         <size>0x119</size>
         <input_file_ref idref="fl-9"/>
      </object_component>
      <object_component id="oc-24b">
         <name>.debug_info</name>
         <load_address>0x49d5</load_address>
         <run_address>0x49d5</run_address>
         <size>0xce</size>
         <input_file_ref idref="fl-9"/>
      </object_component>
      <object_component id="oc-242">
         <name>.debug_info</name>
         <load_address>0x4aa3</load_address>
         <run_address>0x4aa3</run_address>
         <size>0x146</size>
         <input_file_ref idref="fl-9"/>
      </object_component>
      <object_component id="oc-123">
         <name>.debug_info</name>
         <load_address>0x4be9</load_address>
         <run_address>0x4be9</run_address>
         <size>0x1990</size>
         <input_file_ref idref="fl-9"/>
      </object_component>
      <object_component id="oc-1a8">
         <name>.debug_info</name>
         <load_address>0x6579</load_address>
         <run_address>0x6579</run_address>
         <size>0x8b</size>
         <input_file_ref idref="fl-9"/>
      </object_component>
      <object_component id="oc-3d0">
         <name>.debug_info</name>
         <load_address>0x6604</load_address>
         <run_address>0x6604</run_address>
         <size>0x2f1</size>
         <input_file_ref idref="fl-a"/>
      </object_component>
      <object_component id="oc-2c9">
         <name>.debug_info</name>
         <load_address>0x68f5</load_address>
         <run_address>0x68f5</run_address>
         <size>0x133</size>
         <input_file_ref idref="fl-a"/>
      </object_component>
      <object_component id="oc-1b5">
         <name>.debug_info</name>
         <load_address>0x6a28</load_address>
         <run_address>0x6a28</run_address>
         <size>0x304</size>
         <input_file_ref idref="fl-a"/>
      </object_component>
      <object_component id="oc-43e">
         <name>.debug_info</name>
         <load_address>0x6d2c</load_address>
         <run_address>0x6d2c</run_address>
         <size>0x44</size>
         <input_file_ref idref="fl-a"/>
      </object_component>
      <object_component id="oc-32">
         <name>.debug_info</name>
         <load_address>0x6d70</load_address>
         <run_address>0x6d70</run_address>
         <size>0x2a3</size>
         <input_file_ref idref="fl-c"/>
      </object_component>
      <object_component id="oc-13">
         <name>.debug_info</name>
         <load_address>0x7013</load_address>
         <run_address>0x7013</run_address>
         <size>0xe2</size>
         <input_file_ref idref="fl-c"/>
      </object_component>
      <object_component id="oc-2b">
         <name>.debug_info</name>
         <load_address>0x70f5</load_address>
         <run_address>0x70f5</run_address>
         <size>0x25e</size>
         <input_file_ref idref="fl-c"/>
      </object_component>
      <object_component id="oc-1ad">
         <name>.debug_info</name>
         <load_address>0x7353</load_address>
         <run_address>0x7353</run_address>
         <size>0x2ca</size>
         <input_file_ref idref="fl-d"/>
      </object_component>
      <object_component id="oc-127">
         <name>.debug_info</name>
         <load_address>0x761d</load_address>
         <run_address>0x761d</run_address>
         <size>0x101</size>
         <input_file_ref idref="fl-d"/>
      </object_component>
      <object_component id="oc-e0">
         <name>.debug_info</name>
         <load_address>0x771e</load_address>
         <run_address>0x771e</run_address>
         <size>0x45e</size>
         <input_file_ref idref="fl-d"/>
      </object_component>
      <object_component id="oc-12a">
         <name>.debug_info</name>
         <load_address>0x7b7c</load_address>
         <run_address>0x7b7c</run_address>
         <size>0x485</size>
         <input_file_ref idref="fl-16"/>
      </object_component>
      <object_component id="oc-1c1">
         <name>.debug_info</name>
         <load_address>0x8001</load_address>
         <run_address>0x8001</run_address>
         <size>0x114</size>
         <input_file_ref idref="fl-16"/>
      </object_component>
      <object_component id="oc-e4">
         <name>.debug_info</name>
         <load_address>0x8115</load_address>
         <run_address>0x8115</run_address>
         <size>0x4ce</size>
         <input_file_ref idref="fl-16"/>
      </object_component>
      <object_component id="oc-1c4">
         <name>.debug_info</name>
         <load_address>0x85e3</load_address>
         <run_address>0x85e3</run_address>
         <size>0x9d</size>
         <input_file_ref idref="fl-16"/>
      </object_component>
      <object_component id="oc-2cd">
         <name>.debug_info</name>
         <load_address>0x8680</load_address>
         <run_address>0x8680</run_address>
         <size>0x2b7</size>
         <input_file_ref idref="fl-17"/>
      </object_component>
      <object_component id="oc-1bb">
         <name>.debug_info</name>
         <load_address>0x8937</load_address>
         <run_address>0x8937</run_address>
         <size>0x266</size>
         <input_file_ref idref="fl-17"/>
      </object_component>
      <object_component id="oc-1af">
         <name>.debug_info</name>
         <load_address>0x8b9d</load_address>
         <run_address>0x8b9d</run_address>
         <size>0x296</size>
         <input_file_ref idref="fl-18"/>
      </object_component>
      <object_component id="oc-2e3">
         <name>.debug_info</name>
         <load_address>0x8e33</load_address>
         <run_address>0x8e33</run_address>
         <size>0x35e</size>
         <input_file_ref idref="fl-ce"/>
      </object_component>
      <object_component id="oc-2da">
         <name>.debug_info</name>
         <load_address>0x9191</load_address>
         <run_address>0x9191</run_address>
         <size>0x128</size>
         <input_file_ref idref="fl-ce"/>
      </object_component>
      <object_component id="oc-1cf">
         <name>.debug_info</name>
         <load_address>0x92b9</load_address>
         <run_address>0x92b9</run_address>
         <size>0xbf2</size>
         <input_file_ref idref="fl-ce"/>
      </object_component>
      <object_component id="oc-305">
         <name>.debug_info</name>
         <load_address>0x9eab</load_address>
         <run_address>0x9eab</run_address>
         <size>0x46</size>
         <input_file_ref idref="fl-ce"/>
      </object_component>
      <object_component id="oc-1fc">
         <name>.debug_info</name>
         <load_address>0x9ef1</load_address>
         <run_address>0x9ef1</run_address>
         <size>0x39</size>
         <input_file_ref idref="fl-ce"/>
      </object_component>
      <object_component id="oc-3d4">
         <name>.debug_info</name>
         <load_address>0x9f2a</load_address>
         <run_address>0x9f2a</run_address>
         <size>0x2c5</size>
         <input_file_ref idref="fl-cf"/>
      </object_component>
      <object_component id="oc-2d4">
         <name>.debug_info</name>
         <load_address>0xa1ef</load_address>
         <run_address>0xa1ef</run_address>
         <size>0x24e</size>
         <input_file_ref idref="fl-cf"/>
      </object_component>
      <object_component id="oc-3de">
         <name>.debug_info</name>
         <load_address>0xa43d</load_address>
         <run_address>0xa43d</run_address>
         <size>0x2f8</size>
         <input_file_ref idref="fl-d0"/>
      </object_component>
      <object_component id="oc-2dd">
         <name>.debug_info</name>
         <load_address>0xa735</load_address>
         <run_address>0xa735</run_address>
         <size>0x225</size>
         <input_file_ref idref="fl-d0"/>
      </object_component>
      <object_component id="oc-3e7">
         <name>.debug_info</name>
         <load_address>0xa95a</load_address>
         <run_address>0xa95a</run_address>
         <size>0x39</size>
         <input_file_ref idref="fl-d0"/>
      </object_component>
      <object_component id="oc-2f4">
         <name>.debug_info</name>
         <load_address>0xa993</load_address>
         <run_address>0xa993</run_address>
         <size>0x2c</size>
         <input_file_ref idref="fl-d0"/>
      </object_component>
      <object_component id="oc-1fb">
         <name>.debug_info</name>
         <load_address>0xa9bf</load_address>
         <run_address>0xa9bf</run_address>
         <size>0x36a</size>
         <input_file_ref idref="fl-d1"/>
      </object_component>
      <object_component id="oc-104">
         <name>.debug_info</name>
         <load_address>0xad29</load_address>
         <run_address>0xad29</run_address>
         <size>0x5d4</size>
         <input_file_ref idref="fl-d1"/>
      </object_component>
      <object_component id="oc-3d8">
         <name>.debug_info</name>
         <load_address>0xb2fd</load_address>
         <run_address>0xb2fd</run_address>
         <size>0x161</size>
         <input_file_ref idref="fl-d2"/>
      </object_component>
      <object_component id="oc-195">
         <name>.debug_info</name>
         <load_address>0xb45e</load_address>
         <run_address>0xb45e</run_address>
         <size>0x333</size>
         <input_file_ref idref="fl-d3"/>
      </object_component>
      <object_component id="oc-da">
         <name>.debug_info</name>
         <load_address>0xb791</load_address>
         <run_address>0xb791</run_address>
         <size>0x1d1</size>
         <input_file_ref idref="fl-d3"/>
      </object_component>
      <object_component id="oc-18c">
         <name>.debug_info</name>
         <load_address>0xb962</load_address>
         <run_address>0xb962</run_address>
         <size>0x18d</size>
         <input_file_ref idref="fl-d3"/>
      </object_component>
      <object_component id="oc-191">
         <name>.debug_info</name>
         <load_address>0xbaef</load_address>
         <run_address>0xbaef</run_address>
         <size>0x16d</size>
         <input_file_ref idref="fl-d3"/>
      </object_component>
      <object_component id="oc-318">
         <name>.debug_info</name>
         <load_address>0xbc5c</load_address>
         <run_address>0xbc5c</run_address>
         <size>0x2c</size>
         <input_file_ref idref="fl-d3"/>
      </object_component>
      <object_component id="oc-317">
         <name>.debug_info</name>
         <load_address>0xbc88</load_address>
         <run_address>0xbc88</run_address>
         <size>0x340</size>
         <input_file_ref idref="fl-d4"/>
      </object_component>
      <object_component id="oc-20c">
         <name>.debug_info</name>
         <load_address>0xbfc8</load_address>
         <run_address>0xbfc8</run_address>
         <size>0x208</size>
         <input_file_ref idref="fl-d4"/>
      </object_component>
      <object_component id="oc-30b">
         <name>.debug_info</name>
         <load_address>0xc1d0</load_address>
         <run_address>0xc1d0</run_address>
         <size>0x1c6</size>
         <input_file_ref idref="fl-d4"/>
      </object_component>
      <object_component id="oc-312">
         <name>.debug_info</name>
         <load_address>0xc396</load_address>
         <run_address>0xc396</run_address>
         <size>0x179</size>
         <input_file_ref idref="fl-d4"/>
      </object_component>
      <object_component id="oc-31d">
         <name>.debug_info</name>
         <load_address>0xc50f</load_address>
         <run_address>0xc50f</run_address>
         <size>0x69</size>
         <input_file_ref idref="fl-d4"/>
      </object_component>
      <object_component id="oc-1e5">
         <name>.debug_info</name>
         <load_address>0xc578</load_address>
         <run_address>0xc578</run_address>
         <size>0x14c</size>
         <input_file_ref idref="fl-d5"/>
      </object_component>
      <object_component id="oc-10b">
         <name>.debug_info</name>
         <load_address>0xc6c4</load_address>
         <run_address>0xc6c4</run_address>
         <size>0x128</size>
         <input_file_ref idref="fl-d6"/>
      </object_component>
      <object_component id="oc-227">
         <name>.debug_info</name>
         <load_address>0xc7ec</load_address>
         <run_address>0xc7ec</run_address>
         <size>0x12a</size>
         <input_file_ref idref="fl-d6"/>
      </object_component>
      <object_component id="oc-fc">
         <name>.debug_info</name>
         <load_address>0xc916</load_address>
         <run_address>0xc916</run_address>
         <size>0x13a</size>
         <input_file_ref idref="fl-d7"/>
      </object_component>
      <object_component id="oc-f6">
         <name>.debug_info</name>
         <load_address>0xca50</load_address>
         <run_address>0xca50</run_address>
         <size>0x13a</size>
         <input_file_ref idref="fl-d8"/>
      </object_component>
      <object_component id="oc-1dc">
         <name>.debug_info</name>
         <load_address>0xcb8a</load_address>
         <run_address>0xcb8a</run_address>
         <size>0x12e</size>
         <input_file_ref idref="fl-d9"/>
      </object_component>
      <object_component id="oc-100">
         <name>.debug_info</name>
         <load_address>0xccb8</load_address>
         <run_address>0xccb8</run_address>
         <size>0x13e</size>
         <input_file_ref idref="fl-da"/>
      </object_component>
      <object_component id="oc-f0">
         <name>.debug_info</name>
         <load_address>0xcdf6</load_address>
         <run_address>0xcdf6</run_address>
         <size>0x12c</size>
         <input_file_ref idref="fl-db"/>
      </object_component>
      <object_component id="oc-1df">
         <name>.debug_info</name>
         <load_address>0xcf22</load_address>
         <run_address>0xcf22</run_address>
         <size>0x12c</size>
         <input_file_ref idref="fl-dc"/>
      </object_component>
      <object_component id="oc-41">
         <name>.debug_info</name>
         <load_address>0xd04e</load_address>
         <run_address>0xd04e</run_address>
         <size>0x119</size>
         <input_file_ref idref="fl-dd"/>
      </object_component>
      <object_component id="oc-1ca">
         <name>.debug_info</name>
         <load_address>0xd167</load_address>
         <run_address>0xd167</run_address>
         <size>0x12e</size>
         <input_file_ref idref="fl-de"/>
      </object_component>
      <object_component id="oc-95">
         <name>.debug_info</name>
         <load_address>0xd295</load_address>
         <run_address>0xd295</run_address>
         <size>0x2d4</size>
         <input_file_ref idref="fl-df"/>
      </object_component>
      <object_component id="oc-4c">
         <name>.debug_info</name>
         <load_address>0xd569</load_address>
         <run_address>0xd569</run_address>
         <size>0x1d2</size>
         <input_file_ref idref="fl-df"/>
      </object_component>
      <object_component id="oc-90">
         <name>.debug_info</name>
         <load_address>0xd73b</load_address>
         <run_address>0xd73b</run_address>
         <size>0x46</size>
         <input_file_ref idref="fl-df"/>
      </object_component>
      <object_component id="oc-ce">
         <name>.debug_info</name>
         <load_address>0xd781</load_address>
         <run_address>0xd781</run_address>
         <size>0x2c</size>
         <input_file_ref idref="fl-df"/>
      </object_component>
      <object_component id="oc-49">
         <name>.debug_info</name>
         <load_address>0xd7ad</load_address>
         <run_address>0xd7ad</run_address>
         <size>0x2a8</size>
         <input_file_ref idref="fl-e0"/>
      </object_component>
      <object_component id="oc-1c">
         <name>.debug_info</name>
         <load_address>0xda55</load_address>
         <run_address>0xda55</run_address>
         <size>0x1ea</size>
         <input_file_ref idref="fl-e0"/>
      </object_component>
      <object_component id="oc-44">
         <name>.debug_info</name>
         <load_address>0xdc3f</load_address>
         <run_address>0xdc3f</run_address>
         <size>0x46</size>
         <input_file_ref idref="fl-e0"/>
      </object_component>
      <object_component id="oc-88">
         <name>.debug_info</name>
         <load_address>0xdc85</load_address>
         <run_address>0xdc85</run_address>
         <size>0x2c</size>
         <input_file_ref idref="fl-e0"/>
      </object_component>
      <object_component id="oc-86">
         <name>.debug_info</name>
         <load_address>0xdcb1</load_address>
         <run_address>0xdcb1</run_address>
         <size>0x29e</size>
         <input_file_ref idref="fl-e1"/>
      </object_component>
      <object_component id="oc-18">
         <name>.debug_info</name>
         <load_address>0xdf4f</load_address>
         <run_address>0xdf4f</run_address>
         <size>0x250</size>
         <input_file_ref idref="fl-e1"/>
      </object_component>
      <object_component id="oc-34">
         <name>.debug_info</name>
         <load_address>0xe19f</load_address>
         <run_address>0xe19f</run_address>
         <size>0x60</size>
         <input_file_ref idref="fl-e1"/>
      </object_component>
      <object_component id="oc-c7">
         <name>.debug_info</name>
         <load_address>0xe1ff</load_address>
         <run_address>0xe1ff</run_address>
         <size>0x46</size>
         <input_file_ref idref="fl-e1"/>
      </object_component>
      <object_component id="oc-81">
         <name>.debug_info</name>
         <load_address>0xe245</load_address>
         <run_address>0xe245</run_address>
         <size>0x39</size>
         <input_file_ref idref="fl-e1"/>
      </object_component>
      <object_component id="oc-2f2">
         <name>.debug_info</name>
         <load_address>0xe27e</load_address>
         <run_address>0xe27e</run_address>
         <size>0x3aa</size>
         <input_file_ref idref="fl-e2"/>
      </object_component>
      <object_component id="oc-2ef">
         <name>.debug_info</name>
         <load_address>0xe628</load_address>
         <run_address>0xe628</run_address>
         <size>0x13a</size>
         <input_file_ref idref="fl-e2"/>
      </object_component>
      <object_component id="oc-1e9">
         <name>.debug_info</name>
         <load_address>0xe762</load_address>
         <run_address>0xe762</run_address>
         <size>0x72f</size>
         <input_file_ref idref="fl-e2"/>
      </object_component>
      <object_component id="oc-70">
         <name>.debug_info</name>
         <load_address>0xee91</load_address>
         <run_address>0xee91</run_address>
         <size>0x3b2</size>
         <input_file_ref idref="fl-e3"/>
      </object_component>
      <object_component id="oc-25">
         <name>.debug_info</name>
         <load_address>0xf243</load_address>
         <run_address>0xf243</run_address>
         <size>0x10c</size>
         <input_file_ref idref="fl-e3"/>
      </object_component>
      <object_component id="oc-406">
         <name>.debug_info</name>
         <load_address>0xf34f</load_address>
         <run_address>0xf34f</run_address>
         <size>0x13f</size>
         <input_file_ref idref="fl-e3"/>
      </object_component>
      <object_component id="oc-337">
         <name>.debug_info</name>
         <load_address>0xf48e</load_address>
         <run_address>0xf48e</run_address>
         <size>0x168</size>
         <input_file_ref idref="fl-e3"/>
      </object_component>
      <object_component id="oc-33e">
         <name>.debug_info</name>
         <load_address>0xf5f6</load_address>
         <run_address>0xf5f6</run_address>
         <size>0x18e</size>
         <input_file_ref idref="fl-e3"/>
      </object_component>
      <object_component id="oc-344">
         <name>.debug_info</name>
         <load_address>0xf784</load_address>
         <run_address>0xf784</run_address>
         <size>0x19f</size>
         <input_file_ref idref="fl-e3"/>
      </object_component>
      <object_component id="oc-23b">
         <name>.debug_info</name>
         <load_address>0xf923</load_address>
         <run_address>0xf923</run_address>
         <size>0x203</size>
         <input_file_ref idref="fl-e3"/>
      </object_component>
      <object_component id="oc-44a">
         <name>.debug_info</name>
         <load_address>0xfb26</load_address>
         <run_address>0xfb26</run_address>
         <size>0x1db</size>
         <input_file_ref idref="fl-e3"/>
      </object_component>
      <object_component id="oc-235">
         <name>.debug_info</name>
         <load_address>0xfd01</load_address>
         <run_address>0xfd01</run_address>
         <size>0x1a5</size>
         <input_file_ref idref="fl-e3"/>
      </object_component>
      <object_component id="oc-3ff">
         <name>.debug_info</name>
         <load_address>0xfea6</load_address>
         <run_address>0xfea6</run_address>
         <size>0x299</size>
         <input_file_ref idref="fl-e3"/>
      </object_component>
      <object_component id="oc-bb">
         <name>.debug_info</name>
         <load_address>0x1013f</load_address>
         <run_address>0x1013f</run_address>
         <size>0xb2</size>
         <input_file_ref idref="fl-e3"/>
      </object_component>
      <object_component id="oc-b6">
         <name>.debug_info</name>
         <load_address>0x101f1</load_address>
         <run_address>0x101f1</run_address>
         <size>0x2c</size>
         <input_file_ref idref="fl-e3"/>
      </object_component>
      <object_component id="oc-323">
         <name>.debug_info</name>
         <load_address>0x1021d</load_address>
         <run_address>0x1021d</run_address>
         <size>0x28a</size>
         <input_file_ref idref="fl-e4"/>
      </object_component>
      <object_component id="oc-210">
         <name>.debug_info</name>
         <load_address>0x104a7</load_address>
         <run_address>0x104a7</run_address>
         <size>0x273</size>
         <input_file_ref idref="fl-e4"/>
      </object_component>
      <object_component id="oc-325">
         <name>.debug_info</name>
         <load_address>0x1071a</load_address>
         <run_address>0x1071a</run_address>
         <size>0x2a4</size>
         <input_file_ref idref="fl-e5"/>
      </object_component>
      <object_component id="oc-216">
         <name>.debug_info</name>
         <load_address>0x109be</load_address>
         <run_address>0x109be</run_address>
         <size>0x24d</size>
         <input_file_ref idref="fl-e5"/>
      </object_component>
      <object_component id="oc-327">
         <name>.debug_info</name>
         <load_address>0x10c0b</load_address>
         <run_address>0x10c0b</run_address>
         <size>0x28f</size>
         <input_file_ref idref="fl-e6"/>
      </object_component>
      <object_component id="oc-21c">
         <name>.debug_info</name>
         <load_address>0x10e9a</load_address>
         <run_address>0x10e9a</run_address>
         <size>0x245</size>
         <input_file_ref idref="fl-e6"/>
      </object_component>
      <object_component id="oc-302">
         <name>.debug_info</name>
         <load_address>0x110df</load_address>
         <run_address>0x110df</run_address>
         <size>0x289</size>
         <input_file_ref idref="fl-e7"/>
      </object_component>
      <object_component id="oc-2ff">
         <name>.debug_info</name>
         <load_address>0x11368</load_address>
         <run_address>0x11368</run_address>
         <size>0x10e</size>
         <input_file_ref idref="fl-e7"/>
      </object_component>
      <object_component id="oc-1f5">
         <name>.debug_info</name>
         <load_address>0x11476</load_address>
         <run_address>0x11476</run_address>
         <size>0x14e</size>
         <input_file_ref idref="fl-e7"/>
      </object_component>
      <object_component id="oc-28">
         <name>.debug_info</name>
         <load_address>0x115c4</load_address>
         <run_address>0x115c4</run_address>
         <size>0x10b</size>
         <input_file_ref idref="fl-e8"/>
      </object_component>
      <object_component id="oc-5e">
         <name>.debug_info</name>
         <load_address>0x116cf</load_address>
         <run_address>0x116cf</run_address>
         <size>0x1a9</size>
         <input_file_ref idref="fl-e8"/>
      </object_component>
      <object_component id="oc-2fd">
         <name>.debug_info</name>
         <load_address>0x11878</load_address>
         <run_address>0x11878</run_address>
         <size>0x29b</size>
         <input_file_ref idref="fl-e9"/>
      </object_component>
      <object_component id="oc-2fa">
         <name>.debug_info</name>
         <load_address>0x11b13</load_address>
         <run_address>0x11b13</run_address>
         <size>0xfa</size>
         <input_file_ref idref="fl-e9"/>
      </object_component>
      <object_component id="oc-1f1">
         <name>.debug_info</name>
         <load_address>0x11c0d</load_address>
         <run_address>0x11c0d</run_address>
         <size>0x5d3</size>
         <input_file_ref idref="fl-e9"/>
      </object_component>
      <object_component id="oc-3e2">
         <name>.debug_info</name>
         <load_address>0x121e0</load_address>
         <run_address>0x121e0</run_address>
         <size>0x28a</size>
         <input_file_ref idref="fl-ea"/>
      </object_component>
      <object_component id="oc-2ec">
         <name>.debug_info</name>
         <load_address>0x1246a</load_address>
         <run_address>0x1246a</run_address>
         <size>0x22a</size>
         <input_file_ref idref="fl-ea"/>
      </object_component>
      <object_component id="oc-2a5">
         <name>.debug_info</name>
         <load_address>0x12694</load_address>
         <run_address>0x12694</run_address>
         <size>0x590</size>
         <input_file_ref idref="fl-eb"/>
      </object_component>
      <object_component id="oc-27d">
         <name>.debug_info</name>
         <load_address>0x12c24</load_address>
         <run_address>0x12c24</run_address>
         <size>0x21e</size>
         <input_file_ref idref="fl-eb"/>
      </object_component>
      <object_component id="oc-385">
         <name>.debug_info</name>
         <load_address>0x12e42</load_address>
         <run_address>0x12e42</run_address>
         <size>0x1b3</size>
         <input_file_ref idref="fl-eb"/>
      </object_component>
      <object_component id="oc-38b">
         <name>.debug_info</name>
         <load_address>0x12ff5</load_address>
         <run_address>0x12ff5</run_address>
         <size>0x21b</size>
         <input_file_ref idref="fl-eb"/>
      </object_component>
      <object_component id="oc-283">
         <name>.debug_info</name>
         <load_address>0x13210</load_address>
         <run_address>0x13210</run_address>
         <size>0x3c0</size>
         <input_file_ref idref="fl-eb"/>
      </object_component>
      <object_component id="oc-392">
         <name>.debug_info</name>
         <load_address>0x135d0</load_address>
         <run_address>0x135d0</run_address>
         <size>0x30a</size>
         <input_file_ref idref="fl-eb"/>
      </object_component>
      <object_component id="oc-398">
         <name>.debug_info</name>
         <load_address>0x138da</load_address>
         <run_address>0x138da</run_address>
         <size>0x215</size>
         <input_file_ref idref="fl-eb"/>
      </object_component>
      <object_component id="oc-289">
         <name>.debug_info</name>
         <load_address>0x13aef</load_address>
         <run_address>0x13aef</run_address>
         <size>0x215</size>
         <input_file_ref idref="fl-eb"/>
      </object_component>
      <object_component id="oc-28f">
         <name>.debug_info</name>
         <load_address>0x13d04</load_address>
         <run_address>0x13d04</run_address>
         <size>0x304</size>
         <input_file_ref idref="fl-eb"/>
      </object_component>
      <object_component id="oc-295">
         <name>.debug_info</name>
         <load_address>0x14008</load_address>
         <run_address>0x14008</run_address>
         <size>0x4b5</size>
         <input_file_ref idref="fl-eb"/>
      </object_component>
      <object_component id="oc-185">
         <name>.debug_info</name>
         <load_address>0x144bd</load_address>
         <run_address>0x144bd</run_address>
         <size>0x5f4</size>
         <input_file_ref idref="fl-eb"/>
      </object_component>
      <object_component id="oc-2a6">
         <name>.debug_info</name>
         <load_address>0x14ab1</load_address>
         <run_address>0x14ab1</run_address>
         <size>0x86</size>
         <input_file_ref idref="fl-eb"/>
      </object_component>
      <object_component id="oc-3b5">
         <name>.debug_info</name>
         <load_address>0x14b37</load_address>
         <run_address>0x14b37</run_address>
         <size>0x39</size>
         <input_file_ref idref="fl-eb"/>
      </object_component>
      <object_component id="oc-437">
         <name>.debug_info</name>
         <load_address>0x14b70</load_address>
         <run_address>0x14b70</run_address>
         <size>0xb6</size>
         <input_file_ref idref="fl-eb"/>
      </object_component>
      <object_component id="oc-3ba">
         <name>.debug_info</name>
         <load_address>0x14c26</load_address>
         <run_address>0x14c26</run_address>
         <size>0x46</size>
         <input_file_ref idref="fl-eb"/>
      </object_component>
      <object_component id="oc-2ab">
         <name>.debug_info</name>
         <load_address>0x14c6c</load_address>
         <run_address>0x14c6c</run_address>
         <size>0x46</size>
         <input_file_ref idref="fl-eb"/>
      </object_component>
      <object_component id="oc-97">
         <name>.debug_info</name>
         <load_address>0x14cb2</load_address>
         <run_address>0x14cb2</run_address>
         <size>0x147</size>
         <input_file_ref idref="fl-ec"/>
      </object_component>
      <object_component id="oc-377">
         <name>.debug_info</name>
         <load_address>0x14df9</load_address>
         <run_address>0x14df9</run_address>
         <size>0x134</size>
         <input_file_ref idref="fl-ed"/>
      </object_component>
      <object_component id="oc-25f">
         <name>.debug_info</name>
         <load_address>0x14f2d</load_address>
         <run_address>0x14f2d</run_address>
         <size>0x4b3</size>
         <input_file_ref idref="fl-ee"/>
      </object_component>
      <object_component id="oc-140">
         <name>.debug_info</name>
         <load_address>0x153e0</load_address>
         <run_address>0x153e0</run_address>
         <size>0x1a6</size>
         <input_file_ref idref="fl-ee"/>
      </object_component>
[...]
         <value>0xa77</value>
         <object_component_ref idref="oc-120"/>
      </symbol>
      <symbol id="sm-27c">
         <name>oi_checkFirmware</name>
         <value>0xaa9</value>
         <object_component_ref idref="oc-120"/>
      </symbol>
      <symbol id="sm-27d">
         <name>oi_init_noupdate</name>
         <value>0x289</value>
         <object_component_ref idref="oc-120"/>
      </symbol>
      <symbol id="sm-27e">
         <name>oi_uartSendChar</name>
         <value>0xa15</value>
         <object_component_ref idref="oc-120"/>
      </symbol>
      <symbol id="sm-27f">
         <name>oi_alloc</name>
         <value>0x26d</value>
         <object_component_ref idref="oc-120"/>
      </symbol>
      <symbol id="sm-280">
         <name>oi_getMotorCalibrationLeft</name>
         <value>0xded</value>
         <object_component_ref idref="oc-120"/>
      </symbol>
      <symbol id="sm-281">
         <name>oi_loadSong</name>
         <value>0x915</value>
         <object_component_ref idref="oc-120"/>
      </symbol>
      <symbol id="sm-282">
         <name>oi_play_song</name>
         <value>0x96b</value>
         <object_component_ref idref="oc-120"/>
      </symbol>
      <symbol id="sm-283">
         <name>oi_parsePacket</name>
         <value>0x32b</value>
         <object_component_ref idref="oc-120"/>
      </symbol>
      <symbol id="sm-284">
         <name>oi_setLeds</name>
         <value>0x84b</value>
         <object_component_ref idref="oc-120"/>
      </symbol>
      <symbol id="sm-285">
         <name>oi_init</name>
         <value>0x2b1</value>
         <object_component_ref idref="oc-120"/>
      </symbol>
      <symbol id="sm-286">
         <name>oi_update</name>
         <value>0x2d9</value>
         <object_component_ref idref="oc-120"/>
      </symbol>
      <symbol id="sm-287">
         <name>oi_uartInit</name>
         <value>0x98d</value>
         <object_component_ref idref="oc-120"/>
      </symbol>
      <symbol id="sm-2cc">
         <name>END_TIME</name>
         <value>0x20002310</value>
         <object_component_ref idref="oc-2c8"/>
      </symbol>
      <symbol id="sm-2cd">
         <name>START_TIME</name>
         <value>0x2000230c</value>
         <object_component_ref idref="oc-2c8"/>
      </symbol>
      <symbol id="sm-2ce">
         <name>STATE</name>
         <value>0x20002314</value>
         <object_component_ref idref="oc-2c8"/>
      </symbol>
      <symbol id="sm-2cf">
         <name>TIMER3B_Handler</name>
         <value>0x4375</value>
         <object_component_ref idref="oc-1b4"/>
      </symbol>
      <symbol id="sm-2d0">
         <name>overflow_count</name>
         <value>0x20002318</value>
         <object_component_ref idref="oc-2c8"/>
      </symbol>
      <symbol id="sm-2d1">
         <name>ping_init</name>
         <value>0x420d</value>
         <object_component_ref idref="oc-1b4"/>
      </symbol>
      <symbol id="sm-2d2">
         <name>ping_getDistance</name>
         <value>0x43b5</value>
         <object_component_ref idref="oc-1b4"/>
      </symbol>
      <symbol id="sm-2d3">
         <name>ping_trigger</name>
         <value>0x42f7</value>
         <object_component_ref idref="oc-1b4"/>
      </symbol>
      <symbol id="sm-2f0">
         <name>ResetISR</name>
         <value>0x69f9</value>
         <object_component_ref idref="oc-2a"/>
      </symbol>
      <symbol id="sm-2f1">
         <name>g_pfnVectors</name>
         <value>0x0</value>
         <object_component_ref idref="oc-12"/>
      </symbol>
      <symbol id="sm-32d">
         <name>UART1_Handler</name>
         <value>0x4d39</value>
         <object_component_ref idref="oc-dd"/>
      </symbol>
      <symbol id="sm-32e">
         <name>command_byte</name>
         <value>0x2000232c</value>
         <object_component_ref idref="oc-126"/>
      </symbol>
      <symbol id="sm-32f">
         <name>uart_sendChar</name>
         <value>0x4ca7</value>
         <object_component_ref idref="oc-dd"/>
      </symbol>
      <symbol id="sm-330">
         <name>uart_interrupt_init</name>
         <value>0x4be9</value>
         <object_component_ref idref="oc-dd"/>
      </symbol>
      <symbol id="sm-331">
         <name>uart_receive_nonBlocking</name>
         <value>0x4d0f</value>
         <object_component_ref idref="oc-dd"/>
      </symbol>
      <symbol id="sm-332">
         <name>command_flag</name>
         <value>0x20002330</value>
         <object_component_ref idref="oc-126"/>
      </symbol>
      <symbol id="sm-333">
         <name>uart_receive</name>
         <value>0x4ce1</value>
         <object_component_ref idref="oc-dd"/>
      </symbol>
      <symbol id="sm-334">
         <name>uart_sendStr</name>
         <value>0x4ce3</value>
         <object_component_ref idref="oc-dd"/>
      </symbol>
      <symbol id="sm-371">
         <name>cyBOT_SERVO_cal</name>
         <value>0x4819</value>
         <object_component_ref idref="oc-e3"/>
      </symbol>
      <symbol id="sm-372">
         <name>cyBOT_Scan</name>
         <value>0x47a7</value>
         <object_component_ref idref="oc-e3"/>
      </symbol>
      <symbol id="sm-373">
         <name>cyBOT_scan_features</name>
         <value>0x20002334</value>
         <object_component_ref idref="oc-1c0"/>
      </symbol>
      <symbol id="sm-374">
         <name>cyBOT_scan_version</name>
         <value>0x4741</value>
         <object_component_ref idref="oc-e3"/>
      </symbol>
      <symbol id="sm-375">
         <name>cyBOT_init_Scan</name>
         <value>0x474f</value>
         <object_component_ref idref="oc-e3"/>
      </symbol>
      <symbol id="sm-39c">
         <name>isr_int_value</name>
         <value>0x200022e0</value>
      </symbol>
      <symbol id="sm-39d">
         <name>ir_enableInterrupt</name>
         <value>0x59b7</value>
         <object_component_ref idref="oc-1ba"/>
      </symbol>
      <symbol id="sm-39e">
         <name>ir_getDistance</name>
         <value>0x5999</value>
         <object_component_ref idref="oc-1ba"/>
      </symbol>
      <symbol id="sm-39f">
         <name>ir_init</name>
         <value>0x5909</value>
         <object_component_ref idref="oc-1ba"/>
      </symbol>
      <symbol id="sm-3a0">
         <name>ADC0SS0_Handler</name>
         <value>0x59a1</value>
         <object_component_ref idref="oc-1ba"/>
      </symbol>
      <symbol id="sm-3a1">
         <name>ir_getValue</name>
         <value>0x5971</value>
         <object_component_ref idref="oc-1ba"/>
      </symbol>
      <symbol id="sm-3c3">
         <name>servo_move</name>
         <value>0x5351</value>
         <object_component_ref idref="oc-1ae"/>
      </symbol>
      <symbol id="sm-3c4">
         <name>servo_init</name>
         <value>0x52c1</value>
         <object_component_ref idref="oc-1ae"/>
      </symbol>
      <symbol id="sm-3c5">
         <name>servo_stop</name>
         <value>0x5345</value>
         <object_component_ref idref="oc-1ae"/>
      </symbol>
      <symbol id="sm-3c6">
         <name>servo_setPWM</name>
         <value>0x53b1</value>
         <object_component_ref idref="oc-1ae"/>
      </symbol>
      <symbol id="sm-45c">
         <name>pow</name>
         <value>0x18dd</value>
         <object_component_ref idref="oc-1ce"/>
      </symbol>
      <symbol id="sm-45d">
         <name>powl</name>
         <value>0x18dd</value>
         <object_component_ref idref="oc-1ce"/>
      </symbol>
      <symbol id="sm-47f">
         <name>sqrtl</name>
         <value>0x5419</value>
         <object_component_ref idref="oc-2d3"/>
      </symbol>
      <symbol id="sm-480">
         <name>sqrt</name>
         <value>0x5419</value>
         <object_component_ref idref="oc-2d3"/>
      </symbol>
      <symbol id="sm-4a7">
         <name>scalbn</name>
         <value>0x5a21</value>
         <object_component_ref idref="oc-2dc"/>
      </symbol>
      <symbol id="sm-4a8">
         <name>scalbnl</name>
         <value>0x5a21</value>
         <object_component_ref idref="oc-2dc"/>
      </symbol>
      <symbol id="sm-4a9">
         <name>ldexpl</name>
         <value>0x5a21</value>
         <object_component_ref idref="oc-2dc"/>
      </symbol>
      <symbol id="sm-4aa">
         <name>ldexp</name>
         <value>0x5a21</value>
         <object_component_ref idref="oc-2dc"/>
      </symbol>
      <symbol id="sm-4fb">
         <name>tanl</name>
         <value>0x32c5</value>
         <object_component_ref idref="oc-103"/>
      </symbol>
      <symbol id="sm-4fc">
         <name>tan</name>
         <value>0x32c5</value>
         <object_component_ref idref="oc-103"/>
      </symbol>
      <symbol id="sm-506">
         <name>copysign</name>
         <value>0x68f5</value>
         <object_component_ref idref="oc-3d7"/>
      </symbol>
      <symbol id="sm-507">
         <name>copysignl</name>
         <value>0x68f5</value>
         <object_component_ref idref="oc-3d7"/>
      </symbol>
      <symbol id="sm-52e">
         <name>sprintf</name>
         <value>0x6661</value>
         <object_component_ref idref="oc-d7"/>
      </symbol>
      <symbol id="sm-558">
         <name>vsnprintf</name>
         <value>0x66a1</value>
         <object_component_ref idref="oc-209"/>
      </symbol>
      <symbol id="sm-56f">
         <name>__aeabi_dsub</name>
         <value>0x4fb1</value>
         <object_component_ref idref="oc-1e3"/>
      </symbol>
      <symbol id="sm-570">
         <name>__aeabi_dadd</name>
         <value>0x4fbb</value>
         <object_component_ref idref="oc-1e3"/>
      </symbol>
      <symbol id="sm-592">
         <name>__aeabi_cdcmpeq</name>
         <value>0x60ed</value>
         <object_component_ref idref="oc-109"/>
      </symbol>
      <symbol id="sm-593">
         <name>__aeabi_cdcmple</name>
         <value>0x60ed</value>
         <object_component_ref idref="oc-109"/>
      </symbol>
      <symbol id="sm-594">
         <name>__aeabi_cdrcmple</name>
         <value>0x6173</value>
         <object_component_ref idref="oc-226"/>
      </symbol>
      <symbol id="sm-5a8">
         <name>__aeabi_ddiv</name>
         <value>0x56ad</value>
         <object_component_ref idref="oc-f9"/>
      </symbol>
      <symbol id="sm-5b3">
         <name>__aeabi_dmul</name>
         <value>0x5c31</value>
         <object_component_ref idref="oc-f4"/>
      </symbol>
      <symbol id="sm-5bd">
         <name>__aeabi_d2iz</name>
         <value>0x65d5</value>
         <object_component_ref idref="oc-1d9"/>
      </symbol>
      <symbol id="sm-5c9">
         <name>__aeabi_d2f</name>
         <value>0x6353</value>
         <object_component_ref idref="oc-fe"/>
      </symbol>
      <symbol id="sm-5d4">
         <name>__aeabi_f2d</name>
         <value>0x6759</value>
         <object_component_ref idref="oc-ef"/>
      </symbol>
      <symbol id="sm-5de">
         <name>__aeabi_i2d</name>
         <value>0x6829</value>
         <object_component_ref idref="oc-1de"/>
      </symbol>
      <symbol id="sm-5f9">
         <name>memcpy</name>
         <value>0x5fbb</value>
         <object_component_ref idref="oc-3e"/>
      </symbol>
      <symbol id="sm-5fa">
         <name>__aeabi_memcpy</name>
         <value>0x5fbb</value>
         <object_component_ref idref="oc-3e"/>
      </symbol>
      <symbol id="sm-5fb">
         <name>__aeabi_memcpy8</name>
         <value>0x5fbb</value>
         <object_component_ref idref="oc-3e"/>
      </symbol>
      <symbol id="sm-5fc">
         <name>__aeabi_memcpy4</name>
         <value>0x5fbb</value>
         <object_component_ref idref="oc-3e"/>
      </symbol>
      <symbol id="sm-606">
         <name>__aeabi_ui2d</name>
         <value>0x6881</value>
         <object_component_ref idref="oc-1c9"/>
      </symbol>
      <symbol id="sm-61f">
         <name>__TI_zero_init_nomemset</name>
         <value>0x68a1</value>
         <object_component_ref idref="oc-4a"/>
      </symbol>
      <symbol id="sm-636">
         <name>__TI_decompress_none</name>
         <value>0x69df</value>
         <object_component_ref idref="oc-1b"/>
      </symbol>
      <symbol id="sm-659">
         <name>__TI_decompress_lzss</name>
         <value>0x63c1</value>
         <object_component_ref idref="oc-15"/>
      </symbol>
      <symbol id="sm-6bf">
         <name>__kernel_rem_pio2</name>
         <value>0x2b8d</value>
         <object_component_ref idref="oc-1e8"/>
      </symbol>
      <symbol id="sm-754">
         <name>_sys_memory</name>
         <value>0x20001270</value>
         <object_component_ref idref="oc-24"/>
      </symbol>
      <symbol id="sm-755">
         <name>free</name>
         <value>0x5e25</value>
         <object_component_ref idref="oc-23a"/>
      </symbol>
      <symbol id="sm-756">
         <name>memalign</name>
         <value>0x5b31</value>
         <object_component_ref idref="oc-3fe"/>
      </symbol>
      <symbol id="sm-757">
         <name>calloc</name>
         <value>0x6721</value>
         <object_component_ref idref="oc-234"/>
      </symbol>
      <symbol id="sm-758">
         <name>malloc</name>
         <value>0x6a19</value>
         <object_component_ref idref="oc-336"/>
      </symbol>
      <symbol id="sm-759">
         <name>aligned_alloc</name>
         <value>0x5b31</value>
         <object_component_ref idref="oc-3fe"/>
      </symbol>
      <symbol id="sm-768">
         <name>strcmp</name>
         <value>0x6957</value>
         <object_component_ref idref="oc-20f"/>
      </symbol>
      <symbol id="sm-776">
         <name>strcpy</name>
         <value>0x6985</value>
         <object_component_ref idref="oc-215"/>
      </symbol>
      <symbol id="sm-784">
         <name>strlen</name>
         <value>0x6999</value>
         <object_component_ref idref="oc-21b"/>
      </symbol>
      <symbol id="sm-79a">
         <name>__aeabi_errno_addr</name>
         <value>0x6a11</value>
         <object_component_ref idref="oc-1f4"/>
      </symbol>
      <symbol id="sm-79b">
         <name>errno</name>
         <value>0x20002338</value>
         <object_component_ref idref="oc-2fe"/>
      </symbol>
      <symbol id="sm-7ae">
         <name>__stack</name>
         <value>0x20000270</value>
         <object_component_ref idref="oc-27"/>
      </symbol>
      <symbol id="sm-7af">
         <name>_c_int00_noargs</name>
         <value>0x67c5</value>
         <object_component_ref idref="oc-5c"/>
      </symbol>
      <symbol id="sm-7ce">
         <name>__kernel_tan</name>
         <value>0x3ef1</value>
         <object_component_ref idref="oc-1ee"/>
      </symbol>
      <symbol id="sm-7eb">
         <name>floorl</name>
         <value>0x5d2d</value>
         <object_component_ref idref="oc-2e8"/>
      </symbol>
      <symbol id="sm-7ec">
         <name>floor</name>
         <value>0x5d2d</value>
         <object_component_ref idref="oc-2e8"/>
      </symbol>
      <symbol id="sm-951">
         <name>__TI_printfi</name>
         <value>0xe8d</value>
         <object_component_ref idref="oc-182"/>
      </symbol>
      <symbol id="sm-960">
         <name>__aeabi_memset</name>
         <value>0x61fb</value>
         <object_component_ref idref="oc-96"/>
      </symbol>
      <symbol id="sm-961">
         <name>memset</name>
         <value>0x6201</value>
         <object_component_ref idref="oc-96"/>
      </symbol>
      <symbol id="sm-962">
         <name>__aeabi_memset8</name>
         <value>0x61fb</value>
         <object_component_ref idref="oc-96"/>
      </symbol>
      <symbol id="sm-963">
         <name>__aeabi_memset4</name>
         <value>0x61fb</value>
         <object_component_ref idref="oc-96"/>
      </symbol>
      <symbol id="sm-964">
         <name>__aeabi_memclr8</name>
         <value>0x61f9</value>
         <object_component_ref idref="oc-96"/>
      </symbol>
      <symbol id="sm-965">
         <name>__aeabi_memclr4</name>
         <value>0x61f9</value>
         <object_component_ref idref="oc-96"/>
      </symbol>
      <symbol id="sm-966">
         <name>__aeabi_memclr</name>
         <value>0x61f9</value>
         <object_component_ref idref="oc-96"/>
      </symbol>
      <symbol id="sm-973">
         <name>__aeabi_uldivmod</name>
         <value>0x6057</value>
         <object_component_ref idref="oc-376"/>
      </symbol>
      <symbol id="sm-99b">
         <name>__TI_auto_init_nobinit_nopinit</name>
         <value>0x661d</value>
         <object_component_ref idref="oc-13f"/>
      </symbol>
      <symbol id="sm-9a5">
         <name>_system_pre_init</name>
         <value>0x6a21</value>
         <object_component_ref idref="oc-9c"/>
      </symbol>
      <symbol id="sm-9b1">
         <name>C$$EXIT</name>
         <value>0x6a25</value>
         <object_component_ref idref="oc-133"/>
      </symbol>
      <symbol id="sm-9b2">
         <name>abort</name>
         <value>0x6a25</value>
         <object_component_ref idref="oc-133"/>
      </symbol>
      <symbol id="sm-9c7">
         <name>_nop</name>
         <value>0x18db</value>
         <object_component_ref idref="oc-352"/>
      </symbol>
      <symbol id="sm-9c8">
         <name>_lock</name>
         <value>0x2000231c</value>
         <object_component_ref idref="oc-258"/>
      </symbol>
      <symbol id="sm-9c9">
         <name>_unlock</name>
         <value>0x20002320</value>
         <object_component_ref idref="oc-258"/>
      </symbol>
      <symbol id="sm-9d8">
         <name>__TI_ltoa</name>
         <value>0x64e3</value>
         <object_component_ref idref="oc-37c"/>
      </symbol>
      <symbol id="sm-9ef">
         <name>atoi</name>
         <value>0x6589</value>
         <object_component_ref idref="oc-274"/>
      </symbol>
      <symbol id="sm-9fa">
         <name>_ctypes_</name>
         <value>0x6b80</value>
         <object_component_ref idref="oc-371"/>
      </symbol>
      <symbol id="sm-a0a">
         <name>memccpy</name>
         <value>0x68d9</value>
         <object_component_ref idref="oc-298"/>
      </symbol>
      <symbol id="sm-a1a">
         <name>strchr</name>
         <value>0x696f</value>
         <object_component_ref idref="oc-3a3"/>
      </symbol>
      <symbol id="sm-a30">
         <name>frexpl</name>
         <value>0x6429</value>
         <object_component_ref idref="oc-39d"/>
      </symbol>
      <symbol id="sm-a31">
         <name>frexp</name>
         <value>0x6429</value>
         <object_component_ref idref="oc-39d"/>
      </symbol>
      <symbol id="sm-a4a">
         <name>wcslen</name>
         <value>0x69ad</value>
         <object_component_ref idref="oc-29e"/>
      </symbol>
      <symbol id="sm-a54">
         <name>__aeabi_idiv0</name>
         <value>0x5167</value>
         <object_component_ref idref="oc-41e"/>
      </symbol>
      <symbol id="sm-a55">
         <name>__aeabi_ldiv0</name>
         <value>0x5167</value>
         <object_component_ref idref="oc-41e"/>
      </symbol>
      <symbol id="sm-a84">
         <name>IntRegister</name>
         <value>0x6791</value>
         <object_component_ref idref="oc-19b"/>
      </symbol>
      <symbol id="sm-a85">
         <name>g_pfnRAMVectors</name>
         <value>0x20000000</value>
         <object_component_ref idref="oc-2b4"/>
      </symbol>
      <symbol id="sm-a86">
         <name>IntMasterEnable</name>
         <value>0x69bf</value>
         <object_component_ref idref="oc-1a1"/>
      </symbol>
      <symbol id="sm-a90">
         <name>CPUcpsie</name>
         <value>0x69ed</value>
         <object_component_ref idref="oc-2be"/>
      </symbol>
      <symbol id="sm-a91">
         <name>__TI_static_base__</name>
         <value>0x0</value>
      </symbol>
      <symbol id="sm-a94">
         <name>__mpu_init</name>
         <value>0x0</value>
      </symbol>
      <symbol id="sm-a95">
         <name>_system_post_cinit</name>
         <value>0x0</value>
      </symbol>
   </symbol_table>
   <title>Link successful</title>
</link_info>
