<?xml version="1.0" encoding="ISO-8859-1" ?>
<link_info>
   <banner>TI ARM Linker PC v20.2.6.LTS</banner>
   <copyright>Copyright (c) 1996-2018 Texas Instruments Incorporated</copyright>
   <link_time>0x64505423</link_time>
   <link_errors>0x0</link_errors>
   <output_file>Final1.out</output_file>
   <entry_point>
      <name>_c_int00_noargs</name>
      <address>0x6045</address>
   </entry_point>
   <input_file_list>
      <input_file id="fl-2">
         <path>.\</path>
         <kind>object</kind>
         <file>FinalProjmain.obj</file>
         <name>FinalProjmain.obj</name>
      </input_file>
      <input_file id="fl-3">
         <path>.\</path>
         <kind>object</kind>
         <file>Timer.obj</file>
         <name>Timer.obj</name>
      </input_file>
      <input_file id="fl-4">
         <path>.\</path>
         <kind>object</kind>
         <file>adc.obj</file>
         <name>adc.obj</name>
      </input_file>
      <input_file id="fl-5">
         <path>.\</path>
         <kind>object</kind>
         <file>button.obj</file>
         <name>button.obj</name>
      </input_file>
      <input_file id="fl-6">
         <path>.\</path>
         <kind>object</kind>
         <file>movement.obj</file>
         <name>movement.obj</name>
      </input_file>
      <input_file id="fl-7">
         <path>.\</path>
         <kind>object</kind>
         <file>open_interface.obj</file>
         <name>open_interface.obj</name>
      </input_file>
      <input_file id="fl-8">
         <path>.\</path>
         <kind>object</kind>
         <file>ping_template.obj</file>
         <name>ping_template.obj</name>
      </input_file>
      <input_file id="fl-9">
         <path>.\</path>
         <kind>object</kind>
         <file>servo.obj</file>
         <name>servo.obj</name>
      </input_file>
      <input_file id="fl-a">
         <path>.\</path>
         <kind>object</kind>
         <file>tm4c123gh6pm_startup_ccs.obj</file>
         <name>tm4c123gh6pm_startup_ccs.obj</name>
      </input_file>
      <input_file id="fl-b">
         <path>.\</path>
         <kind>object</kind>
         <file>uart-interrupt.obj</file>
         <name>uart-interrupt.obj</name>
      </input_file>
      <input_file id="fl-c">
         <path>.\</path>
         <kind>object</kind>
         <file>uart.obj</file>
         <name>uart.obj</name>
      </input_file>
      <input_file id="fl-13">
         <kind>object</kind>
         <file>&lt;internal&gt;</file>
         <name>&lt;internal&gt;</name>
      </input_file>
      <input_file id="fl-c9">
         <path>C:\ti\ccs1200\ccs\tools\compiler\ti-cgt-arm_20.2.6.LTS\lib\</path>
         <kind>archive</kind>
         <file>rtsv7M4_T_le_v4SPD16_eabi.lib</file>
         <name>e_pow.c.obj</name>
      </input_file>
      <input_file id="fl-ca">
         <path>C:\ti\ccs1200\ccs\tools\compiler\ti-cgt-arm_20.2.6.LTS\lib\</path>
         <kind>archive</kind>
         <file>rtsv7M4_T_le_v4SPD16_eabi.lib</file>
         <name>e_sqrt.c.obj</name>
      </input_file>
      <input_file id="fl-cb">
         <path>C:\ti\ccs1200\ccs\tools\compiler\ti-cgt-arm_20.2.6.LTS\lib\</path>
         <kind>archive</kind>
         <file>rtsv7M4_T_le_v4SPD16_eabi.lib</file>
         <name>s_scalbn.c.obj</name>
      </input_file>
      <input_file id="fl-cc">
         <path>C:\ti\ccs1200\ccs\tools\compiler\ti-cgt-arm_20.2.6.LTS\lib\</path>
         <kind>archive</kind>
         <file>rtsv7M4_T_le_v4SPD16_eabi.lib</file>
         <name>s_tan.c.obj</name>
      </input_file>
      <input_file id="fl-cd">
         <path>C:\ti\ccs1200\ccs\tools\compiler\ti-cgt-arm_20.2.6.LTS\lib\</path>
         <kind>archive</kind>
         <file>rtsv7M4_T_le_v4SPD16_eabi.lib</file>
         <name>s_copysign.c.obj</name>
      </input_file>
      <input_file id="fl-ce">
         <path>C:\ti\ccs1200\ccs\tools\compiler\ti-cgt-arm_20.2.6.LTS\lib\</path>
         <kind>archive</kind>
         <file>rtsv7M4_T_le_v4SPD16_eabi.lib</file>
         <name>sprintf.c.obj</name>
      </input_file>
      <input_file id="fl-cf">
         <path>C:\ti\ccs1200\ccs\tools\compiler\ti-cgt-arm_20.2.6.LTS\lib\</path>
         <kind>archive</kind>
         <file>rtsv7M4_T_le_v4SPD16_eabi.lib</file>
         <name>fd_add_t2.asm.obj</name>
      </input_file>
      <input_file id="fl-d0">
         <path>C:\ti\ccs1200\ccs\tools\compiler\ti-cgt-arm_20.2.6.LTS\lib\</path>
         <kind>archive</kind>
         <file>rtsv7M4_T_le_v4SPD16_eabi.lib</file>
         <name>fd_cmp_t2.asm.obj</name>
      </input_file>
      <input_file id="fl-d1">
         <path>C:\ti\ccs1200\ccs\tools\compiler\ti-cgt-arm_20.2.6.LTS\lib\</path>
         <kind>archive</kind>
         <file>rtsv7M4_T_le_v4SPD16_eabi.lib</file>
         <name>fd_div_t2.asm.obj</name>
      </input_file>
      <input_file id="fl-d2">
         <path>C:\ti\ccs1200\ccs\tools\compiler\ti-cgt-arm_20.2.6.LTS\lib\</path>
         <kind>archive</kind>
         <file>rtsv7M4_T_le_v4SPD16_eabi.lib</file>
         <name>fd_mul_t2.asm.obj</name>
      </input_file>
      <input_file id="fl-d3">
         <path>C:\ti\ccs1200\ccs\tools\compiler\ti-cgt-arm_20.2.6.LTS\lib\</path>
         <kind>archive</kind>
         <file>rtsv7M4_T_le_v4SPD16_eabi.lib</file>
         <name>fd_toi_t2.asm.obj</name>
      </input_file>
      <input_file id="fl-d4">
         <path>C:\ti\ccs1200\ccs\tools\compiler\ti-cgt-arm_20.2.6.LTS\lib\</path>
         <kind>archive</kind>
         <file>rtsv7M4_T_le_v4SPD16_eabi.lib</file>
         <name>fd_tos_t2.asm.obj</name>
      </input_file>
      <input_file id="fl-d5">
         <path>C:\ti\ccs1200\ccs\tools\compiler\ti-cgt-arm_20.2.6.LTS\lib\</path>
         <kind>archive</kind>
         <file>rtsv7M4_T_le_v4SPD16_eabi.lib</file>
         <name>fs_tod_t2.asm.obj</name>
      </input_file>
      <input_file id="fl-d6">
         <path>C:\ti\ccs1200\ccs\tools\compiler\ti-cgt-arm_20.2.6.LTS\lib\</path>
         <kind>archive</kind>
         <file>rtsv7M4_T_le_v4SPD16_eabi.lib</file>
         <name>i_tofd_t2.asm.obj</name>
      </input_file>
      <input_file id="fl-d7">
         <path>C:\ti\ccs1200\ccs\tools\compiler\ti-cgt-arm_20.2.6.LTS\lib\</path>
         <kind>archive</kind>
         <file>rtsv7M4_T_le_v4SPD16_eabi.lib</file>
         <name>memcpy_t2.asm.obj</name>
      </input_file>
      <input_file id="fl-d8">
         <path>C:\ti\ccs1200\ccs\tools\compiler\ti-cgt-arm_20.2.6.LTS\lib\</path>
         <kind>archive</kind>
         <file>rtsv7M4_T_le_v4SPD16_eabi.lib</file>
         <name>u_tofd_t2.asm.obj</name>
      </input_file>
      <input_file id="fl-d9">
         <path>C:\ti\ccs1200\ccs\tools\compiler\ti-cgt-arm_20.2.6.LTS\lib\</path>
         <kind>archive</kind>
         <file>rtsv7M4_T_le_v4SPD16_eabi.lib</file>
         <name>memset_t2.asm.obj</name>
      </input_file>
      <input_file id="fl-da">
         <path>C:\ti\ccs1200\ccs\tools\compiler\ti-cgt-arm_20.2.6.LTS\lib\</path>
         <kind>archive</kind>
         <file>rtsv7M4_T_le_v4SPD16_eabi.lib</file>
         <name>copy_zero_init.c.obj</name>
      </input_file>
      <input_file id="fl-db">
         <path>C:\ti\ccs1200\ccs\tools\compiler\ti-cgt-arm_20.2.6.LTS\lib\</path>
         <kind>archive</kind>
         <file>rtsv7M4_T_le_v4SPD16_eabi.lib</file>
         <name>copy_decompress_none.c.obj</name>
      </input_file>
      <input_file id="fl-dc">
         <path>C:\ti\ccs1200\ccs\tools\compiler\ti-cgt-arm_20.2.6.LTS\lib\</path>
         <kind>archive</kind>
         <file>rtsv7M4_T_le_v4SPD16_eabi.lib</file>
         <name>copy_decompress_lzss.c.obj</name>
      </input_file>
      <input_file id="fl-dd">
         <path>C:\ti\ccs1200\ccs\tools\compiler\ti-cgt-arm_20.2.6.LTS\lib\</path>
         <kind>archive</kind>
         <file>rtsv7M4_T_le_v4SPD16_eabi.lib</file>
         <name>k_rem_pio2.c.obj</name>
      </input_file>
      <input_file id="fl-de">
         <path>C:\ti\ccs1200\ccs\tools\compiler\ti-cgt-arm_20.2.6.LTS\lib\</path>
         <kind>archive</kind>
         <file>rtsv7M4_T_le_v4SPD16_eabi.lib</file>
         <name>memory.c.obj</name>
      </input_file>
      <input_file id="fl-df">
         <path>C:\ti\ccs1200\ccs\tools\compiler\ti-cgt-arm_20.2.6.LTS\lib\</path>
         <kind>archive</kind>
         <file>rtsv7M4_T_le_v4SPD16_eabi.lib</file>
         <name>strcmp.c.obj</name>
      </input_file>
      <input_file id="fl-e0">
         <path>C:\ti\ccs1200\ccs\tools\compiler\ti-cgt-arm_20.2.6.LTS\lib\</path>
         <kind>archive</kind>
         <file>rtsv7M4_T_le_v4SPD16_eabi.lib</file>
         <name>strlen.c.obj</name>
      </input_file>
      <input_file id="fl-e1">
         <path>C:\ti\ccs1200\ccs\tools\compiler\ti-cgt-arm_20.2.6.LTS\lib\</path>
         <kind>archive</kind>
         <file>rtsv7M4_T_le_v4SPD16_eabi.lib</file>
         <name>errno.c.obj</name>
      </input_file>
      <input_file id="fl-e2">
         <path>C:\ti\ccs1200\ccs\tools\compiler\ti-cgt-arm_20.2.6.LTS\lib\</path>
         <kind>archive</kind>
         <file>rtsv7M4_T_le_v4SPD16_eabi.lib</file>
         <name>boot_cortex_m.c.obj</name>
      </input_file>
      <input_file id="fl-e3">
         <path>C:\ti\ccs1200\ccs\tools\compiler\ti-cgt-arm_20.2.6.LTS\lib\</path>
         <kind>archive</kind>
         <file>rtsv7M4_T_le_v4SPD16_eabi.lib</file>
         <name>k_tan.c.obj</name>
      </input_file>
      <input_file id="fl-e4">
         <path>C:\ti\ccs1200\ccs\tools\compiler\ti-cgt-arm_20.2.6.LTS\lib\</path>
         <kind>archive</kind>
         <file>rtsv7M4_T_le_v4SPD16_eabi.lib</file>
         <name>s_floor.c.obj</name>
      </input_file>
      <input_file id="fl-e5">
         <path>C:\ti\ccs1200\ccs\tools\compiler\ti-cgt-arm_20.2.6.LTS\lib\</path>
         <kind>archive</kind>
         <file>rtsv7M4_T_le_v4SPD16_eabi.lib</file>
         <name>_printfi.c.obj</name>
      </input_file>
      <input_file id="fl-e6">
         <path>C:\ti\ccs1200\ccs\tools\compiler\ti-cgt-arm_20.2.6.LTS\lib\</path>
         <kind>archive</kind>
         <file>rtsv7M4_T_le_v4SPD16_eabi.lib</file>
         <name>ull_div_t2.asm.obj</name>
      </input_file>
      <input_file id="fl-e7">
         <path>C:\ti\ccs1200\ccs\tools\compiler\ti-cgt-arm_20.2.6.LTS\lib\</path>
         <kind>archive</kind>
         <file>rtsv7M4_T_le_v4SPD16_eabi.lib</file>
         <name>autoinit.c.obj</name>
      </input_file>
      <input_file id="fl-e8">
         <path>C:\ti\ccs1200\ccs\tools\compiler\ti-cgt-arm_20.2.6.LTS\lib\</path>
         <kind>archive</kind>
         <file>rtsv7M4_T_le_v4SPD16_eabi.lib</file>
         <name>pre_init.c.obj</name>
      </input_file>
      <input_file id="fl-e9">
         <path>C:\ti\ccs1200\ccs\tools\compiler\ti-cgt-arm_20.2.6.LTS\lib\</path>
         <kind>archive</kind>
         <file>rtsv7M4_T_le_v4SPD16_eabi.lib</file>
         <name>cpy_tbl.c.obj</name>
      </input_file>
      <input_file id="fl-ea">
         <path>C:\ti\ccs1200\ccs\tools\compiler\ti-cgt-arm_20.2.6.LTS\lib\</path>
         <kind>archive</kind>
         <file>rtsv7M4_T_le_v4SPD16_eabi.lib</file>
         <name>exit.c.obj</name>
      </input_file>
      <input_file id="fl-eb">
         <path>C:\ti\ccs1200\ccs\tools\compiler\ti-cgt-arm_20.2.6.LTS\lib\</path>
         <kind>archive</kind>
         <file>rtsv7M4_T_le_v4SPD16_eabi.lib</file>
         <name>_lock.c.obj</name>
      </input_file>
      <input_file id="fl-ec">
         <path>C:\ti\ccs1200\ccs\tools\compiler\ti-cgt-arm_20.2.6.LTS\lib\</path>
         <kind>archive</kind>
         <file>rtsv7M4_T_le_v4SPD16_eabi.lib</file>
         <name>_ltoa.c.obj</name>
      </input_file>
      <input_file id="fl-ed">
         <path>C:\ti\ccs1200\ccs\tools\compiler\ti-cgt-arm_20.2.6.LTS\lib\</path>
         <kind>archive</kind>
         <file>rtsv7M4_T_le_v4SPD16_eabi.lib</file>
         <name>args_main.c.obj</name>
      </input_file>
      <input_file id="fl-ee">
         <path>C:\ti\ccs1200\ccs\tools\compiler\ti-cgt-arm_20.2.6.LTS\lib\</path>
         <kind>archive</kind>
         <file>rtsv7M4_T_le_v4SPD16_eabi.lib</file>
         <name>atoi.c.obj</name>
      </input_file>
      <input_file id="fl-ef">
         <path>C:\ti\ccs1200\ccs\tools\compiler\ti-cgt-arm_20.2.6.LTS\lib\</path>
         <kind>archive</kind>
         <file>rtsv7M4_T_le_v4SPD16_eabi.lib</file>
         <name>ctype.c.obj</name>
      </input_file>
      <input_file id="fl-f0">
         <path>C:\ti\ccs1200\ccs\tools\compiler\ti-cgt-arm_20.2.6.LTS\lib\</path>
         <kind>archive</kind>
         <file>rtsv7M4_T_le_v4SPD16_eabi.lib</file>
         <name>memccpy.c.obj</name>
      </input_file>
      <input_file id="fl-f1">
         <path>C:\ti\ccs1200\ccs\tools\compiler\ti-cgt-arm_20.2.6.LTS\lib\</path>
         <kind>archive</kind>
         <file>rtsv7M4_T_le_v4SPD16_eabi.lib</file>
         <name>strchr.c.obj</name>
      </input_file>
      <input_file id="fl-f2">
         <path>C:\ti\ccs1200\ccs\tools\compiler\ti-cgt-arm_20.2.6.LTS\lib\</path>
         <kind>archive</kind>
         <file>rtsv7M4_T_le_v4SPD16_eabi.lib</file>
         <name>s_frexp.c.obj</name>
      </input_file>
      <input_file id="fl-f3">
         <path>C:\ti\ccs1200\ccs\tools\compiler\ti-cgt-arm_20.2.6.LTS\lib\</path>
         <kind>archive</kind>
         <file>rtsv7M4_T_le_v4SPD16_eabi.lib</file>
         <name>wcslen.c.obj</name>
      </input_file>
      <input_file id="fl-f4">
         <path>C:\ti\ccs1200\ccs\tools\compiler\ti-cgt-arm_20.2.6.LTS\lib\</path>
         <kind>archive</kind>
         <file>rtsv7M4_T_le_v4SPD16_eabi.lib</file>
         <name>div0.asm.obj</name>
      </input_file>
      <input_file id="fl-f5">
         <path>C:\ti\TivaWare_C_Series-2.2.0.295\driverlib\ccs\Debug\</path>
         <kind>archive</kind>
         <file>driverlib.lib</file>
         <name>interrupt.obj</name>
      </input_file>
      <input_file id="fl-f6">
         <path>C:\ti\TivaWare_C_Series-2.2.0.295\driverlib\ccs\Debug\</path>
         <kind>archive</kind>
         <file>driverlib.lib</file>
         <name>cpu.obj</name>
      </input_file>
   </input_file_list>
   <object_component_list>
      <object_component id="oc-12">
         <name>.intvecs</name>
         <load_address>0x0</load_address>
         <run_address>0x0</run_address>
         <size>0x26c</size>
         <input_file_ref idref="fl-a"/>
      </object_component>
      <object_component id="oc-12a">
         <name>.text</name>
         <load_address>0x26c</load_address>
         <run_address>0x26c</run_address>
         <size>0xc20</size>
         <input_file_ref idref="fl-7"/>
      </object_component>
      <object_component id="oc-1b8">
         <name>.text:__TI_printfi</name>
         <load_address>0xe8c</load_address>
         <run_address>0xe8c</run_address>
         <size>0xa4e</size>
         <input_file_ref idref="fl-e5"/>
      </object_component>
      <object_component id="oc-311">
         <name>.text:_nop</name>
         <load_address>0x18da</load_address>
         <run_address>0x18da</run_address>
         <size>0x2</size>
         <input_file_ref idref="fl-eb"/>
      </object_component>
      <object_component id="oc-19c">
         <name>.text:pow</name>
         <load_address>0x18dc</load_address>
         <run_address>0x18dc</run_address>
         <size>0x9d0</size>
         <input_file_ref idref="fl-c9"/>
      </object_component>
      <object_component id="oc-1ed">
         <name>.text:__kernel_rem_pio2</name>
         <load_address>0x22ac</load_address>
         <run_address>0x22ac</run_address>
         <size>0x738</size>
         <input_file_ref idref="fl-dd"/>
      </object_component>
      <object_component id="oc-a2">
         <name>.text</name>
         <load_address>0x29e4</load_address>
         <run_address>0x29e4</run_address>
         <size>0x67c</size>
         <input_file_ref idref="fl-2"/>
      </object_component>
      <object_component id="oc-124">
         <name>.text</name>
         <load_address>0x3060</load_address>
         <run_address>0x3060</run_address>
         <size>0x5a8</size>
         <input_file_ref idref="fl-6"/>
      </object_component>
      <object_component id="oc-11d">
         <name>.text:tan</name>
         <load_address>0x3608</load_address>
         <run_address>0x3608</run_address>
         <size>0x508</size>
         <input_file_ref idref="fl-cc"/>
      </object_component>
      <object_component id="oc-1f3">
         <name>.text:__kernel_tan</name>
         <load_address>0x3b10</load_address>
         <run_address>0x3b10</run_address>
         <size>0x31c</size>
         <input_file_ref idref="fl-e3"/>
      </object_component>
      <object_component id="oc-e3">
         <name>.text</name>
         <load_address>0x3e2c</load_address>
         <run_address>0x3e2c</run_address>
         <size>0x2cc</size>
         <input_file_ref idref="fl-8"/>
      </object_component>
      <object_component id="oc-2a0">
         <name>.text:_pconv_a</name>
         <load_address>0x40f8</load_address>
         <run_address>0x40f8</run_address>
         <size>0x270</size>
         <input_file_ref idref="fl-e5"/>
      </object_component>
      <object_component id="oc-fb">
         <name>.text</name>
         <load_address>0x4368</load_address>
         <run_address>0x4368</run_address>
         <size>0x248</size>
         <input_file_ref idref="fl-3"/>
      </object_component>
      <object_component id="oc-f5">
         <name>.text</name>
         <load_address>0x45b0</load_address>
         <run_address>0x45b0</run_address>
         <size>0x1f0</size>
         <input_file_ref idref="fl-b"/>
      </object_component>
      <object_component id="oc-28e">
         <name>.text:_pconv_g</name>
         <load_address>0x47a0</load_address>
         <run_address>0x47a0</run_address>
         <size>0x1d0</size>
         <input_file_ref idref="fl-e5"/>
      </object_component>
      <object_component id="oc-196">
         <name>.text</name>
         <load_address>0x4970</load_address>
         <run_address>0x4970</run_address>
         <size>0x1b6</size>
         <input_file_ref idref="fl-cf"/>
      </object_component>
      <object_component id="oc-3e0">
         <name>.text</name>
         <load_address>0x4b26</load_address>
         <run_address>0x4b26</run_address>
         <size>0x2</size>
         <input_file_ref idref="fl-f4"/>
      </object_component>
      <object_component id="oc-d7">
         <name>.text</name>
         <load_address>0x4b28</load_address>
         <run_address>0x4b28</run_address>
         <size>0x170</size>
         <input_file_ref idref="fl-9"/>
      </object_component>
      <object_component id="oc-dd">
         <name>.text</name>
         <load_address>0x4c98</load_address>
         <run_address>0x4c98</run_address>
         <size>0x158</size>
         <input_file_ref idref="fl-4"/>
      </object_component>
      <object_component id="oc-25c">
         <name>.text:sqrt</name>
         <load_address>0x4df0</load_address>
         <run_address>0x4df0</run_address>
         <size>0x158</size>
         <input_file_ref idref="fl-ca"/>
      </object_component>
      <object_component id="oc-29a">
         <name>.text:_pconv_e</name>
         <load_address>0x4f48</load_address>
         <run_address>0x4f48</run_address>
         <size>0x13c</size>
         <input_file_ref idref="fl-e5"/>
      </object_component>
      <object_component id="oc-10e">
         <name>.text</name>
         <load_address>0x5084</load_address>
         <run_address>0x5084</run_address>
         <size>0x136</size>
         <input_file_ref idref="fl-d1"/>
      </object_component>
      <object_component id="oc-371">
         <name>.text:fcvt</name>
         <load_address>0x51bc</load_address>
         <run_address>0x51bc</run_address>
         <size>0x124</size>
         <input_file_ref idref="fl-e5"/>
      </object_component>
      <object_component id="oc-265">
         <name>.text:scalbn</name>
         <load_address>0x52e0</load_address>
         <run_address>0x52e0</run_address>
         <size>0x110</size>
         <input_file_ref idref="fl-cb"/>
      </object_component>
      <object_component id="oc-3b9">
         <name>.text:aligned_alloc</name>
         <load_address>0x53f0</load_address>
         <run_address>0x53f0</run_address>
         <size>0x100</size>
         <input_file_ref idref="fl-de"/>
      </object_component>
      <object_component id="oc-109">
         <name>.text</name>
         <load_address>0x54f0</load_address>
         <run_address>0x54f0</run_address>
         <size>0xfc</size>
         <input_file_ref idref="fl-d2"/>
      </object_component>
      <object_component id="oc-2cc">
         <name>.text:floor</name>
         <load_address>0x55ec</load_address>
         <run_address>0x55ec</run_address>
         <size>0xf8</size>
         <input_file_ref idref="fl-e4"/>
      </object_component>
      <object_component id="oc-216">
         <name>.text:free</name>
         <load_address>0x56e4</load_address>
         <run_address>0x56e4</run_address>
         <size>0xe4</size>
         <input_file_ref idref="fl-de"/>
      </object_component>
      <object_component id="oc-288">
         <name>.text:_ltostr</name>
         <load_address>0x57c8</load_address>
         <run_address>0x57c8</run_address>
         <size>0xb1</size>
         <input_file_ref idref="fl-e5"/>
      </object_component>
      <object_component id="oc-3e">
         <name>.text</name>
         <load_address>0x587a</load_address>
         <run_address>0x587a</run_address>
         <size>0x9c</size>
         <input_file_ref idref="fl-d7"/>
      </object_component>
      <object_component id="oc-358">
         <name>.text</name>
         <load_address>0x5916</load_address>
         <run_address>0x5916</run_address>
         <size>0x96</size>
         <input_file_ref idref="fl-e6"/>
      </object_component>
      <object_component id="oc-1e8">
         <name>.text:__aeabi_cdcmple</name>
         <load_address>0x59ac</load_address>
         <run_address>0x59ac</run_address>
         <size>0x86</size>
         <input_file_ref idref="fl-d0"/>
      </object_component>
      <object_component id="oc-209">
         <name>.text:__aeabi_cdrcmple</name>
         <load_address>0x5a32</load_address>
         <run_address>0x5a32</run_address>
         <size>0x86</size>
         <input_file_ref idref="fl-d0"/>
      </object_component>
      <object_component id="oc-96">
         <name>.text</name>
         <load_address>0x5ab8</load_address>
         <run_address>0x5ab8</run_address>
         <size>0x7a</size>
         <input_file_ref idref="fl-d9"/>
      </object_component>
      <object_component id="oc-400">
         <name>.text:split</name>
         <load_address>0x5b34</load_address>
         <run_address>0x5b34</run_address>
         <size>0x70</size>
         <input_file_ref idref="fl-de"/>
      </object_component>
      <object_component id="oc-36a">
         <name>.text:_mcpy</name>
         <load_address>0x5ba4</load_address>
         <run_address>0x5ba4</run_address>
         <size>0x6e</size>
         <input_file_ref idref="fl-e5"/>
      </object_component>
      <object_component id="oc-113">
         <name>.text</name>
         <load_address>0x5c12</load_address>
         <run_address>0x5c12</run_address>
         <size>0x6e</size>
         <input_file_ref idref="fl-d4"/>
      </object_component>
      <object_component id="oc-15">
         <name>.text:decompress:lzss:__TI_decompress_lzss</name>
         <load_address>0x5c80</load_address>
         <run_address>0x5c80</run_address>
         <size>0x68</size>
         <input_file_ref idref="fl-dc"/>
      </object_component>
      <object_component id="oc-37f">
         <name>.text:frexp</name>
         <load_address>0x5ce8</load_address>
         <run_address>0x5ce8</run_address>
         <size>0x64</size>
         <input_file_ref idref="fl-f2"/>
      </object_component>
      <object_component id="oc-294">
         <name>.text:_pconv_f</name>
         <load_address>0x5d4c</load_address>
         <run_address>0x5d4c</run_address>
         <size>0x56</size>
         <input_file_ref idref="fl-e5"/>
      </object_component>
      <object_component id="oc-35e">
         <name>.text:__TI_ltoa</name>
         <load_address>0x5da2</load_address>
         <run_address>0x5da2</run_address>
         <size>0x54</size>
         <input_file_ref idref="fl-ec"/>
      </object_component>
      <object_component id="oc-364">
         <name>.text:_ecpy</name>
         <load_address>0x5df6</load_address>
         <run_address>0x5df6</run_address>
         <size>0x52</size>
         <input_file_ref idref="fl-e5"/>
      </object_component>
      <object_component id="oc-282">
         <name>.text:atoi</name>
         <load_address>0x5e48</load_address>
         <run_address>0x5e48</run_address>
         <size>0x4c</size>
         <input_file_ref idref="fl-ee"/>
      </object_component>
      <object_component id="oc-1e3">
         <name>.text</name>
         <load_address>0x5e94</load_address>
         <run_address>0x5e94</run_address>
         <size>0x48</size>
         <input_file_ref idref="fl-d3"/>
      </object_component>
      <object_component id="oc-149">
         <name>.text:__TI_auto_init_nobinit_nopinit:__TI_auto_init_nobinit_nopinit</name>
         <load_address>0x5edc</load_address>
         <run_address>0x5edc</run_address>
         <size>0x44</size>
         <input_file_ref idref="fl-e7"/>
      </object_component>
      <object_component id="oc-e9">
         <name>.text:sprintf</name>
         <load_address>0x5f20</load_address>
         <run_address>0x5f20</run_address>
         <size>0x40</size>
         <input_file_ref idref="fl-ce"/>
      </object_component>
      <object_component id="oc-377">
         <name>.text:_fcpy</name>
         <load_address>0x5f60</load_address>
         <run_address>0x5f60</run_address>
         <size>0x3e</size>
         <input_file_ref idref="fl-e5"/>
      </object_component>
      <object_component id="oc-210">
         <name>.text:calloc</name>
         <load_address>0x5fa0</load_address>
         <run_address>0x5fa0</run_address>
         <size>0x38</size>
         <input_file_ref idref="fl-de"/>
      </object_component>
      <object_component id="oc-118">
         <name>.text</name>
         <load_address>0x5fd8</load_address>
         <run_address>0x5fd8</run_address>
         <size>0x38</size>
         <input_file_ref idref="fl-d5"/>
      </object_component>
      <object_component id="oc-1a3">
         <name>.text:IntRegister</name>
         <load_address>0x6010</load_address>
         <run_address>0x6010</run_address>
         <size>0x34</size>
         <input_file_ref idref="fl-f5"/>
      </object_component>
      <object_component id="oc-5c">
         <name>.text:_c_int00_noargs:_c_int00_noargs</name>
         <load_address>0x6044</load_address>
         <run_address>0x6044</run_address>
         <size>0x34</size>
         <input_file_ref idref="fl-e2"/>
      </object_component>
      <object_component id="oc-104">
         <name>.text</name>
         <load_address>0x6078</load_address>
         <run_address>0x6078</run_address>
         <size>0x2e</size>
         <input_file_ref idref="fl-d6"/>
      </object_component>
      <object_component id="oc-300">
         <name>.text:free_list_insert</name>
         <load_address>0x60a8</load_address>
         <run_address>0x60a8</run_address>
         <size>0x28</size>
         <input_file_ref idref="fl-de"/>
      </object_component>
      <object_component id="oc-191">
         <name>.text</name>
         <load_address>0x60d0</load_address>
         <run_address>0x60d0</run_address>
         <size>0x20</size>
         <input_file_ref idref="fl-d8"/>
      </object_component>
      <object_component id="oc-4a">
         <name>.text:decompress:ZI:__TI_zero_init_nomemset:__TI_zero_init_nomemset</name>
         <load_address>0x60f0</load_address>
         <run_address>0x60f0</run_address>
         <size>0x1c</size>
         <input_file_ref idref="fl-da"/>
      </object_component>
      <object_component id="oc-2fa">
         <name>.text:free_list_remove</name>
         <load_address>0x610c</load_address>
         <run_address>0x610c</run_address>
         <size>0x1c</size>
         <input_file_ref idref="fl-de"/>
      </object_component>
      <object_component id="oc-2a6">
         <name>.text:memccpy</name>
         <load_address>0x6128</load_address>
         <run_address>0x6128</run_address>
         <size>0x1c</size>
         <input_file_ref idref="fl-f0"/>
      </object_component>
      <object_component id="oc-334">
         <name>.text:copysign</name>
         <load_address>0x6144</load_address>
         <run_address>0x6144</run_address>
         <size>0x1a</size>
         <input_file_ref idref="fl-cd"/>
      </object_component>
      <object_component id="oc-1be">
         <name>.text:_outs</name>
         <load_address>0x615e</load_address>
         <run_address>0x615e</run_address>
         <size>0x18</size>
         <input_file_ref idref="fl-ce"/>
      </object_component>
      <object_component id="oc-21c">
         <name>.text:oi_parseInt</name>
         <load_address>0x6176</load_address>
         <run_address>0x6176</run_address>
         <size>0x18</size>
         <input_file_ref idref="fl-7"/>
      </object_component>
      <object_component id="oc-223">
         <name>.text:strcmp</name>
         <load_address>0x618e</load_address>
         <run_address>0x618e</run_address>
         <size>0x18</size>
         <input_file_ref idref="fl-df"/>
      </object_component>
      <object_component id="oc-385">
         <name>.text:strchr</name>
         <load_address>0x61a6</load_address>
         <run_address>0x61a6</run_address>
         <size>0x16</size>
         <input_file_ref idref="fl-f1"/>
      </object_component>
      <object_component id="oc-ef">
         <name>.text:strlen</name>
         <load_address>0x61bc</load_address>
         <run_address>0x61bc</run_address>
         <size>0x14</size>
         <input_file_ref idref="fl-e0"/>
      </object_component>
      <object_component id="oc-2ac">
         <name>.text:wcslen</name>
         <load_address>0x61d0</load_address>
         <run_address>0x61d0</run_address>
         <size>0x12</size>
         <input_file_ref idref="fl-f3"/>
      </object_component>
      <object_component id="oc-1a9">
         <name>.text:IntMasterEnable</name>
         <load_address>0x61e2</load_address>
         <run_address>0x61e2</run_address>
         <size>0x10</size>
         <input_file_ref idref="fl-f5"/>
      </object_component>
      <object_component id="oc-1b">
         <name>.text:decompress:none:__TI_decompress_none</name>
         <load_address>0x61f2</load_address>
         <run_address>0x61f2</run_address>
         <size>0xe</size>
         <input_file_ref idref="fl-db"/>
      </object_component>
      <object_component id="oc-278">
         <name>.text:CPUcpsie</name>
         <load_address>0x6200</load_address>
         <run_address>0x6200</run_address>
         <size>0xc</size>
         <input_file_ref idref="fl-f6"/>
      </object_component>
      <object_component id="oc-2a">
         <name>.text</name>
         <load_address>0x620c</load_address>
         <run_address>0x620c</run_address>
         <size>0xc</size>
         <input_file_ref idref="fl-a"/>
      </object_component>
      <object_component id="oc-1c4">
         <name>.text:_outc</name>
         <load_address>0x6218</load_address>
         <run_address>0x6218</run_address>
         <size>0xa</size>
         <input_file_ref idref="fl-ce"/>
      </object_component>
      <object_component id="oc-1f9">
         <name>.text:__aeabi_errno_addr</name>
         <load_address>0x6224</load_address>
         <run_address>0x6224</run_address>
         <size>0x8</size>
         <input_file_ref idref="fl-e1"/>
      </object_component>
      <object_component id="oc-2f3">
         <name>.text:malloc</name>
         <load_address>0x622c</load_address>
         <run_address>0x622c</run_address>
         <size>0x8</size>
         <input_file_ref idref="fl-de"/>
      </object_component>
      <object_component id="oc-9c">
         <name>.text:_system_pre_init</name>
         <load_address>0x6234</load_address>
         <run_address>0x6234</run_address>
         <size>0x4</size>
         <input_file_ref idref="fl-e8"/>
      </object_component>
      <object_component id="oc-13d">
         <name>.text:abort:abort</name>
         <load_address>0x6238</load_address>
         <run_address>0x6238</run_address>
         <size>0x4</size>
         <input_file_ref idref="fl-ea"/>
      </object_component>
      <object_component id="oc-101">
         <name>.const:$P$T0$1</name>
         <load_address>0x6240</load_address>
         <run_address>0x6240</run_address>
         <size>0x2d0</size>
         <input_file_ref idref="fl-2"/>
      </object_component>
      <object_component id="oc-2d2">
         <name>.const:$O1$$</name>
         <load_address>0x6510</load_address>
         <run_address>0x6510</run_address>
         <size>0x158</size>
         <input_file_ref idref="fl-dd"/>
      </object_component>
      <object_component id="oc-353">
         <name>.const:.string:_ctypes_</name>
         <load_address>0x6668</load_address>
         <run_address>0x6668</run_address>
         <size>0x101</size>
         <input_file_ref idref="fl-ef"/>
      </object_component>
      <object_component id="oc-2dd">
         <name>.const:xxx</name>
         <load_address>0x6770</load_address>
         <run_address>0x6770</run_address>
         <size>0x80</size>
         <input_file_ref idref="fl-e3"/>
      </object_component>
      <object_component id="oc-262">
         <name>.const:$O1$$</name>
         <load_address>0x67f0</load_address>
         <run_address>0x67f0</run_address>
         <size>0x30</size>
         <input_file_ref idref="fl-c9"/>
      </object_component>
      <object_component id="oc-22c">
         <name>.const:.string:$P$T0$3</name>
         <load_address>0x6820</load_address>
         <run_address>0x6820</run_address>
         <size>0xf</size>
         <input_file_ref idref="fl-7"/>
      </object_component>
      <object_component id="oc-43f">
         <name>.cinit..data.load</name>
         <load_address>0x6830</load_address>
         <run_address>0x6830</run_address>
         <size>0x49</size>
      </object_component>
      <object_component id="oc-43c">
         <name>__TI_handler_table</name>
         <load_address>0x687c</load_address>
         <run_address>0x687c</run_address>
         <size>0xc</size>
      </object_component>
      <object_component id="oc-440">
         <name>.cinit..bss.load</name>
         <load_address>0x6888</load_address>
         <run_address>0x6888</run_address>
         <size>0x8</size>
      </object_component>
      <object_component id="oc-43e">
         <name>.cinit..vtable.load</name>
         <load_address>0x6890</load_address>
         <run_address>0x6890</run_address>
         <size>0x8</size>
      </object_component>
      <object_component id="oc-43d">
         <name>__TI_cinit_table</name>
         <load_address>0x6898</load_address>
         <run_address>0x6898</run_address>
         <size>0x18</size>
      </object_component>
      <object_component id="oc-26e">
         <name>.vtable</name>
         <uninitialized>true</uninitialized>
         <run_address>0x20000000</run_address>
         <size>0x26c</size>
         <input_file_ref idref="fl-f5"/>
      </object_component>
      <object_component id="oc-136">
         <name>.data:Love_SosaNotes</name>
         <load_address>0x200022d4</load_address>
         <run_address>0x200022d4</run_address>
         <size>0x26</size>
         <input_file_ref idref="fl-2"/>
      </object_component>
      <object_component id="oc-139">
         <name>.data:duration</name>
         <load_address>0x200022fa</load_address>
         <run_address>0x200022fa</run_address>
         <size>0x20</size>
         <input_file_ref idref="fl-2"/>
      </object_component>
      <object_component id="oc-133">
         <name>.data</name>
         <load_address>0x20002358</load_address>
         <run_address>0x20002358</run_address>
         <size>0x8</size>
         <input_file_ref idref="fl-2"/>
      </object_component>
      <object_component id="oc-1d5">
         <name>.data</name>
         <load_address>0x2000231a</load_address>
         <run_address>0x2000231a</run_address>
         <size>0x1</size>
         <input_file_ref idref="fl-3"/>
      </object_component>
      <object_component id="oc-206">
         <name>.data:temp</name>
         <load_address>0x20002270</load_address>
         <run_address>0x20002270</run_address>
         <size>0x64</size>
         <input_file_ref idref="fl-6"/>
      </object_component>
      <object_component id="oc-229">
         <name>.data</name>
         <load_address>0x2000231c</load_address>
         <run_address>0x2000231c</run_address>
         <size>0x20</size>
         <input_file_ref idref="fl-7"/>
      </object_component>
      <object_component id="oc-1af">
         <name>.data</name>
         <load_address>0x2000233c</load_address>
         <run_address>0x2000233c</run_address>
         <size>0x9</size>
         <input_file_ref idref="fl-8"/>
      </object_component>
      <object_component id="oc-130">
         <name>.data</name>
         <load_address>0x20002360</load_address>
         <run_address>0x20002360</run_address>
         <size>0x8</size>
         <input_file_ref idref="fl-b"/>
      </object_component>
      <object_component id="oc-3c0">
         <name>.data:$O1$$</name>
         <load_address>0x20002350</load_address>
         <run_address>0x20002350</run_address>
         <size>0x8</size>
         <input_file_ref idref="fl-de"/>
      </object_component>
      <object_component id="oc-2e2">
         <name>.data</name>
         <load_address>0x20002368</load_address>
         <run_address>0x20002368</run_address>
         <size>0x4</size>
         <input_file_ref idref="fl-e1"/>
      </object_component>
      <object_component id="oc-23e">
         <name>.data:$O1$$</name>
         <load_address>0x20002348</load_address>
         <run_address>0x20002348</run_address>
         <size>0x8</size>
         <input_file_ref idref="fl-eb"/>
      </object_component>
      <object_component id="oc-22f">
         <name>.bss:firmware$2</name>
         <uninitialized>true</uninitialized>
         <run_address>0x2000236c</run_address>
         <size>0x18</size>
         <input_file_ref idref="fl-7"/>
      </object_component>
      <object_component id="oc-123">
         <name>.common:len</name>
         <uninitialized>true</uninitialized>
         <run_address>0x20002388</run_address>
         <size>0x4</size>
      </object_component>
      <object_component id="oc-1d8">
         <name>.common:_timeout_ticks</name>
         <uninitialized>true</uninitialized>
         <run_address>0x20002384</run_address>
         <size>0x4</size>
      </object_component>
      <object_component id="oc-24">
         <name>.sysmem</name>
         <uninitialized>true</uninitialized>
         <run_address>0x20001270</run_address>
         <size>0x10</size>
         <input_file_ref idref="fl-de"/>
      </object_component>
      <object_component id="oc-443">
         <name>.sysmem</name>
         <uninitialized>true</uninitialized>
         <run_address>0x20001270</run_address>
         <size>0x0</size>
      </object_component>
      <object_component id="oc-27">
         <name>.stack</name>
         <uninitialized>true</uninitialized>
         <run_address>0x20000270</run_address>
         <size>0x4</size>
         <input_file_ref idref="fl-e2"/>
      </object_component>
      <object_component id="oc-442">
         <name>.stack</name>
         <uninitialized>true</uninitialized>
         <run_address>0x20000270</run_address>
         <size>0x0</size>
      </object_component>
      <object_component id="oc-c5">
         <name>.debug_info</name>
         <load_address>0x0</load_address>
         <run_address>0x0</run_address>
         <size>0x718</size>
         <input_file_ref idref="fl-2"/>
      </object_component>
      <object_component id="oc-137">
         <name>.debug_info</name>
         <load_address>0x718</load_address>
         <run_address>0x718</run_address>
         <size>0xd5</size>
         <input_file_ref idref="fl-2"/>
      </object_component>
      <object_component id="oc-13a">
         <name>.debug_info</name>
         <load_address>0x7ed</load_address>
         <run_address>0x7ed</run_address>
         <size>0xc9</size>
         <input_file_ref idref="fl-2"/>
      </object_component>
      <object_component id="oc-134">
         <name>.debug_info</name>
         <load_address>0x8b6</load_address>
         <run_address>0x8b6</run_address>
         <size>0xf0</size>
         <input_file_ref idref="fl-2"/>
      </object_component>
      <object_component id="oc-102">
         <name>.debug_info</name>
         <load_address>0x9a6</load_address>
         <run_address>0x9a6</run_address>
         <size>0xc6</size>
         <input_file_ref idref="fl-2"/>
      </object_component>
      <object_component id="oc-a3">
         <name>.debug_info</name>
         <load_address>0xa6c</load_address>
         <run_address>0xa6c</run_address>
         <size>0x793</size>
         <input_file_ref idref="fl-2"/>
      </object_component>
      <object_component id="oc-17d">
         <name>.debug_info</name>
         <load_address>0x11ff</load_address>
         <run_address>0x11ff</run_address>
         <size>0x5aa</size>
         <input_file_ref idref="fl-2"/>
      </object_component>
      <object_component id="oc-182">
         <name>.debug_info</name>
         <load_address>0x17a9</load_address>
         <run_address>0x17a9</run_address>
         <size>0x9a</size>
         <input_file_ref idref="fl-2"/>
      </object_component>
      <object_component id="oc-77">
         <name>.debug_info</name>
         <load_address>0x1843</load_address>
         <run_address>0x1843</run_address>
         <size>0x26b</size>
         <input_file_ref idref="fl-2"/>
      </object_component>
      <object_component id="oc-39">
         <name>.debug_info</name>
         <load_address>0x1aae</load_address>
         <run_address>0x1aae</run_address>
         <size>0x84</size>
         <input_file_ref idref="fl-2"/>
      </object_component>
      <object_component id="oc-c0">
         <name>.debug_info</name>
         <load_address>0x1b32</load_address>
         <run_address>0x1b32</run_address>
         <size>0x2a4</size>
         <input_file_ref idref="fl-2"/>
      </object_component>
      <object_component id="oc-7c">
         <name>.debug_info</name>
         <load_address>0x1dd6</load_address>
         <run_address>0x1dd6</run_address>
         <size>0xbb</size>
         <input_file_ref idref="fl-2"/>
      </object_component>
      <object_component id="oc-18c">
         <name>.debug_info</name>
         <load_address>0x1e91</load_address>
         <run_address>0x1e91</run_address>
         <size>0xcc</size>
         <input_file_ref idref="fl-2"/>
      </object_component>
      <object_component id="oc-1cc">
         <name>.debug_info</name>
         <load_address>0x1f5d</load_address>
         <run_address>0x1f5d</run_address>
         <size>0x2c</size>
         <input_file_ref idref="fl-2"/>
      </object_component>
      <object_component id="oc-187">
         <name>.debug_info</name>
         <load_address>0x1f89</load_address>
         <run_address>0x1f89</run_address>
         <size>0x35</size>
         <input_file_ref idref="fl-2"/>
      </object_component>
      <object_component id="oc-1d9">
         <name>.debug_info</name>
         <load_address>0x1fbe</load_address>
         <run_address>0x1fbe</run_address>
         <size>0x2b3</size>
         <input_file_ref idref="fl-3"/>
      </object_component>
      <object_component id="oc-1d6">
         <name>.debug_info</name>
         <load_address>0x2271</load_address>
         <run_address>0x2271</run_address>
         <size>0xc1</size>
         <input_file_ref idref="fl-3"/>
      </object_component>
      <object_component id="oc-fd">
         <name>.debug_info</name>
         <load_address>0x2332</load_address>
         <run_address>0x2332</run_address>
         <size>0x509</size>
         <input_file_ref idref="fl-3"/>
      </object_component>
      <object_component id="oc-de">
         <name>.debug_info</name>
         <load_address>0x283b</load_address>
         <run_address>0x283b</run_address>
         <size>0x203</size>
         <input_file_ref idref="fl-4"/>
      </object_component>
      <object_component id="oc-20f">
         <name>.debug_info</name>
         <load_address>0x2a3e</load_address>
         <run_address>0x2a3e</run_address>
         <size>0x3e1</size>
         <input_file_ref idref="fl-6"/>
      </object_component>
      <object_component id="oc-207">
         <name>.debug_info</name>
         <load_address>0x2e1f</load_address>
         <run_address>0x2e1f</run_address>
         <size>0xbc</size>
         <input_file_ref idref="fl-6"/>
      </object_component>
      <object_component id="oc-125">
         <name>.debug_info</name>
         <load_address>0x2edb</load_address>
         <run_address>0x2edb</run_address>
         <size>0xd93</size>
         <input_file_ref idref="fl-6"/>
      </object_component>
      <object_component id="oc-231">
         <name>.debug_info</name>
         <load_address>0x3c6e</load_address>
         <run_address>0x3c6e</run_address>
         <size>0x3fe</size>
         <input_file_ref idref="fl-7"/>
      </object_component>
      <object_component id="oc-22a">
         <name>.debug_info</name>
         <load_address>0x406c</load_address>
         <run_address>0x406c</run_address>
         <size>0x113</size>
         <input_file_ref idref="fl-7"/>
      </object_component>
      <object_component id="oc-22d">
         <name>.debug_info</name>
         <load_address>0x417f</load_address>
         <run_address>0x417f</run_address>
         <size>0xc8</size>
         <input_file_ref idref="fl-7"/>
      </object_component>
      <object_component id="oc-21e">
         <name>.debug_info</name>
         <load_address>0x4247</load_address>
         <run_address>0x4247</run_address>
         <size>0x140</size>
         <input_file_ref idref="fl-7"/>
      </object_component>
      <object_component id="oc-12b">
         <name>.debug_info</name>
         <load_address>0x4387</load_address>
         <run_address>0x4387</run_address>
         <size>0x198a</size>
         <input_file_ref idref="fl-7"/>
      </object_component>
      <object_component id="oc-1b3">
         <name>.debug_info</name>
         <load_address>0x5d11</load_address>
         <run_address>0x5d11</run_address>
         <size>0x8b</size>
         <input_file_ref idref="fl-7"/>
      </object_component>
      <object_component id="oc-281">
         <name>.debug_info</name>
         <load_address>0x5d9c</load_address>
         <run_address>0x5d9c</run_address>
         <size>0x311</size>
         <input_file_ref idref="fl-8"/>
      </object_component>
      <object_component id="oc-1b0">
         <name>.debug_info</name>
         <load_address>0x60ad</load_address>
         <run_address>0x60ad</run_address>
         <size>0x109</size>
         <input_file_ref idref="fl-8"/>
      </object_component>
      <object_component id="oc-e4">
         <name>.debug_info</name>
         <load_address>0x61b6</load_address>
         <run_address>0x61b6</run_address>
         <size>0x3cf</size>
         <input_file_ref idref="fl-8"/>
      </object_component>
      <object_component id="oc-34f">
         <name>.debug_info</name>
         <load_address>0x6585</load_address>
         <run_address>0x6585</run_address>
         <size>0x44</size>
         <input_file_ref idref="fl-8"/>
      </object_component>
      <object_component id="oc-d9">
         <name>.debug_info</name>
         <load_address>0x65c9</load_address>
         <run_address>0x65c9</run_address>
         <size>0x252</size>
         <input_file_ref idref="fl-9"/>
      </object_component>
      <object_component id="oc-32">
         <name>.debug_info</name>
         <load_address>0x681b</load_address>
         <run_address>0x681b</run_address>
         <size>0x29d</size>
         <input_file_ref idref="fl-a"/>
      </object_component>
      <object_component id="oc-13">
         <name>.debug_info</name>
         <load_address>0x6ab8</load_address>
         <run_address>0x6ab8</run_address>
         <size>0xdc</size>
         <input_file_ref idref="fl-a"/>
      </object_component>
      <object_component id="oc-2b">
         <name>.debug_info</name>
         <load_address>0x6b94</load_address>
         <run_address>0x6b94</run_address>
         <size>0x258</size>
         <input_file_ref idref="fl-a"/>
      </object_component>
      <object_component id="oc-1d4">
         <name>.debug_info</name>
         <load_address>0x6dec</load_address>
         <run_address>0x6dec</run_address>
         <size>0x2c4</size>
         <input_file_ref idref="fl-b"/>
      </object_component>
      <object_component id="oc-131">
         <name>.debug_info</name>
         <load_address>0x70b0</load_address>
         <run_address>0x70b0</run_address>
         <size>0xfb</size>
         <input_file_ref idref="fl-b"/>
      </object_component>
      <object_component id="oc-f7">
         <name>.debug_info</name>
         <load_address>0x71ab</load_address>
         <run_address>0x71ab</run_address>
         <size>0x444</size>
         <input_file_ref idref="fl-b"/>
      </object_component>
      <object_component id="oc-26c">
         <name>.debug_info</name>
         <load_address>0x75ef</load_address>
         <run_address>0x75ef</run_address>
         <size>0x35e</size>
         <input_file_ref idref="fl-c9"/>
      </object_component>
      <object_component id="oc-263">
         <name>.debug_info</name>
         <load_address>0x794d</load_address>
         <run_address>0x794d</run_address>
         <size>0x128</size>
         <input_file_ref idref="fl-c9"/>
      </object_component>
      <object_component id="oc-19e">
         <name>.debug_info</name>
         <load_address>0x7a75</load_address>
         <run_address>0x7a75</run_address>
         <size>0xbf2</size>
         <input_file_ref idref="fl-c9"/>
      </object_component>
      <object_component id="oc-2e9">
         <name>.debug_info</name>
         <load_address>0x8667</load_address>
         <run_address>0x8667</run_address>
         <size>0x46</size>
         <input_file_ref idref="fl-c9"/>
      </object_component>
      <object_component id="oc-201">
         <name>.debug_info</name>
         <load_address>0x86ad</load_address>
         <run_address>0x86ad</run_address>
         <size>0x39</size>
         <input_file_ref idref="fl-c9"/>
      </object_component>
      <object_component id="oc-331">
         <name>.debug_info</name>
         <load_address>0x86e6</load_address>
         <run_address>0x86e6</run_address>
         <size>0x2c5</size>
         <input_file_ref idref="fl-ca"/>
      </object_component>
      <object_component id="oc-25d">
         <name>.debug_info</name>
         <load_address>0x89ab</load_address>
         <run_address>0x89ab</run_address>
         <size>0x24e</size>
         <input_file_ref idref="fl-ca"/>
      </object_component>
      <object_component id="oc-33b">
         <name>.debug_info</name>
         <load_address>0x8bf9</load_address>
         <run_address>0x8bf9</run_address>
         <size>0x2f8</size>
         <input_file_ref idref="fl-cb"/>
      </object_component>
      <object_component id="oc-267">
         <name>.debug_info</name>
         <load_address>0x8ef1</load_address>
         <run_address>0x8ef1</run_address>
         <size>0x225</size>
         <input_file_ref idref="fl-cb"/>
      </object_component>
      <object_component id="oc-3ac">
         <name>.debug_info</name>
         <load_address>0x9116</load_address>
         <run_address>0x9116</run_address>
         <size>0x39</size>
         <input_file_ref idref="fl-cb"/>
      </object_component>
      <object_component id="oc-2d8">
         <name>.debug_info</name>
         <load_address>0x914f</load_address>
         <run_address>0x914f</run_address>
         <size>0x2c</size>
         <input_file_ref idref="fl-cb"/>
      </object_component>
      <object_component id="oc-200">
         <name>.debug_info</name>
         <load_address>0x917b</load_address>
         <run_address>0x917b</run_address>
         <size>0x36a</size>
         <input_file_ref idref="fl-cc"/>
      </object_component>
      <object_component id="oc-11e">
         <name>.debug_info</name>
         <load_address>0x94e5</load_address>
         <run_address>0x94e5</run_address>
         <size>0x5d4</size>
         <input_file_ref idref="fl-cc"/>
      </object_component>
      <object_component id="oc-336">
         <name>.debug_info</name>
         <load_address>0x9ab9</load_address>
         <run_address>0x9ab9</run_address>
         <size>0x161</size>
         <input_file_ref idref="fl-cd"/>
      </object_component>
      <object_component id="oc-1cb">
         <name>.debug_info</name>
         <load_address>0x9c1a</load_address>
         <run_address>0x9c1a</run_address>
         <size>0x333</size>
         <input_file_ref idref="fl-ce"/>
      </object_component>
      <object_component id="oc-ed">
         <name>.debug_info</name>
         <load_address>0x9f4d</load_address>
         <run_address>0x9f4d</run_address>
         <size>0x1d1</size>
         <input_file_ref idref="fl-ce"/>
      </object_component>
      <object_component id="oc-1bf">
         <name>.debug_info</name>
         <load_address>0xa11e</load_address>
         <run_address>0xa11e</run_address>
         <size>0x18d</size>
         <input_file_ref idref="fl-ce"/>
      </object_component>
      <object_component id="oc-1c8">
         <name>.debug_info</name>
         <load_address>0xa2ab</load_address>
         <run_address>0xa2ab</run_address>
         <size>0x16d</size>
         <input_file_ref idref="fl-ce"/>
      </object_component>
      <object_component id="oc-397">
         <name>.debug_info</name>
         <load_address>0xa418</load_address>
         <run_address>0xa418</run_address>
         <size>0x2c</size>
         <input_file_ref idref="fl-ce"/>
      </object_component>
      <object_component id="oc-199">
         <name>.debug_info</name>
         <load_address>0xa444</load_address>
         <run_address>0xa444</run_address>
         <size>0x14c</size>
         <input_file_ref idref="fl-cf"/>
      </object_component>
      <object_component id="oc-1e9">
         <name>.debug_info</name>
         <load_address>0xa590</load_address>
         <run_address>0xa590</run_address>
         <size>0x128</size>
         <input_file_ref idref="fl-d0"/>
      </object_component>
      <object_component id="oc-20a">
         <name>.debug_info</name>
         <load_address>0xa6b8</load_address>
         <run_address>0xa6b8</run_address>
         <size>0x12a</size>
         <input_file_ref idref="fl-d0"/>
      </object_component>
      <object_component id="oc-10f">
         <name>.debug_info</name>
         <load_address>0xa7e2</load_address>
         <run_address>0xa7e2</run_address>
         <size>0x13a</size>
         <input_file_ref idref="fl-d1"/>
      </object_component>
      <object_component id="oc-10a">
         <name>.debug_info</name>
         <load_address>0xa91c</load_address>
         <run_address>0xa91c</run_address>
         <size>0x13a</size>
         <input_file_ref idref="fl-d2"/>
      </object_component>
      <object_component id="oc-1e4">
         <name>.debug_info</name>
         <load_address>0xaa56</load_address>
         <run_address>0xaa56</run_address>
         <size>0x12e</size>
         <input_file_ref idref="fl-d3"/>
      </object_component>
      <object_component id="oc-115">
         <name>.debug_info</name>
         <load_address>0xab84</load_address>
         <run_address>0xab84</run_address>
         <size>0x13e</size>
         <input_file_ref idref="fl-d4"/>
      </object_component>
      <object_component id="oc-119">
         <name>.debug_info</name>
         <load_address>0xacc2</load_address>
         <run_address>0xacc2</run_address>
         <size>0x12c</size>
         <input_file_ref idref="fl-d5"/>
      </object_component>
      <object_component id="oc-105">
         <name>.debug_info</name>
         <load_address>0xadee</load_address>
         <run_address>0xadee</run_address>
         <size>0x12c</size>
         <input_file_ref idref="fl-d6"/>
      </object_component>
      <object_component id="oc-40">
         <name>.debug_info</name>
         <load_address>0xaf1a</load_address>
         <run_address>0xaf1a</run_address>
         <size>0x119</size>
         <input_file_ref idref="fl-d7"/>
      </object_component>
      <object_component id="oc-194">
         <name>.debug_info</name>
         <load_address>0xb033</load_address>
         <run_address>0xb033</run_address>
         <size>0x12e</size>
         <input_file_ref idref="fl-d8"/>
      </object_component>
      <object_component id="oc-99">
         <name>.debug_info</name>
         <load_address>0xb161</load_address>
         <run_address>0xb161</run_address>
         <size>0x147</size>
         <input_file_ref idref="fl-d9"/>
      </object_component>
      <object_component id="oc-95">
         <name>.debug_info</name>
         <load_address>0xb2a8</load_address>
         <run_address>0xb2a8</run_address>
         <size>0x2d4</size>
         <input_file_ref idref="fl-da"/>
      </object_component>
      <object_component id="oc-4e">
         <name>.debug_info</name>
         <load_address>0xb57c</load_address>
         <run_address>0xb57c</run_address>
         <size>0x1d2</size>
         <input_file_ref idref="fl-da"/>
      </object_component>
      <object_component id="oc-90">
         <name>.debug_info</name>
         <load_address>0xb74e</load_address>
         <run_address>0xb74e</run_address>
         <size>0x46</size>
         <input_file_ref idref="fl-da"/>
      </object_component>
      <object_component id="oc-ce">
         <name>.debug_info</name>
         <load_address>0xb794</load_address>
         <run_address>0xb794</run_address>
         <size>0x2c</size>
         <input_file_ref idref="fl-da"/>
      </object_component>
      <object_component id="oc-49">
         <name>.debug_info</name>
         <load_address>0xb7c0</load_address>
         <run_address>0xb7c0</run_address>
         <size>0x2a8</size>
         <input_file_ref idref="fl-db"/>
      </object_component>
      <object_component id="oc-1f">
         <name>.debug_info</name>
         <load_address>0xba68</load_address>
         <run_address>0xba68</run_address>
         <size>0x1ea</size>
         <input_file_ref idref="fl-db"/>
      </object_component>
      <object_component id="oc-44">
         <name>.debug_info</name>
         <load_address>0xbc52</load_address>
         <run_address>0xbc52</run_address>
         <size>0x46</size>
         <input_file_ref idref="fl-db"/>
      </object_component>
      <object_component id="oc-88">
         <name>.debug_info</name>
         <load_address>0xbc98</load_address>
         <run_address>0xbc98</run_address>
         <size>0x2c</size>
         <input_file_ref idref="fl-db"/>
      </object_component>
      <object_component id="oc-86">
         <name>.debug_info</name>
         <load_address>0xbcc4</load_address>
         <run_address>0xbcc4</run_address>
         <size>0x29e</size>
         <input_file_ref idref="fl-dc"/>
      </object_component>
      <object_component id="oc-17">
         <name>.debug_info</name>
         <load_address>0xbf62</load_address>
         <run_address>0xbf62</run_address>
         <size>0x250</size>
         <input_file_ref idref="fl-dc"/>
      </object_component>
      <object_component id="oc-34">
         <name>.debug_info</name>
         <load_address>0xc1b2</load_address>
         <run_address>0xc1b2</run_address>
         <size>0x60</size>
         <input_file_ref idref="fl-dc"/>
      </object_component>
      <object_component id="oc-c7">
         <name>.debug_info</name>
         <load_address>0xc212</load_address>
         <run_address>0xc212</run_address>
         <size>0x46</size>
         <input_file_ref idref="fl-dc"/>
      </object_component>
      <object_component id="oc-81">
         <name>.debug_info</name>
         <load_address>0xc258</load_address>
         <run_address>0xc258</run_address>
         <size>0x39</size>
         <input_file_ref idref="fl-dc"/>
      </object_component>
      <object_component id="oc-2d6">
         <name>.debug_info</name>
         <load_address>0xc291</load_address>
         <run_address>0xc291</run_address>
         <size>0x3aa</size>
         <input_file_ref idref="fl-dd"/>
      </object_component>
      <object_component id="oc-2d3">
         <name>.debug_info</name>
         <load_address>0xc63b</load_address>
         <run_address>0xc63b</run_address>
         <size>0x13a</size>
         <input_file_ref idref="fl-dd"/>
      </object_component>
      <object_component id="oc-1f0">
         <name>.debug_info</name>
         <load_address>0xc775</load_address>
         <run_address>0xc775</run_address>
         <size>0x72f</size>
         <input_file_ref idref="fl-dd"/>
      </object_component>
      <object_component id="oc-70">
         <name>.debug_info</name>
         <load_address>0xcea4</load_address>
         <run_address>0xcea4</run_address>
         <size>0x3b2</size>
         <input_file_ref idref="fl-de"/>
      </object_component>
      <object_component id="oc-25">
         <name>.debug_info</name>
         <load_address>0xd256</load_address>
         <run_address>0xd256</run_address>
         <size>0x10c</size>
         <input_file_ref idref="fl-de"/>
      </object_component>
      <object_component id="oc-3c1">
         <name>.debug_info</name>
         <load_address>0xd362</load_address>
         <run_address>0xd362</run_address>
         <size>0x13f</size>
         <input_file_ref idref="fl-de"/>
      </object_component>
      <object_component id="oc-2f5">
         <name>.debug_info</name>
         <load_address>0xd4a1</load_address>
         <run_address>0xd4a1</run_address>
         <size>0x168</size>
         <input_file_ref idref="fl-de"/>
      </object_component>
      <object_component id="oc-2fc">
         <name>.debug_info</name>
         <load_address>0xd609</load_address>
         <run_address>0xd609</run_address>
         <size>0x18e</size>
         <input_file_ref idref="fl-de"/>
      </object_component>
      <object_component id="oc-301">
         <name>.debug_info</name>
         <load_address>0xd797</load_address>
         <run_address>0xd797</run_address>
         <size>0x19f</size>
         <input_file_ref idref="fl-de"/>
      </object_component>
      <object_component id="oc-217">
         <name>.debug_info</name>
         <load_address>0xd936</load_address>
         <run_address>0xd936</run_address>
         <size>0x203</size>
         <input_file_ref idref="fl-de"/>
      </object_component>
      <object_component id="oc-401">
         <name>.debug_info</name>
         <load_address>0xdb39</load_address>
         <run_address>0xdb39</run_address>
         <size>0x1db</size>
         <input_file_ref idref="fl-de"/>
      </object_component>
      <object_component id="oc-211">
         <name>.debug_info</name>
         <load_address>0xdd14</load_address>
         <run_address>0xdd14</run_address>
         <size>0x1a5</size>
         <input_file_ref idref="fl-de"/>
      </object_component>
      <object_component id="oc-3ba">
         <name>.debug_info</name>
         <load_address>0xdeb9</load_address>
         <run_address>0xdeb9</run_address>
         <size>0x299</size>
         <input_file_ref idref="fl-de"/>
      </object_component>
      <object_component id="oc-bb">
         <name>.debug_info</name>
         <load_address>0xe152</load_address>
         <run_address>0xe152</run_address>
         <size>0xb2</size>
         <input_file_ref idref="fl-de"/>
      </object_component>
      <object_component id="oc-b6">
         <name>.debug_info</name>
         <load_address>0xe204</load_address>
         <run_address>0xe204</run_address>
         <size>0x2c</size>
         <input_file_ref idref="fl-de"/>
      </object_component>
      <object_component id="oc-308">
         <name>.debug_info</name>
         <load_address>0xe230</load_address>
         <run_address>0xe230</run_address>
         <size>0x28a</size>
         <input_file_ref idref="fl-df"/>
      </object_component>
      <object_component id="oc-226">
         <name>.debug_info</name>
         <load_address>0xe4ba</load_address>
         <run_address>0xe4ba</run_address>
         <size>0x273</size>
         <input_file_ref idref="fl-df"/>
      </object_component>
      <object_component id="oc-1d2">
         <name>.debug_info</name>
         <load_address>0xe72d</load_address>
         <run_address>0xe72d</run_address>
         <size>0x28f</size>
         <input_file_ref idref="fl-e0"/>
      </object_component>
      <object_component id="oc-f2">
         <name>.debug_info</name>
         <load_address>0xe9bc</load_address>
         <run_address>0xe9bc</run_address>
         <size>0x245</size>
         <input_file_ref idref="fl-e0"/>
      </object_component>
      <object_component id="oc-2e6">
         <name>.debug_info</name>
         <load_address>0xec01</load_address>
         <run_address>0xec01</run_address>
         <size>0x289</size>
         <input_file_ref idref="fl-e1"/>
      </object_component>
      <object_component id="oc-2e3">
         <name>.debug_info</name>
         <load_address>0xee8a</load_address>
         <run_address>0xee8a</run_address>
         <size>0x10e</size>
         <input_file_ref idref="fl-e1"/>
      </object_component>
      <object_component id="oc-1fc">
         <name>.debug_info</name>
         <load_address>0xef98</load_address>
         <run_address>0xef98</run_address>
         <size>0x14e</size>
         <input_file_ref idref="fl-e1"/>
      </object_component>
      <object_component id="oc-28">
         <name>.debug_info</name>
         <load_address>0xf0e6</load_address>
         <run_address>0xf0e6</run_address>
         <size>0x10b</size>
         <input_file_ref idref="fl-e2"/>
      </object_component>
      <object_component id="oc-5f">
         <name>.debug_info</name>
         <load_address>0xf1f1</load_address>
         <run_address>0xf1f1</run_address>
         <size>0x1a9</size>
         <input_file_ref idref="fl-e2"/>
      </object_component>
      <object_component id="oc-2e1">
         <name>.debug_info</name>
         <load_address>0xf39a</load_address>
         <run_address>0xf39a</run_address>
         <size>0x29b</size>
         <input_file_ref idref="fl-e3"/>
      </object_component>
      <object_component id="oc-2de">
         <name>.debug_info</name>
         <load_address>0xf635</load_address>
         <run_address>0xf635</run_address>
         <size>0xfa</size>
         <input_file_ref idref="fl-e3"/>
      </object_component>
      <object_component id="oc-1f7">
         <name>.debug_info</name>
         <load_address>0xf72f</load_address>
         <run_address>0xf72f</run_address>
         <size>0x5d3</size>
         <input_file_ref idref="fl-e3"/>
      </object_component>
      <object_component id="oc-3a7">
         <name>.debug_info</name>
         <load_address>0xfd02</load_address>
         <run_address>0xfd02</run_address>
         <size>0x28a</size>
         <input_file_ref idref="fl-e4"/>
      </object_component>
      <object_component id="oc-2cd">
         <name>.debug_info</name>
         <load_address>0xff8c</load_address>
         <run_address>0xff8c</run_address>
         <size>0x22a</size>
         <input_file_ref idref="fl-e4"/>
      </object_component>
      <object_component id="oc-2b3">
         <name>.debug_info</name>
         <load_address>0x101b6</load_address>
         <run_address>0x101b6</run_address>
         <size>0x590</size>
         <input_file_ref idref="fl-e5"/>
      </object_component>
      <object_component id="oc-289">
         <name>.debug_info</name>
         <load_address>0x10746</load_address>
         <run_address>0x10746</run_address>
         <size>0x21e</size>
         <input_file_ref idref="fl-e5"/>
      </object_component>
      <object_component id="oc-365">
         <name>.debug_info</name>
         <load_address>0x10964</load_address>
         <run_address>0x10964</run_address>
         <size>0x1b3</size>
         <input_file_ref idref="fl-e5"/>
      </object_component>
      <object_component id="oc-36b">
         <name>.debug_info</name>
         <load_address>0x10b17</load_address>
         <run_address>0x10b17</run_address>
         <size>0x21b</size>
         <input_file_ref idref="fl-e5"/>
      </object_component>
      <object_component id="oc-28f">
         <name>.debug_info</name>
         <load_address>0x10d32</load_address>
         <run_address>0x10d32</run_address>
         <size>0x3c0</size>
         <input_file_ref idref="fl-e5"/>
      </object_component>
      <object_component id="oc-372">
         <name>.debug_info</name>
         <load_address>0x110f2</load_address>
         <run_address>0x110f2</run_address>
         <size>0x30a</size>
         <input_file_ref idref="fl-e5"/>
      </object_component>
      <object_component id="oc-378">
         <name>.debug_info</name>
         <load_address>0x113fc</load_address>
         <run_address>0x113fc</run_address>
         <size>0x215</size>
         <input_file_ref idref="fl-e5"/>
      </object_component>
      <object_component id="oc-295">
         <name>.debug_info</name>
         <load_address>0x11611</load_address>
         <run_address>0x11611</run_address>
         <size>0x215</size>
         <input_file_ref idref="fl-e5"/>
      </object_component>
      <object_component id="oc-29b">
         <name>.debug_info</name>
         <load_address>0x11826</load_address>
         <run_address>0x11826</run_address>
         <size>0x304</size>
         <input_file_ref idref="fl-e5"/>
      </object_component>
      <object_component id="oc-2a1">
         <name>.debug_info</name>
         <load_address>0x11b2a</load_address>
         <run_address>0x11b2a</run_address>
         <size>0x4b5</size>
         <input_file_ref idref="fl-e5"/>
      </object_component>
      <object_component id="oc-1b9">
         <name>.debug_info</name>
         <load_address>0x11fdf</load_address>
         <run_address>0x11fdf</run_address>
         <size>0x5f4</size>
         <input_file_ref idref="fl-e5"/>
      </object_component>
      <object_component id="oc-2b4">
         <name>.debug_info</name>
         <load_address>0x125d3</load_address>
         <run_address>0x125d3</run_address>
         <size>0x86</size>
         <input_file_ref idref="fl-e5"/>
      </object_component>
      <object_component id="oc-39c">
         <name>.debug_info</name>
         <load_address>0x12659</load_address>
         <run_address>0x12659</run_address>
         <size>0x39</size>
         <input_file_ref idref="fl-e5"/>
      </object_component>
      <object_component id="oc-3f9">
         <name>.debug_info</name>
         <load_address>0x12692</load_address>
         <run_address>0x12692</run_address>
         <size>0xb6</size>
         <input_file_ref idref="fl-e5"/>
      </object_component>
      <object_component id="oc-3a1">
         <name>.debug_info</name>
         <load_address>0x12748</load_address>
         <run_address>0x12748</run_address>
         <size>0x46</size>
         <input_file_ref idref="fl-e5"/>
      </object_component>
      <object_component id="oc-2b9">
         <name>.debug_info</name>
         <load_address>0x1278e</load_address>
         <run_address>0x1278e</run_address>
         <size>0x46</size>
         <input_file_ref idref="fl-e5"/>
      </object_component>
      <object_component id="oc-35a">
         <name>.debug_info</name>
         <load_address>0x127d4</load_address>
         <run_address>0x127d4</run_address>
         <size>0x134</size>
         <input_file_ref idref="fl-e6"/>
      </object_component>
      <object_component id="oc-245">
         <name>.debug_info</name>
         <load_address>0x12908</load_address>
         <run_address>0x12908</run_address>
         <size>0x4b3</size>
         <input_file_ref idref="fl-e7"/>
      </object_component>
      <object_component id="oc-14a">
         <name>.debug_info</name>
         <load_address>0x12dbb</load_address>
         <run_address>0x12dbb</run_address>
         <size>0x1a6</size>
         <input_file_ref idref="fl-e7"/>
      </object_component>
      <object_component id="oc-31f">
         <name>.debug_info</name>
         <load_address>0x12f61</load_address>
         <run_address>0x12f61</run_address>
         <size>0x39</size>
         <input_file_ref idref="fl-e7"/>
      </object_component>
      <object_component id="oc-3ca">
         <name>.debug_info</name>
         <load_address>0x12f9a</load_address>
         <run_address>0x12f9a</run_address>
         <size>0x39</size>
         <input_file_ref idref="fl-e7"/>
      </object_component>
      <object_component id="oc-324">
         <name>.debug_info</name>
         <load_address>0x12fd3</load_address>
         <run_address>0x12fd3</run_address>
         <size>0x39</size>
         <input_file_ref idref="fl-e7"/>
      </object_component>
      <object_component id="oc-329">
         <name>.debug_info</name>
         <load_address>0x1300c</load_address>
         <run_address>0x1300c</run_address>
         <size>0xcd</size>
         <input_file_ref idref="fl-e7"/>
      </object_component>
      <object_component id="oc-9f">
         <name>.debug_info</name>
         <load_address>0x130d9</load_address>
         <run_address>0x130d9</run_address>
         <size>0x153</size>
         <input_file_ref idref="fl-e8"/>
      </object_component>
      <object_component id="oc-13e">
         <name>.debug_info</name>
         <load_address>0x1322c</load_address>
         <run_address>0x1322c</run_address>
         <size>0x122</size>
         <input_file_ref idref="fl-ea"/>
      </object_component>
      <object_component id="oc-319">
         <name>.debug_info</name>
         <load_address>0x1334e</load_address>
         <run_address>0x1334e</run_address>
         <size>0x2c9</size>
         <input_file_ref idref="fl-eb"/>
      </object_component>
      <object_component id="oc-23f">
         <name>.debug_info</name>
         <load_address>0x13617</load_address>
         <run_address>0x13617</run_address>
         <size>0x11e</size>
         <input_file_ref idref="fl-eb"/>
      </object_component>
      <object_component id="oc-315">
         <name>.debug_info</name>
         <load_address>0x13735</load_address>
         <run_address>0x13735</run_address>
         <size>0x12e</size>
         <input_file_ref idref="fl-eb"/>
      </object_component>
      <object_component id="oc-3e7">
         <name>.debug_info</name>
         <load_address>0x13863</load_address>
         <run_address>0x13863</run_address>
         <size>0x29c</size>
         <input_file_ref idref="fl-ec"/>
      </object_component>
      <object_component id="oc-362">
         <name>.debug_info</name>
         <load_address>0x13aff</load_address>
         <run_address>0x13aff</run_address>
         <size>0x1da</size>
         <input_file_ref idref="fl-ec"/>
      </object_component>
      <object_component id="oc-357">
         <name>.debug_info</name>
         <load_address>0x13cd9</load_address>
         <run_address>0x13cd9</run_address>
         <size>0x2b9</size>
         <input_file_ref idref="fl-ee"/>
      </object_component>
      <object_component id="oc-283">
         <name>.debug_info</name>
         <load_address>0x13f92</load_address>
         <run_address>0x13f92</run_address>
         <size>0x17c</size>
         <input_file_ref idref="fl-ee"/>
      </object_component>
      <object_component id="oc-3dd">
         <name>.debug_info</name>
         <load_address>0x1410e</load_address>
         <run_address>0x1410e</run_address>
         <size>0xf9</size>
         <input_file_ref idref="fl-ef"/>
      </object_component>
      <object_component id="oc-354">
         <name>.debug_info</name>
         <load_address>0x14207</load_address>
         <run_address>0x14207</run_address>
         <size>0x105</size>
         <input_file_ref idref="fl-ef"/>
      </object_component>
      <object_component id="oc-38d">
         <name>.debug_info</name>
         <load_address>0x1430c</load_address>
         <run_address>0x1430c</run_address>
         <size>0x2a7</size>
         <input_file_ref idref="fl-f0"/>
      </object_component>
      <object_component id="oc-2a9">
         <name>.debug_info</name>
         <load_address>0x145b3</load_address>
         <run_address>0x145b3</run_address>
         <size>0x1b8</size>
         <input_file_ref idref="fl-f0"/>
      </object_component>
      <object_component id="oc-3ef">
         <name>.debug_info</name>
         <load_address>0x1476b</load_address>
         <run_address>0x1476b</run_address>
         <size>0x29a</size>
         <input_file_ref idref="fl-f1"/>
      </object_component>
      <object_component id="oc-388">
         <name>.debug_info</name>
         <load_address>0x14a05</load_address>
         <run_address>0x14a05</run_address>
         <size>0x262</size>
         <input_file_ref idref="fl-f1"/>
      </object_component>
      <object_component id="oc-3ed">
         <name>.debug_info</name>
         <load_address>0x14c67</load_address>
         <run_address>0x14c67</run_address>
         <size>0x295</size>
         <input_file_ref idref="fl-f2"/>
      </object_component>
      <object_component id="oc-380">
         <name>.debug_info</name>
         <load_address>0x14efc</load_address>
         <run_address>0x14efc</run_address>
         <size>0x195</size>
         <input_file_ref idref="fl-f2"/>
      </object_component>
      <object_component id="oc-394">
         <name>.debug_info</name>
         <load_address>0x15091</load_address>
         <run_address>0x15091</run_address>
         <size>0x28f</size>
         <input_file_ref idref="fl-f3"/>
      </object_component>
      <object_component id="oc-2ae">
         <name>.debug_info</name>
         <load_address>0x15320</load_address>
         <run_address>0x15320</run_address>
         <size>0x15a</size>
         <input_file_ref idref="fl-f3"/>
      </object_component>
      <object_component id="oc-3f2">
         <name>.debug_info</name>
         <load_address>0x1547a</load_address>
         <run_address>0x1547a</run_address>
         <size>0x46</size>
         <input_file_ref idref="fl-f3"/>
      </object_component>
      <object_component id="oc-38f">
         <name>.debug_info</name>
         <load_address>0x154c0</load_address>
         <run_address>0x154c0</run_address>
         <size>0x39</size>
         <input_file_ref idref="fl-f3"/>
      </object_component>
      <object_component id="oc-3e1">
         <name>.debug_info</name>
         <load_address>0x154f9</load_address>
         <run_address>0x154f9</run_address>
         <size>0x115</size>
         <input_file_ref idref="fl-f4"/>
      </object_component>
      <object_component id="oc-277">
[...]
      </symbol>
      <symbol id="sm-17d">
         <name>turn_left</name>
         <value>0x34f1</value>
         <object_component_ref idref="oc-124"/>
      </symbol>
      <symbol id="sm-17e">
         <name>move_forward_checks</name>
         <value>0x30d3</value>
         <object_component_ref idref="oc-124"/>
      </symbol>
      <symbol id="sm-24c">
         <name>go_charge</name>
         <value>0x97f</value>
         <object_component_ref idref="oc-12a"/>
      </symbol>
      <symbol id="sm-24d">
         <name>GPIOF_Handler</name>
         <value>0xbc3</value>
         <object_component_ref idref="oc-12a"/>
      </symbol>
      <symbol id="sm-24e">
         <name>oi_free</name>
         <value>0x279</value>
         <object_component_ref idref="oc-12a"/>
      </symbol>
      <symbol id="sm-24f">
         <name>oi_getMotorCalibrationRight</name>
         <value>0xe01</value>
         <object_component_ref idref="oc-12a"/>
      </symbol>
      <symbol id="sm-250">
         <name>oi_uartReceive</name>
         <value>0xa31</value>
         <object_component_ref idref="oc-12a"/>
      </symbol>
      <symbol id="sm-251">
         <name>oi_setWheels</name>
         <value>0x88f</value>
         <object_component_ref idref="oc-12a"/>
      </symbol>
      <symbol id="sm-252">
         <name>oi_shutoff_init</name>
         <value>0xb51</value>
         <object_component_ref idref="oc-12a"/>
      </symbol>
      <symbol id="sm-253">
         <name>motor_cal_factor_L</name>
         <value>0x2000231c</value>
         <object_component_ref idref="oc-229"/>
      </symbol>
      <symbol id="sm-254">
         <name>motor_cal_factor_R</name>
         <value>0x20002320</value>
         <object_component_ref idref="oc-229"/>
      </symbol>
      <symbol id="sm-255">
         <name>oi_parseInt</name>
         <value>0x6177</value>
         <object_component_ref idref="oc-21c"/>
      </symbol>
      <symbol id="sm-256">
         <name>oi_setMotorCalibration</name>
         <value>0xdb1</value>
         <object_component_ref idref="oc-12a"/>
      </symbol>
      <symbol id="sm-257">
         <name>oi_uartSendStr</name>
         <value>0xa59</value>
         <object_component_ref idref="oc-12a"/>
      </symbol>
      <symbol id="sm-258">
         <name>oi_close</name>
         <value>0x2c7</value>
         <object_component_ref idref="oc-12a"/>
      </symbol>
      <symbol id="sm-259">
         <name>oi_uartSendBuff</name>
         <value>0xa77</value>
         <object_component_ref idref="oc-12a"/>
      </symbol>
      <symbol id="sm-25a">
         <name>oi_checkFirmware</name>
         <value>0xaa9</value>
         <object_component_ref idref="oc-12a"/>
      </symbol>
      <symbol id="sm-25b">
         <name>oi_init_noupdate</name>
         <value>0x289</value>
         <object_component_ref idref="oc-12a"/>
      </symbol>
      <symbol id="sm-25c">
         <name>oi_uartSendChar</name>
         <value>0xa15</value>
         <object_component_ref idref="oc-12a"/>
      </symbol>
      <symbol id="sm-25d">
         <name>oi_alloc</name>
         <value>0x26d</value>
         <object_component_ref idref="oc-12a"/>
      </symbol>
      <symbol id="sm-25e">
         <name>oi_getMotorCalibrationLeft</name>
         <value>0xded</value>
         <object_component_ref idref="oc-12a"/>
      </symbol>
      <symbol id="sm-25f">
         <name>oi_loadSong</name>
         <value>0x915</value>
         <object_component_ref idref="oc-12a"/>
      </symbol>
      <symbol id="sm-260">
         <name>oi_play_song</name>
         <value>0x96b</value>
         <object_component_ref idref="oc-12a"/>
      </symbol>
      <symbol id="sm-261">
         <name>oi_parsePacket</name>
         <value>0x32b</value>
         <object_component_ref idref="oc-12a"/>
      </symbol>
      <symbol id="sm-262">
         <name>oi_setLeds</name>
         <value>0x84b</value>
         <object_component_ref idref="oc-12a"/>
      </symbol>
      <symbol id="sm-263">
         <name>oi_init</name>
         <value>0x2b1</value>
         <object_component_ref idref="oc-12a"/>
      </symbol>
      <symbol id="sm-264">
         <name>oi_update</name>
         <value>0x2d9</value>
         <object_component_ref idref="oc-12a"/>
      </symbol>
      <symbol id="sm-265">
         <name>oi_uartInit</name>
         <value>0x98d</value>
         <object_component_ref idref="oc-12a"/>
      </symbol>
      <symbol id="sm-2aa">
         <name>END_TIME</name>
         <value>0x20002340</value>
         <object_component_ref idref="oc-1af"/>
      </symbol>
      <symbol id="sm-2ab">
         <name>START_TIME</name>
         <value>0x2000233c</value>
         <object_component_ref idref="oc-1af"/>
      </symbol>
      <symbol id="sm-2ac">
         <name>STATE</name>
         <value>0x20002344</value>
         <object_component_ref idref="oc-1af"/>
      </symbol>
      <symbol id="sm-2ad">
         <name>TIMER3B_Handler</name>
         <value>0x3f6d</value>
         <object_component_ref idref="oc-e3"/>
      </symbol>
      <symbol id="sm-2ae">
         <name>ping_init</name>
         <value>0x3e2d</value>
         <object_component_ref idref="oc-e3"/>
      </symbol>
      <symbol id="sm-2af">
         <name>ping_getDistance</name>
         <value>0x3fbf</value>
         <object_component_ref idref="oc-e3"/>
      </symbol>
      <symbol id="sm-2b0">
         <name>ping_trigger</name>
         <value>0x3eef</value>
         <object_component_ref idref="oc-e3"/>
      </symbol>
      <symbol id="sm-2d2">
         <name>servomotor_init</name>
         <value>0x4b29</value>
         <object_component_ref idref="oc-d7"/>
      </symbol>
      <symbol id="sm-2d3">
         <name>servomotor_move</name>
         <value>0x4bbb</value>
         <object_component_ref idref="oc-d7"/>
      </symbol>
      <symbol id="sm-2ef">
         <name>ResetISR</name>
         <value>0x620d</value>
         <object_component_ref idref="oc-2a"/>
      </symbol>
      <symbol id="sm-2f0">
         <name>g_pfnVectors</name>
         <value>0x0</value>
         <object_component_ref idref="oc-12"/>
      </symbol>
      <symbol id="sm-32c">
         <name>UART1_Handler</name>
         <value>0x4701</value>
         <object_component_ref idref="oc-f5"/>
      </symbol>
      <symbol id="sm-32d">
         <name>command_byte</name>
         <value>0x20002360</value>
         <object_component_ref idref="oc-130"/>
      </symbol>
      <symbol id="sm-32e">
         <name>uart_sendChar</name>
         <value>0x466f</value>
         <object_component_ref idref="oc-f5"/>
      </symbol>
      <symbol id="sm-32f">
         <name>uart_interrupt_init</name>
         <value>0x45b1</value>
         <object_component_ref idref="oc-f5"/>
      </symbol>
      <symbol id="sm-330">
         <name>uart_receive_nonBlocking</name>
         <value>0x46d7</value>
         <object_component_ref idref="oc-f5"/>
      </symbol>
      <symbol id="sm-331">
         <name>command_flag</name>
         <value>0x20002364</value>
         <object_component_ref idref="oc-130"/>
      </symbol>
      <symbol id="sm-332">
         <name>uart_receive</name>
         <value>0x46a9</value>
         <object_component_ref idref="oc-f5"/>
      </symbol>
      <symbol id="sm-333">
         <name>uart_sendStr</name>
         <value>0x46ab</value>
         <object_component_ref idref="oc-f5"/>
      </symbol>
      <symbol id="sm-3ca">
         <name>pow</name>
         <value>0x18dd</value>
         <object_component_ref idref="oc-19c"/>
      </symbol>
      <symbol id="sm-3cb">
         <name>powl</name>
         <value>0x18dd</value>
         <object_component_ref idref="oc-19c"/>
      </symbol>
      <symbol id="sm-3ed">
         <name>sqrtl</name>
         <value>0x4df1</value>
         <object_component_ref idref="oc-25c"/>
      </symbol>
      <symbol id="sm-3ee">
         <name>sqrt</name>
         <value>0x4df1</value>
         <object_component_ref idref="oc-25c"/>
      </symbol>
      <symbol id="sm-415">
         <name>scalbn</name>
         <value>0x52e1</value>
         <object_component_ref idref="oc-265"/>
      </symbol>
      <symbol id="sm-416">
         <name>scalbnl</name>
         <value>0x52e1</value>
         <object_component_ref idref="oc-265"/>
      </symbol>
      <symbol id="sm-417">
         <name>ldexpl</name>
         <value>0x52e1</value>
         <object_component_ref idref="oc-265"/>
      </symbol>
      <symbol id="sm-418">
         <name>ldexp</name>
         <value>0x52e1</value>
         <object_component_ref idref="oc-265"/>
      </symbol>
      <symbol id="sm-469">
         <name>tanl</name>
         <value>0x3609</value>
         <object_component_ref idref="oc-11d"/>
      </symbol>
      <symbol id="sm-46a">
         <name>tan</name>
         <value>0x3609</value>
         <object_component_ref idref="oc-11d"/>
      </symbol>
      <symbol id="sm-474">
         <name>copysign</name>
         <value>0x6145</value>
         <object_component_ref idref="oc-334"/>
      </symbol>
      <symbol id="sm-475">
         <name>copysignl</name>
         <value>0x6145</value>
         <object_component_ref idref="oc-334"/>
      </symbol>
      <symbol id="sm-49c">
         <name>sprintf</name>
         <value>0x5f21</value>
         <object_component_ref idref="oc-e9"/>
      </symbol>
      <symbol id="sm-4b3">
         <name>__aeabi_dsub</name>
         <value>0x4971</value>
         <object_component_ref idref="oc-196"/>
      </symbol>
      <symbol id="sm-4b4">
         <name>__aeabi_dadd</name>
         <value>0x497b</value>
         <object_component_ref idref="oc-196"/>
      </symbol>
      <symbol id="sm-4d6">
         <name>__aeabi_cdcmpeq</name>
         <value>0x59ad</value>
         <object_component_ref idref="oc-1e8"/>
      </symbol>
      <symbol id="sm-4d7">
         <name>__aeabi_cdcmple</name>
         <value>0x59ad</value>
         <object_component_ref idref="oc-1e8"/>
      </symbol>
      <symbol id="sm-4d8">
         <name>__aeabi_cdrcmple</name>
         <value>0x5a33</value>
         <object_component_ref idref="oc-209"/>
      </symbol>
      <symbol id="sm-4ec">
         <name>__aeabi_ddiv</name>
         <value>0x5085</value>
         <object_component_ref idref="oc-10e"/>
      </symbol>
      <symbol id="sm-4f7">
         <name>__aeabi_dmul</name>
         <value>0x54f1</value>
         <object_component_ref idref="oc-109"/>
      </symbol>
      <symbol id="sm-501">
         <name>__aeabi_d2iz</name>
         <value>0x5e95</value>
         <object_component_ref idref="oc-1e3"/>
      </symbol>
      <symbol id="sm-50d">
         <name>__aeabi_d2f</name>
         <value>0x5c13</value>
         <object_component_ref idref="oc-113"/>
      </symbol>
      <symbol id="sm-518">
         <name>__aeabi_f2d</name>
         <value>0x5fd9</value>
         <object_component_ref idref="oc-118"/>
      </symbol>
      <symbol id="sm-522">
         <name>__aeabi_i2d</name>
         <value>0x6079</value>
         <object_component_ref idref="oc-104"/>
      </symbol>
      <symbol id="sm-53d">
         <name>memcpy</name>
         <value>0x587b</value>
         <object_component_ref idref="oc-3e"/>
      </symbol>
      <symbol id="sm-53e">
         <name>__aeabi_memcpy</name>
         <value>0x587b</value>
         <object_component_ref idref="oc-3e"/>
      </symbol>
      <symbol id="sm-53f">
         <name>__aeabi_memcpy8</name>
         <value>0x587b</value>
         <object_component_ref idref="oc-3e"/>
      </symbol>
      <symbol id="sm-540">
         <name>__aeabi_memcpy4</name>
         <value>0x587b</value>
         <object_component_ref idref="oc-3e"/>
      </symbol>
      <symbol id="sm-54a">
         <name>__aeabi_ui2d</name>
         <value>0x60d1</value>
         <object_component_ref idref="oc-191"/>
      </symbol>
      <symbol id="sm-559">
         <name>__aeabi_memset</name>
         <value>0x5abb</value>
         <object_component_ref idref="oc-96"/>
      </symbol>
      <symbol id="sm-55a">
         <name>memset</name>
         <value>0x5ac1</value>
         <object_component_ref idref="oc-96"/>
      </symbol>
      <symbol id="sm-55b">
         <name>__aeabi_memset8</name>
         <value>0x5abb</value>
         <object_component_ref idref="oc-96"/>
      </symbol>
      <symbol id="sm-55c">
         <name>__aeabi_memset4</name>
         <value>0x5abb</value>
         <object_component_ref idref="oc-96"/>
      </symbol>
      <symbol id="sm-55d">
         <name>__aeabi_memclr8</name>
         <value>0x5ab9</value>
         <object_component_ref idref="oc-96"/>
      </symbol>
      <symbol id="sm-55e">
         <name>__aeabi_memclr4</name>
         <value>0x5ab9</value>
         <object_component_ref idref="oc-96"/>
      </symbol>
      <symbol id="sm-55f">
         <name>__aeabi_memclr</name>
         <value>0x5ab9</value>
         <object_component_ref idref="oc-96"/>
      </symbol>
      <symbol id="sm-578">
         <name>__TI_zero_init_nomemset</name>
         <value>0x60f1</value>
         <object_component_ref idref="oc-4a"/>
      </symbol>
      <symbol id="sm-58f">
         <name>__TI_decompress_none</name>
         <value>0x61f3</value>
         <object_component_ref idref="oc-1b"/>
      </symbol>
      <symbol id="sm-5b2">
         <name>__TI_decompress_lzss</name>
         <value>0x5c81</value>
         <object_component_ref idref="oc-15"/>
      </symbol>
      <symbol id="sm-618">
         <name>__kernel_rem_pio2</name>
         <value>0x22ad</value>
         <object_component_ref idref="oc-1ed"/>
      </symbol>
      <symbol id="sm-6ad">
         <name>_sys_memory</name>
         <value>0x20001270</value>
         <object_component_ref idref="oc-24"/>
      </symbol>
      <symbol id="sm-6ae">
         <name>free</name>
         <value>0x56e5</value>
         <object_component_ref idref="oc-216"/>
      </symbol>
      <symbol id="sm-6af">
         <name>memalign</name>
         <value>0x53f1</value>
         <object_component_ref idref="oc-3b9"/>
      </symbol>
      <symbol id="sm-6b0">
         <name>calloc</name>
         <value>0x5fa1</value>
         <object_component_ref idref="oc-210"/>
      </symbol>
      <symbol id="sm-6b1">
         <name>malloc</name>
         <value>0x622d</value>
         <object_component_ref idref="oc-2f3"/>
      </symbol>
      <symbol id="sm-6b2">
         <name>aligned_alloc</name>
         <value>0x53f1</value>
         <object_component_ref idref="oc-3b9"/>
      </symbol>
      <symbol id="sm-6c1">
         <name>strcmp</name>
         <value>0x618f</value>
         <object_component_ref idref="oc-223"/>
      </symbol>
      <symbol id="sm-6cf">
         <name>strlen</name>
         <value>0x61bd</value>
         <object_component_ref idref="oc-ef"/>
      </symbol>
      <symbol id="sm-6e5">
         <name>__aeabi_errno_addr</name>
         <value>0x6225</value>
         <object_component_ref idref="oc-1f9"/>
      </symbol>
      <symbol id="sm-6e6">
         <name>errno</name>
         <value>0x20002368</value>
         <object_component_ref idref="oc-2e2"/>
      </symbol>
      <symbol id="sm-6f9">
         <name>__stack</name>
         <value>0x20000270</value>
         <object_component_ref idref="oc-27"/>
      </symbol>
      <symbol id="sm-6fa">
         <name>_c_int00_noargs</name>
         <value>0x6045</value>
         <object_component_ref idref="oc-5c"/>
      </symbol>
      <symbol id="sm-719">
         <name>__kernel_tan</name>
         <value>0x3b11</value>
         <object_component_ref idref="oc-1f3"/>
      </symbol>
      <symbol id="sm-736">
         <name>floorl</name>
         <value>0x55ed</value>
         <object_component_ref idref="oc-2cc"/>
      </symbol>
      <symbol id="sm-737">
         <name>floor</name>
         <value>0x55ed</value>
         <object_component_ref idref="oc-2cc"/>
      </symbol>
      <symbol id="sm-89c">
         <name>__TI_printfi</name>
         <value>0xe8d</value>
         <object_component_ref idref="oc-1b8"/>
      </symbol>
      <symbol id="sm-8a9">
         <name>__aeabi_uldivmod</name>
         <value>0x5917</value>
         <object_component_ref idref="oc-358"/>
      </symbol>
      <symbol id="sm-8d1">
         <name>__TI_auto_init_nobinit_nopinit</name>
         <value>0x5edd</value>
         <object_component_ref idref="oc-149"/>
      </symbol>
      <symbol id="sm-8db">
         <name>_system_pre_init</name>
         <value>0x6235</value>
         <object_component_ref idref="oc-9c"/>
      </symbol>
      <symbol id="sm-8e7">
         <name>C$$EXIT</name>
         <value>0x6239</value>
         <object_component_ref idref="oc-13d"/>
      </symbol>
      <symbol id="sm-8e8">
         <name>abort</name>
         <value>0x6239</value>
         <object_component_ref idref="oc-13d"/>
      </symbol>
      <symbol id="sm-8fd">
         <name>_nop</name>
         <value>0x18db</value>
         <object_component_ref idref="oc-311"/>
      </symbol>
      <symbol id="sm-8fe">
         <name>_lock</name>
         <value>0x20002348</value>
         <object_component_ref idref="oc-23e"/>
      </symbol>
      <symbol id="sm-8ff">
         <name>_unlock</name>
         <value>0x2000234c</value>
         <object_component_ref idref="oc-23e"/>
      </symbol>
      <symbol id="sm-90e">
         <name>__TI_ltoa</name>
         <value>0x5da3</value>
         <object_component_ref idref="oc-35e"/>
      </symbol>
      <symbol id="sm-925">
         <name>atoi</name>
         <value>0x5e49</value>
         <object_component_ref idref="oc-282"/>
      </symbol>
      <symbol id="sm-930">
         <name>_ctypes_</name>
         <value>0x6668</value>
         <object_component_ref idref="oc-353"/>
      </symbol>
      <symbol id="sm-940">
         <name>memccpy</name>
         <value>0x6129</value>
         <object_component_ref idref="oc-2a6"/>
      </symbol>
      <symbol id="sm-950">
         <name>strchr</name>
         <value>0x61a7</value>
         <object_component_ref idref="oc-385"/>
      </symbol>
      <symbol id="sm-966">
         <name>frexpl</name>
         <value>0x5ce9</value>
         <object_component_ref idref="oc-37f"/>
      </symbol>
      <symbol id="sm-967">
         <name>frexp</name>
         <value>0x5ce9</value>
         <object_component_ref idref="oc-37f"/>
      </symbol>
      <symbol id="sm-980">
         <name>wcslen</name>
         <value>0x61d1</value>
         <object_component_ref idref="oc-2ac"/>
      </symbol>
      <symbol id="sm-98a">
         <name>__aeabi_idiv0</name>
         <value>0x4b27</value>
         <object_component_ref idref="oc-3e0"/>
      </symbol>
      <symbol id="sm-98b">
         <name>__aeabi_ldiv0</name>
         <value>0x4b27</value>
         <object_component_ref idref="oc-3e0"/>
      </symbol>
      <symbol id="sm-9ba">
         <name>IntRegister</name>
         <value>0x6011</value>
         <object_component_ref idref="oc-1a3"/>
      </symbol>
      <symbol id="sm-9bb">
         <name>g_pfnRAMVectors</name>
         <value>0x20000000</value>
         <object_component_ref idref="oc-26e"/>
      </symbol>
      <symbol id="sm-9bc">
         <name>IntMasterEnable</name>
         <value>0x61e3</value>
         <object_component_ref idref="oc-1a9"/>
      </symbol>
      <symbol id="sm-9c6">
         <name>CPUcpsie</name>
         <value>0x6201</value>
         <object_component_ref idref="oc-278"/>
      </symbol>
      <symbol id="sm-9c7">
         <name>__TI_static_base__</name>
         <value>0x0</value>
      </symbol>
      <symbol id="sm-9ca">
         <name>__mpu_init</name>
         <value>0x0</value>
      </symbol>
      <symbol id="sm-9cb">
         <name>_system_post_cinit</name>
         <value>0x0</value>
      </symbol>
   </symbol_table>
   <title>Link successful</title>
</link_info>
