******************************************************************************
                  TI ARM Linker PC v20.2.6                     
******************************************************************************
>> Linked Mon May  1 19:06:59 2023

OUTPUT FILE NAME:   <Final1.out>
ENTRY POINT SYMBOL: "_c_int00_noargs"  address: 00006045


MEMORY CONFIGURATION

         name            origin    length      used     unused   attr    fill
----------------------  --------  ---------  --------  --------  ----  --------
  FLASH                 00000000   00040000  000068ab  00039755  R  X
  SRAM                  20000000   00008000  00002388  00005c78  RW X


SEGMENT ALLOCATION MAP

run origin  load origin   length   init length attrs members
----------  ----------- ---------- ----------- ----- -------
00000000    00000000    000068b0   000068b0    r-x
  00000000    00000000    0000026c   0000026c    r-- .intvecs
  0000026c    0000026c    00005fd0   00005fd0    r-x .text
  00006240    00006240    000005ef   000005ef    r-- .const
  00006830    00006830    00000080   00000080    r-- .cinit
20000000    20000000    0000238c   00000000    rw-
  20000000    20000000    0000026c   00000000    rw- .vtable
  20000270    20000270    00001000   00000000    rw- .stack
  20001270    20001270    00001000   00000000    rw- .sysmem
  20002270    20002270    000000fc   00000000    rw- .data
  2000236c    2000236c    00000020   00000000    rw- .bss


SECTION ALLOCATION MAP

 output                                  attributes/
section   page    origin      length       input sections
--------  ----  ----------  ----------   ----------------
.intvecs   0    00000000    0000026c     
                  00000000    0000026c     tm4c123gh6pm_startup_ccs.obj (.intvecs)

.text      0    0000026c    00005fd0     
                  0000026c    00000c20     open_interface.obj (.text)
                  00000e8c    00000a4e     rtsv7M4_T_le_v4SPD16_eabi.lib : _printfi.c.obj (.text:__TI_printfi)
                  000018da    00000002                                   : _lock.c.obj (.text:_nop)
                  000018dc    000009d0                                   : e_pow.c.obj (.text:pow)
                  000022ac    00000738                                   : k_rem_pio2.c.obj (.text:__kernel_rem_pio2)
                  000029e4    0000067c     FinalProjmain.obj (.text)
                  00003060    000005a8     movement.obj (.text)
                  00003608    00000508     rtsv7M4_T_le_v4SPD16_eabi.lib : s_tan.c.obj (.text:tan)
                  00003b10    0000031c                                   : k_tan.c.obj (.text:__kernel_tan)
                  00003e2c    000002cc     ping_template.obj (.text)
                  000040f8    00000270     rtsv7M4_T_le_v4SPD16_eabi.lib : _printfi.c.obj (.text:_pconv_a)
                  00004368    00000248     Timer.obj (.text)
                  000045b0    000001f0     uart-interrupt.obj (.text)
                  000047a0    000001d0     rtsv7M4_T_le_v4SPD16_eabi.lib : _printfi.c.obj (.text:_pconv_g)
                  00004970    000001b6                                   : fd_add_t2.asm.obj (.text)
                  00004b26    00000002                                   : div0.asm.obj (.text)
                  00004b28    00000170     servo.obj (.text)
                  00004c98    00000158     adc.obj (.text)
                  00004df0    00000158     rtsv7M4_T_le_v4SPD16_eabi.lib : e_sqrt.c.obj (.text:sqrt)
                  00004f48    0000013c                                   : _printfi.c.obj (.text:_pconv_e)
                  00005084    00000136                                   : fd_div_t2.asm.obj (.text)
                  000051ba    00000002     --HOLE-- [fill = 0]
                  000051bc    00000124                                   : _printfi.c.obj (.text:fcvt)
                  000052e0    00000110                                   : s_scalbn.c.obj (.text:scalbn)
                  000053f0    00000100                                   : memory.c.obj (.text:aligned_alloc)
                  000054f0    000000fc                                   : fd_mul_t2.asm.obj (.text)
                  000055ec    000000f8                                   : s_floor.c.obj (.text:floor)
                  000056e4    000000e4                                   : memory.c.obj (.text:free)
                  000057c8    000000b1                                   : _printfi.c.obj (.text:_ltostr)
                  00005879    00000001     --HOLE-- [fill = 0]
                  0000587a    0000009c                                   : memcpy_t2.asm.obj (.text)
                  00005916    00000096                                   : ull_div_t2.asm.obj (.text)
                  000059ac    00000086                                   : fd_cmp_t2.asm.obj (.text:__aeabi_cdcmple)
                  00005a32    00000086                                   : fd_cmp_t2.asm.obj (.text:__aeabi_cdrcmple)
                  00005ab8    0000007a                                   : memset_t2.asm.obj (.text)
                  00005b32    00000002     --HOLE-- [fill = 0]
                  00005b34    00000070                                   : memory.c.obj (.text:split)
                  00005ba4    0000006e                                   : _printfi.c.obj (.text:_mcpy)
                  00005c12    0000006e                                   : fd_tos_t2.asm.obj (.text)
                  00005c80    00000068                                   : copy_decompress_lzss.c.obj (.text:decompress:lzss:__TI_decompress_lzss)
                  00005ce8    00000064                                   : s_frexp.c.obj (.text:frexp)
                  00005d4c    00000056                                   : _printfi.c.obj (.text:_pconv_f)
                  00005da2    00000054                                   : _ltoa.c.obj (.text:__TI_ltoa)
                  00005df6    00000052                                   : _printfi.c.obj (.text:_ecpy)
                  00005e48    0000004c                                   : atoi.c.obj (.text:atoi)
                  00005e94    00000048                                   : fd_toi_t2.asm.obj (.text)
                  00005edc    00000044                                   : autoinit.c.obj (.text:__TI_auto_init_nobinit_nopinit:__TI_auto_init_nobinit_nopinit)
                  00005f20    00000040                                   : sprintf.c.obj (.text:sprintf)
                  00005f60    0000003e                                   : _printfi.c.obj (.text:_fcpy)
                  00005f9e    00000002     --HOLE-- [fill = 0]
                  00005fa0    00000038                                   : memory.c.obj (.text:calloc)
                  00005fd8    00000038                                   : fs_tod_t2.asm.obj (.text)
                  00006010    00000034     driverlib.lib : interrupt.obj (.text:IntRegister)
                  00006044    00000034     rtsv7M4_T_le_v4SPD16_eabi.lib : boot_cortex_m.c.obj (.text:_c_int00_noargs:_c_int00_noargs)
                  00006078    0000002e                                   : i_tofd_t2.asm.obj (.text)
                  000060a6    00000002     --HOLE-- [fill = 0]
                  000060a8    00000028                                   : memory.c.obj (.text:free_list_insert)
                  000060d0    00000020                                   : u_tofd_t2.asm.obj (.text)
                  000060f0    0000001c                                   : copy_zero_init.c.obj (.text:decompress:ZI:__TI_zero_init_nomemset:__TI_zero_init_nomemset)
                  0000610c    0000001c                                   : memory.c.obj (.text:free_list_remove)
                  00006128    0000001c                                   : memccpy.c.obj (.text:memccpy)
                  00006144    0000001a                                   : s_copysign.c.obj (.text:copysign)
                  0000615e    00000018                                   : sprintf.c.obj (.text:_outs)
                  00006176    00000018     open_interface.obj (.text:oi_parseInt)
                  0000618e    00000018     rtsv7M4_T_le_v4SPD16_eabi.lib : strcmp.c.obj (.text:strcmp)
                  000061a6    00000016                                   : strchr.c.obj (.text:strchr)
                  000061bc    00000014                                   : strlen.c.obj (.text:strlen)
                  000061d0    00000012                                   : wcslen.c.obj (.text:wcslen)
                  000061e2    00000010     driverlib.lib : interrupt.obj (.text:IntMasterEnable)
                  000061f2    0000000e     rtsv7M4_T_le_v4SPD16_eabi.lib : copy_decompress_none.c.obj (.text:decompress:none:__TI_decompress_none)
                  00006200    0000000c     driverlib.lib : cpu.obj (.text:CPUcpsie)
                  0000620c    0000000c     tm4c123gh6pm_startup_ccs.obj (.text)
                  00006218    0000000a     rtsv7M4_T_le_v4SPD16_eabi.lib : sprintf.c.obj (.text:_outc)
                  00006222    00000002     --HOLE-- [fill = 0]
                  00006224    00000008                                   : errno.c.obj (.text:__aeabi_errno_addr)
                  0000622c    00000008                                   : memory.c.obj (.text:malloc)
                  00006234    00000004                                   : pre_init.c.obj (.text:_system_pre_init)
                  00006238    00000004                                   : exit.c.obj (.text:abort:abort)

.const     0    00006240    000005ef     
                  00006240    000002d0     FinalProjmain.obj (.const:$P$T0$1)
                  00006510    00000158     rtsv7M4_T_le_v4SPD16_eabi.lib : k_rem_pio2.c.obj (.const:$O1$$)
                  00006668    00000101                                   : ctype.c.obj (.const:.string:_ctypes_)
                  00006769    00000007     --HOLE-- [fill = 0]
                  00006770    00000080                                   : k_tan.c.obj (.const:xxx)
                  000067f0    00000030                                   : e_pow.c.obj (.const:$O1$$)
                  00006820    0000000f     open_interface.obj (.const:.string:$P$T0$3)

.cinit     0    00006830    00000080     
                  00006830    00000049     (.cinit..data.load) [load image, compression = lzss]
                  00006879    00000003     --HOLE-- [fill = 0]
                  0000687c    0000000c     (__TI_handler_table)
                  00006888    00000008     (.cinit..bss.load) [load image, compression = zero_init]
                  00006890    00000008     (.cinit..vtable.load) [load image, compression = zero_init]
                  00006898    00000018     (__TI_cinit_table)

.init_array 
*          0    00000000    00000000     UNINITIALIZED

.vtable    0    20000000    0000026c     UNINITIALIZED
                  20000000    0000026c     driverlib.lib : interrupt.obj (.vtable)

.stack     0    20000270    00001000     UNINITIALIZED
                  20000270    00000004     rtsv7M4_T_le_v4SPD16_eabi.lib : boot_cortex_m.c.obj (.stack)
                  20000274    00000ffc     --HOLE--

.sysmem    0    20001270    00001000     UNINITIALIZED
                  20001270    00000010     rtsv7M4_T_le_v4SPD16_eabi.lib : memory.c.obj (.sysmem)
                  20001280    00000ff0     --HOLE--

.data      0    20002270    000000fc     UNINITIALIZED
                  20002270    00000064     movement.obj (.data:temp)
                  200022d4    00000026     FinalProjmain.obj (.data:Love_SosaNotes)
                  200022fa    00000020     FinalProjmain.obj (.data:duration)
                  2000231a    00000001     Timer.obj (.data)
                  2000231b    00000001     --HOLE--
                  2000231c    00000020     open_interface.obj (.data)
                  2000233c    00000009     ping_template.obj (.data)
                  20002345    00000003     --HOLE--
                  20002348    00000008     rtsv7M4_T_le_v4SPD16_eabi.lib : _lock.c.obj (.data:$O1$$)
                  20002350    00000008                                   : memory.c.obj (.data:$O1$$)
                  20002358    00000008     FinalProjmain.obj (.data)
                  20002360    00000008     uart-interrupt.obj (.data)
                  20002368    00000004     rtsv7M4_T_le_v4SPD16_eabi.lib : errno.c.obj (.data)

.bss       0    2000236c    00000020     UNINITIALIZED
                  2000236c    00000018     open_interface.obj (.bss:firmware$2)
                  20002384    00000004     (.common:_timeout_ticks)
                  20002388    00000004     (.common:len)

__llvm_prf_cnts 
*          0    20000000    00000000     UNINITIALIZED

MODULE SUMMARY

       Module                         code    ro data   rw data
       ------                         ----    -------   -------
    .\
       open_interface.obj             3128    15        56     
       FinalProjmain.obj              1660    720       82     
       movement.obj                   1448    0         100    
       ping_template.obj              716     0         9      
       tm4c123gh6pm_startup_ccs.obj   12      620       0      
       Timer.obj                      584     0         5      
       uart-interrupt.obj             496     0         8      
       servo.obj                      368     0         0      
       adc.obj                        344     0         0      
    +--+------------------------------+-------+---------+---------+
       Total:                         8756    1355      260    
                                                               
    C:/ti/TivaWare_C_Series-2.2.0.295/driverlib/ccs/Debug/driverlib.lib
       interrupt.obj                  68      0         620    
       cpu.obj                        12      0         0      
    +--+------------------------------+-------+---------+---------+
       Total:                         80      0         620    
                                                               
    C:\ti\ccs1200\ccs\tools\compiler\ti-cgt-arm_20.2.6.LTS\lib\rtsv7M4_T_le_v4SPD16_eabi.lib
       _printfi.c.obj                 4851    0         0      
       e_pow.c.obj                    2512    48        0      
       k_rem_pio2.c.obj               1848    344       0      
       s_tan.c.obj                    1288    0         0      
       k_tan.c.obj                    796     128       0      
       memory.c.obj                   728     0         8      
       fd_add_t2.asm.obj              438     0         0      
       e_sqrt.c.obj                   344     0         0      
       fd_div_t2.asm.obj              310     0         0      
       s_scalbn.c.obj                 272     0         0      
       fd_cmp_t2.asm.obj              268     0         0      
       ctype.c.obj                    0       257       0      
       fd_mul_t2.asm.obj              252     0         0      
       s_floor.c.obj                  248     0         0      
       memcpy_t2.asm.obj              156     0         0      
       ull_div_t2.asm.obj             150     0         0      
       memset_t2.asm.obj              122     0         0      
       fd_tos_t2.asm.obj              110     0         0      
       copy_decompress_lzss.c.obj     104     0         0      
       s_frexp.c.obj                  100     0         0      
       sprintf.c.obj                  98      0         0      
       _ltoa.c.obj                    84      0         0      
       atoi.c.obj                     76      0         0      
       fd_toi_t2.asm.obj              72      0         0      
       autoinit.c.obj                 68      0         0      
       fs_tod_t2.asm.obj              56      0         0      
       boot_cortex_m.c.obj            52      0         0      
       i_tofd_t2.asm.obj              46      0         0      
       u_tofd_t2.asm.obj              32      0         0      
       copy_zero_init.c.obj           28      0         0      
       memccpy.c.obj                  28      0         0      
       s_copysign.c.obj               26      0         0      
       strcmp.c.obj                   24      0         0      
       strchr.c.obj                   22      0         0      
       strlen.c.obj                   20      0         0      
       wcslen.c.obj                   18      0         0      
       copy_decompress_none.c.obj     14      0         0      
       errno.c.obj                    8       0         4      
       _lock.c.obj                    2       0         8      
       exit.c.obj                     4       0         0      
       pre_init.c.obj                 4       0         0      
       div0.asm.obj                   2       0         0      
    +--+------------------------------+-------+---------+---------+
       Total:                         15681   777       20     
                                                               
       Heap:                          0       0         4096   
       Stack:                         0       0         4096   
       Linker Generated:              0       125       0      
    +--+------------------------------+-------+---------+---------+
       Grand Total:                   24517   2257      9092   


LINKER GENERATED COPY TABLES

__TI_cinit_table @ 00006898 records: 3, size/record: 8, table size: 24
	.data: load addr=00006830, load size=00000049 bytes, run addr=20002270, run size=000000fc bytes, compression=lzss
	.bss: load addr=00006888, load size=00000008 bytes, run addr=2000236c, run size=00000020 bytes, compression=zero_init
	.vtable: load addr=00006890, load size=00000008 bytes, run addr=20000000, run size=0000026c bytes, compression=zero_init


LINKER GENERATED HANDLER TABLE

__TI_handler_table @ 0000687c records: 3, size/record: 4, table size: 12
	index: 0, handler: __TI_zero_init
	index: 1, handler: __TI_decompress_lzss
	index: 2, handler: __TI_decompress_none


GLOBAL SYMBOLS: SORTED ALPHABETICALLY BY Name 

address   name                          
-------   ----                          
00003183  BumpCheck                     
00006239  C$$EXIT                       
00006201  CPUcpsie                      
00003217  CliffSensorCheck              
20002340  END_TIME                      
00000bc3  GPIOF_Handler                 
000061e3  IntMasterEnable               
00006011  IntRegister                   
200022d4  Love_SosaNotes                
0000620d  ResetISR                      
2000233c  START_TIME                    
20002344  STATE                         
00003f6d  TIMER3B_Handler               
00004701  UART1_Handler                 
20001270  __STACK_END                   
00001000  __STACK_SIZE                  
20000470  __STACK_TOP                   
00001000  __SYSMEM_SIZE                 
00006898  __TI_CINIT_Base               
000068b0  __TI_CINIT_Limit              
0000687c  __TI_Handler_Table_Base       
00006888  __TI_Handler_Table_Limit      
00005edd  __TI_auto_init_nobinit_nopinit
00005c81  __TI_decompress_lzss          
000061f3  __TI_decompress_none          
00005da3  __TI_ltoa                     
ffffffff  __TI_pprof_out_hndl           
00000e8d  __TI_printfi                  
ffffffff  __TI_prof_data_size           
ffffffff  __TI_prof_data_start          
00000000  __TI_static_base__            
000060f1  __TI_zero_init_nomemset       
000059ad  __aeabi_cdcmpeq               
000059ad  __aeabi_cdcmple               
00005a33  __aeabi_cdrcmple              
00005c13  __aeabi_d2f                   
00005e95  __aeabi_d2iz                  
0000497b  __aeabi_dadd                  
00005085  __aeabi_ddiv                  
000054f1  __aeabi_dmul                  
00004971  __aeabi_dsub                  
00006225  __aeabi_errno_addr            
00005fd9  __aeabi_f2d                   
00006079  __aeabi_i2d                   
00004b27  __aeabi_idiv0                 
00004b27  __aeabi_ldiv0                 
00005ab9  __aeabi_memclr                
00005ab9  __aeabi_memclr4               
00005ab9  __aeabi_memclr8               
0000587b  __aeabi_memcpy                
0000587b  __aeabi_memcpy4               
0000587b  __aeabi_memcpy8               
00005abb  __aeabi_memset                
00005abb  __aeabi_memset4               
00005abb  __aeabi_memset8               
000060d1  __aeabi_ui2d                  
00005917  __aeabi_uldivmod              
ffffffff  __binit__                     
ffffffff  __c_args__                    
000022ad  __kernel_rem_pio2             
00003b11  __kernel_tan                  
UNDEFED   __mpu_init                    
20000270  __stack                       
20000000  __start___llvm_prf_cnts       
20000000  __stop___llvm_prf_cnts        
00006045  _c_int00_noargs               
00006668  _ctypes_                      
20002348  _lock                         
000018db  _nop                          
2000231a  _running                      
20001270  _sys_memory                   
UNDEFED   _system_post_cinit            
00006235  _system_pre_init              
20002384  _timeout_ticks                
2000234c  _unlock                       
00006239  abort                         
00004d5b  adcDistance                   
00004d29  adcRead                       
00004c99  adc_init                      
000053f1  aligned_alloc                 
00005e49  atoi                          
00003385  backup                        
ffffffff  binit                         
00005fa1  calloc                        
20002360  command_byte                  
20002364  command_flag                  
00002de9  control                       
00006145  copysign                      
00006145  copysignl                     
200022fa  duration                      
20002368  errno                         
000055ed  floor                         
000055ed  floorl                        
000056e5  free                          
00005ce9  frexp                         
00005ce9  frexpl                        
20000000  g_pfnRAMVectors               
00000000  g_pfnVectors                  
0000097f  go_charge                     
000052e1  ldexp                         
000052e1  ldexpl                        
20002388  len                           
00002f9f  main                          
0000622d  malloc                        
000053f1  memalign                      
00006129  memccpy                       
0000587b  memcpy                        
00005ac1  memset                        
2000231c  motor_cal_factor_L            
20002320  motor_cal_factor_R            
00003061  move_forward                  
000030d3  move_forward_checks           
2000235c  num_notes                     
0000026d  oi_alloc                      
00000aa9  oi_checkFirmware              
000002c7  oi_close                      
00000279  oi_free                       
00000ded  oi_getMotorCalibrationLeft    
00000e01  oi_getMotorCalibrationRight   
000002b1  oi_init                       
00000289  oi_init_noupdate              
00000915  oi_loadSong                   
00006177  oi_parseInt                   
0000032b  oi_parsePacket                
0000096b  oi_play_song                  
0000084b  oi_setLeds                    
00000db1  oi_setMotorCalibration        
0000088f  oi_setWheels                  
00000b51  oi_shutoff_init               
0000098d  oi_uartInit                   
00000a31  oi_uartReceive                
00000a77  oi_uartSendBuff               
00000a15  oi_uartSendChar               
00000a59  oi_uartSendStr                
000002d9  oi_update                     
00003fbf  ping_getDistance              
00003e2d  ping_init                     
00003eef  ping_trigger                  
000018dd  pow                           
000018dd  powl                          
000052e1  scalbn                        
000052e1  scalbnl                       
000029e5  scan                          
00004b29  servomotor_init               
00004bbb  servomotor_move               
20002358  song_index                    
00005f21  sprintf                       
00004df1  sqrt                          
00004df1  sqrtl                         
000061a7  strchr                        
0000618f  strcmp                        
000061bd  strlen                        
00003609  tan                           
00003609  tanl                          
20002270  temp                          
000032b9  theDreadedWhiteLineCheck      
00004487  timer_getMicros               
0000442f  timer_getMillis               
00004369  timer_init                    
0000440b  timer_pause                   
0000441d  timer_resume                  
000043e1  timer_stop                    
000044e1  timer_waitMicros              
00004513  timer_waitMillis              
000034f1  turn_left                     
0000343b  turn_right                    
000045b1  uart_interrupt_init           
000046a9  uart_receive                  
000046d7  uart_receive_nonBlocking      
0000466f  uart_sendChar                 
000046ab  uart_sendStr                  
000061d1  wcslen                        


GLOBAL SYMBOLS: SORTED BY Symbol Address 

address   name                          
-------   ----                          
00000000  __TI_static_base__            
00000000  g_pfnVectors                  
0000026d  oi_alloc                      
00000279  oi_free                       
00000289  oi_init_noupdate              
000002b1  oi_init                       
000002c7  oi_close                      
000002d9  oi_update                     
0000032b  oi_parsePacket                
0000084b  oi_setLeds                    
0000088f  oi_setWheels                  
00000915  oi_loadSong                   
0000096b  oi_play_song                  
0000097f  go_charge                     
0000098d  oi_uartInit                   
00000a15  oi_uartSendChar               
00000a31  oi_uartReceive                
00000a59  oi_uartSendStr                
00000a77  oi_uartSendBuff               
00000aa9  oi_checkFirmware              
00000b51  oi_shutoff_init               
00000bc3  GPIOF_Handler                 
00000db1  oi_setMotorCalibration        
00000ded  oi_getMotorCalibrationLeft    
00000e01  oi_getMotorCalibrationRight   
00000e8d  __TI_printfi                  
00001000  __STACK_SIZE                  
00001000  __SYSMEM_SIZE                 
000018db  _nop                          
000018dd  pow                           
000018dd  powl                          
000022ad  __kernel_rem_pio2             
000029e5  scan                          
00002de9  control                       
00002f9f  main                          
00003061  move_forward                  
000030d3  move_forward_checks           
00003183  BumpCheck                     
00003217  CliffSensorCheck              
000032b9  theDreadedWhiteLineCheck      
00003385  backup                        
0000343b  turn_right                    
000034f1  turn_left                     
00003609  tan                           
00003609  tanl                          
00003b11  __kernel_tan                  
00003e2d  ping_init                     
00003eef  ping_trigger                  
00003f6d  TIMER3B_Handler               
00003fbf  ping_getDistance              
00004369  timer_init                    
000043e1  timer_stop                    
0000440b  timer_pause                   
0000441d  timer_resume                  
0000442f  timer_getMillis               
00004487  timer_getMicros               
000044e1  timer_waitMicros              
00004513  timer_waitMillis              
000045b1  uart_interrupt_init           
0000466f  uart_sendChar                 
000046a9  uart_receive                  
000046ab  uart_sendStr                  
000046d7  uart_receive_nonBlocking      
00004701  UART1_Handler                 
00004971  __aeabi_dsub                  
0000497b  __aeabi_dadd                  
00004b27  __aeabi_idiv0                 
00004b27  __aeabi_ldiv0                 
00004b29  servomotor_init               
00004bbb  servomotor_move               
00004c99  adc_init                      
00004d29  adcRead                       
00004d5b  adcDistance                   
00004df1  sqrt                          
00004df1  sqrtl                         
00005085  __aeabi_ddiv                  
000052e1  ldexp                         
000052e1  ldexpl                        
000052e1  scalbn                        
000052e1  scalbnl                       
000053f1  aligned_alloc                 
000053f1  memalign                      
000054f1  __aeabi_dmul                  
000055ed  floor                         
000055ed  floorl                        
000056e5  free                          
0000587b  __aeabi_memcpy                
0000587b  __aeabi_memcpy4               
0000587b  __aeabi_memcpy8               
0000587b  memcpy                        
00005917  __aeabi_uldivmod              
000059ad  __aeabi_cdcmpeq               
000059ad  __aeabi_cdcmple               
00005a33  __aeabi_cdrcmple              
00005ab9  __aeabi_memclr                
00005ab9  __aeabi_memclr4               
00005ab9  __aeabi_memclr8               
00005abb  __aeabi_memset                
00005abb  __aeabi_memset4               
00005abb  __aeabi_memset8               
00005ac1  memset                        
00005c13  __aeabi_d2f                   
00005c81  __TI_decompress_lzss          
00005ce9  frexp                         
00005ce9  frexpl                        
00005da3  __TI_ltoa                     
00005e49  atoi                          
00005e95  __aeabi_d2iz                  
00005edd  __TI_auto_init_nobinit_nopinit
00005f21  sprintf                       
00005fa1  calloc                        
00005fd9  __aeabi_f2d                   
00006011  IntRegister                   
00006045  _c_int00_noargs               
00006079  __aeabi_i2d                   
000060d1  __aeabi_ui2d                  
000060f1  __TI_zero_init_nomemset       
00006129  memccpy                       
00006145  copysign                      
00006145  copysignl                     
00006177  oi_parseInt                   
0000618f  strcmp                        
000061a7  strchr                        
000061bd  strlen                        
000061d1  wcslen                        
000061e3  IntMasterEnable               
000061f3  __TI_decompress_none          
00006201  CPUcpsie                      
0000620d  ResetISR                      
00006225  __aeabi_errno_addr            
0000622d  malloc                        
00006235  _system_pre_init              
00006239  C$$EXIT                       
00006239  abort                         
00006668  _ctypes_                      
0000687c  __TI_Handler_Table_Base       
00006888  __TI_Handler_Table_Limit      
00006898  __TI_CINIT_Base               
000068b0  __TI_CINIT_Limit              
20000000  __start___llvm_prf_cnts       
20000000  __stop___llvm_prf_cnts        
20000000  g_pfnRAMVectors               
20000270  __stack                       
20000470  __STACK_TOP                   
20001270  __STACK_END                   
20001270  _sys_memory                   
20002270  temp                          
200022d4  Love_SosaNotes                
200022fa  duration                      
2000231a  _running                      
2000231c  motor_cal_factor_L            
20002320  motor_cal_factor_R            
2000233c  START_TIME                    
20002340  END_TIME                      
20002344  STATE                         
20002348  _lock                         
2000234c  _unlock                       
20002358  song_index                    
2000235c  num_notes                     
20002360  command_byte                  
20002364  command_flag                  
20002368  errno                         
20002384  _timeout_ticks                
20002388  len                           
ffffffff  __TI_pprof_out_hndl           
ffffffff  __TI_prof_data_size           
ffffffff  __TI_prof_data_start          
ffffffff  __binit__                     
ffffffff  __c_args__                    
ffffffff  binit                         
UNDEFED   __mpu_init                    
UNDEFED   _system_post_cinit            

[172 symbols]
