******************************************************************************
                  TI ARM Linker PC v20.2.6                     
******************************************************************************
>> Linked Sat Feb 11 17:28:50 2023

OUTPUT FILE NAME:   <Lab3.out>
ENTRY POINT SYMBOL: "_c_int00_noargs"  address: 0000418d


MEMORY CONFIGURATION

         name            origin    length      used     unused   attr    fill
----------------------  --------  ---------  --------  --------  ----  --------
  FLASH                 00000000   00040000  00004514  0003baec  R  X
  SRAM                  20000000   00008000  00002366  00005c9a  RW X


SEGMENT ALLOCATION MAP

run origin  load origin   length   init length attrs members
----------  ----------- ---------- ----------- ----- -------
00000000    00000000    00004518   00004518    r-x
  00000000    00000000    0000026c   0000026c    r-- .intvecs
  0000026c    0000026c    00004140   00004140    r-x .text
  000043ac    000043ac    00000118   00000118    r-- .const
  000044c8    000044c8    00000050   00000050    r-- .cinit
20000000    20000000    0000236d   00000000    rw-
  20000000    20000000    0000026c   00000000    rw- .vtable
  20000270    20000270    00001000   00000000    rw- .stack
  20001270    20001270    00001000   00000000    rw- .sysmem
  20002270    20002270    000000bd   00000000    rw- .bss
  20002330    20002330    0000003d   00000000    rw- .data


SECTION ALLOCATION MAP

 output                                  attributes/
section   page    origin      length       input sections
--------  ----  ----------  ----------   ----------------
.intvecs   0    00000000    0000026c     
                  00000000    0000026c     tm4c123gh6pm_startup_ccs.obj (.intvecs)

.text      0    0000026c    00004140     
                  0000026c    00000c20     open_interface.obj (.text)
                  00000e8c    00000a4e     rtsv7M4_T_le_v4SPD16_eabi.lib : _printfi.c.obj (.text:__TI_printfi)
                  000018da    00000002                                   : _lock.c.obj (.text:_nop)
                  000018dc    00000474     movement.obj (.text)
                  00001d50    000003e0     lcd.obj (.text)
                  00002130    00000270     rtsv7M4_T_le_v4SPD16_eabi.lib : _printfi.c.obj (.text:_pconv_a)
                  000023a0    00000260     libcybotScan.lib : cyBot_Scan.obj (.text)
                  00002600    00000248     Timer.obj (.text)
                  00002848    000001ec     libcybotScan.lib : ping.obj (.text)
                  00002a34    000001d0     rtsv7M4_T_le_v4SPD16_eabi.lib : _printfi.c.obj (.text:_pconv_g)
                  00002c04    000001b6                                   : fd_add_t2.asm.obj (.text)
                  00002dba    00000002                                   : div0.asm.obj (.text)
                  00002dbc    0000015c     libcybotUART.lib : uart.obj (.text)
                  00002f18    00000158     libcybotScan.lib : servo.obj (.text)
                  00003070    0000013c     rtsv7M4_T_le_v4SPD16_eabi.lib : _printfi.c.obj (.text:_pconv_e)
                  000031ac    00000136                                   : fd_div_t2.asm.obj (.text)
                  000032e2    00000002     --HOLE-- [fill = 0]
                  000032e4    00000124                                   : _printfi.c.obj (.text:fcvt)
                  00003408    00000118     libcybotScan.lib : ir.obj (.text)
                  00003520    00000110     rtsv7M4_T_le_v4SPD16_eabi.lib : s_scalbn.c.obj (.text:scalbn)
                  00003630    00000100                                   : memory.c.obj (.text:aligned_alloc)
                  00003730    000000fc                                   : fd_mul_t2.asm.obj (.text)
                  0000382c    000000e4                                   : memory.c.obj (.text:free)
                  00003910    000000b1                                   : _printfi.c.obj (.text:_ltostr)
                  000039c1    00000001     --HOLE-- [fill = 0]
                  000039c2    0000009c                                   : memcpy_t2.asm.obj (.text)
                  00003a5e    00000096                                   : ull_div_t2.asm.obj (.text)
                  00003af4    00000086                                   : fd_cmp_t2.asm.obj (.text:__aeabi_cdcmple)
                  00003b7a    00000086                                   : fd_cmp_t2.asm.obj (.text:__aeabi_cdrcmple)
                  00003c00    0000007a                                   : memset_t2.asm.obj (.text)
                  00003c7a    00000002     --HOLE-- [fill = 0]
                  00003c7c    00000070                                   : memory.c.obj (.text:split)
                  00003cec    0000006e                                   : _printfi.c.obj (.text:_mcpy)
                  00003d5a    0000006e                                   : fd_tos_t2.asm.obj (.text)
                  00003dc8    00000068                                   : copy_decompress_lzss.c.obj (.text:decompress:lzss:__TI_decompress_lzss)
                  00003e30    00000064                                   : s_frexp.c.obj (.text:frexp)
                  00003e94    00000056                                   : _printfi.c.obj (.text:_pconv_f)
                  00003eea    00000054                                   : _ltoa.c.obj (.text:__TI_ltoa)
                  00003f3e    00000052                                   : _printfi.c.obj (.text:_ecpy)
                  00003f90    0000004c                                   : atoi.c.obj (.text:atoi)
                  00003fdc    00000048                                   : fd_toi_t2.asm.obj (.text)
                  00004024    00000044                                   : autoinit.c.obj (.text:__TI_auto_init_nobinit_nopinit:__TI_auto_init_nobinit_nopinit)
                  00004068    00000040                                   : vsnprintf.c.obj (.text:vsnprintf)
                  000040a8    0000003e                                   : _printfi.c.obj (.text:_fcpy)
                  000040e6    00000002     --HOLE-- [fill = 0]
                  000040e8    00000038                                   : memory.c.obj (.text:calloc)
                  00004120    00000038                                   : fs_tod_t2.asm.obj (.text)
                  00004158    00000034     driverlib.lib : interrupt.obj (.text:IntRegister)
                  0000418c    00000034     rtsv7M4_T_le_v4SPD16_eabi.lib : boot_cortex_m.c.obj (.text:_c_int00_noargs:_c_int00_noargs)
                  000041c0    00000030                                   : vsnprintf.c.obj (.text:_outs)
                  000041f0    0000002e                                   : i_tofd_t2.asm.obj (.text)
                  0000421e    00000002     --HOLE-- [fill = 0]
                  00004220    00000028                                   : memory.c.obj (.text:free_list_insert)
                  00004248    0000001c                                   : copy_zero_init.c.obj (.text:decompress:ZI:__TI_zero_init_nomemset:__TI_zero_init_nomemset)
                  00004264    0000001c                                   : memory.c.obj (.text:free_list_remove)
                  00004280    0000001c                                   : memccpy.c.obj (.text:memccpy)
                  0000429c    0000001a                                   : s_copysign.c.obj (.text:copysign)
                  000042b6    00000018                                   : vsnprintf.c.obj (.text:_outc)
                  000042ce    00000018     open_interface.obj (.text:oi_parseInt)
                  000042e6    00000018     rtsv7M4_T_le_v4SPD16_eabi.lib : strcmp.c.obj (.text:strcmp)
                  000042fe    00000016                                   : strchr.c.obj (.text:strchr)
                  00004314    00000014                                   : strcpy.c.obj (.text:strcpy)
                  00004328    00000014                                   : strlen.c.obj (.text:strlen)
                  0000433c    00000012                                   : wcslen.c.obj (.text:wcslen)
                  0000434e    00000010     driverlib.lib : interrupt.obj (.text:IntMasterEnable)
                  0000435e    00000010     lcd.obj (.text:lcd_clear)
                  0000436e    0000000e     rtsv7M4_T_le_v4SPD16_eabi.lib : copy_decompress_none.c.obj (.text:decompress:none:__TI_decompress_none)
                  0000437c    0000000c     driverlib.lib : cpu.obj (.text:CPUcpsie)
                  00004388    0000000c     tm4c123gh6pm_startup_ccs.obj (.text)
                  00004394    00000008     rtsv7M4_T_le_v4SPD16_eabi.lib : errno.c.obj (.text:__aeabi_errno_addr)
                  0000439c    00000008                                   : memory.c.obj (.text:malloc)
                  000043a4    00000004                                   : pre_init.c.obj (.text:_system_pre_init)
                  000043a8    00000004                                   : exit.c.obj (.text:abort:abort)

.const     0    000043ac    00000118     
                  000043ac    00000101     rtsv7M4_T_le_v4SPD16_eabi.lib : ctype.c.obj (.const:.string:_ctypes_)
                  000044ad    0000000f     open_interface.obj (.const:.string:$P$T0$3)
                  000044bc    00000004     lcd.obj (.const:.string:lineAddress$1)
                  000044c0    00000004     lcd.obj (.const:.string:lineAddresses$2)

.cinit     0    000044c8    00000050     
                  000044c8    00000019     (.cinit..data.load) [load image, compression = lzss]
                  000044e1    00000003     --HOLE-- [fill = 0]
                  000044e4    0000000c     (__TI_handler_table)
                  000044f0    00000008     (.cinit..bss.load) [load image, compression = zero_init]
                  000044f8    00000008     (.cinit..vtable.load) [load image, compression = zero_init]
                  00004500    00000018     (__TI_cinit_table)

.init_array 
*          0    00000000    00000000     UNINITIALIZED

.vtable    0    20000000    0000026c     UNINITIALIZED
                  20000000    0000026c     driverlib.lib : interrupt.obj (.vtable)

.stack     0    20000270    00001000     UNINITIALIZED
                  20000270    00000004     rtsv7M4_T_le_v4SPD16_eabi.lib : boot_cortex_m.c.obj (.stack)
                  20000274    00000ffc     --HOLE--

.sysmem    0    20001270    00001000     UNINITIALIZED
                  20001270    00000010     rtsv7M4_T_le_v4SPD16_eabi.lib : memory.c.obj (.sysmem)
                  20001280    00000ff0     --HOLE--

.bss       0    20002270    000000bd     UNINITIALIZED
                  20002270    00000054     lcd.obj (.bss:lastbuffer$3)
                  200022c4    00000034     (.common:isr_char_buffer)
                  200022f8    00000018     open_interface.obj (.bss:firmware$2)
                  20002310    00000004     (.common:_timeout_ticks)
                  20002314    00000004     (.common:fallingEdge)
                  20002318    00000004     (.common:isr_int_value)
                  2000231c    00000004     (.common:left_calibration_value)
                  20002320    00000004     (.common:pulseLength)
                  20002324    00000004     (.common:right_calibration_value)
                  20002328    00000004     (.common:risingEdge)
                  2000232c    00000001     (.common:isRisingEdge)

.data      0    20002330    0000003d     UNINITIALIZED
                  20002330    00000020     open_interface.obj (.data)
                  20002350    00000008     rtsv7M4_T_le_v4SPD16_eabi.lib : _lock.c.obj (.data:$O1$$)
                  20002358    00000008                                   : memory.c.obj (.data:$O1$$)
                  20002360    00000004     libcybotScan.lib : cyBot_Scan.obj (.data)
                  20002364    00000004     libcybotUART.lib : uart.obj (.data)
                  20002368    00000004     rtsv7M4_T_le_v4SPD16_eabi.lib : errno.c.obj (.data)
                  2000236c    00000001     Timer.obj (.data)

__llvm_prf_cnts 
*          0    20000000    00000000     UNINITIALIZED

MODULE SUMMARY

       Module                         code    ro data   rw data
       ------                         ----    -------   -------
    .\
       open_interface.obj             3128    15        56     
       movement.obj                   1140    0         8      
       lcd.obj                        1008    8         84     
       tm4c123gh6pm_startup_ccs.obj   12      620       0      
       Timer.obj                      584     0         5      
    +--+------------------------------+-------+---------+---------+
       Total:                         5872    643       153    
                                                               
    ../libcybotScan.lib
       cyBot_Scan.obj                 608     0         4      
       ping.obj                       492     0         13     
       servo.obj                      344     0         0      
       ir.obj                         280     0         4      
    +--+------------------------------+-------+---------+---------+
       Total:                         1724    0         21     
                                                               
    ../libcybotUART.lib
       uart.obj                       348     0         56     
    +--+------------------------------+-------+---------+---------+
       Total:                         348     0         56     
                                                               
    C:/ti/TivaWare_C_Series-2.2.0.295/driverlib/ccs/Debug/driverlib.lib
       interrupt.obj                  68      0         620    
       cpu.obj                        12      0         0      
    +--+------------------------------+-------+---------+---------+
       Total:                         80      0         620    
                                                               
    C:\ti\ccs1200\ccs\tools\compiler\ti-cgt-arm_20.2.6.LTS\lib\rtsv7M4_T_le_v4SPD16_eabi.lib
       _printfi.c.obj                 4851    0         0      
       memory.c.obj                   728     0         8      
       fd_add_t2.asm.obj              438     0         0      
       fd_div_t2.asm.obj              310     0         0      
       s_scalbn.c.obj                 272     0         0      
       fd_cmp_t2.asm.obj              268     0         0      
       ctype.c.obj                    0       257       0      
       fd_mul_t2.asm.obj              252     0         0      
       memcpy_t2.asm.obj              156     0         0      
       ull_div_t2.asm.obj             150     0         0      
       vsnprintf.c.obj                136     0         0      
       memset_t2.asm.obj              122     0         0      
       fd_tos_t2.asm.obj              110     0         0      
       copy_decompress_lzss.c.obj     104     0         0      
       s_frexp.c.obj                  100     0         0      
       _ltoa.c.obj                    84      0         0      
       atoi.c.obj                     76      0         0      
       fd_toi_t2.asm.obj              72      0         0      
       autoinit.c.obj                 68      0         0      
       fs_tod_t2.asm.obj              56      0         0      
       boot_cortex_m.c.obj            52      0         0      
       i_tofd_t2.asm.obj              46      0         0      
       copy_zero_init.c.obj           28      0         0      
       memccpy.c.obj                  28      0         0      
       s_copysign.c.obj               26      0         0      
       strcmp.c.obj                   24      0         0      
       strchr.c.obj                   22      0         0      
       strcpy.c.obj                   20      0         0      
       strlen.c.obj                   20      0         0      
       wcslen.c.obj                   18      0         0      
       copy_decompress_none.c.obj     14      0         0      
       errno.c.obj                    8       0         4      
       _lock.c.obj                    2       0         8      
       exit.c.obj                     4       0         0      
       pre_init.c.obj                 4       0         0      
       div0.asm.obj                   2       0         0      
    +--+------------------------------+-------+---------+---------+
       Total:                         8671    257       20     
                                                               
       Heap:                          0       0         4096   
       Stack:                         0       0         4096   
       Linker Generated:              0       77        0      
    +--+------------------------------+-------+---------+---------+
       Grand Total:                   16695   977       9062   


LINKER GENERATED COPY TABLES

__TI_cinit_table @ 00004500 records: 3, size/record: 8, table size: 24
	.data: load addr=000044c8, load size=00000019 bytes, run addr=20002330, run size=0000003d bytes, compression=lzss
	.bss: load addr=000044f0, load size=00000008 bytes, run addr=20002270, run size=000000bd bytes, compression=zero_init
	.vtable: load addr=000044f8, load size=00000008 bytes, run addr=20000000, run size=0000026c bytes, compression=zero_init


LINKER GENERATED HANDLER TABLE

__TI_handler_table @ 000044e4 records: 3, size/record: 4, table size: 12
	index: 0, handler: __TI_zero_init
	index: 1, handler: __TI_decompress_lzss
	index: 2, handler: __TI_decompress_none


GLOBAL SYMBOLS: SORTED ALPHABETICALLY BY Name 

address   name                          
-------   ----                          
000034a1  ADC0SS0_Handler               
000043a9  C$$EXIT                       
0000437d  CPUcpsie                      
00000bc3  GPIOF_Handler                 
0000434f  IntMasterEnable               
00004159  IntRegister                   
00004389  ResetISR                      
00002939  TIMER3B_Handler               
20001270  __STACK_END                   
00001000  __STACK_SIZE                  
20000470  __STACK_TOP                   
00001000  __SYSMEM_SIZE                 
00004500  __TI_CINIT_Base               
00004518  __TI_CINIT_Limit              
000044e4  __TI_Handler_Table_Base       
000044f0  __TI_Handler_Table_Limit      
00004025  __TI_auto_init_nobinit_nopinit
00003dc9  __TI_decompress_lzss          
0000436f  __TI_decompress_none          
00003eeb  __TI_ltoa                     
ffffffff  __TI_pprof_out_hndl           
00000e8d  __TI_printfi                  
ffffffff  __TI_prof_data_size           
ffffffff  __TI_prof_data_start          
00000000  __TI_static_base__            
00004249  __TI_zero_init_nomemset       
00003af5  __aeabi_cdcmpeq               
00003af5  __aeabi_cdcmple               
00003b7b  __aeabi_cdrcmple              
00003d5b  __aeabi_d2f                   
00003fdd  __aeabi_d2iz                  
00002c0f  __aeabi_dadd                  
000031ad  __aeabi_ddiv                  
00003731  __aeabi_dmul                  
00002c05  __aeabi_dsub                  
00004395  __aeabi_errno_addr            
00004121  __aeabi_f2d                   
000041f1  __aeabi_i2d                   
00002dbb  __aeabi_idiv0                 
00002dbb  __aeabi_ldiv0                 
00003c01  __aeabi_memclr                
00003c01  __aeabi_memclr4               
00003c01  __aeabi_memclr8               
000039c3  __aeabi_memcpy                
000039c3  __aeabi_memcpy4               
000039c3  __aeabi_memcpy8               
00003c03  __aeabi_memset                
00003c03  __aeabi_memset4               
00003c03  __aeabi_memset8               
00003a5f  __aeabi_uldivmod              
ffffffff  __binit__                     
ffffffff  __c_args__                    
UNDEFED   __mpu_init                    
20000270  __stack                       
20000000  __start___llvm_prf_cnts       
20000000  __stop___llvm_prf_cnts        
0000418d  _c_int00_noargs               
000043ac  _ctypes_                      
20002350  _lock                         
000018db  _nop                          
2000236c  _running                      
20001270  _sys_memory                   
UNDEFED   _system_post_cinit            
000043a5  _system_pre_init              
20002310  _timeout_ticks                
20002354  _unlock                       
000043a9  abort                         
00003631  aligned_alloc                 
00003f91  atoi                          
00001aa7  backup                        
ffffffff  binit                         
00001949  bumpcheck                     
000040e9  calloc                        
00001c0d  control                       
0000429d  copysign                      
0000429d  copysignl                     
00002479  cyBOT_SERVO_cal               
00002407  cyBOT_Scan                    
000023af  cyBOT_init_Scan               
20002360  cyBOT_scan_features           
000023a1  cyBOT_scan_version            
00002ec5  cyBot_UART1_Handler           
00002eab  cyBot_getByte                 
00002dbd  cyBot_sendByte                
00002e8d  cyBot_uart_flush              
00002dfb  cyBot_uart_init               
00002de3  cyBot_uart_sendBuffer         
00002dc9  cyBot_uart_sendStr            
20002368  errno                         
20002314  fallingEdge                   
0000382d  free                          
00003e31  frexp                         
00003e31  frexpl                        
20000000  g_pfnRAMVectors               
00000000  g_pfnVectors                  
0000097f  go_charge                     
000034b7  ir_enableInterrupt            
00003499  ir_getDistance                
00003471  ir_getValue                   
00003409  ir_init                       
2000232c  isRisingEdge                  
200022c4  isr_char_buffer               
20002364  isr_counter                   
20002318  isr_int_value                 
0000435f  lcd_clear                     
00001f25  lcd_gotoLine                  
00001d8d  lcd_init                      
00001f8b  lcd_printf                    
00001e4d  lcd_putc                      
00001e85  lcd_puts                      
00001d51  lcd_reverseNibble             
00002069  lcd_rotatingBanner            
00001ea3  lcd_sendCommand               
00001ee1  lcd_sendNibble                
00001f4d  lcd_setCursorPos              
00003521  ldexp                         
00003521  ldexpl                        
2000231c  left_calibration_value        
00001cf1  main                          
0000439d  malloc                        
00003631  memalign                      
00004281  memccpy                       
000039c3  memcpy                        
00003c09  memset                        
20002330  motor_cal_factor_L            
20002334  motor_cal_factor_R            
000018dd  move_forward                  
0000026d  oi_alloc                      
00000aa9  oi_checkFirmware              
000002c7  oi_close                      
00000279  oi_free                       
00000ded  oi_getMotorCalibrationLeft    
00000e01  oi_getMotorCalibrationRight   
000002b1  oi_init                       
00000289  oi_init_noupdate              
00000915  oi_loadSong                   
000042cf  oi_parseInt                   
0000032b  oi_parsePacket                
0000096b  oi_play_song                  
0000084b  oi_setLeds                    
00000db1  oi_setMotorCalibration        
0000088f  oi_setWheels                  
00000b51  oi_shutoff_init               
0000098d  oi_uartInit                   
00000a31  oi_uartReceive                
00000a77  oi_uartSendBuff               
00000a15  oi_uartSendChar               
00000a59  oi_uartSendStr                
000002d9  oi_update                     
0000298b  ping_getDistance              
00002849  ping_init                     
000028cf  ping_trigger                  
20002320  pulseLength                   
20002324  right_calibration_value       
20002328  risingEdge                    
00003521  scalbn                        
00003521  scalbnl                       
00002f19  servo_init                    
00002fa9  servo_move                    
00003009  servo_setPWM                  
00002f9d  servo_stop                    
000042ff  strchr                        
000042e7  strcmp                        
00004315  strcpy                        
00004329  strlen                        
0000271f  timer_getMicros               
000026c7  timer_getMillis               
00002601  timer_init                    
000026a3  timer_pause                   
000026b5  timer_resume                  
00002679  timer_stop                    
00002779  timer_waitMicros              
000027ab  timer_waitMillis              
00001b85  turn_left                     
00001b17  turn_right                    
00004069  vsnprintf                     
0000433d  wcslen                        


GLOBAL SYMBOLS: SORTED BY Symbol Address 

address   name                          
-------   ----                          
00000000  __TI_static_base__            
00000000  g_pfnVectors                  
0000026d  oi_alloc                      
00000279  oi_free                       
00000289  oi_init_noupdate              
000002b1  oi_init                       
000002c7  oi_close                      
000002d9  oi_update                     
0000032b  oi_parsePacket                
0000084b  oi_setLeds                    
0000088f  oi_setWheels                  
00000915  oi_loadSong                   
0000096b  oi_play_song                  
0000097f  go_charge                     
0000098d  oi_uartInit                   
00000a15  oi_uartSendChar               
00000a31  oi_uartReceive                
00000a59  oi_uartSendStr                
00000a77  oi_uartSendBuff               
00000aa9  oi_checkFirmware              
00000b51  oi_shutoff_init               
00000bc3  GPIOF_Handler                 
00000db1  oi_setMotorCalibration        
00000ded  oi_getMotorCalibrationLeft    
00000e01  oi_getMotorCalibrationRight   
00000e8d  __TI_printfi                  
00001000  __STACK_SIZE                  
00001000  __SYSMEM_SIZE                 
000018db  _nop                          
000018dd  move_forward                  
00001949  bumpcheck                     
00001aa7  backup                        
00001b17  turn_right                    
00001b85  turn_left                     
00001c0d  control                       
00001cf1  main                          
00001d51  lcd_reverseNibble             
00001d8d  lcd_init                      
00001e4d  lcd_putc                      
00001e85  lcd_puts                      
00001ea3  lcd_sendCommand               
00001ee1  lcd_sendNibble                
00001f25  lcd_gotoLine                  
00001f4d  lcd_setCursorPos              
00001f8b  lcd_printf                    
00002069  lcd_rotatingBanner            
000023a1  cyBOT_scan_version            
000023af  cyBOT_init_Scan               
00002407  cyBOT_Scan                    
00002479  cyBOT_SERVO_cal               
00002601  timer_init                    
00002679  timer_stop                    
000026a3  timer_pause                   
000026b5  timer_resume                  
000026c7  timer_getMillis               
0000271f  timer_getMicros               
00002779  timer_waitMicros              
000027ab  timer_waitMillis              
00002849  ping_init                     
000028cf  ping_trigger                  
00002939  TIMER3B_Handler               
0000298b  ping_getDistance              
00002c05  __aeabi_dsub                  
00002c0f  __aeabi_dadd                  
00002dbb  __aeabi_idiv0                 
00002dbb  __aeabi_ldiv0                 
00002dbd  cyBot_sendByte                
00002dc9  cyBot_uart_sendStr            
00002de3  cyBot_uart_sendBuffer         
00002dfb  cyBot_uart_init               
00002e8d  cyBot_uart_flush              
00002eab  cyBot_getByte                 
00002ec5  cyBot_UART1_Handler           
00002f19  servo_init                    
00002f9d  servo_stop                    
00002fa9  servo_move                    
00003009  servo_setPWM                  
000031ad  __aeabi_ddiv                  
00003409  ir_init                       
00003471  ir_getValue                   
00003499  ir_getDistance                
000034a1  ADC0SS0_Handler               
000034b7  ir_enableInterrupt            
00003521  ldexp                         
00003521  ldexpl                        
00003521  scalbn                        
00003521  scalbnl                       
00003631  aligned_alloc                 
00003631  memalign                      
00003731  __aeabi_dmul                  
0000382d  free                          
000039c3  __aeabi_memcpy                
000039c3  __aeabi_memcpy4               
000039c3  __aeabi_memcpy8               
000039c3  memcpy                        
00003a5f  __aeabi_uldivmod              
00003af5  __aeabi_cdcmpeq               
00003af5  __aeabi_cdcmple               
00003b7b  __aeabi_cdrcmple              
00003c01  __aeabi_memclr                
00003c01  __aeabi_memclr4               
00003c01  __aeabi_memclr8               
00003c03  __aeabi_memset                
00003c03  __aeabi_memset4               
00003c03  __aeabi_memset8               
00003c09  memset                        
00003d5b  __aeabi_d2f                   
00003dc9  __TI_decompress_lzss          
00003e31  frexp                         
00003e31  frexpl                        
00003eeb  __TI_ltoa                     
00003f91  atoi                          
00003fdd  __aeabi_d2iz                  
00004025  __TI_auto_init_nobinit_nopinit
00004069  vsnprintf                     
000040e9  calloc                        
00004121  __aeabi_f2d                   
00004159  IntRegister                   
0000418d  _c_int00_noargs               
000041f1  __aeabi_i2d                   
00004249  __TI_zero_init_nomemset       
00004281  memccpy                       
0000429d  copysign                      
0000429d  copysignl                     
000042cf  oi_parseInt                   
000042e7  strcmp                        
000042ff  strchr                        
00004315  strcpy                        
00004329  strlen                        
0000433d  wcslen                        
0000434f  IntMasterEnable               
0000435f  lcd_clear                     
0000436f  __TI_decompress_none          
0000437d  CPUcpsie                      
00004389  ResetISR                      
00004395  __aeabi_errno_addr            
0000439d  malloc                        
000043a5  _system_pre_init              
000043a9  C$$EXIT                       
000043a9  abort                         
000043ac  _ctypes_                      
000044e4  __TI_Handler_Table_Base       
000044f0  __TI_Handler_Table_Limit      
00004500  __TI_CINIT_Base               
00004518  __TI_CINIT_Limit              
20000000  __start___llvm_prf_cnts       
20000000  __stop___llvm_prf_cnts        
20000000  g_pfnRAMVectors               
20000270  __stack                       
20000470  __STACK_TOP                   
20001270  __STACK_END                   
20001270  _sys_memory                   
200022c4  isr_char_buffer               
20002310  _timeout_ticks                
20002314  fallingEdge                   
20002318  isr_int_value                 
2000231c  left_calibration_value        
20002320  pulseLength                   
20002324  right_calibration_value       
20002328  risingEdge                    
2000232c  isRisingEdge                  
20002330  motor_cal_factor_L            
20002334  motor_cal_factor_R            
20002350  _lock                         
20002354  _unlock                       
20002360  cyBOT_scan_features           
20002364  isr_counter                   
20002368  errno                         
2000236c  _running                      
ffffffff  __TI_pprof_out_hndl           
ffffffff  __TI_prof_data_size           
ffffffff  __TI_prof_data_start          
ffffffff  __binit__                     
ffffffff  __c_args__                    
ffffffff  binit                         
UNDEFED   __mpu_init                    
UNDEFED   _system_post_cinit            

[177 symbols]
