******************************************************************************
                  TI ARM Linker PC v20.2.6                     
******************************************************************************
>> Linked Tue Feb 21 22:10:44 2023

OUTPUT FILE NAME:   <Lab4.out>
ENTRY POINT SYMBOL: "_c_int00_noargs"  address: 000041f1


MEMORY CONFIGURATION

         name            origin    length      used     unused   attr    fill
----------------------  --------  ---------  --------  --------  ----  --------
  FLASH                 00000000   00040000  00004578  0003ba88  R  X
  SRAM                  20000000   00008000  00002367  00005c99  RW X


SEGMENT ALLOCATION MAP

run origin  load origin   length   init length attrs members
----------  ----------- ---------- ----------- ----- -------
00000000    00000000    00004578   00004578    r-x
  00000000    00000000    0000026c   0000026c    r-- .intvecs
  0000026c    0000026c    000041a4   000041a4    r-x .text
  00004410    00004410    00000118   00000118    r-- .const
  00004528    00004528    00000050   00000050    r-- .cinit
20000000    20000000    0000236e   00000000    rw-
  20000000    20000000    0000026c   00000000    rw- .vtable
  20000270    20000270    00001000   00000000    rw- .stack
  20001270    20001270    00001000   00000000    rw- .sysmem
  20002270    20002270    000000bd   00000000    rw- .bss
  20002330    20002330    0000003e   00000000    rw- .data


SECTION ALLOCATION MAP

 output                                  attributes/
section   page    origin      length       input sections
--------  ----  ----------  ----------   ----------------
.intvecs   0    00000000    0000026c     
                  00000000    0000026c     tm4c123gh6pm_startup_ccs.obj (.intvecs)

.text      0    0000026c    000041a4     
                  0000026c    00000c20     open_interface.obj (.text)
                  00000e8c    00000a4e     rtsv7M4_T_le_v4SPD16_eabi.lib : _printfi.c.obj (.text:__TI_printfi)
                  000018da    00000002                                   : _lock.c.obj (.text:_nop)
                  000018dc    00000450     movement.obj (.text)
                  00001d2c    000003e0     lcd.obj (.text)
                  0000210c    00000270     rtsv7M4_T_le_v4SPD16_eabi.lib : _printfi.c.obj (.text:_pconv_a)
                  0000237c    00000260     libcybotScan.lib : cyBot_Scan.obj (.text)
                  000025dc    00000248     Timer.obj (.text)
                  00002824    000001ec     libcybotScan.lib : ping.obj (.text)
                  00002a10    000001d0     rtsv7M4_T_le_v4SPD16_eabi.lib : _printfi.c.obj (.text:_pconv_g)
                  00002be0    000001b6                                   : fd_add_t2.asm.obj (.text)
                  00002d96    00000002                                   : div0.asm.obj (.text)
                  00002d98    0000015c     libcybotUART.lib : uart.obj (.text)
                  00002ef4    00000158     libcybotScan.lib : servo.obj (.text)
                  0000304c    0000013c     rtsv7M4_T_le_v4SPD16_eabi.lib : _printfi.c.obj (.text:_pconv_e)
                  00003188    00000136                                   : fd_div_t2.asm.obj (.text)
                  000032be    00000002     --HOLE-- [fill = 0]
                  000032c0    00000124                                   : _printfi.c.obj (.text:fcvt)
                  000033e4    00000118     libcybotScan.lib : ir.obj (.text)
                  000034fc    00000110     rtsv7M4_T_le_v4SPD16_eabi.lib : s_scalbn.c.obj (.text:scalbn)
                  0000360c    00000100                                   : memory.c.obj (.text:aligned_alloc)
                  0000370c    000000fc                                   : fd_mul_t2.asm.obj (.text)
                  00003808    000000e4                                   : memory.c.obj (.text:free)
                  000038ec    000000b1                                   : _printfi.c.obj (.text:_ltostr)
                  0000399d    00000001     --HOLE-- [fill = 0]
                  0000399e    0000009c                                   : memcpy_t2.asm.obj (.text)
                  00003a3a    00000096                                   : ull_div_t2.asm.obj (.text)
                  00003ad0    00000088     button.obj (.text)
                  00003b58    00000086     rtsv7M4_T_le_v4SPD16_eabi.lib : fd_cmp_t2.asm.obj (.text:__aeabi_cdcmple)
                  00003bde    00000086                                   : fd_cmp_t2.asm.obj (.text:__aeabi_cdrcmple)
                  00003c64    0000007a                                   : memset_t2.asm.obj (.text)
                  00003cde    00000002     --HOLE-- [fill = 0]
                  00003ce0    00000070                                   : memory.c.obj (.text:split)
                  00003d50    0000006e                                   : _printfi.c.obj (.text:_mcpy)
                  00003dbe    0000006e                                   : fd_tos_t2.asm.obj (.text)
                  00003e2c    00000068                                   : copy_decompress_lzss.c.obj (.text:decompress:lzss:__TI_decompress_lzss)
                  00003e94    00000064                                   : s_frexp.c.obj (.text:frexp)
                  00003ef8    00000056                                   : _printfi.c.obj (.text:_pconv_f)
                  00003f4e    00000054                                   : _ltoa.c.obj (.text:__TI_ltoa)
                  00003fa2    00000052                                   : _printfi.c.obj (.text:_ecpy)
                  00003ff4    0000004c                                   : atoi.c.obj (.text:atoi)
                  00004040    00000048                                   : fd_toi_t2.asm.obj (.text)
                  00004088    00000044                                   : autoinit.c.obj (.text:__TI_auto_init_nobinit_nopinit:__TI_auto_init_nobinit_nopinit)
                  000040cc    00000040                                   : vsnprintf.c.obj (.text:vsnprintf)
                  0000410c    0000003e                                   : _printfi.c.obj (.text:_fcpy)
                  0000414a    00000002     --HOLE-- [fill = 0]
                  0000414c    00000038                                   : memory.c.obj (.text:calloc)
                  00004184    00000038                                   : fs_tod_t2.asm.obj (.text)
                  000041bc    00000034     driverlib.lib : interrupt.obj (.text:IntRegister)
                  000041f0    00000034     rtsv7M4_T_le_v4SPD16_eabi.lib : boot_cortex_m.c.obj (.text:_c_int00_noargs:_c_int00_noargs)
                  00004224    00000030                                   : vsnprintf.c.obj (.text:_outs)
                  00004254    0000002e                                   : i_tofd_t2.asm.obj (.text)
                  00004282    00000002     --HOLE-- [fill = 0]
                  00004284    00000028                                   : memory.c.obj (.text:free_list_insert)
                  000042ac    0000001c                                   : copy_zero_init.c.obj (.text:decompress:ZI:__TI_zero_init_nomemset:__TI_zero_init_nomemset)
                  000042c8    0000001c                                   : memory.c.obj (.text:free_list_remove)
                  000042e4    0000001c                                   : memccpy.c.obj (.text:memccpy)
                  00004300    0000001a                                   : s_copysign.c.obj (.text:copysign)
                  0000431a    00000018                                   : vsnprintf.c.obj (.text:_outc)
                  00004332    00000018     open_interface.obj (.text:oi_parseInt)
                  0000434a    00000018     rtsv7M4_T_le_v4SPD16_eabi.lib : strcmp.c.obj (.text:strcmp)
                  00004362    00000016                                   : strchr.c.obj (.text:strchr)
                  00004378    00000014                                   : strcpy.c.obj (.text:strcpy)
                  0000438c    00000014                                   : strlen.c.obj (.text:strlen)
                  000043a0    00000012                                   : wcslen.c.obj (.text:wcslen)
                  000043b2    00000010     driverlib.lib : interrupt.obj (.text:IntMasterEnable)
                  000043c2    00000010     lcd.obj (.text:lcd_clear)
                  000043d2    0000000e     rtsv7M4_T_le_v4SPD16_eabi.lib : copy_decompress_none.c.obj (.text:decompress:none:__TI_decompress_none)
                  000043e0    0000000c     driverlib.lib : cpu.obj (.text:CPUcpsie)
                  000043ec    0000000c     tm4c123gh6pm_startup_ccs.obj (.text)
                  000043f8    00000008     rtsv7M4_T_le_v4SPD16_eabi.lib : errno.c.obj (.text:__aeabi_errno_addr)
                  00004400    00000008                                   : memory.c.obj (.text:malloc)
                  00004408    00000004                                   : pre_init.c.obj (.text:_system_pre_init)
                  0000440c    00000004                                   : exit.c.obj (.text:abort:abort)

.const     0    00004410    00000118     
                  00004410    00000101     rtsv7M4_T_le_v4SPD16_eabi.lib : ctype.c.obj (.const:.string:_ctypes_)
                  00004511    0000000f     open_interface.obj (.const:.string:$P$T0$3)
                  00004520    00000004     lcd.obj (.const:.string:lineAddress$1)
                  00004524    00000004     lcd.obj (.const:.string:lineAddresses$2)

.cinit     0    00004528    00000050     
                  00004528    00000019     (.cinit..data.load) [load image, compression = lzss]
                  00004541    00000003     --HOLE-- [fill = 0]
                  00004544    0000000c     (__TI_handler_table)
                  00004550    00000008     (.cinit..bss.load) [load image, compression = zero_init]
                  00004558    00000008     (.cinit..vtable.load) [load image, compression = zero_init]
                  00004560    00000018     (__TI_cinit_table)

.init_array 
*          0    00000000    00000000     UNINITIALIZED

.vtable    0    20000000    0000026c     UNINITIALIZED
                  20000000    0000026c     driverlib.lib : interrupt.obj (.vtable)

.stack     0    20000270    00001000     UNINITIALIZED
                  20000270    00000004     rtsv7M4_T_le_v4SPD16_eabi.lib : boot_cortex_m.c.obj (.stack)
                  20000274    00000ffc     --HOLE--

.sysmem    0    20001270    00001000     UNINITIALIZED
                  20001270    00000010     rtsv7M4_T_le_v4SPD16_eabi.lib : memory.c.obj (.sysmem)
                  20001280    00000ff0     --HOLE--

.bss       0    20002270    000000bd     UNINITIALIZED
                  20002270    00000054     lcd.obj (.bss:lastbuffer$3)
                  200022c4    00000034     (.common:isr_char_buffer)
                  200022f8    00000018     open_interface.obj (.bss:firmware$2)
                  20002310    00000004     (.common:_timeout_ticks)
                  20002314    00000004     (.common:fallingEdge)
                  20002318    00000004     (.common:isr_int_value)
                  2000231c    00000004     (.common:left_calibration_value)
                  20002320    00000004     (.common:pulseLength)
                  20002324    00000004     (.common:right_calibration_value)
                  20002328    00000004     (.common:risingEdge)
                  2000232c    00000001     (.common:isRisingEdge)

.data      0    20002330    0000003e     UNINITIALIZED
                  20002330    00000020     open_interface.obj (.data)
                  20002350    00000008     rtsv7M4_T_le_v4SPD16_eabi.lib : _lock.c.obj (.data:$O1$$)
                  20002358    00000008                                   : memory.c.obj (.data:$O1$$)
                  20002360    00000004     libcybotScan.lib : cyBot_Scan.obj (.data)
                  20002364    00000004     libcybotUART.lib : uart.obj (.data)
                  20002368    00000004     rtsv7M4_T_le_v4SPD16_eabi.lib : errno.c.obj (.data)
                  2000236c    00000001     Timer.obj (.data)
                  2000236d    00000001     button.obj (.data)

__llvm_prf_cnts 
*          0    20000000    00000000     UNINITIALIZED

MODULE SUMMARY

       Module                         code    ro data   rw data
       ------                         ----    -------   -------
    .\
       open_interface.obj             3128    15        56     
       movement.obj                   1104    0         8      
       lcd.obj                        1008    8         84     
       tm4c123gh6pm_startup_ccs.obj   12      620       0      
       Timer.obj                      584     0         5      
       button.obj                     136     0         1      
    +--+------------------------------+-------+---------+---------+
       Total:                         5972    643       154    
                                                               
    ../libcybotScan.lib
       cyBot_Scan.obj                 608     0         4      
       ping.obj                       492     0         13     
       servo.obj                      344     0         0      
       ir.obj                         280     0         4      
    +--+------------------------------+-------+---------+---------+
       Total:                         1724    0         21     
                                                               
    ../libcybotUART.lib
       uart.obj                       348     0         56     
    +--+------------------------------+-------+---------+---------+
       Total:                         348     0         56     
                                                               
    C:/ti/TivaWare_C_Series-2.2.0.295/driverlib/ccs/Debug/driverlib.lib
       interrupt.obj                  68      0         620    
       cpu.obj                        12      0         0      
    +--+------------------------------+-------+---------+---------+
       Total:                         80      0         620    
                                                               
    C:\ti\ccs1200\ccs\tools\compiler\ti-cgt-arm_20.2.6.LTS\lib\rtsv7M4_T_le_v4SPD16_eabi.lib
       _printfi.c.obj                 4851    0         0      
       memory.c.obj                   728     0         8      
       fd_add_t2.asm.obj              438     0         0      
       fd_div_t2.asm.obj              310     0         0      
       s_scalbn.c.obj                 272     0         0      
       fd_cmp_t2.asm.obj              268     0         0      
       ctype.c.obj                    0       257       0      
       fd_mul_t2.asm.obj              252     0         0      
       memcpy_t2.asm.obj              156     0         0      
       ull_div_t2.asm.obj             150     0         0      
       vsnprintf.c.obj                136     0         0      
       memset_t2.asm.obj              122     0         0      
       fd_tos_t2.asm.obj              110     0         0      
       copy_decompress_lzss.c.obj     104     0         0      
       s_frexp.c.obj                  100     0         0      
       _ltoa.c.obj                    84      0         0      
       atoi.c.obj                     76      0         0      
       fd_toi_t2.asm.obj              72      0         0      
       autoinit.c.obj                 68      0         0      
       fs_tod_t2.asm.obj              56      0         0      
       boot_cortex_m.c.obj            52      0         0      
       i_tofd_t2.asm.obj              46      0         0      
       copy_zero_init.c.obj           28      0         0      
       memccpy.c.obj                  28      0         0      
       s_copysign.c.obj               26      0         0      
       strcmp.c.obj                   24      0         0      
       strchr.c.obj                   22      0         0      
       strcpy.c.obj                   20      0         0      
       strlen.c.obj                   20      0         0      
       wcslen.c.obj                   18      0         0      
       copy_decompress_none.c.obj     14      0         0      
       errno.c.obj                    8       0         4      
       _lock.c.obj                    2       0         8      
       exit.c.obj                     4       0         0      
       pre_init.c.obj                 4       0         0      
       div0.asm.obj                   2       0         0      
    +--+------------------------------+-------+---------+---------+
       Total:                         8671    257       20     
                                                               
       Heap:                          0       0         4096   
       Stack:                         0       0         4096   
       Linker Generated:              0       77        0      
    +--+------------------------------+-------+---------+---------+
       Grand Total:                   16795   977       9063   


LINKER GENERATED COPY TABLES

__TI_cinit_table @ 00004560 records: 3, size/record: 8, table size: 24
	.data: load addr=00004528, load size=00000019 bytes, run addr=20002330, run size=0000003e bytes, compression=lzss
	.bss: load addr=00004550, load size=00000008 bytes, run addr=20002270, run size=000000bd bytes, compression=zero_init
	.vtable: load addr=00004558, load size=00000008 bytes, run addr=20000000, run size=0000026c bytes, compression=zero_init


LINKER GENERATED HANDLER TABLE

__TI_handler_table @ 00004544 records: 3, size/record: 4, table size: 12
	index: 0, handler: __TI_zero_init
	index: 1, handler: __TI_decompress_lzss
	index: 2, handler: __TI_decompress_none


GLOBAL SYMBOLS: SORTED ALPHABETICALLY BY Name 

address   name                          
-------   ----                          
0000347d  ADC0SS0_Handler               
0000440d  C$$EXIT                       
000043e1  CPUcpsie                      
00000bc3  GPIOF_Handler                 
000043b3  IntMasterEnable               
000041bd  IntRegister                   
000043ed  ResetISR                      
00002915  TIMER3B_Handler               
20001270  __STACK_END                   
00001000  __STACK_SIZE                  
20000470  __STACK_TOP                   
00001000  __SYSMEM_SIZE                 
00004560  __TI_CINIT_Base               
00004578  __TI_CINIT_Limit              
00004544  __TI_Handler_Table_Base       
00004550  __TI_Handler_Table_Limit      
00004089  __TI_auto_init_nobinit_nopinit
00003e2d  __TI_decompress_lzss          
000043d3  __TI_decompress_none          
00003f4f  __TI_ltoa                     
ffffffff  __TI_pprof_out_hndl           
00000e8d  __TI_printfi                  
ffffffff  __TI_prof_data_size           
ffffffff  __TI_prof_data_start          
00000000  __TI_static_base__            
000042ad  __TI_zero_init_nomemset       
00003b59  __aeabi_cdcmpeq               
00003b59  __aeabi_cdcmple               
00003bdf  __aeabi_cdrcmple              
00003dbf  __aeabi_d2f                   
00004041  __aeabi_d2iz                  
00002beb  __aeabi_dadd                  
00003189  __aeabi_ddiv                  
0000370d  __aeabi_dmul                  
00002be1  __aeabi_dsub                  
000043f9  __aeabi_errno_addr            
00004185  __aeabi_f2d                   
00004255  __aeabi_i2d                   
00002d97  __aeabi_idiv0                 
00002d97  __aeabi_ldiv0                 
00003c65  __aeabi_memclr                
00003c65  __aeabi_memclr4               
00003c65  __aeabi_memclr8               
0000399f  __aeabi_memcpy                
0000399f  __aeabi_memcpy4               
0000399f  __aeabi_memcpy8               
00003c67  __aeabi_memset                
00003c67  __aeabi_memset4               
00003c67  __aeabi_memset8               
00003a3b  __aeabi_uldivmod              
ffffffff  __binit__                     
ffffffff  __c_args__                    
UNDEFED   __mpu_init                    
20000270  __stack                       
20000000  __start___llvm_prf_cnts       
20000000  __stop___llvm_prf_cnts        
000041f1  _c_int00_noargs               
00004410  _ctypes_                      
20002350  _lock                         
000018db  _nop                          
2000236c  _running                      
20001270  _sys_memory                   
UNDEFED   _system_post_cinit            
00004409  _system_pre_init              
20002310  _timeout_ticks                
20002354  _unlock                       
0000440d  abort                         
0000360d  aligned_alloc                 
00003ff5  atoi                          
00001aa7  backup                        
ffffffff  binit                         
00001949  bumpcheck                     
00003b05  button_getButton              
00003ad1  button_init                   
0000414d  calloc                        
00001c0d  control                       
00004301  copysign                      
00004301  copysignl                     
00002455  cyBOT_SERVO_cal               
000023e3  cyBOT_Scan                    
0000238b  cyBOT_init_Scan               
20002360  cyBOT_scan_features           
0000237d  cyBOT_scan_version            
00002ea1  cyBot_UART1_Handler           
00002e87  cyBot_getByte                 
00002d99  cyBot_sendByte                
00002e69  cyBot_uart_flush              
00002dd7  cyBot_uart_init               
00002dbf  cyBot_uart_sendBuffer         
00002da5  cyBot_uart_sendStr            
20002368  errno                         
20002314  fallingEdge                   
00003809  free                          
00003e95  frexp                         
00003e95  frexpl                        
20000000  g_pfnRAMVectors               
00000000  g_pfnVectors                  
0000097f  go_charge                     
00003493  ir_enableInterrupt            
00003475  ir_getDistance                
0000344d  ir_getValue                   
000033e5  ir_init                       
2000232c  isRisingEdge                  
200022c4  isr_char_buffer               
20002364  isr_counter                   
20002318  isr_int_value                 
000043c3  lcd_clear                     
00001f01  lcd_gotoLine                  
00001d69  lcd_init                      
00001f67  lcd_printf                    
00001e29  lcd_putc                      
00001e61  lcd_puts                      
00001d2d  lcd_reverseNibble             
00002045  lcd_rotatingBanner            
00001e7f  lcd_sendCommand               
00001ebd  lcd_sendNibble                
00001f29  lcd_setCursorPos              
000034fd  ldexp                         
000034fd  ldexpl                        
2000231c  left_calibration_value        
00001cf1  main                          
00004401  malloc                        
0000360d  memalign                      
000042e5  memccpy                       
0000399f  memcpy                        
00003c6d  memset                        
20002330  motor_cal_factor_L            
20002334  motor_cal_factor_R            
000018dd  move_forward                  
0000026d  oi_alloc                      
00000aa9  oi_checkFirmware              
000002c7  oi_close                      
00000279  oi_free                       
00000ded  oi_getMotorCalibrationLeft    
00000e01  oi_getMotorCalibrationRight   
000002b1  oi_init                       
00000289  oi_init_noupdate              
00000915  oi_loadSong                   
00004333  oi_parseInt                   
0000032b  oi_parsePacket                
0000096b  oi_play_song                  
0000084b  oi_setLeds                    
00000db1  oi_setMotorCalibration        
0000088f  oi_setWheels                  
00000b51  oi_shutoff_init               
0000098d  oi_uartInit                   
00000a31  oi_uartReceive                
00000a77  oi_uartSendBuff               
00000a15  oi_uartSendChar               
00000a59  oi_uartSendStr                
000002d9  oi_update                     
00002967  ping_getDistance              
00002825  ping_init                     
000028ab  ping_trigger                  
20002320  pulseLength                   
20002324  right_calibration_value       
20002328  risingEdge                    
000034fd  scalbn                        
000034fd  scalbnl                       
00002ef5  servo_init                    
00002f85  servo_move                    
00002fe5  servo_setPWM                  
00002f79  servo_stop                    
00004363  strchr                        
0000434b  strcmp                        
00004379  strcpy                        
0000438d  strlen                        
000026fb  timer_getMicros               
000026a3  timer_getMillis               
000025dd  timer_init                    
0000267f  timer_pause                   
00002691  timer_resume                  
00002655  timer_stop                    
00002755  timer_waitMicros              
00002787  timer_waitMillis              
00001b85  turn_left                     
00001b17  turn_right                    
000040cd  vsnprintf                     
000043a1  wcslen                        


GLOBAL SYMBOLS: SORTED BY Symbol Address 

address   name                          
-------   ----                          
00000000  __TI_static_base__            
00000000  g_pfnVectors                  
0000026d  oi_alloc                      
00000279  oi_free                       
00000289  oi_init_noupdate              
000002b1  oi_init                       
000002c7  oi_close                      
000002d9  oi_update                     
0000032b  oi_parsePacket                
0000084b  oi_setLeds                    
0000088f  oi_setWheels                  
00000915  oi_loadSong                   
0000096b  oi_play_song                  
0000097f  go_charge                     
0000098d  oi_uartInit                   
00000a15  oi_uartSendChar               
00000a31  oi_uartReceive                
00000a59  oi_uartSendStr                
00000a77  oi_uartSendBuff               
00000aa9  oi_checkFirmware              
00000b51  oi_shutoff_init               
00000bc3  GPIOF_Handler                 
00000db1  oi_setMotorCalibration        
00000ded  oi_getMotorCalibrationLeft    
00000e01  oi_getMotorCalibrationRight   
00000e8d  __TI_printfi                  
00001000  __STACK_SIZE                  
00001000  __SYSMEM_SIZE                 
000018db  _nop                          
000018dd  move_forward                  
00001949  bumpcheck                     
00001aa7  backup                        
00001b17  turn_right                    
00001b85  turn_left                     
00001c0d  control                       
00001cf1  main                          
00001d2d  lcd_reverseNibble             
00001d69  lcd_init                      
00001e29  lcd_putc                      
00001e61  lcd_puts                      
00001e7f  lcd_sendCommand               
00001ebd  lcd_sendNibble                
00001f01  lcd_gotoLine                  
00001f29  lcd_setCursorPos              
00001f67  lcd_printf                    
00002045  lcd_rotatingBanner            
0000237d  cyBOT_scan_version            
0000238b  cyBOT_init_Scan               
000023e3  cyBOT_Scan                    
00002455  cyBOT_SERVO_cal               
000025dd  timer_init                    
00002655  timer_stop                    
0000267f  timer_pause                   
00002691  timer_resume                  
000026a3  timer_getMillis               
000026fb  timer_getMicros               
00002755  timer_waitMicros              
00002787  timer_waitMillis              
00002825  ping_init                     
000028ab  ping_trigger                  
00002915  TIMER3B_Handler               
00002967  ping_getDistance              
00002be1  __aeabi_dsub                  
00002beb  __aeabi_dadd                  
00002d97  __aeabi_idiv0                 
00002d97  __aeabi_ldiv0                 
00002d99  cyBot_sendByte                
00002da5  cyBot_uart_sendStr            
00002dbf  cyBot_uart_sendBuffer         
00002dd7  cyBot_uart_init               
00002e69  cyBot_uart_flush              
00002e87  cyBot_getByte                 
00002ea1  cyBot_UART1_Handler           
00002ef5  servo_init                    
00002f79  servo_stop                    
00002f85  servo_move                    
00002fe5  servo_setPWM                  
00003189  __aeabi_ddiv                  
000033e5  ir_init                       
0000344d  ir_getValue                   
00003475  ir_getDistance                
0000347d  ADC0SS0_Handler               
00003493  ir_enableInterrupt            
000034fd  ldexp                         
000034fd  ldexpl                        
000034fd  scalbn                        
000034fd  scalbnl                       
0000360d  aligned_alloc                 
0000360d  memalign                      
0000370d  __aeabi_dmul                  
00003809  free                          
0000399f  __aeabi_memcpy                
0000399f  __aeabi_memcpy4               
0000399f  __aeabi_memcpy8               
0000399f  memcpy                        
00003a3b  __aeabi_uldivmod              
00003ad1  button_init                   
00003b05  button_getButton              
00003b59  __aeabi_cdcmpeq               
00003b59  __aeabi_cdcmple               
00003bdf  __aeabi_cdrcmple              
00003c65  __aeabi_memclr                
00003c65  __aeabi_memclr4               
00003c65  __aeabi_memclr8               
00003c67  __aeabi_memset                
00003c67  __aeabi_memset4               
00003c67  __aeabi_memset8               
00003c6d  memset                        
00003dbf  __aeabi_d2f                   
00003e2d  __TI_decompress_lzss          
00003e95  frexp                         
00003e95  frexpl                        
00003f4f  __TI_ltoa                     
00003ff5  atoi                          
00004041  __aeabi_d2iz                  
00004089  __TI_auto_init_nobinit_nopinit
000040cd  vsnprintf                     
0000414d  calloc                        
00004185  __aeabi_f2d                   
000041bd  IntRegister                   
000041f1  _c_int00_noargs               
00004255  __aeabi_i2d                   
000042ad  __TI_zero_init_nomemset       
000042e5  memccpy                       
00004301  copysign                      
00004301  copysignl                     
00004333  oi_parseInt                   
0000434b  strcmp                        
00004363  strchr                        
00004379  strcpy                        
0000438d  strlen                        
000043a1  wcslen                        
000043b3  IntMasterEnable               
000043c3  lcd_clear                     
000043d3  __TI_decompress_none          
000043e1  CPUcpsie                      
000043ed  ResetISR                      
000043f9  __aeabi_errno_addr            
00004401  malloc                        
00004409  _system_pre_init              
0000440d  C$$EXIT                       
0000440d  abort                         
00004410  _ctypes_                      
00004544  __TI_Handler_Table_Base       
00004550  __TI_Handler_Table_Limit      
00004560  __TI_CINIT_Base               
00004578  __TI_CINIT_Limit              
20000000  __start___llvm_prf_cnts       
20000000  __stop___llvm_prf_cnts        
20000000  g_pfnRAMVectors               
20000270  __stack                       
20000470  __STACK_TOP                   
20001270  __STACK_END                   
20001270  _sys_memory                   
200022c4  isr_char_buffer               
20002310  _timeout_ticks                
20002314  fallingEdge                   
20002318  isr_int_value                 
2000231c  left_calibration_value        
20002320  pulseLength                   
20002324  right_calibration_value       
20002328  risingEdge                    
2000232c  isRisingEdge                  
20002330  motor_cal_factor_L            
20002334  motor_cal_factor_R            
20002350  _lock                         
20002354  _unlock                       
20002360  cyBOT_scan_features           
20002364  isr_counter                   
20002368  errno                         
2000236c  _running                      
ffffffff  __TI_pprof_out_hndl           
ffffffff  __TI_prof_data_size           
ffffffff  __TI_prof_data_start          
ffffffff  __binit__                     
ffffffff  __c_args__                    
ffffffff  binit                         
UNDEFED   __mpu_init                    
UNDEFED   _system_post_cinit            

[179 symbols]
