******************************************************************************
                  TI ARM Linker PC v20.2.6                     
******************************************************************************
>> Linked Fri Mar 24 13:57:57 2023

OUTPUT FILE NAME:   <Lab8.out>
ENTRY POINT SYMBOL: "_c_int00_noargs"  address: 00003d11


MEMORY CONFIGURATION

         name            origin    length      used     unused   attr    fill
----------------------  --------  ---------  --------  --------  ----  --------
  FLASH                 00000000   00040000  00004098  0003bf68  R  X
  SRAM                  20000000   00008000  0000232e  00005cd2  RW X


SEGMENT ALLOCATION MAP

run origin  load origin   length   init length attrs members
----------  ----------- ---------- ----------- ----- -------
00000000    00000000    00004098   00004098    r-x
  00000000    00000000    0000026c   0000026c    r-- .intvecs
  0000026c    0000026c    00003cc4   00003cc4    r-x .text
  00003f30    00003f30    00000118   00000118    r-- .const
  00004048    00004048    00000050   00000050    r-- .cinit
20000000    20000000    00002335   00000000    rw-
  20000000    20000000    0000026c   00000000    rw- .vtable
  20000270    20000270    00001000   00000000    rw- .stack
  20001270    20001270    00001000   00000000    rw- .sysmem
  20002270    20002270    00000089   00000000    rw- .bss
  200022fc    200022fc    00000039   00000000    rw- .data


SECTION ALLOCATION MAP

 output                                  attributes/
section   page    origin      length       input sections
--------  ----  ----------  ----------   ----------------
.intvecs   0    00000000    0000026c     
                  00000000    0000026c     tm4c123gh6pm_startup_ccs.obj (.intvecs)

.text      0    0000026c    00003cc4     
                  0000026c    00000c18     open_interface.obj (.text)
                  00000e84    00000a4e     rtsv7M4_T_le_v4SPD16_eabi.lib : _printfi.c.obj (.text:__TI_printfi)
                  000018d2    00000002                                   : _lock.c.obj (.text:_nop)
                  000018d4    000003e0     lcd.obj (.text)
                  00001cb4    00000270     rtsv7M4_T_le_v4SPD16_eabi.lib : _printfi.c.obj (.text:_pconv_a)
                  00001f24    00000260     libcybotScan.lib : cyBot_Scan.obj (.text)
                  00002184    00000248     Timer.obj (.text)
                  000023cc    000001ec     libcybotScan.lib : ping.obj (.text)
                  000025b8    000001d0     rtsv7M4_T_le_v4SPD16_eabi.lib : _printfi.c.obj (.text:_pconv_g)
                  00002788    000001b6                                   : fd_add_t2.asm.obj (.text)
                  0000293e    00000002                                   : div0.asm.obj (.text)
                  00002940    00000158     libcybotScan.lib : servo.obj (.text)
                  00002a98    0000013c     rtsv7M4_T_le_v4SPD16_eabi.lib : _printfi.c.obj (.text:_pconv_e)
                  00002bd4    00000136                                   : fd_div_t2.asm.obj (.text)
                  00002d0a    00000002     --HOLE-- [fill = 0]
                  00002d0c    00000124                                   : _printfi.c.obj (.text:fcvt)
                  00002e30    00000118     libcybotScan.lib : ir.obj (.text)
                  00002f48    00000110     rtsv7M4_T_le_v4SPD16_eabi.lib : s_scalbn.c.obj (.text:scalbn)
                  00003058    00000100                                   : memory.c.obj (.text:aligned_alloc)
                  00003158    000000fc                                   : fd_mul_t2.asm.obj (.text)
                  00003254    000000ec     acd.obj (.text)
                  00003340    000000e4     rtsv7M4_T_le_v4SPD16_eabi.lib : memory.c.obj (.text:free)
                  00003424    000000b1                                   : _printfi.c.obj (.text:_ltostr)
                  000034d5    00000001     --HOLE-- [fill = 0]
                  000034d6    0000009c                                   : memcpy_t2.asm.obj (.text)
                  00003572    00000096                                   : ull_div_t2.asm.obj (.text)
                  00003608    00000086                                   : fd_cmp_t2.asm.obj (.text:__aeabi_cdcmple)
                  0000368e    00000086                                   : fd_cmp_t2.asm.obj (.text:__aeabi_cdrcmple)
                  00003714    0000007a                                   : memset_t2.asm.obj (.text)
                  0000378e    00000002     --HOLE-- [fill = 0]
                  00003790    00000070     lab7main.obj (.text)
                  00003800    00000070     rtsv7M4_T_le_v4SPD16_eabi.lib : memory.c.obj (.text:split)
                  00003870    0000006e                                   : _printfi.c.obj (.text:_mcpy)
                  000038de    0000006e                                   : fd_tos_t2.asm.obj (.text)
                  0000394c    00000068                                   : copy_decompress_lzss.c.obj (.text:decompress:lzss:__TI_decompress_lzss)
                  000039b4    00000064                                   : s_frexp.c.obj (.text:frexp)
                  00003a18    00000056                                   : _printfi.c.obj (.text:_pconv_f)
                  00003a6e    00000054                                   : _ltoa.c.obj (.text:__TI_ltoa)
                  00003ac2    00000052                                   : _printfi.c.obj (.text:_ecpy)
                  00003b14    0000004c                                   : atoi.c.obj (.text:atoi)
                  00003b60    00000048                                   : fd_toi_t2.asm.obj (.text)
                  00003ba8    00000044                                   : autoinit.c.obj (.text:__TI_auto_init_nobinit_nopinit:__TI_auto_init_nobinit_nopinit)
                  00003bec    00000040                                   : vsnprintf.c.obj (.text:vsnprintf)
                  00003c2c    0000003e                                   : _printfi.c.obj (.text:_fcpy)
                  00003c6a    00000002     --HOLE-- [fill = 0]
                  00003c6c    00000038                                   : memory.c.obj (.text:calloc)
                  00003ca4    00000038                                   : fs_tod_t2.asm.obj (.text)
                  00003cdc    00000034     driverlib.lib : interrupt.obj (.text:IntRegister)
                  00003d10    00000034     rtsv7M4_T_le_v4SPD16_eabi.lib : boot_cortex_m.c.obj (.text:_c_int00_noargs:_c_int00_noargs)
                  00003d44    00000030                                   : vsnprintf.c.obj (.text:_outs)
                  00003d74    0000002e                                   : i_tofd_t2.asm.obj (.text)
                  00003da2    00000002     --HOLE-- [fill = 0]
                  00003da4    00000028                                   : memory.c.obj (.text:free_list_insert)
                  00003dcc    0000001c                                   : copy_zero_init.c.obj (.text:decompress:ZI:__TI_zero_init_nomemset:__TI_zero_init_nomemset)
                  00003de8    0000001c                                   : memory.c.obj (.text:free_list_remove)
                  00003e04    0000001c                                   : memccpy.c.obj (.text:memccpy)
                  00003e20    0000001a                                   : s_copysign.c.obj (.text:copysign)
                  00003e3a    00000018                                   : vsnprintf.c.obj (.text:_outc)
                  00003e52    00000018     open_interface.obj (.text:oi_parseInt)
                  00003e6a    00000018     rtsv7M4_T_le_v4SPD16_eabi.lib : strcmp.c.obj (.text:strcmp)
                  00003e82    00000016                                   : strchr.c.obj (.text:strchr)
                  00003e98    00000014                                   : strcpy.c.obj (.text:strcpy)
                  00003eac    00000014                                   : strlen.c.obj (.text:strlen)
                  00003ec0    00000012                                   : wcslen.c.obj (.text:wcslen)
                  00003ed2    00000010     driverlib.lib : interrupt.obj (.text:IntMasterEnable)
                  00003ee2    00000010     lcd.obj (.text:lcd_clear)
                  00003ef2    0000000e     rtsv7M4_T_le_v4SPD16_eabi.lib : copy_decompress_none.c.obj (.text:decompress:none:__TI_decompress_none)
                  00003f00    0000000c     driverlib.lib : cpu.obj (.text:CPUcpsie)
                  00003f0c    0000000c     tm4c123gh6pm_startup_ccs.obj (.text)
                  00003f18    00000008     rtsv7M4_T_le_v4SPD16_eabi.lib : errno.c.obj (.text:__aeabi_errno_addr)
                  00003f20    00000008                                   : memory.c.obj (.text:malloc)
                  00003f28    00000004                                   : pre_init.c.obj (.text:_system_pre_init)
                  00003f2c    00000004                                   : exit.c.obj (.text:abort:abort)

.const     0    00003f30    00000118     
                  00003f30    00000101     rtsv7M4_T_le_v4SPD16_eabi.lib : ctype.c.obj (.const:.string:_ctypes_)
                  00004031    0000000f     open_interface.obj (.const:.string:$P$T0$3)
                  00004040    00000004     lcd.obj (.const:.string:lineAddress$1)
                  00004044    00000004     lcd.obj (.const:.string:lineAddresses$2)

.cinit     0    00004048    00000050     
                  00004048    00000018     (.cinit..data.load) [load image, compression = lzss]
                  00004060    0000000c     (__TI_handler_table)
                  0000406c    00000004     --HOLE-- [fill = 0]
                  00004070    00000008     (.cinit..bss.load) [load image, compression = zero_init]
                  00004078    00000008     (.cinit..vtable.load) [load image, compression = zero_init]
                  00004080    00000018     (__TI_cinit_table)

.init_array 
*          0    00000000    00000000     UNINITIALIZED

.vtable    0    20000000    0000026c     UNINITIALIZED
                  20000000    0000026c     driverlib.lib : interrupt.obj (.vtable)

.stack     0    20000270    00001000     UNINITIALIZED
                  20000270    00000004     rtsv7M4_T_le_v4SPD16_eabi.lib : boot_cortex_m.c.obj (.stack)
                  20000274    00000ffc     --HOLE--

.sysmem    0    20001270    00001000     UNINITIALIZED
                  20001270    00000010     rtsv7M4_T_le_v4SPD16_eabi.lib : memory.c.obj (.sysmem)
                  20001280    00000ff0     --HOLE--

.bss       0    20002270    00000089     UNINITIALIZED
                  20002270    00000054     lcd.obj (.bss:lastbuffer$3)
                  200022c4    00000018     open_interface.obj (.bss:firmware$2)
                  200022dc    00000004     (.common:_timeout_ticks)
                  200022e0    00000004     (.common:fallingEdge)
                  200022e4    00000004     (.common:isr_int_value)
                  200022e8    00000004     (.common:left_calibration_value)
                  200022ec    00000004     (.common:pulseLength)
                  200022f0    00000004     (.common:right_calibration_value)
                  200022f4    00000004     (.common:risingEdge)
                  200022f8    00000001     (.common:isRisingEdge)

.data      0    200022fc    00000039     UNINITIALIZED
                  200022fc    00000020     open_interface.obj (.data)
                  2000231c    00000008     rtsv7M4_T_le_v4SPD16_eabi.lib : _lock.c.obj (.data:$O1$$)
                  20002324    00000008                                   : memory.c.obj (.data:$O1$$)
                  2000232c    00000004     libcybotScan.lib : cyBot_Scan.obj (.data)
                  20002330    00000004     rtsv7M4_T_le_v4SPD16_eabi.lib : errno.c.obj (.data)
                  20002334    00000001     Timer.obj (.data)

__llvm_prf_cnts 
*          0    20000000    00000000     UNINITIALIZED

MODULE SUMMARY

       Module                         code    ro data   rw data
       ------                         ----    -------   -------
    .\
       open_interface.obj             3120    15        56     
       lcd.obj                        1008    8         84     
       tm4c123gh6pm_startup_ccs.obj   12      620       0      
       Timer.obj                      584     0         5      
       acd.obj                        236     0         0      
       lab7main.obj                   112     0         8      
    +--+------------------------------+-------+---------+---------+
       Total:                         5072    643       153    
                                                               
    ../libcybotScan.lib
       cyBot_Scan.obj                 608     0         4      
       ping.obj                       492     0         13     
       servo.obj                      344     0         0      
       ir.obj                         280     0         4      
    +--+------------------------------+-------+---------+---------+
       Total:                         1724    0         21     
                                                               
    C:/ti/TivaWare_C_Series-2.2.0.295/driverlib/ccs/Debug/driverlib.lib
       interrupt.obj                  68      0         620    
       cpu.obj                        12      0         0      
    +--+------------------------------+-------+---------+---------+
       Total:                         80      0         620    
                                                               
    C:\ti\ccs1200\ccs\tools\compiler\ti-cgt-arm_20.2.6.LTS\lib\rtsv7M4_T_le_v4SPD16_eabi.lib
       _printfi.c.obj                 4851    0         0      
       memory.c.obj                   728     0         8      
       fd_add_t2.asm.obj              438     0         0      
       fd_div_t2.asm.obj              310     0         0      
       s_scalbn.c.obj                 272     0         0      
       fd_cmp_t2.asm.obj              268     0         0      
       ctype.c.obj                    0       257       0      
       fd_mul_t2.asm.obj              252     0         0      
       memcpy_t2.asm.obj              156     0         0      
       ull_div_t2.asm.obj             150     0         0      
       vsnprintf.c.obj                136     0         0      
       memset_t2.asm.obj              122     0         0      
       fd_tos_t2.asm.obj              110     0         0      
       copy_decompress_lzss.c.obj     104     0         0      
       s_frexp.c.obj                  100     0         0      
       _ltoa.c.obj                    84      0         0      
       atoi.c.obj                     76      0         0      
       fd_toi_t2.asm.obj              72      0         0      
       autoinit.c.obj                 68      0         0      
       fs_tod_t2.asm.obj              56      0         0      
       boot_cortex_m.c.obj            52      0         0      
       i_tofd_t2.asm.obj              46      0         0      
       copy_zero_init.c.obj           28      0         0      
       memccpy.c.obj                  28      0         0      
       s_copysign.c.obj               26      0         0      
       strcmp.c.obj                   24      0         0      
       strchr.c.obj                   22      0         0      
       strcpy.c.obj                   20      0         0      
       strlen.c.obj                   20      0         0      
       wcslen.c.obj                   18      0         0      
       copy_decompress_none.c.obj     14      0         0      
       errno.c.obj                    8       0         4      
       _lock.c.obj                    2       0         8      
       exit.c.obj                     4       0         0      
       pre_init.c.obj                 4       0         0      
       div0.asm.obj                   2       0         0      
    +--+------------------------------+-------+---------+---------+
       Total:                         8671    257       20     
                                                               
       Heap:                          0       0         4096   
       Stack:                         0       0         4096   
       Linker Generated:              0       76        0      
    +--+------------------------------+-------+---------+---------+
       Grand Total:                   15547   976       9006   


LINKER GENERATED COPY TABLES

__TI_cinit_table @ 00004080 records: 3, size/record: 8, table size: 24
	.data: load addr=00004048, load size=00000018 bytes, run addr=200022fc, run size=00000039 bytes, compression=lzss
	.bss: load addr=00004070, load size=00000008 bytes, run addr=20002270, run size=00000089 bytes, compression=zero_init
	.vtable: load addr=00004078, load size=00000008 bytes, run addr=20000000, run size=0000026c bytes, compression=zero_init


LINKER GENERATED HANDLER TABLE

__TI_handler_table @ 00004060 records: 3, size/record: 4, table size: 12
	index: 0, handler: __TI_zero_init
	index: 1, handler: __TI_decompress_lzss
	index: 2, handler: __TI_decompress_none


GLOBAL SYMBOLS: SORTED ALPHABETICALLY BY Name 

address   name                          
-------   ----                          
00002ec9  ADC0SS0_Handler               
00003f2d  C$$EXIT                       
00003f01  CPUcpsie                      
00000bbb  GPIOF_Handler                 
000032d3  IRRead                        
00003ed3  IntMasterEnable               
00003cdd  IntRegister                   
00003f0d  ResetISR                      
000024bd  TIMER3B_Handler               
20001270  __STACK_END                   
00001000  __STACK_SIZE                  
20000470  __STACK_TOP                   
00001000  __SYSMEM_SIZE                 
00004080  __TI_CINIT_Base               
00004098  __TI_CINIT_Limit              
00004060  __TI_Handler_Table_Base       
0000406c  __TI_Handler_Table_Limit      
00003ba9  __TI_auto_init_nobinit_nopinit
0000394d  __TI_decompress_lzss          
00003ef3  __TI_decompress_none          
00003a6f  __TI_ltoa                     
ffffffff  __TI_pprof_out_hndl           
00000e85  __TI_printfi                  
ffffffff  __TI_prof_data_size           
ffffffff  __TI_prof_data_start          
00000000  __TI_static_base__            
00003dcd  __TI_zero_init_nomemset       
00003609  __aeabi_cdcmpeq               
00003609  __aeabi_cdcmple               
0000368f  __aeabi_cdrcmple              
000038df  __aeabi_d2f                   
00003b61  __aeabi_d2iz                  
00002793  __aeabi_dadd                  
00002bd5  __aeabi_ddiv                  
00003159  __aeabi_dmul                  
00002789  __aeabi_dsub                  
00003f19  __aeabi_errno_addr            
00003ca5  __aeabi_f2d                   
00003d75  __aeabi_i2d                   
0000293f  __aeabi_idiv0                 
0000293f  __aeabi_ldiv0                 
00003715  __aeabi_memclr                
00003715  __aeabi_memclr4               
00003715  __aeabi_memclr8               
000034d7  __aeabi_memcpy                
000034d7  __aeabi_memcpy4               
000034d7  __aeabi_memcpy8               
00003717  __aeabi_memset                
00003717  __aeabi_memset4               
00003717  __aeabi_memset8               
00003573  __aeabi_uldivmod              
ffffffff  __binit__                     
ffffffff  __c_args__                    
UNDEFED   __mpu_init                    
20000270  __stack                       
20000000  __start___llvm_prf_cnts       
20000000  __stop___llvm_prf_cnts        
00003d11  _c_int00_noargs               
00003f30  _ctypes_                      
2000231c  _lock                         
000018d3  _nop                          
20002334  _running                      
20001270  _sys_memory                   
UNDEFED   _system_post_cinit            
00003f29  _system_pre_init              
200022dc  _timeout_ticks                
20002320  _unlock                       
00003f2d  abort                         
00003255  acd_init                      
00003059  aligned_alloc                 
00003b15  atoi                          
ffffffff  binit                         
00003c6d  calloc                        
00003e21  copysign                      
00003e21  copysignl                     
00001ffd  cyBOT_SERVO_cal               
00001f8b  cyBOT_Scan                    
00001f33  cyBOT_init_Scan               
2000232c  cyBOT_scan_features           
00001f25  cyBOT_scan_version            
20002330  errno                         
200022e0  fallingEdge                   
00003341  free                          
000039b5  frexp                         
000039b5  frexpl                        
20000000  g_pfnRAMVectors               
00000000  g_pfnVectors                  
0000097f  go_charge                     
00002edf  ir_enableInterrupt            
00002ec1  ir_getDistance                
00002e99  ir_getValue                   
00002e31  ir_init                       
200022f8  isRisingEdge                  
200022e4  isr_int_value                 
00003ee3  lcd_clear                     
00001aa9  lcd_gotoLine                  
00001911  lcd_init                      
00001b0f  lcd_printf                    
000019d1  lcd_putc                      
00001a09  lcd_puts                      
000018d5  lcd_reverseNibble             
00001bed  lcd_rotatingBanner            
00001a27  lcd_sendCommand               
00001a65  lcd_sendNibble                
00001ad1  lcd_setCursorPos              
00002f49  ldexp                         
00002f49  ldexpl                        
200022e8  left_calibration_value        
00003791  main                          
00003f21  malloc                        
00003059  memalign                      
00003e05  memccpy                       
000034d7  memcpy                        
0000371d  memset                        
200022fc  motor_cal_factor_L            
20002300  motor_cal_factor_R            
0000026d  oi_alloc                      
00000aa1  oi_checkFirmware              
000002c7  oi_close                      
00000279  oi_free                       
00000de5  oi_getMotorCalibrationLeft    
00000df5  oi_getMotorCalibrationRight   
000002b1  oi_init                       
00000289  oi_init_noupdate              
00000915  oi_loadSong                   
00003e53  oi_parseInt                   
0000032b  oi_parsePacket                
0000096b  oi_play_song                  
0000084b  oi_setLeds                    
00000da9  oi_setMotorCalibration        
0000088f  oi_setWheels                  
00000b49  oi_shutoff_init               
0000098d  oi_uartInit                   
00000a31  oi_uartReceive                
00000a6f  oi_uartSendBuff               
00000a15  oi_uartSendChar               
00000a51  oi_uartSendStr                
000002d9  oi_update                     
0000250f  ping_getDistance              
000023cd  ping_init                     
00002453  ping_trigger                  
200022ec  pulseLength                   
200022f0  right_calibration_value       
200022f4  risingEdge                    
00002f49  scalbn                        
00002f49  scalbnl                       
00002941  servo_init                    
000029d1  servo_move                    
00002a31  servo_setPWM                  
000029c5  servo_stop                    
00003e83  strchr                        
00003e6b  strcmp                        
00003e99  strcpy                        
00003ead  strlen                        
000022a3  timer_getMicros               
0000224b  timer_getMillis               
00002185  timer_init                    
00002227  timer_pause                   
00002239  timer_resume                  
000021fd  timer_stop                    
000022fd  timer_waitMicros              
0000232f  timer_waitMillis              
00003bed  vsnprintf                     
00003ec1  wcslen                        


GLOBAL SYMBOLS: SORTED BY Symbol Address 

address   name                          
-------   ----                          
00000000  __TI_static_base__            
00000000  g_pfnVectors                  
0000026d  oi_alloc                      
00000279  oi_free                       
00000289  oi_init_noupdate              
000002b1  oi_init                       
000002c7  oi_close                      
000002d9  oi_update                     
0000032b  oi_parsePacket                
0000084b  oi_setLeds                    
0000088f  oi_setWheels                  
00000915  oi_loadSong                   
0000096b  oi_play_song                  
0000097f  go_charge                     
0000098d  oi_uartInit                   
00000a15  oi_uartSendChar               
00000a31  oi_uartReceive                
00000a51  oi_uartSendStr                
00000a6f  oi_uartSendBuff               
00000aa1  oi_checkFirmware              
00000b49  oi_shutoff_init               
00000bbb  GPIOF_Handler                 
00000da9  oi_setMotorCalibration        
00000de5  oi_getMotorCalibrationLeft    
00000df5  oi_getMotorCalibrationRight   
00000e85  __TI_printfi                  
00001000  __STACK_SIZE                  
00001000  __SYSMEM_SIZE                 
000018d3  _nop                          
000018d5  lcd_reverseNibble             
00001911  lcd_init                      
000019d1  lcd_putc                      
00001a09  lcd_puts                      
00001a27  lcd_sendCommand               
00001a65  lcd_sendNibble                
00001aa9  lcd_gotoLine                  
00001ad1  lcd_setCursorPos              
00001b0f  lcd_printf                    
00001bed  lcd_rotatingBanner            
00001f25  cyBOT_scan_version            
00001f33  cyBOT_init_Scan               
00001f8b  cyBOT_Scan                    
00001ffd  cyBOT_SERVO_cal               
00002185  timer_init                    
000021fd  timer_stop                    
00002227  timer_pause                   
00002239  timer_resume                  
0000224b  timer_getMillis               
000022a3  timer_getMicros               
000022fd  timer_waitMicros              
0000232f  timer_waitMillis              
000023cd  ping_init                     
00002453  ping_trigger                  
000024bd  TIMER3B_Handler               
0000250f  ping_getDistance              
00002789  __aeabi_dsub                  
00002793  __aeabi_dadd                  
0000293f  __aeabi_idiv0                 
0000293f  __aeabi_ldiv0                 
00002941  servo_init                    
000029c5  servo_stop                    
000029d1  servo_move                    
00002a31  servo_setPWM                  
00002bd5  __aeabi_ddiv                  
00002e31  ir_init                       
00002e99  ir_getValue                   
00002ec1  ir_getDistance                
00002ec9  ADC0SS0_Handler               
00002edf  ir_enableInterrupt            
00002f49  ldexp                         
00002f49  ldexpl                        
00002f49  scalbn                        
00002f49  scalbnl                       
00003059  aligned_alloc                 
00003059  memalign                      
00003159  __aeabi_dmul                  
00003255  acd_init                      
000032d3  IRRead                        
00003341  free                          
000034d7  __aeabi_memcpy                
000034d7  __aeabi_memcpy4               
000034d7  __aeabi_memcpy8               
000034d7  memcpy                        
00003573  __aeabi_uldivmod              
00003609  __aeabi_cdcmpeq               
00003609  __aeabi_cdcmple               
0000368f  __aeabi_cdrcmple              
00003715  __aeabi_memclr                
00003715  __aeabi_memclr4               
00003715  __aeabi_memclr8               
00003717  __aeabi_memset                
00003717  __aeabi_memset4               
00003717  __aeabi_memset8               
0000371d  memset                        
00003791  main                          
000038df  __aeabi_d2f                   
0000394d  __TI_decompress_lzss          
000039b5  frexp                         
000039b5  frexpl                        
00003a6f  __TI_ltoa                     
00003b15  atoi                          
00003b61  __aeabi_d2iz                  
00003ba9  __TI_auto_init_nobinit_nopinit
00003bed  vsnprintf                     
00003c6d  calloc                        
00003ca5  __aeabi_f2d                   
00003cdd  IntRegister                   
00003d11  _c_int00_noargs               
00003d75  __aeabi_i2d                   
00003dcd  __TI_zero_init_nomemset       
00003e05  memccpy                       
00003e21  copysign                      
00003e21  copysignl                     
00003e53  oi_parseInt                   
00003e6b  strcmp                        
00003e83  strchr                        
00003e99  strcpy                        
00003ead  strlen                        
00003ec1  wcslen                        
00003ed3  IntMasterEnable               
00003ee3  lcd_clear                     
00003ef3  __TI_decompress_none          
00003f01  CPUcpsie                      
00003f0d  ResetISR                      
00003f19  __aeabi_errno_addr            
00003f21  malloc                        
00003f29  _system_pre_init              
00003f2d  C$$EXIT                       
00003f2d  abort                         
00003f30  _ctypes_                      
00004060  __TI_Handler_Table_Base       
0000406c  __TI_Handler_Table_Limit      
00004080  __TI_CINIT_Base               
00004098  __TI_CINIT_Limit              
20000000  __start___llvm_prf_cnts       
20000000  __stop___llvm_prf_cnts        
20000000  g_pfnRAMVectors               
20000270  __stack                       
20000470  __STACK_TOP                   
20001270  __STACK_END                   
20001270  _sys_memory                   
200022dc  _timeout_ticks                
200022e0  fallingEdge                   
200022e4  isr_int_value                 
200022e8  left_calibration_value        
200022ec  pulseLength                   
200022f0  right_calibration_value       
200022f4  risingEdge                    
200022f8  isRisingEdge                  
200022fc  motor_cal_factor_L            
20002300  motor_cal_factor_R            
2000231c  _lock                         
20002320  _unlock                       
2000232c  cyBOT_scan_features           
20002330  errno                         
20002334  _running                      
ffffffff  __TI_pprof_out_hndl           
ffffffff  __TI_prof_data_size           
ffffffff  __TI_prof_data_start          
ffffffff  __binit__                     
ffffffff  __c_args__                    
ffffffff  binit                         
UNDEFED   __mpu_init                    
UNDEFED   _system_post_cinit            

[164 symbols]
