******************************************************************************
                  TI ARM Linker PC v20.2.6                     
******************************************************************************
>> Linked Thu Apr  6 13:31:51 2023

OUTPUT FILE NAME:   <Lab9.out>
ENTRY POINT SYMBOL: "_c_int00_noargs"  address: 000033b5


MEMORY CONFIGURATION

         name            origin    length      used     unused   attr    fill
----------------------  --------  ---------  --------  --------  ----  --------
  FLASH                 00000000   00040000  00003700  0003c900  R  X
  SRAM                  20000000   00008000  000022d4  00005d2c  RW X


SEGMENT ALLOCATION MAP

run origin  load origin   length   init length attrs members
----------  ----------- ---------- ----------- ----- -------
00000000    00000000    00003708   00003708    r-x
  00000000    00000000    0000026c   0000026c    r-- .intvecs
  0000026c    0000026c    00003318   00003318    r-x .text
  00003588    00003588    0000013c   0000013c    r-- .const
  000036c8    000036c8    00000040   00000040    r-- .cinit
20000000    20000000    000022d8   00000000    rw-
  20000000    20000000    0000026c   00000000    rw- .vtable
  20000270    20000270    00001000   00000000    rw- .stack
  20001270    20001270    00001000   00000000    rw- .sysmem
  20002270    20002270    00000058   00000000    rw- .bss
  200022c8    200022c8    00000010   00000000    rw- .data


SECTION ALLOCATION MAP

 output                                  attributes/
section   page    origin      length       input sections
--------  ----  ----------  ----------   ----------------
.intvecs   0    00000000    0000026c     
                  00000000    0000026c     tm4c123gh6pm_startup_ccs.obj (.intvecs)

.text      0    0000026c    00003318     
                  0000026c    00000a4e     rtsv7M4_T_le_v4SPD16_eabi.lib : _printfi.c.obj (.text:__TI_printfi)
                  00000cba    00000002                                   : div0.asm.obj (.text)
                  00000cbc    000009d0                                   : e_pow.c.obj (.text:pow)
                  0000168c    00000328     lcd.obj (.text)
                  000019b4    000002f0     ping_template.obj (.text)
                  00001ca4    00000270     rtsv7M4_T_le_v4SPD16_eabi.lib : _printfi.c.obj (.text:_pconv_a)
                  00001f14    00000248     Timer.obj (.text)
                  0000215c    000001d0     rtsv7M4_T_le_v4SPD16_eabi.lib : _printfi.c.obj (.text:_pconv_g)
                  0000232c    000001b6                                   : fd_add_t2.asm.obj (.text)
                  000024e2    00000002     --HOLE-- [fill = 0]
                  000024e4    00000158                                   : e_sqrt.c.obj (.text:sqrt)
                  0000263c    0000013c                                   : _printfi.c.obj (.text:_pconv_e)
                  00002778    00000136                                   : fd_div_t2.asm.obj (.text)
                  000028ae    00000002     --HOLE-- [fill = 0]
                  000028b0    00000124                                   : _printfi.c.obj (.text:fcvt)
                  000029d4    00000110                                   : s_scalbn.c.obj (.text:scalbn)
                  00002ae4    000000fc                                   : fd_mul_t2.asm.obj (.text)
                  00002be0    000000b1                                   : _printfi.c.obj (.text:_ltostr)
                  00002c91    00000001     --HOLE-- [fill = 0]
                  00002c92    0000009c                                   : memcpy_t2.asm.obj (.text)
                  00002d2e    00000096                                   : ull_div_t2.asm.obj (.text)
                  00002dc4    00000086                                   : fd_cmp_t2.asm.obj (.text:__aeabi_cdcmple)
                  00002e4a    00000086                                   : fd_cmp_t2.asm.obj (.text:__aeabi_cdrcmple)
                  00002ed0    0000007a                                   : memset_t2.asm.obj (.text)
                  00002f4a    0000006e                                   : _printfi.c.obj (.text:_mcpy)
                  00002fb8    0000006e                                   : fd_tos_t2.asm.obj (.text)
                  00003026    00000068                                   : copy_decompress_lzss.c.obj (.text:decompress:lzss:__TI_decompress_lzss)
                  0000308e    00000002     --HOLE-- [fill = 0]
                  00003090    00000064                                   : s_frexp.c.obj (.text:frexp)
                  000030f4    00000056                                   : _printfi.c.obj (.text:_pconv_f)
                  0000314a    00000054                                   : _ltoa.c.obj (.text:__TI_ltoa)
                  0000319e    00000052                                   : _printfi.c.obj (.text:_ecpy)
                  000031f0    0000004c                                   : atoi.c.obj (.text:atoi)
                  0000323c    00000048                                   : fd_toi_t2.asm.obj (.text)
                  00003284    00000044                                   : autoinit.c.obj (.text:__TI_auto_init_nobinit_nopinit:__TI_auto_init_nobinit_nopinit)
                  000032c8    00000040                                   : vsnprintf.c.obj (.text:vsnprintf)
                  00003308    0000003e                                   : _printfi.c.obj (.text:_fcpy)
                  00003346    00000038                                   : fs_tod_t2.asm.obj (.text)
                  0000337e    00000002     --HOLE-- [fill = 0]
                  00003380    00000034     driverlib.lib : interrupt.obj (.text:IntRegister)
                  000033b4    00000034     rtsv7M4_T_le_v4SPD16_eabi.lib : boot_cortex_m.c.obj (.text:_c_int00_noargs:_c_int00_noargs)
                  000033e8    00000030                                   : vsnprintf.c.obj (.text:_outs)
                  00003418    0000002e                                   : i_tofd_t2.asm.obj (.text)
                  00003446    0000001c                                   : copy_zero_init.c.obj (.text:decompress:ZI:__TI_zero_init_nomemset:__TI_zero_init_nomemset)
                  00003462    0000001c                                   : memccpy.c.obj (.text:memccpy)
                  0000347e    0000001a                                   : s_copysign.c.obj (.text:copysign)
                  00003498    00000018                                   : vsnprintf.c.obj (.text:_outc)
                  000034b0    00000018                                   : strcmp.c.obj (.text:strcmp)
                  000034c8    00000016                                   : strchr.c.obj (.text:strchr)
                  000034de    00000014     lab9_template.obj (.text)
                  000034f2    00000014     rtsv7M4_T_le_v4SPD16_eabi.lib : strcpy.c.obj (.text:strcpy)
                  00003506    00000014                                   : strlen.c.obj (.text:strlen)
                  0000351a    00000012                                   : wcslen.c.obj (.text:wcslen)
                  0000352c    00000010     driverlib.lib : interrupt.obj (.text:IntMasterEnable)
                  0000353c    00000010     lcd.obj (.text:lcd_clear)
                  0000354c    0000000e     rtsv7M4_T_le_v4SPD16_eabi.lib : copy_decompress_none.c.obj (.text:decompress:none:__TI_decompress_none)
                  0000355a    0000000c     driverlib.lib : cpu.obj (.text:CPUcpsie)
                  00003566    0000000c     tm4c123gh6pm_startup_ccs.obj (.text)
                  00003572    00000002     --HOLE-- [fill = 0]
                  00003574    00000008     rtsv7M4_T_le_v4SPD16_eabi.lib : errno.c.obj (.text:__aeabi_errno_addr)
                  0000357c    00000004                                   : pre_init.c.obj (.text:_system_pre_init)
                  00003580    00000004                                   : exit.c.obj (.text:abort:abort)

.const     0    00003588    0000013c     
                  00003588    00000101     rtsv7M4_T_le_v4SPD16_eabi.lib : ctype.c.obj (.const:.string:_ctypes_)
                  00003689    00000004     lcd.obj (.const:.string:lineAddress$1)
                  0000368d    00000003     --HOLE-- [fill = 0]
                  00003690    00000030     rtsv7M4_T_le_v4SPD16_eabi.lib : e_pow.c.obj (.const:$O1$$)
                  000036c0    00000004     lcd.obj (.const:.string:lineAddresses$2)

.cinit     0    000036c8    00000040     
                  000036c8    0000000c     (__TI_handler_table)
                  000036d4    00000004     --HOLE-- [fill = 0]
                  000036d8    00000008     (.cinit..bss.load) [load image, compression = zero_init]
                  000036e0    00000008     (.cinit..vtable.load) [load image, compression = zero_init]
                  000036e8    00000007     (.cinit..data.load) [load image, compression = lzss]
                  000036ef    00000001     --HOLE-- [fill = 0]
                  000036f0    00000018     (__TI_cinit_table)

.init_array 
*          0    00000000    00000000     UNINITIALIZED

.vtable    0    20000000    0000026c     UNINITIALIZED
                  20000000    0000026c     driverlib.lib : interrupt.obj (.vtable)

.stack     0    20000270    00001000     UNINITIALIZED
                  20000270    00000004     rtsv7M4_T_le_v4SPD16_eabi.lib : boot_cortex_m.c.obj (.stack)
                  20000274    00000ffc     --HOLE--

.sysmem    0    20001270    00001000     UNINITIALIZED
                  20001270    00000010     rtsv7M4_T_le_v4SPD16_eabi.lib : memory.c.obj (.sysmem)
                  20001280    00000ff0     --HOLE--

.bss       0    20002270    00000058     UNINITIALIZED
                  20002270    00000054     lcd.obj (.bss:lastbuffer$3)
                  200022c4    00000004     (.common:_timeout_ticks)

.data      0    200022c8    00000010     UNINITIALIZED
                  200022c8    00000009     ping_template.obj (.data)
                  200022d1    00000001     Timer.obj (.data)
                  200022d2    00000002     --HOLE--
                  200022d4    00000004     rtsv7M4_T_le_v4SPD16_eabi.lib : errno.c.obj (.data)

__llvm_prf_cnts 
*          0    20000000    00000000     UNINITIALIZED

MODULE SUMMARY

       Module                         code    ro data   rw data
       ------                         ----    -------   -------
    .\
       lcd.obj                        824     8         84     
       ping_template.obj              752     0         9      
       tm4c123gh6pm_startup_ccs.obj   12      620       0      
       Timer.obj                      584     0         5      
       lab9_template.obj              20      0         0      
    +--+------------------------------+-------+---------+---------+
       Total:                         2192    628       98     
                                                               
    C:/ti/TivaWare_C_Series-2.2.0.295/driverlib/ccs/Debug/driverlib.lib
       interrupt.obj                  68      0         620    
       cpu.obj                        12      0         0      
    +--+------------------------------+-------+---------+---------+
       Total:                         80      0         620    
                                                               
    C:\ti\ccs1200\ccs\tools\compiler\ti-cgt-arm_20.2.6.LTS\lib\rtsv7M4_T_le_v4SPD16_eabi.lib
       _printfi.c.obj                 4851    0         0      
       e_pow.c.obj                    2512    48        0      
       fd_add_t2.asm.obj              438     0         0      
       e_sqrt.c.obj                   344     0         0      
       fd_div_t2.asm.obj              310     0         0      
       s_scalbn.c.obj                 272     0         0      
       fd_cmp_t2.asm.obj              268     0         0      
       ctype.c.obj                    0       257       0      
       fd_mul_t2.asm.obj              252     0         0      
       memcpy_t2.asm.obj              156     0         0      
       ull_div_t2.asm.obj             150     0         0      
       vsnprintf.c.obj                136     0         0      
       memset_t2.asm.obj              122     0         0      
       fd_tos_t2.asm.obj              110     0         0      
       copy_decompress_lzss.c.obj     104     0         0      
       s_frexp.c.obj                  100     0         0      
       _ltoa.c.obj                    84      0         0      
       atoi.c.obj                     76      0         0      
       fd_toi_t2.asm.obj              72      0         0      
       autoinit.c.obj                 68      0         0      
       fs_tod_t2.asm.obj              56      0         0      
       boot_cortex_m.c.obj            52      0         0      
       i_tofd_t2.asm.obj              46      0         0      
       copy_zero_init.c.obj           28      0         0      
       memccpy.c.obj                  28      0         0      
       s_copysign.c.obj               26      0         0      
       strcmp.c.obj                   24      0         0      
       strchr.c.obj                   22      0         0      
       strcpy.c.obj                   20      0         0      
       strlen.c.obj                   20      0         0      
       wcslen.c.obj                   18      0         0      
       copy_decompress_none.c.obj     14      0         0      
       errno.c.obj                    8       0         4      
       exit.c.obj                     4       0         0      
       pre_init.c.obj                 4       0         0      
       div0.asm.obj                   2       0         0      
    +--+------------------------------+-------+---------+---------+
       Total:                         10797   305       4      
                                                               
       Heap:                          0       0         4096   
       Stack:                         0       0         4096   
       Linker Generated:              0       59        0      
    +--+------------------------------+-------+---------+---------+
       Grand Total:                   13069   992       8914   


LINKER GENERATED COPY TABLES

__TI_cinit_table @ 000036f0 records: 3, size/record: 8, table size: 24
	.bss: load addr=000036d8, load size=00000008 bytes, run addr=20002270, run size=00000058 bytes, compression=zero_init
	.vtable: load addr=000036e0, load size=00000008 bytes, run addr=20000000, run size=0000026c bytes, compression=zero_init
	.data: load addr=000036e8, load size=00000007 bytes, run addr=200022c8, run size=00000010 bytes, compression=lzss


LINKER GENERATED HANDLER TABLE

__TI_handler_table @ 000036c8 records: 3, size/record: 4, table size: 12
	index: 0, handler: __TI_zero_init
	index: 1, handler: __TI_decompress_lzss
	index: 2, handler: __TI_decompress_none


GLOBAL SYMBOLS: SORTED ALPHABETICALLY BY Name 

address   name                          
-------   ----                          
00003581  C$$EXIT                       
0000355b  CPUcpsie                      
200022cc  END_TIME                      
0000352d  IntMasterEnable               
00003381  IntRegister                   
00003567  ResetISR                      
200022c8  START_TIME                    
200022d0  STATE                         
00001af5  TIMER3B_Handler               
20001270  __STACK_END                   
00001000  __STACK_SIZE                  
20000470  __STACK_TOP                   
00001000  __SYSMEM_SIZE                 
000036f0  __TI_CINIT_Base               
00003708  __TI_CINIT_Limit              
000036c8  __TI_Handler_Table_Base       
000036d4  __TI_Handler_Table_Limit      
00003285  __TI_auto_init_nobinit_nopinit
00003027  __TI_decompress_lzss          
0000354d  __TI_decompress_none          
0000314b  __TI_ltoa                     
ffffffff  __TI_pprof_out_hndl           
0000026d  __TI_printfi                  
ffffffff  __TI_prof_data_size           
ffffffff  __TI_prof_data_start          
00000000  __TI_static_base__            
00003447  __TI_zero_init_nomemset       
00002dc5  __aeabi_cdcmpeq               
00002dc5  __aeabi_cdcmple               
00002e4b  __aeabi_cdrcmple              
00002fb9  __aeabi_d2f                   
0000323d  __aeabi_d2iz                  
00002337  __aeabi_dadd                  
00002779  __aeabi_ddiv                  
00002ae5  __aeabi_dmul                  
0000232d  __aeabi_dsub                  
00003575  __aeabi_errno_addr            
00003347  __aeabi_f2d                   
00003419  __aeabi_i2d                   
00000cbb  __aeabi_idiv0                 
00000cbb  __aeabi_ldiv0                 
00002ed1  __aeabi_memclr                
00002ed1  __aeabi_memclr4               
00002ed1  __aeabi_memclr8               
00002c93  __aeabi_memcpy                
00002c93  __aeabi_memcpy4               
00002c93  __aeabi_memcpy8               
00002ed3  __aeabi_memset                
00002ed3  __aeabi_memset4               
00002ed3  __aeabi_memset8               
00002d2f  __aeabi_uldivmod              
ffffffff  __binit__                     
ffffffff  __c_args__                    
UNDEFED   __mpu_init                    
20000270  __stack                       
20000000  __start___llvm_prf_cnts       
20000000  __stop___llvm_prf_cnts        
000033b5  _c_int00_noargs               
00003588  _ctypes_                      
200022d1  _running                      
20001270  _sys_memory                   
UNDEFED   _system_post_cinit            
0000357d  _system_pre_init              
200022c4  _timeout_ticks                
00003581  abort                         
000031f1  atoi                          
ffffffff  binit                         
0000347f  copysign                      
0000347f  copysignl                     
200022d4  errno                         
00003091  frexp                         
00003091  frexpl                        
20000000  g_pfnRAMVectors               
00000000  g_pfnVectors                  
0000353d  lcd_clear                     
00001861  lcd_gotoLine                  
000016c9  lcd_init                      
000018c7  lcd_printf                    
00001789  lcd_putc                      
000017c1  lcd_puts                      
0000168d  lcd_reverseNibble             
000017df  lcd_sendCommand               
0000181d  lcd_sendNibble                
00001889  lcd_setCursorPos              
000029d5  ldexp                         
000029d5  ldexpl                        
000034df  main                          
00003463  memccpy                       
00002c93  memcpy                        
00002ed9  memset                        
00001b3f  ping_getDistance              
000019b5  ping_init                     
00001a77  ping_trigger                  
00000cbd  pow                           
00000cbd  powl                          
000029d5  scalbn                        
000029d5  scalbnl                       
000024e5  sqrt                          
000024e5  sqrtl                         
000034c9  strchr                        
000034b1  strcmp                        
000034f3  strcpy                        
00003507  strlen                        
00002033  timer_getMicros               
00001fdb  timer_getMillis               
00001f15  timer_init                    
00001fb7  timer_pause                   
00001fc9  timer_resume                  
00001f8d  timer_stop                    
0000208d  timer_waitMicros              
000020bf  timer_waitMillis              
000032c9  vsnprintf                     
0000351b  wcslen                        


GLOBAL SYMBOLS: SORTED BY Symbol Address 

address   name                          
-------   ----                          
00000000  __TI_static_base__            
00000000  g_pfnVectors                  
0000026d  __TI_printfi                  
00000cbb  __aeabi_idiv0                 
00000cbb  __aeabi_ldiv0                 
00000cbd  pow                           
00000cbd  powl                          
00001000  __STACK_SIZE                  
00001000  __SYSMEM_SIZE                 
0000168d  lcd_reverseNibble             
000016c9  lcd_init                      
00001789  lcd_putc                      
000017c1  lcd_puts                      
000017df  lcd_sendCommand               
0000181d  lcd_sendNibble                
00001861  lcd_gotoLine                  
00001889  lcd_setCursorPos              
000018c7  lcd_printf                    
000019b5  ping_init                     
00001a77  ping_trigger                  
00001af5  TIMER3B_Handler               
00001b3f  ping_getDistance              
00001f15  timer_init                    
00001f8d  timer_stop                    
00001fb7  timer_pause                   
00001fc9  timer_resume                  
00001fdb  timer_getMillis               
00002033  timer_getMicros               
0000208d  timer_waitMicros              
000020bf  timer_waitMillis              
0000232d  __aeabi_dsub                  
00002337  __aeabi_dadd                  
000024e5  sqrt                          
000024e5  sqrtl                         
00002779  __aeabi_ddiv                  
000029d5  ldexp                         
000029d5  ldexpl                        
000029d5  scalbn                        
000029d5  scalbnl                       
00002ae5  __aeabi_dmul                  
00002c93  __aeabi_memcpy                
00002c93  __aeabi_memcpy4               
00002c93  __aeabi_memcpy8               
00002c93  memcpy                        
00002d2f  __aeabi_uldivmod              
00002dc5  __aeabi_cdcmpeq               
00002dc5  __aeabi_cdcmple               
00002e4b  __aeabi_cdrcmple              
00002ed1  __aeabi_memclr                
00002ed1  __aeabi_memclr4               
00002ed1  __aeabi_memclr8               
00002ed3  __aeabi_memset                
00002ed3  __aeabi_memset4               
00002ed3  __aeabi_memset8               
00002ed9  memset                        
00002fb9  __aeabi_d2f                   
00003027  __TI_decompress_lzss          
00003091  frexp                         
00003091  frexpl                        
0000314b  __TI_ltoa                     
000031f1  atoi                          
0000323d  __aeabi_d2iz                  
00003285  __TI_auto_init_nobinit_nopinit
000032c9  vsnprintf                     
00003347  __aeabi_f2d                   
00003381  IntRegister                   
000033b5  _c_int00_noargs               
00003419  __aeabi_i2d                   
00003447  __TI_zero_init_nomemset       
00003463  memccpy                       
0000347f  copysign                      
0000347f  copysignl                     
000034b1  strcmp                        
000034c9  strchr                        
000034df  main                          
000034f3  strcpy                        
00003507  strlen                        
0000351b  wcslen                        
0000352d  IntMasterEnable               
0000353d  lcd_clear                     
0000354d  __TI_decompress_none          
0000355b  CPUcpsie                      
00003567  ResetISR                      
00003575  __aeabi_errno_addr            
0000357d  _system_pre_init              
00003581  C$$EXIT                       
00003581  abort                         
00003588  _ctypes_                      
000036c8  __TI_Handler_Table_Base       
000036d4  __TI_Handler_Table_Limit      
000036f0  __TI_CINIT_Base               
00003708  __TI_CINIT_Limit              
20000000  __start___llvm_prf_cnts       
20000000  __stop___llvm_prf_cnts        
20000000  g_pfnRAMVectors               
20000270  __stack                       
20000470  __STACK_TOP                   
20001270  __STACK_END                   
20001270  _sys_memory                   
200022c4  _timeout_ticks                
200022c8  START_TIME                    
200022cc  END_TIME                      
200022d0  STATE                         
200022d1  _running                      
200022d4  errno                         
ffffffff  __TI_pprof_out_hndl           
ffffffff  __TI_prof_data_size           
ffffffff  __TI_prof_data_start          
ffffffff  __binit__                     
ffffffff  __c_args__                    
ffffffff  binit                         
UNDEFED   __mpu_init                    
UNDEFED   _system_post_cinit            

[113 symbols]
