******************************************************************************
                  TI ARM Linker PC v20.2.6                     
******************************************************************************
>> Linked Fri Mar  3 12:20:24 2023

OUTPUT FILE NAME:   <Lab5.out>
ENTRY POINT SYMBOL: "_c_int00_noargs"  address: 000031d1


MEMORY CONFIGURATION

         name            origin    length      used     unused   attr    fill
----------------------  --------  ---------  --------  --------  ----  --------
  FLASH                 00000000   00040000  000034de  0003cb22  R  X
  SRAM                  20000000   00008000  0000231f  00005ce1  RW X


SEGMENT ALLOCATION MAP

run origin  load origin   length   init length attrs members
----------  ----------- ---------- ----------- ----- -------
00000000    00000000    000034e0   000034e0    r-x
  00000000    00000000    0000026c   0000026c    r-- .intvecs
  0000026c    0000026c    00003120   00003120    r-x .text
  0000338c    0000338c    00000112   00000112    r-- .const
  000034a0    000034a0    00000040   00000040    r-- .cinit
20000000    20000000    00002326   00000000    rw-
  20000000    20000000    0000026c   00000000    rw- .vtable
  20000270    20000270    00001000   00000000    rw- .stack
  20001270    20001270    00001000   00000000    rw- .sysmem
  20002270    20002270    000000a5   00000000    rw- .bss
  20002318    20002318    0000000e   00000000    rw- .data


SECTION ALLOCATION MAP

 output                                  attributes/
section   page    origin      length       input sections
--------  ----  ----------  ----------   ----------------
.intvecs   0    00000000    0000026c     
                  00000000    0000026c     tm4c123gh6pm_startup_ccs.obj (.intvecs)

.text      0    0000026c    00003120     
                  0000026c    00000a4e     rtsv7M4_T_le_v4SPD16_eabi.lib : _printfi.c.obj (.text:__TI_printfi)
                  00000cba    00000002                                   : div0.asm.obj (.text)
                  00000cbc    00000328     lcd.obj (.text)
                  00000fe4    000002a8     libcybotUART.lib : uart.obj (.text)
                  0000128c    00000270     rtsv7M4_T_le_v4SPD16_eabi.lib : _printfi.c.obj (.text:_pconv_a)
                  000014fc    00000260     libcybotScan.lib : cyBot_Scan.obj (.text)
                  0000175c    00000248     Timer.obj (.text)
                  000019a4    000001ec     libcybotScan.lib : ping.obj (.text)
                  00001b90    000001d0     rtsv7M4_T_le_v4SPD16_eabi.lib : _printfi.c.obj (.text:_pconv_g)
                  00001d60    000001b6                                   : fd_add_t2.asm.obj (.text)
                  00001f16    00000002     --HOLE-- [fill = 0]
                  00001f18    000001b4     lab5_template.obj (.text)
                  000020cc    00000158     libcybotScan.lib : servo.obj (.text)
                  00002224    00000140     uart.obj (.text)
                  00002364    0000013c     rtsv7M4_T_le_v4SPD16_eabi.lib : _printfi.c.obj (.text:_pconv_e)
                  000024a0    00000136                                   : fd_div_t2.asm.obj (.text)
                  000025d6    00000002     --HOLE-- [fill = 0]
                  000025d8    00000124                                   : _printfi.c.obj (.text:fcvt)
                  000026fc    00000118     libcybotScan.lib : ir.obj (.text)
                  00002814    00000110     rtsv7M4_T_le_v4SPD16_eabi.lib : s_scalbn.c.obj (.text:scalbn)
                  00002924    000000fc                                   : fd_mul_t2.asm.obj (.text)
                  00002a20    000000b1                                   : _printfi.c.obj (.text:_ltostr)
                  00002ad1    00000001     --HOLE-- [fill = 0]
                  00002ad2    0000009c                                   : memcpy_t2.asm.obj (.text)
                  00002b6e    00000096                                   : ull_div_t2.asm.obj (.text)
                  00002c04    00000086                                   : fd_cmp_t2.asm.obj (.text:__aeabi_cdcmple)
                  00002c8a    00000086                                   : fd_cmp_t2.asm.obj (.text:__aeabi_cdrcmple)
                  00002d10    00000084     button.obj (.text)
                  00002d94    0000007a     rtsv7M4_T_le_v4SPD16_eabi.lib : memset_t2.asm.obj (.text)
                  00002e0e    0000006e                                   : _printfi.c.obj (.text:_mcpy)
                  00002e7c    00000068                                   : copy_decompress_lzss.c.obj (.text:decompress:lzss:__TI_decompress_lzss)
                  00002ee4    00000064                                   : s_frexp.c.obj (.text:frexp)
                  00002f48    00000056                                   : _printfi.c.obj (.text:_pconv_f)
                  00002f9e    00000054                                   : _ltoa.c.obj (.text:__TI_ltoa)
                  00002ff2    00000052                                   : _printfi.c.obj (.text:_ecpy)
                  00003044    0000004c                                   : atoi.c.obj (.text:atoi)
                  00003090    00000048                                   : fd_toi_t2.asm.obj (.text)
                  000030d8    00000044                                   : autoinit.c.obj (.text:__TI_auto_init_nobinit_nopinit:__TI_auto_init_nobinit_nopinit)
                  0000311c    00000040                                   : vsnprintf.c.obj (.text:vsnprintf)
                  0000315c    0000003e                                   : _printfi.c.obj (.text:_fcpy)
                  0000319a    00000002     --HOLE-- [fill = 0]
                  0000319c    00000034     driverlib.lib : interrupt.obj (.text:IntRegister)
                  000031d0    00000034     rtsv7M4_T_le_v4SPD16_eabi.lib : boot_cortex_m.c.obj (.text:_c_int00_noargs:_c_int00_noargs)
                  00003204    00000030                                   : vsnprintf.c.obj (.text:_outs)
                  00003234    0000002e                                   : i_tofd_t2.asm.obj (.text)
                  00003262    0000001c                                   : copy_zero_init.c.obj (.text:decompress:ZI:__TI_zero_init_nomemset:__TI_zero_init_nomemset)
                  0000327e    0000001c                                   : memccpy.c.obj (.text:memccpy)
                  0000329a    0000001a                                   : s_copysign.c.obj (.text:copysign)
                  000032b4    00000018                                   : vsnprintf.c.obj (.text:_outc)
                  000032cc    00000018                                   : strcmp.c.obj (.text:strcmp)
                  000032e4    00000016                                   : strchr.c.obj (.text:strchr)
                  000032fa    00000014                                   : strcpy.c.obj (.text:strcpy)
                  0000330e    00000014                                   : strlen.c.obj (.text:strlen)
                  00003322    00000012                                   : wcslen.c.obj (.text:wcslen)
                  00003334    00000010     driverlib.lib : interrupt.obj (.text:IntMasterEnable)
                  00003344    00000010     lcd.obj (.text:lcd_clear)
                  00003354    0000000e     rtsv7M4_T_le_v4SPD16_eabi.lib : copy_decompress_none.c.obj (.text:decompress:none:__TI_decompress_none)
                  00003362    0000000c     driverlib.lib : cpu.obj (.text:CPUcpsie)
                  0000336e    0000000c     tm4c123gh6pm_startup_ccs.obj (.text)
                  0000337a    00000002     --HOLE-- [fill = 0]
                  0000337c    00000008     rtsv7M4_T_le_v4SPD16_eabi.lib : errno.c.obj (.text:__aeabi_errno_addr)
                  00003384    00000004                                   : pre_init.c.obj (.text:_system_pre_init)
                  00003388    00000004                                   : exit.c.obj (.text:abort:abort)

.const     0    0000338c    00000112     
                  0000338c    00000101     rtsv7M4_T_le_v4SPD16_eabi.lib : ctype.c.obj (.const:.string:_ctypes_)
                  0000348d    00000009     lab5_template.obj (.const:.string:$P$T0$1)
                  00003496    00000004     lcd.obj (.const:.string:lineAddress$1)
                  0000349a    00000004     lcd.obj (.const:.string:lineAddresses$2)

.cinit     0    000034a0    00000040     
                  000034a0    0000000c     (__TI_handler_table)
                  000034ac    00000004     --HOLE-- [fill = 0]
                  000034b0    00000008     (.cinit..bss.load) [load image, compression = zero_init]
                  000034b8    00000008     (.cinit..vtable.load) [load image, compression = zero_init]
                  000034c0    00000007     (.cinit..data.load) [load image, compression = lzss]
                  000034c7    00000001     --HOLE-- [fill = 0]
                  000034c8    00000018     (__TI_cinit_table)

.init_array 
*          0    00000000    00000000     UNINITIALIZED

.vtable    0    20000000    0000026c     UNINITIALIZED
                  20000000    0000026c     driverlib.lib : interrupt.obj (.vtable)

.stack     0    20000270    00001000     UNINITIALIZED
                  20000270    00000004     rtsv7M4_T_le_v4SPD16_eabi.lib : boot_cortex_m.c.obj (.stack)
                  20000274    00000ffc     --HOLE--

.sysmem    0    20001270    00001000     UNINITIALIZED
                  20001270    00000010     rtsv7M4_T_le_v4SPD16_eabi.lib : memory.c.obj (.sysmem)
                  20001280    00000ff0     --HOLE--

.bss       0    20002270    000000a5     UNINITIALIZED
                  20002270    00000054     lcd.obj (.bss:lastbuffer$3)
                  200022c4    00000034     (.common:isr_char_buffer)
                  200022f8    00000004     (.common:_timeout_ticks)
                  200022fc    00000004     (.common:fallingEdge)
                  20002300    00000004     (.common:isr_int_value)
                  20002304    00000004     (.common:left_calibration_value)
                  20002308    00000004     (.common:pulseLength)
                  2000230c    00000004     (.common:right_calibration_value)
                  20002310    00000004     (.common:risingEdge)
                  20002314    00000001     (.common:isRisingEdge)

.data      0    20002318    0000000e     UNINITIALIZED
                  20002318    00000004     libcybotScan.lib : cyBot_Scan.obj (.data)
                  2000231c    00000004     libcybotUART.lib : uart.obj (.data)
                  20002320    00000004     rtsv7M4_T_le_v4SPD16_eabi.lib : errno.c.obj (.data)
                  20002324    00000001     Timer.obj (.data)
                  20002325    00000001     button.obj (.data)

__llvm_prf_cnts 
*          0    20000000    00000000     UNINITIALIZED

MODULE SUMMARY

       Module                         code    ro data   rw data
       ------                         ----    -------   -------
    .\
       lcd.obj                        824     8         84     
       tm4c123gh6pm_startup_ccs.obj   12      620       0      
       Timer.obj                      584     0         5      
       lab5_template.obj              436     9         8      
       uart.obj                       320     0         0      
       button.obj                     132     0         1      
    +--+------------------------------+-------+---------+---------+
       Total:                         2308    637       98     
                                                               
    ../libcybotScan.lib
       cyBot_Scan.obj                 608     0         4      
       ping.obj                       492     0         13     
       servo.obj                      344     0         0      
       ir.obj                         280     0         4      
    +--+------------------------------+-------+---------+---------+
       Total:                         1724    0         21     
                                                               
    ../libcybotUART.lib
       uart.obj                       680     0         56     
    +--+------------------------------+-------+---------+---------+
       Total:                         680     0         56     
                                                               
    C:/ti/TivaWare_C_Series-2.2.0.295/driverlib/ccs/Debug/driverlib.lib
       interrupt.obj                  68      0         620    
       cpu.obj                        12      0         0      
    +--+------------------------------+-------+---------+---------+
       Total:                         80      0         620    
                                                               
    C:\ti\ccs1200\ccs\tools\compiler\ti-cgt-arm_20.2.6.LTS\lib\rtsv7M4_T_le_v4SPD16_eabi.lib
       _printfi.c.obj                 4851    0         0      
       fd_add_t2.asm.obj              438     0         0      
       fd_div_t2.asm.obj              310     0         0      
       s_scalbn.c.obj                 272     0         0      
       fd_cmp_t2.asm.obj              268     0         0      
       ctype.c.obj                    0       257       0      
       fd_mul_t2.asm.obj              252     0         0      
       memcpy_t2.asm.obj              156     0         0      
       ull_div_t2.asm.obj             150     0         0      
       vsnprintf.c.obj                136     0         0      
       memset_t2.asm.obj              122     0         0      
       copy_decompress_lzss.c.obj     104     0         0      
       s_frexp.c.obj                  100     0         0      
       _ltoa.c.obj                    84      0         0      
       atoi.c.obj                     76      0         0      
       fd_toi_t2.asm.obj              72      0         0      
       autoinit.c.obj                 68      0         0      
       boot_cortex_m.c.obj            52      0         0      
       i_tofd_t2.asm.obj              46      0         0      
       copy_zero_init.c.obj           28      0         0      
       memccpy.c.obj                  28      0         0      
       s_copysign.c.obj               26      0         0      
       strcmp.c.obj                   24      0         0      
       strchr.c.obj                   22      0         0      
       strcpy.c.obj                   20      0         0      
       strlen.c.obj                   20      0         0      
       wcslen.c.obj                   18      0         0      
       copy_decompress_none.c.obj     14      0         0      
       errno.c.obj                    8       0         4      
       exit.c.obj                     4       0         0      
       pre_init.c.obj                 4       0         0      
       div0.asm.obj                   2       0         0      
    +--+------------------------------+-------+---------+---------+
       Total:                         7775    257       4      
                                                               
       Heap:                          0       0         4096   
       Stack:                         0       0         4096   
       Linker Generated:              0       59        0      
    +--+------------------------------+-------+---------+---------+
       Grand Total:                   12567   953       8991   


LINKER GENERATED COPY TABLES

__TI_cinit_table @ 000034c8 records: 3, size/record: 8, table size: 24
	.bss: load addr=000034b0, load size=00000008 bytes, run addr=20002270, run size=000000a5 bytes, compression=zero_init
	.vtable: load addr=000034b8, load size=00000008 bytes, run addr=20000000, run size=0000026c bytes, compression=zero_init
	.data: load addr=000034c0, load size=00000007 bytes, run addr=20002318, run size=0000000e bytes, compression=lzss


LINKER GENERATED HANDLER TABLE

__TI_handler_table @ 000034a0 records: 3, size/record: 4, table size: 12
	index: 0, handler: __TI_zero_init
	index: 1, handler: __TI_decompress_lzss
	index: 2, handler: __TI_decompress_none


GLOBAL SYMBOLS: SORTED ALPHABETICALLY BY Name 

address   name                          
-------   ----                          
00002795  ADC0SS0_Handler               
00003389  C$$EXIT                       
00003363  CPUcpsie                      
00003335  IntMasterEnable               
0000319d  IntRegister                   
0000336f  ResetISR                      
00001a95  TIMER3B_Handler               
20001270  __STACK_END                   
00001000  __STACK_SIZE                  
20000470  __STACK_TOP                   
00001000  __SYSMEM_SIZE                 
000034c8  __TI_CINIT_Base               
000034e0  __TI_CINIT_Limit              
000034a0  __TI_Handler_Table_Base       
000034ac  __TI_Handler_Table_Limit      
000030d9  __TI_auto_init_nobinit_nopinit
00002e7d  __TI_decompress_lzss          
00003355  __TI_decompress_none          
00002f9f  __TI_ltoa                     
ffffffff  __TI_pprof_out_hndl           
0000026d  __TI_printfi                  
ffffffff  __TI_prof_data_size           
ffffffff  __TI_prof_data_start          
00000000  __TI_static_base__            
00003263  __TI_zero_init_nomemset       
00002c05  __aeabi_cdcmpeq               
00002c05  __aeabi_cdcmple               
00002c8b  __aeabi_cdrcmple              
00003091  __aeabi_d2iz                  
00001d6b  __aeabi_dadd                  
000024a1  __aeabi_ddiv                  
00002925  __aeabi_dmul                  
00001d61  __aeabi_dsub                  
0000337d  __aeabi_errno_addr            
00003235  __aeabi_i2d                   
00000cbb  __aeabi_idiv0                 
00000cbb  __aeabi_ldiv0                 
00002d95  __aeabi_memclr                
00002d95  __aeabi_memclr4               
00002d95  __aeabi_memclr8               
00002ad3  __aeabi_memcpy                
00002ad3  __aeabi_memcpy4               
00002ad3  __aeabi_memcpy8               
00002d97  __aeabi_memset                
00002d97  __aeabi_memset4               
00002d97  __aeabi_memset8               
00002b6f  __aeabi_uldivmod              
ffffffff  __binit__                     
ffffffff  __c_args__                    
UNDEFED   __mpu_init                    
20000270  __stack                       
20000000  __start___llvm_prf_cnts       
20000000  __stop___llvm_prf_cnts        
000031d1  _c_int00_noargs               
0000338c  _ctypes_                      
20002324  _running                      
20001270  _sys_memory                   
UNDEFED   _system_post_cinit            
00003385  _system_pre_init              
200022f8  _timeout_ticks                
00003389  abort                         
00003045  atoi                          
ffffffff  binit                         
00002d45  button_getButton              
00002d11  button_init                   
0000329b  copysign                      
0000329b  copysignl                     
000015d5  cyBOT_SERVO_cal               
00001563  cyBOT_Scan                    
0000150b  cyBOT_init_Scan               
20002318  cyBOT_scan_features           
000014fd  cyBOT_scan_version            
00001231  cyBot_UART1_Handler           
00001223  cyBot_getByte_blocking        
00001203  cyBot_getByte_nonblocking     
00000fe5  cyBot_sendByte                
000011e9  cyBot_uart_flush              
00001153  cyBot_uart_init               
000010f3  cyBot_uart_init_PHJ_first_half
0000109b  cyBot_uart_init_clean         
00001023  cyBot_uart_init_last_half     
0000100b  cyBot_uart_sendBuffer         
00000ff1  cyBot_uart_sendStr            
20002320  errno                         
200022fc  fallingEdge                   
00002ee5  frexp                         
00002ee5  frexpl                        
20000000  g_pfnRAMVectors               
00000000  g_pfnVectors                  
000027ab  ir_enableInterrupt            
0000278d  ir_getDistance                
00002765  ir_getValue                   
000026fd  ir_init                       
20002314  isRisingEdge                  
200022c4  isr_char_buffer               
2000231c  isr_counter                   
20002300  isr_int_value                 
00003345  lcd_clear                     
00000e91  lcd_gotoLine                  
00000cf9  lcd_init                      
00000ef7  lcd_printf                    
00000db9  lcd_putc                      
00000df1  lcd_puts                      
00000cbd  lcd_reverseNibble             
00000e0f  lcd_sendCommand               
00000e4d  lcd_sendNibble                
00000eb9  lcd_setCursorPos              
00002815  ldexp                         
00002815  ldexpl                        
20002304  left_calibration_value        
00001f19  main                          
0000327f  memccpy                       
00002ad3  memcpy                        
00002d9d  memset                        
00001ae7  ping_getDistance              
000019a5  ping_init                     
00001a2b  ping_trigger                  
20002308  pulseLength                   
2000230c  right_calibration_value       
20002310  risingEdge                    
00002815  scalbn                        
00002815  scalbnl                       
000020cd  servo_init                    
0000215d  servo_move                    
000021bd  servo_setPWM                  
00002151  servo_stop                    
000032e5  strchr                        
000032cd  strcmp                        
000032fb  strcpy                        
0000330f  strlen                        
0000187b  timer_getMicros               
00001823  timer_getMillis               
0000175d  timer_init                    
000017ff  timer_pause                   
00001811  timer_resume                  
000017d5  timer_stop                    
000018d5  timer_waitMicros              
00001907  timer_waitMillis              
00002225  uart_init                     
000022c9  uart_receive                  
000022ad  uart_sendChar                 
000022ff  uart_sendStr                  
0000311d  vsnprintf                     
00003323  wcslen                        


GLOBAL SYMBOLS: SORTED BY Symbol Address 

address   name                          
-------   ----                          
00000000  __TI_static_base__            
00000000  g_pfnVectors                  
0000026d  __TI_printfi                  
00000cbb  __aeabi_idiv0                 
00000cbb  __aeabi_ldiv0                 
00000cbd  lcd_reverseNibble             
00000cf9  lcd_init                      
00000db9  lcd_putc                      
00000df1  lcd_puts                      
00000e0f  lcd_sendCommand               
00000e4d  lcd_sendNibble                
00000e91  lcd_gotoLine                  
00000eb9  lcd_setCursorPos              
00000ef7  lcd_printf                    
00000fe5  cyBot_sendByte                
00000ff1  cyBot_uart_sendStr            
00001000  __STACK_SIZE                  
00001000  __SYSMEM_SIZE                 
0000100b  cyBot_uart_sendBuffer         
00001023  cyBot_uart_init_last_half     
0000109b  cyBot_uart_init_clean         
000010f3  cyBot_uart_init_PHJ_first_half
00001153  cyBot_uart_init               
000011e9  cyBot_uart_flush              
00001203  cyBot_getByte_nonblocking     
00001223  cyBot_getByte_blocking        
00001231  cyBot_UART1_Handler           
000014fd  cyBOT_scan_version            
0000150b  cyBOT_init_Scan               
00001563  cyBOT_Scan                    
000015d5  cyBOT_SERVO_cal               
0000175d  timer_init                    
000017d5  timer_stop                    
000017ff  timer_pause                   
00001811  timer_resume                  
00001823  timer_getMillis               
0000187b  timer_getMicros               
000018d5  timer_waitMicros              
00001907  timer_waitMillis              
000019a5  ping_init                     
00001a2b  ping_trigger                  
00001a95  TIMER3B_Handler               
00001ae7  ping_getDistance              
00001d61  __aeabi_dsub                  
00001d6b  __aeabi_dadd                  
00001f19  main                          
000020cd  servo_init                    
00002151  servo_stop                    
0000215d  servo_move                    
000021bd  servo_setPWM                  
00002225  uart_init                     
000022ad  uart_sendChar                 
000022c9  uart_receive                  
000022ff  uart_sendStr                  
000024a1  __aeabi_ddiv                  
000026fd  ir_init                       
00002765  ir_getValue                   
0000278d  ir_getDistance                
00002795  ADC0SS0_Handler               
000027ab  ir_enableInterrupt            
00002815  ldexp                         
00002815  ldexpl                        
00002815  scalbn                        
00002815  scalbnl                       
00002925  __aeabi_dmul                  
00002ad3  __aeabi_memcpy                
00002ad3  __aeabi_memcpy4               
00002ad3  __aeabi_memcpy8               
00002ad3  memcpy                        
00002b6f  __aeabi_uldivmod              
00002c05  __aeabi_cdcmpeq               
00002c05  __aeabi_cdcmple               
00002c8b  __aeabi_cdrcmple              
00002d11  button_init                   
00002d45  button_getButton              
00002d95  __aeabi_memclr                
00002d95  __aeabi_memclr4               
00002d95  __aeabi_memclr8               
00002d97  __aeabi_memset                
00002d97  __aeabi_memset4               
00002d97  __aeabi_memset8               
00002d9d  memset                        
00002e7d  __TI_decompress_lzss          
00002ee5  frexp                         
00002ee5  frexpl                        
00002f9f  __TI_ltoa                     
00003045  atoi                          
00003091  __aeabi_d2iz                  
000030d9  __TI_auto_init_nobinit_nopinit
0000311d  vsnprintf                     
0000319d  IntRegister                   
000031d1  _c_int00_noargs               
00003235  __aeabi_i2d                   
00003263  __TI_zero_init_nomemset       
0000327f  memccpy                       
0000329b  copysign                      
0000329b  copysignl                     
000032cd  strcmp                        
000032e5  strchr                        
000032fb  strcpy                        
0000330f  strlen                        
00003323  wcslen                        
00003335  IntMasterEnable               
00003345  lcd_clear                     
00003355  __TI_decompress_none          
00003363  CPUcpsie                      
0000336f  ResetISR                      
0000337d  __aeabi_errno_addr            
00003385  _system_pre_init              
00003389  C$$EXIT                       
00003389  abort                         
0000338c  _ctypes_                      
000034a0  __TI_Handler_Table_Base       
000034ac  __TI_Handler_Table_Limit      
000034c8  __TI_CINIT_Base               
000034e0  __TI_CINIT_Limit              
20000000  __start___llvm_prf_cnts       
20000000  __stop___llvm_prf_cnts        
20000000  g_pfnRAMVectors               
20000270  __stack                       
20000470  __STACK_TOP                   
20001270  __STACK_END                   
20001270  _sys_memory                   
200022c4  isr_char_buffer               
200022f8  _timeout_ticks                
200022fc  fallingEdge                   
20002300  isr_int_value                 
20002304  left_calibration_value        
20002308  pulseLength                   
2000230c  right_calibration_value       
20002310  risingEdge                    
20002314  isRisingEdge                  
20002318  cyBOT_scan_features           
2000231c  isr_counter                   
20002320  errno                         
20002324  _running                      
ffffffff  __TI_pprof_out_hndl           
ffffffff  __TI_prof_data_size           
ffffffff  __TI_prof_data_start          
ffffffff  __binit__                     
ffffffff  __c_args__                    
ffffffff  binit                         
UNDEFED   __mpu_init                    
UNDEFED   _system_post_cinit            

[144 symbols]
