******************************************************************************
                  TI ARM Linker PC v20.2.6                     
******************************************************************************
>> Linked Thu Feb 16 17:45:56 2023

OUTPUT FILE NAME:   <Lab3.out>
ENTRY POINT SYMBOL: "_c_int00_noargs"  address: 000044d1


MEMORY CONFIGURATION

         name            origin    length      used     unused   attr    fill
----------------------  --------  ---------  --------  --------  ----  --------
  FLASH                 00000000   00040000  00004a63  0003b59d  R  X
  SRAM                  20000000   00008000  00002366  00005c9a  RW X


SEGMENT ALLOCATION MAP

run origin  load origin   length   init length attrs members
----------  ----------- ---------- ----------- ----- -------
00000000    00000000    00004a68   00004a68    r-x
  00000000    00000000    0000026c   0000026c    r-- .intvecs
  0000026c    0000026c    000044a8   000044a8    r-x .text
  00004714    00004714    000002ff   000002ff    r-- .const
  00004a18    00004a18    00000050   00000050    r-- .cinit
20000000    20000000    0000236d   00000000    rw-
  20000000    20000000    0000026c   00000000    rw- .vtable
  20000270    20000270    00001000   00000000    rw- .stack
  20001270    20001270    00001000   00000000    rw- .sysmem
  20002270    20002270    000000bd   00000000    rw- .bss
  20002330    20002330    0000003d   00000000    rw- .data


SECTION ALLOCATION MAP

 output                                  attributes/
section   page    origin      length       input sections
--------  ----  ----------  ----------   ----------------
.intvecs   0    00000000    0000026c     
                  00000000    0000026c     tm4c123gh6pm_startup_ccs.obj (.intvecs)

.text      0    0000026c    000044a8     
                  0000026c    00000c20     open_interface.obj (.text)
                  00000e8c    00000a4e     rtsv7M4_T_le_v4SPD16_eabi.lib : _printfi.c.obj (.text:__TI_printfi)
                  000018da    00000002                                   : _lock.c.obj (.text:_nop)
                  000018dc    0000066c     main.obj (.text)
                  00001f48    00000328     lcd.obj (.text)
                  00002270    00000270     rtsv7M4_T_le_v4SPD16_eabi.lib : _printfi.c.obj (.text:_pconv_a)
                  000024e0    00000260     libcybotScan.lib : cyBot_Scan.obj (.text)
                  00002740    00000248     Timer.obj (.text)
                  00002988    000001ec     libcybotScan.lib : ping.obj (.text)
                  00002b74    000001d0     rtsv7M4_T_le_v4SPD16_eabi.lib : _printfi.c.obj (.text:_pconv_g)
                  00002d44    000001c4     movement.obj (.text)
                  00002f08    000001b6     rtsv7M4_T_le_v4SPD16_eabi.lib : fd_add_t2.asm.obj (.text)
                  000030be    00000002                                   : div0.asm.obj (.text)
                  000030c0    0000015c     libcybotUART.lib : uart.obj (.text)
                  0000321c    00000158     libcybotScan.lib : servo.obj (.text)
                  00003374    0000013c     rtsv7M4_T_le_v4SPD16_eabi.lib : _printfi.c.obj (.text:_pconv_e)
                  000034b0    00000136                                   : fd_div_t2.asm.obj (.text)
                  000035e6    00000002     --HOLE-- [fill = 0]
                  000035e8    00000124                                   : _printfi.c.obj (.text:fcvt)
                  0000370c    00000118     libcybotScan.lib : ir.obj (.text)
                  00003824    00000110     rtsv7M4_T_le_v4SPD16_eabi.lib : s_scalbn.c.obj (.text:scalbn)
                  00003934    00000100                                   : memory.c.obj (.text:aligned_alloc)
                  00003a34    000000fc                                   : fd_mul_t2.asm.obj (.text)
                  00003b30    000000e4                                   : memory.c.obj (.text:free)
                  00003c14    000000b1                                   : _printfi.c.obj (.text:_ltostr)
                  00003cc5    00000001     --HOLE-- [fill = 0]
                  00003cc6    0000009c                                   : memcpy_t2.asm.obj (.text)
                  00003d62    00000096                                   : ull_div_t2.asm.obj (.text)
                  00003df8    00000086                                   : fd_cmp_t2.asm.obj (.text:__aeabi_cdcmple)
                  00003e7e    00000086                                   : fd_cmp_t2.asm.obj (.text:__aeabi_cdrcmple)
                  00003f04    0000007a                                   : memset_t2.asm.obj (.text)
                  00003f7e    00000002     --HOLE-- [fill = 0]
                  00003f80    00000070                                   : memory.c.obj (.text:split)
                  00003ff0    0000006e                                   : _printfi.c.obj (.text:_mcpy)
                  0000405e    0000006e                                   : fd_tos_t2.asm.obj (.text)
                  000040cc    00000068                                   : copy_decompress_lzss.c.obj (.text:decompress:lzss:__TI_decompress_lzss)
                  00004134    00000064                                   : s_frexp.c.obj (.text:frexp)
                  00004198    00000056                                   : _printfi.c.obj (.text:_pconv_f)
                  000041ee    00000054                                   : _ltoa.c.obj (.text:__TI_ltoa)
                  00004242    00000052                                   : _printfi.c.obj (.text:_ecpy)
                  00004294    0000004c                                   : atoi.c.obj (.text:atoi)
                  000042e0    00000048                                   : fd_toi_t2.asm.obj (.text)
                  00004328    00000044                                   : autoinit.c.obj (.text:__TI_auto_init_nobinit_nopinit:__TI_auto_init_nobinit_nopinit)
                  0000436c    00000040                                   : sprintf.c.obj (.text:sprintf)
                  000043ac    00000040                                   : vsnprintf.c.obj (.text:vsnprintf)
                  000043ec    0000003e                                   : _printfi.c.obj (.text:_fcpy)
                  0000442a    00000002     --HOLE-- [fill = 0]
                  0000442c    00000038                                   : memory.c.obj (.text:calloc)
                  00004464    00000038                                   : fs_tod_t2.asm.obj (.text)
                  0000449c    00000034     driverlib.lib : interrupt.obj (.text:IntRegister)
                  000044d0    00000034     rtsv7M4_T_le_v4SPD16_eabi.lib : boot_cortex_m.c.obj (.text:_c_int00_noargs:_c_int00_noargs)
                  00004504    00000030                                   : vsnprintf.c.obj (.text:_outs)
                  00004534    0000002e                                   : i_tofd_t2.asm.obj (.text)
                  00004562    00000002     --HOLE-- [fill = 0]
                  00004564    00000028                                   : memory.c.obj (.text:free_list_insert)
                  0000458c    0000001c                                   : copy_zero_init.c.obj (.text:decompress:ZI:__TI_zero_init_nomemset:__TI_zero_init_nomemset)
                  000045a8    0000001c                                   : memory.c.obj (.text:free_list_remove)
                  000045c4    0000001c                                   : memccpy.c.obj (.text:memccpy)
                  000045e0    0000001a                                   : s_copysign.c.obj (.text:copysign)
                  000045fa    00000018                                   : vsnprintf.c.obj (.text:_outc)
                  00004612    00000018                                   : sprintf.c.obj (.text:_outs)
                  0000462a    00000018     open_interface.obj (.text:oi_parseInt)
                  00004642    00000018     rtsv7M4_T_le_v4SPD16_eabi.lib : strcmp.c.obj (.text:strcmp)
                  0000465a    00000016                                   : strchr.c.obj (.text:strchr)
                  00004670    00000014                                   : strcpy.c.obj (.text:strcpy)
                  00004684    00000014                                   : strlen.c.obj (.text:strlen)
                  00004698    00000012                                   : wcslen.c.obj (.text:wcslen)
                  000046aa    00000010     driverlib.lib : interrupt.obj (.text:IntMasterEnable)
                  000046ba    00000010     lcd.obj (.text:lcd_clear)
                  000046ca    0000000e     rtsv7M4_T_le_v4SPD16_eabi.lib : copy_decompress_none.c.obj (.text:decompress:none:__TI_decompress_none)
                  000046d8    0000000c     driverlib.lib : cpu.obj (.text:CPUcpsie)
                  000046e4    0000000c     tm4c123gh6pm_startup_ccs.obj (.text)
                  000046f0    0000000a     rtsv7M4_T_le_v4SPD16_eabi.lib : sprintf.c.obj (.text:_outc)
                  000046fa    00000002     --HOLE-- [fill = 0]
                  000046fc    00000008                                   : errno.c.obj (.text:__aeabi_errno_addr)
                  00004704    00000008                                   : memory.c.obj (.text:malloc)
                  0000470c    00000004                                   : pre_init.c.obj (.text:_system_pre_init)
                  00004710    00000004                                   : exit.c.obj (.text:abort:abort)

.const     0    00004714    000002ff     
                  00004714    0000016c     main.obj (.const:$P$T0$1)
                  00004880    00000101     rtsv7M4_T_le_v4SPD16_eabi.lib : ctype.c.obj (.const:.string:_ctypes_)
                  00004981    00000003     --HOLE-- [fill = 0]
                  00004984    00000078     main.obj (.const:$P$T1$2)
                  000049fc    0000000f     open_interface.obj (.const:.string:$P$T0$3)
                  00004a0b    00000004     lcd.obj (.const:.string:lineAddress$1)
                  00004a0f    00000004     lcd.obj (.const:.string:lineAddresses$2)

.cinit     0    00004a18    00000050     
                  00004a18    00000019     (.cinit..data.load) [load image, compression = lzss]
                  00004a31    00000003     --HOLE-- [fill = 0]
                  00004a34    0000000c     (__TI_handler_table)
                  00004a40    00000008     (.cinit..bss.load) [load image, compression = zero_init]
                  00004a48    00000008     (.cinit..vtable.load) [load image, compression = zero_init]
                  00004a50    00000018     (__TI_cinit_table)

.init_array 
*          0    00000000    00000000     UNINITIALIZED

.vtable    0    20000000    0000026c     UNINITIALIZED
                  20000000    0000026c     driverlib.lib : interrupt.obj (.vtable)

.stack     0    20000270    00001000     UNINITIALIZED
                  20000270    00000004     rtsv7M4_T_le_v4SPD16_eabi.lib : boot_cortex_m.c.obj (.stack)
                  20000274    00000ffc     --HOLE--

.sysmem    0    20001270    00001000     UNINITIALIZED
                  20001270    00000010     rtsv7M4_T_le_v4SPD16_eabi.lib : memory.c.obj (.sysmem)
                  20001280    00000ff0     --HOLE--

.bss       0    20002270    000000bd     UNINITIALIZED
                  20002270    00000054     lcd.obj (.bss:lastbuffer$3)
                  200022c4    00000034     (.common:isr_char_buffer)
                  200022f8    00000018     open_interface.obj (.bss:firmware$2)
                  20002310    00000004     (.common:_timeout_ticks)
                  20002314    00000004     (.common:fallingEdge)
                  20002318    00000004     (.common:isr_int_value)
                  2000231c    00000004     (.common:left_calibration_value)
                  20002320    00000004     (.common:pulseLength)
                  20002324    00000004     (.common:right_calibration_value)
                  20002328    00000004     (.common:risingEdge)
                  2000232c    00000001     (.common:isRisingEdge)

.data      0    20002330    0000003d     UNINITIALIZED
                  20002330    00000020     open_interface.obj (.data)
                  20002350    00000008     rtsv7M4_T_le_v4SPD16_eabi.lib : _lock.c.obj (.data:$O1$$)
                  20002358    00000008                                   : memory.c.obj (.data:$O1$$)
                  20002360    00000004     libcybotScan.lib : cyBot_Scan.obj (.data)
                  20002364    00000004     libcybotUART.lib : uart.obj (.data)
                  20002368    00000004     rtsv7M4_T_le_v4SPD16_eabi.lib : errno.c.obj (.data)
                  2000236c    00000001     Timer.obj (.data)

__llvm_prf_cnts 
*          0    20000000    00000000     UNINITIALIZED

MODULE SUMMARY

       Module                         code    ro data   rw data
       ------                         ----    -------   -------
    .\
       open_interface.obj             3128    15        56     
       main.obj                       1644    484       8      
       lcd.obj                        824     8         84     
       tm4c123gh6pm_startup_ccs.obj   12      620       0      
       Timer.obj                      584     0         5      
       movement.obj                   452     0         0      
    +--+------------------------------+-------+---------+---------+
       Total:                         6644    1127      153    
                                                               
    ../libcybotScan.lib
       cyBot_Scan.obj                 608     0         4      
       ping.obj                       492     0         13     
       servo.obj                      344     0         0      
       ir.obj                         280     0         4      
    +--+------------------------------+-------+---------+---------+
       Total:                         1724    0         21     
                                                               
    ../libcybotUART.lib
       uart.obj                       348     0         56     
    +--+------------------------------+-------+---------+---------+
       Total:                         348     0         56     
                                                               
    C:/ti/TivaWare_C_Series-2.2.0.295/driverlib/ccs/Debug/driverlib.lib
       interrupt.obj                  68      0         620    
       cpu.obj                        12      0         0      
    +--+------------------------------+-------+---------+---------+
       Total:                         80      0         620    
                                                               
    C:\ti\ccs1200\ccs\tools\compiler\ti-cgt-arm_20.2.6.LTS\lib\rtsv7M4_T_le_v4SPD16_eabi.lib
       _printfi.c.obj                 4851    0         0      
       memory.c.obj                   728     0         8      
       fd_add_t2.asm.obj              438     0         0      
       fd_div_t2.asm.obj              310     0         0      
       s_scalbn.c.obj                 272     0         0      
       fd_cmp_t2.asm.obj              268     0         0      
       ctype.c.obj                    0       257       0      
       fd_mul_t2.asm.obj              252     0         0      
       memcpy_t2.asm.obj              156     0         0      
       ull_div_t2.asm.obj             150     0         0      
       vsnprintf.c.obj                136     0         0      
       memset_t2.asm.obj              122     0         0      
       fd_tos_t2.asm.obj              110     0         0      
       copy_decompress_lzss.c.obj     104     0         0      
       s_frexp.c.obj                  100     0         0      
       sprintf.c.obj                  98      0         0      
       _ltoa.c.obj                    84      0         0      
       atoi.c.obj                     76      0         0      
       fd_toi_t2.asm.obj              72      0         0      
       autoinit.c.obj                 68      0         0      
       fs_tod_t2.asm.obj              56      0         0      
       boot_cortex_m.c.obj            52      0         0      
       i_tofd_t2.asm.obj              46      0         0      
       copy_zero_init.c.obj           28      0         0      
       memccpy.c.obj                  28      0         0      
       s_copysign.c.obj               26      0         0      
       strcmp.c.obj                   24      0         0      
       strchr.c.obj                   22      0         0      
       strcpy.c.obj                   20      0         0      
       strlen.c.obj                   20      0         0      
       wcslen.c.obj                   18      0         0      
       copy_decompress_none.c.obj     14      0         0      
       errno.c.obj                    8       0         4      
       _lock.c.obj                    2       0         8      
       exit.c.obj                     4       0         0      
       pre_init.c.obj                 4       0         0      
       div0.asm.obj                   2       0         0      
    +--+------------------------------+-------+---------+---------+
       Total:                         8769    257       20     
                                                               
       Heap:                          0       0         4096   
       Stack:                         0       0         4096   
       Linker Generated:              0       77        0      
    +--+------------------------------+-------+---------+---------+
       Grand Total:                   17565   1461      9062   


LINKER GENERATED COPY TABLES

__TI_cinit_table @ 00004a50 records: 3, size/record: 8, table size: 24
	.data: load addr=00004a18, load size=00000019 bytes, run addr=20002330, run size=0000003d bytes, compression=lzss
	.bss: load addr=00004a40, load size=00000008 bytes, run addr=20002270, run size=000000bd bytes, compression=zero_init
	.vtable: load addr=00004a48, load size=00000008 bytes, run addr=20000000, run size=0000026c bytes, compression=zero_init


LINKER GENERATED HANDLER TABLE

__TI_handler_table @ 00004a34 records: 3, size/record: 4, table size: 12
	index: 0, handler: __TI_zero_init
	index: 1, handler: __TI_decompress_lzss
	index: 2, handler: __TI_decompress_none


GLOBAL SYMBOLS: SORTED ALPHABETICALLY BY Name 

address   name                          
-------   ----                          
000037a5  ADC0SS0_Handler               
00004711  C$$EXIT                       
000046d9  CPUcpsie                      
00000bc3  GPIOF_Handler                 
000046ab  IntMasterEnable               
0000449d  IntRegister                   
000046e5  ResetISR                      
00002a79  TIMER3B_Handler               
20001270  __STACK_END                   
00001000  __STACK_SIZE                  
20000470  __STACK_TOP                   
00001000  __SYSMEM_SIZE                 
00004a50  __TI_CINIT_Base               
00004a68  __TI_CINIT_Limit              
00004a34  __TI_Handler_Table_Base       
00004a40  __TI_Handler_Table_Limit      
00004329  __TI_auto_init_nobinit_nopinit
000040cd  __TI_decompress_lzss          
000046cb  __TI_decompress_none          
000041ef  __TI_ltoa                     
ffffffff  __TI_pprof_out_hndl           
00000e8d  __TI_printfi                  
ffffffff  __TI_prof_data_size           
ffffffff  __TI_prof_data_start          
00000000  __TI_static_base__            
0000458d  __TI_zero_init_nomemset       
00003df9  __aeabi_cdcmpeq               
00003df9  __aeabi_cdcmple               
00003e7f  __aeabi_cdrcmple              
0000405f  __aeabi_d2f                   
000042e1  __aeabi_d2iz                  
00002f13  __aeabi_dadd                  
000034b1  __aeabi_ddiv                  
00003a35  __aeabi_dmul                  
00002f09  __aeabi_dsub                  
000046fd  __aeabi_errno_addr            
00004465  __aeabi_f2d                   
00004535  __aeabi_i2d                   
000030bf  __aeabi_idiv0                 
000030bf  __aeabi_ldiv0                 
00003f05  __aeabi_memclr                
00003f05  __aeabi_memclr4               
00003f05  __aeabi_memclr8               
00003cc7  __aeabi_memcpy                
00003cc7  __aeabi_memcpy4               
00003cc7  __aeabi_memcpy8               
00003f07  __aeabi_memset                
00003f07  __aeabi_memset4               
00003f07  __aeabi_memset8               
00003d63  __aeabi_uldivmod              
ffffffff  __binit__                     
ffffffff  __c_args__                    
UNDEFED   __mpu_init                    
20000270  __stack                       
20000000  __start___llvm_prf_cnts       
20000000  __stop___llvm_prf_cnts        
000044d1  _c_int00_noargs               
00004880  _ctypes_                      
20002350  _lock                         
000018db  _nop                          
2000236c  _running                      
20001270  _sys_memory                   
UNDEFED   _system_post_cinit            
0000470d  _system_pre_init              
20002310  _timeout_ticks                
20002354  _unlock                       
00004711  abort                         
00003935  aligned_alloc                 
00004295  atoi                          
ffffffff  binit                         
000019ad  buttonMove                    
00001903  calcAverage                   
0000194b  calcMedian                    
0000442d  calloc                        
000045e1  copysign                      
000045e1  copysignl                     
000025b9  cyBOT_SERVO_cal               
00002547  cyBOT_Scan                    
000024ef  cyBOT_init_Scan               
20002360  cyBOT_scan_features           
000024e1  cyBOT_scan_version            
000031c9  cyBot_UART1_Handler           
000031af  cyBot_getByte                 
000030c1  cyBot_sendByte                
00003191  cyBot_uart_flush              
000030ff  cyBot_uart_init               
000030e7  cyBot_uart_sendBuffer         
000030cd  cyBot_uart_sendStr            
20002368  errno                         
20002314  fallingEdge                   
00003b31  free                          
00004135  frexp                         
00004135  frexpl                        
20000000  g_pfnRAMVectors               
00000000  g_pfnVectors                  
0000097f  go_charge                     
000037bb  ir_enableInterrupt            
0000379d  ir_getDistance                
00003775  ir_getValue                   
0000370d  ir_init                       
2000232c  isRisingEdge                  
200022c4  isr_char_buffer               
20002364  isr_counter                   
20002318  isr_int_value                 
000046bb  lcd_clear                     
0000211d  lcd_gotoLine                  
00001f85  lcd_init                      
00002183  lcd_printf                    
00002045  lcd_putc                      
0000207d  lcd_puts                      
00001f49  lcd_reverseNibble             
0000209b  lcd_sendCommand               
000020d9  lcd_sendNibble                
00002145  lcd_setCursorPos              
00003825  ldexp                         
00003825  ldexpl                        
2000231c  left_calibration_value        
00001e7d  main                          
00004705  malloc                        
00003935  memalign                      
000045c5  memccpy                       
00003cc7  memcpy                        
00003f0d  memset                        
20002330  motor_cal_factor_L            
20002334  motor_cal_factor_R            
00002e91  moveBackward                  
00002d45  moveForward                   
000018dd  objDetected                   
0000026d  oi_alloc                      
00000aa9  oi_checkFirmware              
000002c7  oi_close                      
00000279  oi_free                       
00000ded  oi_getMotorCalibrationLeft    
00000e01  oi_getMotorCalibrationRight   
000002b1  oi_init                       
00000289  oi_init_noupdate              
00000915  oi_loadSong                   
0000462b  oi_parseInt                   
0000032b  oi_parsePacket                
0000096b  oi_play_song                  
0000084b  oi_setLeds                    
00000db1  oi_setMotorCalibration        
0000088f  oi_setWheels                  
00000b51  oi_shutoff_init               
0000098d  oi_uartInit                   
00000a31  oi_uartReceive                
00000a77  oi_uartSendBuff               
00000a15  oi_uartSendChar               
00000a59  oi_uartSendStr                
000002d9  oi_update                     
00001989  outputMessage                 
00002acb  ping_getDistance              
00002989  ping_init                     
00002a0f  ping_trigger                  
20002320  pulseLength                   
20002324  right_calibration_value       
20002328  risingEdge                    
00003825  scalbn                        
00003825  scalbnl                       
00001a45  scan_Objects                  
0000321d  servo_init                    
000032ad  servo_move                    
0000330d  servo_setPWM                  
000032a1  servo_stop                    
0000436d  sprintf                       
0000465b  strchr                        
00004643  strcmp                        
00004671  strcpy                        
00004685  strlen                        
0000285f  timer_getMicros               
00002807  timer_getMillis               
00002741  timer_init                    
000027e3  timer_pause                   
000027f5  timer_resume                  
000027b9  timer_stop                    
000028b9  timer_waitMicros              
000028eb  timer_waitMillis              
00002e23  turnLeft                      
00002db5  turnRight                     
000043ad  vsnprintf                     
00004699  wcslen                        


GLOBAL SYMBOLS: SORTED BY Symbol Address 

address   name                          
-------   ----                          
00000000  __TI_static_base__            
00000000  g_pfnVectors                  
0000026d  oi_alloc                      
00000279  oi_free                       
00000289  oi_init_noupdate              
000002b1  oi_init                       
000002c7  oi_close                      
000002d9  oi_update                     
0000032b  oi_parsePacket                
0000084b  oi_setLeds                    
0000088f  oi_setWheels                  
00000915  oi_loadSong                   
0000096b  oi_play_song                  
0000097f  go_charge                     
0000098d  oi_uartInit                   
00000a15  oi_uartSendChar               
00000a31  oi_uartReceive                
00000a59  oi_uartSendStr                
00000a77  oi_uartSendBuff               
00000aa9  oi_checkFirmware              
00000b51  oi_shutoff_init               
00000bc3  GPIOF_Handler                 
00000db1  oi_setMotorCalibration        
00000ded  oi_getMotorCalibrationLeft    
00000e01  oi_getMotorCalibrationRight   
00000e8d  __TI_printfi                  
00001000  __STACK_SIZE                  
00001000  __SYSMEM_SIZE                 
000018db  _nop                          
000018dd  objDetected                   
00001903  calcAverage                   
0000194b  calcMedian                    
00001989  outputMessage                 
000019ad  buttonMove                    
00001a45  scan_Objects                  
00001e7d  main                          
00001f49  lcd_reverseNibble             
00001f85  lcd_init                      
00002045  lcd_putc                      
0000207d  lcd_puts                      
0000209b  lcd_sendCommand               
000020d9  lcd_sendNibble                
0000211d  lcd_gotoLine                  
00002145  lcd_setCursorPos              
00002183  lcd_printf                    
000024e1  cyBOT_scan_version            
000024ef  cyBOT_init_Scan               
00002547  cyBOT_Scan                    
000025b9  cyBOT_SERVO_cal               
00002741  timer_init                    
000027b9  timer_stop                    
000027e3  timer_pause                   
000027f5  timer_resume                  
00002807  timer_getMillis               
0000285f  timer_getMicros               
000028b9  timer_waitMicros              
000028eb  timer_waitMillis              
00002989  ping_init                     
00002a0f  ping_trigger                  
00002a79  TIMER3B_Handler               
00002acb  ping_getDistance              
00002d45  moveForward                   
00002db5  turnRight                     
00002e23  turnLeft                      
00002e91  moveBackward                  
00002f09  __aeabi_dsub                  
00002f13  __aeabi_dadd                  
000030bf  __aeabi_idiv0                 
000030bf  __aeabi_ldiv0                 
000030c1  cyBot_sendByte                
000030cd  cyBot_uart_sendStr            
000030e7  cyBot_uart_sendBuffer         
000030ff  cyBot_uart_init               
00003191  cyBot_uart_flush              
000031af  cyBot_getByte                 
000031c9  cyBot_UART1_Handler           
0000321d  servo_init                    
000032a1  servo_stop                    
000032ad  servo_move                    
0000330d  servo_setPWM                  
000034b1  __aeabi_ddiv                  
0000370d  ir_init                       
00003775  ir_getValue                   
0000379d  ir_getDistance                
000037a5  ADC0SS0_Handler               
000037bb  ir_enableInterrupt            
00003825  ldexp                         
00003825  ldexpl                        
00003825  scalbn                        
00003825  scalbnl                       
00003935  aligned_alloc                 
00003935  memalign                      
00003a35  __aeabi_dmul                  
00003b31  free                          
00003cc7  __aeabi_memcpy                
00003cc7  __aeabi_memcpy4               
00003cc7  __aeabi_memcpy8               
00003cc7  memcpy                        
00003d63  __aeabi_uldivmod              
00003df9  __aeabi_cdcmpeq               
00003df9  __aeabi_cdcmple               
00003e7f  __aeabi_cdrcmple              
00003f05  __aeabi_memclr                
00003f05  __aeabi_memclr4               
00003f05  __aeabi_memclr8               
00003f07  __aeabi_memset                
00003f07  __aeabi_memset4               
00003f07  __aeabi_memset8               
00003f0d  memset                        
0000405f  __aeabi_d2f                   
000040cd  __TI_decompress_lzss          
00004135  frexp                         
00004135  frexpl                        
000041ef  __TI_ltoa                     
00004295  atoi                          
000042e1  __aeabi_d2iz                  
00004329  __TI_auto_init_nobinit_nopinit
0000436d  sprintf                       
000043ad  vsnprintf                     
0000442d  calloc                        
00004465  __aeabi_f2d                   
0000449d  IntRegister                   
000044d1  _c_int00_noargs               
00004535  __aeabi_i2d                   
0000458d  __TI_zero_init_nomemset       
000045c5  memccpy                       
000045e1  copysign                      
000045e1  copysignl                     
0000462b  oi_parseInt                   
00004643  strcmp                        
0000465b  strchr                        
00004671  strcpy                        
00004685  strlen                        
00004699  wcslen                        
000046ab  IntMasterEnable               
000046bb  lcd_clear                     
000046cb  __TI_decompress_none          
000046d9  CPUcpsie                      
000046e5  ResetISR                      
000046fd  __aeabi_errno_addr            
00004705  malloc                        
0000470d  _system_pre_init              
00004711  C$$EXIT                       
00004711  abort                         
00004880  _ctypes_                      
00004a34  __TI_Handler_Table_Base       
00004a40  __TI_Handler_Table_Limit      
00004a50  __TI_CINIT_Base               
00004a68  __TI_CINIT_Limit              
20000000  __start___llvm_prf_cnts       
20000000  __stop___llvm_prf_cnts        
20000000  g_pfnRAMVectors               
20000270  __stack                       
20000470  __STACK_TOP                   
20001270  __STACK_END                   
20001270  _sys_memory                   
200022c4  isr_char_buffer               
20002310  _timeout_ticks                
20002314  fallingEdge                   
20002318  isr_int_value                 
2000231c  left_calibration_value        
20002320  pulseLength                   
20002324  right_calibration_value       
20002328  risingEdge                    
2000232c  isRisingEdge                  
20002330  motor_cal_factor_L            
20002334  motor_cal_factor_R            
20002350  _lock                         
20002354  _unlock                       
20002360  cyBOT_scan_features           
20002364  isr_counter                   
20002368  errno                         
2000236c  _running                      
ffffffff  __TI_pprof_out_hndl           
ffffffff  __TI_prof_data_size           
ffffffff  __TI_prof_data_start          
ffffffff  __binit__                     
ffffffff  __c_args__                    
ffffffff  binit                         
UNDEFED   __mpu_init                    
UNDEFED   _system_post_cinit            

[181 symbols]
