******************************************************************************
                  TI ARM Linker PC v20.2.6                     
******************************************************************************
>> Linked Fri Mar 10 12:20:55 2023

OUTPUT FILE NAME:   <Lab6.out>
ENTRY POINT SYMBOL: "_c_int00_noargs"  address: 00003289


MEMORY CONFIGURATION

         name            origin    length      used     unused   attr    fill
----------------------  --------  ---------  --------  --------  ----  --------
  FLASH                 00000000   00040000  00003881  0003c77f  R  X
  SRAM                  20000000   00008000  00002324  00005cdc  RW X


SEGMENT ALLOCATION MAP

run origin  load origin   length   init length attrs members
----------  ----------- ---------- ----------- ----- -------
00000000    00000000    00003888   00003888    r-x
  00000000    00000000    0000026c   0000026c    r-- .intvecs
  0000026c    0000026c    000031f8   000031f8    r-x .text
  00003464    00003464    000003dd   000003dd    r-- .const
  00003848    00003848    00000040   00000040    r-- .cinit
20000000    20000000    0000232a   00000000    rw-
  20000000    20000000    0000026c   00000000    rw- .vtable
  20000270    20000270    00001000   00000000    rw- .stack
  20001270    20001270    00001000   00000000    rw- .sysmem
  20002270    20002270    000000aa   00000000    rw- .bss
  2000231c    2000231c    0000000e   00000000    rw- .data


SECTION ALLOCATION MAP

 output                                  attributes/
section   page    origin      length       input sections
--------  ----  ----------  ----------   ----------------
.intvecs   0    00000000    0000026c     
                  00000000    0000026c     tm4c123gh6pm_startup_ccs.obj (.intvecs)

.text      0    0000026c    000031f8     
                  0000026c    00000a4e     rtsv7M4_T_le_v4SPD16_eabi.lib : _printfi.c.obj (.text:__TI_printfi)
                  00000cba    00000002                                   : div0.asm.obj (.text)
                  00000cbc    00000328     lcd.obj (.text)
                  00000fe4    000002a8     libcybotUART.lib : uart.obj (.text)
                  0000128c    00000270     rtsv7M4_T_le_v4SPD16_eabi.lib : _printfi.c.obj (.text:_pconv_a)
                  000014fc    00000260     libcybotScan.lib : cyBot_Scan.obj (.text)
                  0000175c    00000248     Timer.obj (.text)
                  000019a4    000001ec     libcybotScan.lib : ping.obj (.text)
                  00001b90    000001ec     uart.obj (.text)
                  00001d7c    000001d0     rtsv7M4_T_le_v4SPD16_eabi.lib : _printfi.c.obj (.text:_pconv_g)
                  00001f4c    000001b6                                   : fd_add_t2.asm.obj (.text)
                  00002102    00000002     --HOLE-- [fill = 0]
                  00002104    00000158     libcybotScan.lib : servo.obj (.text)
                  0000225c    00000148     lab5_template.obj (.text)
                  000023a4    0000013c     rtsv7M4_T_le_v4SPD16_eabi.lib : _printfi.c.obj (.text:_pconv_e)
                  000024e0    00000136                                   : fd_div_t2.asm.obj (.text)
                  00002616    00000002     --HOLE-- [fill = 0]
                  00002618    00000124                                   : _printfi.c.obj (.text:fcvt)
                  0000273c    00000118     libcybotScan.lib : ir.obj (.text)
                  00002854    00000110     rtsv7M4_T_le_v4SPD16_eabi.lib : s_scalbn.c.obj (.text:scalbn)
                  00002964    000000fc                                   : fd_mul_t2.asm.obj (.text)
                  00002a60    000000b1                                   : _printfi.c.obj (.text:_ltostr)
                  00002b11    00000001     --HOLE-- [fill = 0]
                  00002b12    0000009c                                   : memcpy_t2.asm.obj (.text)
                  00002bae    00000096                                   : ull_div_t2.asm.obj (.text)
                  00002c44    00000086                                   : fd_cmp_t2.asm.obj (.text:__aeabi_cdcmple)
                  00002cca    00000086                                   : fd_cmp_t2.asm.obj (.text:__aeabi_cdrcmple)
                  00002d50    00000084     button.obj (.text)
                  00002dd4    0000007a     rtsv7M4_T_le_v4SPD16_eabi.lib : memset_t2.asm.obj (.text)
                  00002e4e    0000006e                                   : _printfi.c.obj (.text:_mcpy)
                  00002ebc    00000068                                   : copy_decompress_lzss.c.obj (.text:decompress:lzss:__TI_decompress_lzss)
                  00002f24    00000064                                   : s_frexp.c.obj (.text:frexp)
                  00002f88    00000056                                   : _printfi.c.obj (.text:_pconv_f)
                  00002fde    00000054                                   : _ltoa.c.obj (.text:__TI_ltoa)
                  00003032    00000052                                   : _printfi.c.obj (.text:_ecpy)
                  00003084    0000004c                                   : atoi.c.obj (.text:atoi)
                  000030d0    00000048                                   : fd_toi_t2.asm.obj (.text)
                  00003118    00000044                                   : autoinit.c.obj (.text:__TI_auto_init_nobinit_nopinit:__TI_auto_init_nobinit_nopinit)
                  0000315c    00000040                                   : sprintf.c.obj (.text:sprintf)
                  0000319c    00000040                                   : vsnprintf.c.obj (.text:vsnprintf)
                  000031dc    0000003e                                   : _printfi.c.obj (.text:_fcpy)
                  0000321a    00000038                                   : fs_tod_t2.asm.obj (.text)
                  00003252    00000002     --HOLE-- [fill = 0]
                  00003254    00000034     driverlib.lib : interrupt.obj (.text:IntRegister)
                  00003288    00000034     rtsv7M4_T_le_v4SPD16_eabi.lib : boot_cortex_m.c.obj (.text:_c_int00_noargs:_c_int00_noargs)
                  000032bc    00000030                                   : vsnprintf.c.obj (.text:_outs)
                  000032ec    0000002e                                   : i_tofd_t2.asm.obj (.text)
                  0000331a    0000001c                                   : copy_zero_init.c.obj (.text:decompress:ZI:__TI_zero_init_nomemset:__TI_zero_init_nomemset)
                  00003336    0000001c                                   : memccpy.c.obj (.text:memccpy)
                  00003352    0000001a                                   : s_copysign.c.obj (.text:copysign)
                  0000336c    00000018                                   : vsnprintf.c.obj (.text:_outc)
                  00003384    00000018                                   : sprintf.c.obj (.text:_outs)
                  0000339c    00000018                                   : strcmp.c.obj (.text:strcmp)
                  000033b4    00000016                                   : strchr.c.obj (.text:strchr)
                  000033ca    00000014                                   : strcpy.c.obj (.text:strcpy)
                  000033de    00000014                                   : strlen.c.obj (.text:strlen)
                  000033f2    00000012                                   : wcslen.c.obj (.text:wcslen)
                  00003404    00000010     driverlib.lib : interrupt.obj (.text:IntMasterEnable)
                  00003414    00000010     lcd.obj (.text:lcd_clear)
                  00003424    0000000e     rtsv7M4_T_le_v4SPD16_eabi.lib : copy_decompress_none.c.obj (.text:decompress:none:__TI_decompress_none)
                  00003432    0000000c     driverlib.lib : cpu.obj (.text:CPUcpsie)
                  0000343e    0000000c     tm4c123gh6pm_startup_ccs.obj (.text)
                  0000344a    0000000a     rtsv7M4_T_le_v4SPD16_eabi.lib : sprintf.c.obj (.text:_outc)
                  00003454    00000008                                   : errno.c.obj (.text:__aeabi_errno_addr)
                  0000345c    00000004                                   : pre_init.c.obj (.text:_system_pre_init)
                  00003460    00000004                                   : exit.c.obj (.text:abort:abort)

.const     0    00003464    000003dd     
                  00003464    000002d4     lab5_template.obj (.const:$P$T0$1)
                  00003738    00000101     rtsv7M4_T_le_v4SPD16_eabi.lib : ctype.c.obj (.const:.string:_ctypes_)
                  00003839    00000004     lcd.obj (.const:.string:lineAddress$1)
                  0000383d    00000004     lcd.obj (.const:.string:lineAddresses$2)

.cinit     0    00003848    00000040     
                  00003848    0000000c     (__TI_handler_table)
                  00003854    00000004     --HOLE-- [fill = 0]
                  00003858    00000008     (.cinit..bss.load) [load image, compression = zero_init]
                  00003860    00000008     (.cinit..vtable.load) [load image, compression = zero_init]
                  00003868    00000007     (.cinit..data.load) [load image, compression = lzss]
                  0000386f    00000001     --HOLE-- [fill = 0]
                  00003870    00000018     (__TI_cinit_table)

.init_array 
*          0    00000000    00000000     UNINITIALIZED

.vtable    0    20000000    0000026c     UNINITIALIZED
                  20000000    0000026c     driverlib.lib : interrupt.obj (.vtable)

.stack     0    20000270    00001000     UNINITIALIZED
                  20000270    00000004     rtsv7M4_T_le_v4SPD16_eabi.lib : boot_cortex_m.c.obj (.stack)
                  20000274    00000ffc     --HOLE--

.sysmem    0    20001270    00001000     UNINITIALIZED
                  20001270    00000010     rtsv7M4_T_le_v4SPD16_eabi.lib : memory.c.obj (.sysmem)
                  20001280    00000ff0     --HOLE--

.bss       0    20002270    000000aa     UNINITIALIZED
                  20002270    00000054     lcd.obj (.bss:lastbuffer$3)
                  200022c4    00000034     (.common:isr_char_buffer)
                  200022f8    00000004     (.common:_timeout_ticks)
                  200022fc    00000004     (.common:command_flag)
                  20002300    00000004     (.common:fallingEdge)
                  20002304    00000004     (.common:isr_int_value)
                  20002308    00000004     (.common:left_calibration_value)
                  2000230c    00000004     (.common:pulseLength)
                  20002310    00000004     (.common:right_calibration_value)
                  20002314    00000004     (.common:risingEdge)
                  20002318    00000001     (.common:command_byte)
                  20002319    00000001     (.common:isRisingEdge)

.data      0    2000231c    0000000e     UNINITIALIZED
                  2000231c    00000004     libcybotScan.lib : cyBot_Scan.obj (.data)
                  20002320    00000004     libcybotUART.lib : uart.obj (.data)
                  20002324    00000004     rtsv7M4_T_le_v4SPD16_eabi.lib : errno.c.obj (.data)
                  20002328    00000001     Timer.obj (.data)
                  20002329    00000001     button.obj (.data)

__llvm_prf_cnts 
*          0    20000000    00000000     UNINITIALIZED

MODULE SUMMARY

       Module                         code    ro data   rw data
       ------                         ----    -------   -------
    .\
       lab5_template.obj              328     724       13     
       lcd.obj                        824     8         84     
       tm4c123gh6pm_startup_ccs.obj   12      620       0      
       Timer.obj                      584     0         5      
       uart.obj                       492     0         0      
       button.obj                     132     0         1      
    +--+------------------------------+-------+---------+---------+
       Total:                         2372    1352      103    
                                                               
    ../libcybotScan.lib
       cyBot_Scan.obj                 608     0         4      
       ping.obj                       492     0         13     
       servo.obj                      344     0         0      
       ir.obj                         280     0         4      
    +--+------------------------------+-------+---------+---------+
       Total:                         1724    0         21     
                                                               
    ../libcybotUART.lib
       uart.obj                       680     0         56     
    +--+------------------------------+-------+---------+---------+
       Total:                         680     0         56     
                                                               
    C:/ti/TivaWare_C_Series-2.2.0.295/driverlib/ccs/Debug/driverlib.lib
       interrupt.obj                  68      0         620    
       cpu.obj                        12      0         0      
    +--+------------------------------+-------+---------+---------+
       Total:                         80      0         620    
                                                               
    C:\ti\ccs1200\ccs\tools\compiler\ti-cgt-arm_20.2.6.LTS\lib\rtsv7M4_T_le_v4SPD16_eabi.lib
       _printfi.c.obj                 4851    0         0      
       fd_add_t2.asm.obj              438     0         0      
       fd_div_t2.asm.obj              310     0         0      
       s_scalbn.c.obj                 272     0         0      
       fd_cmp_t2.asm.obj              268     0         0      
       ctype.c.obj                    0       257       0      
       fd_mul_t2.asm.obj              252     0         0      
       memcpy_t2.asm.obj              156     0         0      
       ull_div_t2.asm.obj             150     0         0      
       vsnprintf.c.obj                136     0         0      
       memset_t2.asm.obj              122     0         0      
       copy_decompress_lzss.c.obj     104     0         0      
       s_frexp.c.obj                  100     0         0      
       sprintf.c.obj                  98      0         0      
       _ltoa.c.obj                    84      0         0      
       atoi.c.obj                     76      0         0      
       fd_toi_t2.asm.obj              72      0         0      
       autoinit.c.obj                 68      0         0      
       fs_tod_t2.asm.obj              56      0         0      
       boot_cortex_m.c.obj            52      0         0      
       i_tofd_t2.asm.obj              46      0         0      
       copy_zero_init.c.obj           28      0         0      
       memccpy.c.obj                  28      0         0      
       s_copysign.c.obj               26      0         0      
       strcmp.c.obj                   24      0         0      
       strchr.c.obj                   22      0         0      
       strcpy.c.obj                   20      0         0      
       strlen.c.obj                   20      0         0      
       wcslen.c.obj                   18      0         0      
       copy_decompress_none.c.obj     14      0         0      
       errno.c.obj                    8       0         4      
       exit.c.obj                     4       0         0      
       pre_init.c.obj                 4       0         0      
       div0.asm.obj                   2       0         0      
    +--+------------------------------+-------+---------+---------+
       Total:                         7929    257       4      
                                                               
       Heap:                          0       0         4096   
       Stack:                         0       0         4096   
       Linker Generated:              0       59        0      
    +--+------------------------------+-------+---------+---------+
       Grand Total:                   12785   1668      8996   


LINKER GENERATED COPY TABLES

__TI_cinit_table @ 00003870 records: 3, size/record: 8, table size: 24
	.bss: load addr=00003858, load size=00000008 bytes, run addr=20002270, run size=000000aa bytes, compression=zero_init
	.vtable: load addr=00003860, load size=00000008 bytes, run addr=20000000, run size=0000026c bytes, compression=zero_init
	.data: load addr=00003868, load size=00000007 bytes, run addr=2000231c, run size=0000000e bytes, compression=lzss


LINKER GENERATED HANDLER TABLE

__TI_handler_table @ 00003848 records: 3, size/record: 4, table size: 12
	index: 0, handler: __TI_zero_init
	index: 1, handler: __TI_decompress_lzss
	index: 2, handler: __TI_decompress_none


GLOBAL SYMBOLS: SORTED ALPHABETICALLY BY Name 

address   name                          
-------   ----                          
000027d5  ADC0SS0_Handler               
00003461  C$$EXIT                       
00003433  CPUcpsie                      
00003405  IntMasterEnable               
00003255  IntRegister                   
0000343f  ResetISR                      
00001a95  TIMER3B_Handler               
00001cd7  UART1_Handler                 
20001270  __STACK_END                   
00001000  __STACK_SIZE                  
20000470  __STACK_TOP                   
00001000  __SYSMEM_SIZE                 
00003870  __TI_CINIT_Base               
00003888  __TI_CINIT_Limit              
00003848  __TI_Handler_Table_Base       
00003854  __TI_Handler_Table_Limit      
00003119  __TI_auto_init_nobinit_nopinit
00002ebd  __TI_decompress_lzss          
00003425  __TI_decompress_none          
00002fdf  __TI_ltoa                     
ffffffff  __TI_pprof_out_hndl           
0000026d  __TI_printfi                  
ffffffff  __TI_prof_data_size           
ffffffff  __TI_prof_data_start          
00000000  __TI_static_base__            
0000331b  __TI_zero_init_nomemset       
00002c45  __aeabi_cdcmpeq               
00002c45  __aeabi_cdcmple               
00002ccb  __aeabi_cdrcmple              
000030d1  __aeabi_d2iz                  
00001f57  __aeabi_dadd                  
000024e1  __aeabi_ddiv                  
00002965  __aeabi_dmul                  
00001f4d  __aeabi_dsub                  
00003455  __aeabi_errno_addr            
0000321b  __aeabi_f2d                   
000032ed  __aeabi_i2d                   
00000cbb  __aeabi_idiv0                 
00000cbb  __aeabi_ldiv0                 
00002dd5  __aeabi_memclr                
00002dd5  __aeabi_memclr4               
00002dd5  __aeabi_memclr8               
00002b13  __aeabi_memcpy                
00002b13  __aeabi_memcpy4               
00002b13  __aeabi_memcpy8               
00002dd7  __aeabi_memset                
00002dd7  __aeabi_memset4               
00002dd7  __aeabi_memset8               
00002baf  __aeabi_uldivmod              
ffffffff  __binit__                     
ffffffff  __c_args__                    
UNDEFED   __mpu_init                    
20000270  __stack                       
20000000  __start___llvm_prf_cnts       
20000000  __stop___llvm_prf_cnts        
00003289  _c_int00_noargs               
00003738  _ctypes_                      
20002328  _running                      
20001270  _sys_memory                   
UNDEFED   _system_post_cinit            
0000345d  _system_pre_init              
200022f8  _timeout_ticks                
00003461  abort                         
00003085  atoi                          
ffffffff  binit                         
00002d85  button_getButton              
00002d51  button_init                   
20002318  command_byte                  
200022fc  command_flag                  
00003353  copysign                      
00003353  copysignl                     
000015d5  cyBOT_SERVO_cal               
00001563  cyBOT_Scan                    
0000150b  cyBOT_init_Scan               
2000231c  cyBOT_scan_features           
000014fd  cyBOT_scan_version            
00001231  cyBot_UART1_Handler           
00001223  cyBot_getByte_blocking        
00001203  cyBot_getByte_nonblocking     
00000fe5  cyBot_sendByte                
000011e9  cyBot_uart_flush              
00001153  cyBot_uart_init               
000010f3  cyBot_uart_init_PHJ_first_half
0000109b  cyBot_uart_init_clean         
00001023  cyBot_uart_init_last_half     
0000100b  cyBot_uart_sendBuffer         
00000ff1  cyBot_uart_sendStr            
20002324  errno                         
20002300  fallingEdge                   
00002f25  frexp                         
00002f25  frexpl                        
20000000  g_pfnRAMVectors               
00000000  g_pfnVectors                  
000027eb  ir_enableInterrupt            
000027cd  ir_getDistance                
000027a5  ir_getValue                   
0000273d  ir_init                       
20002319  isRisingEdge                  
200022c4  isr_char_buffer               
20002320  isr_counter                   
20002304  isr_int_value                 
00003415  lcd_clear                     
00000e91  lcd_gotoLine                  
00000cf9  lcd_init                      
00000ef7  lcd_printf                    
00000db9  lcd_putc                      
00000df1  lcd_puts                      
00000cbd  lcd_reverseNibble             
00000e0f  lcd_sendCommand               
00000e4d  lcd_sendNibble                
00000eb9  lcd_setCursorPos              
00002855  ldexp                         
00002855  ldexpl                        
20002308  left_calibration_value        
0000232d  main                          
00003337  memccpy                       
00002b13  memcpy                        
00002ddd  memset                        
00001ae7  ping_getDistance              
000019a5  ping_init                     
00001a2b  ping_trigger                  
2000230c  pulseLength                   
20002310  right_calibration_value       
20002314  risingEdge                    
00002855  scalbn                        
00002855  scalbnl                       
0000225d  scan_Objects                  
00002105  servo_init                    
00002195  servo_move                    
000021f5  servo_setPWM                  
00002189  servo_stop                    
0000315d  sprintf                       
000033b5  strchr                        
0000339d  strcmp                        
000033cb  strcpy                        
000033df  strlen                        
0000187b  timer_getMicros               
00001823  timer_getMillis               
0000175d  timer_init                    
000017ff  timer_pause                   
00001811  timer_resume                  
000017d5  timer_stop                    
000018d5  timer_waitMicros              
00001907  timer_waitMillis              
00001b91  uart_init                     
00001c6f  uart_receive                  
00001c53  uart_sendChar                 
00001caf  uart_sendStr                  
0000319d  vsnprintf                     
000033f3  wcslen                        


GLOBAL SYMBOLS: SORTED BY Symbol Address 

address   name                          
-------   ----                          
00000000  __TI_static_base__            
00000000  g_pfnVectors                  
0000026d  __TI_printfi                  
00000cbb  __aeabi_idiv0                 
00000cbb  __aeabi_ldiv0                 
00000cbd  lcd_reverseNibble             
00000cf9  lcd_init                      
00000db9  lcd_putc                      
00000df1  lcd_puts                      
00000e0f  lcd_sendCommand               
00000e4d  lcd_sendNibble                
00000e91  lcd_gotoLine                  
00000eb9  lcd_setCursorPos              
00000ef7  lcd_printf                    
00000fe5  cyBot_sendByte                
00000ff1  cyBot_uart_sendStr            
00001000  __STACK_SIZE                  
00001000  __SYSMEM_SIZE                 
0000100b  cyBot_uart_sendBuffer         
00001023  cyBot_uart_init_last_half     
0000109b  cyBot_uart_init_clean         
000010f3  cyBot_uart_init_PHJ_first_half
00001153  cyBot_uart_init               
000011e9  cyBot_uart_flush              
00001203  cyBot_getByte_nonblocking     
00001223  cyBot_getByte_blocking        
00001231  cyBot_UART1_Handler           
000014fd  cyBOT_scan_version            
0000150b  cyBOT_init_Scan               
00001563  cyBOT_Scan                    
000015d5  cyBOT_SERVO_cal               
0000175d  timer_init                    
000017d5  timer_stop                    
000017ff  timer_pause                   
00001811  timer_resume                  
00001823  timer_getMillis               
0000187b  timer_getMicros               
000018d5  timer_waitMicros              
00001907  timer_waitMillis              
000019a5  ping_init                     
00001a2b  ping_trigger                  
00001a95  TIMER3B_Handler               
00001ae7  ping_getDistance              
00001b91  uart_init                     
00001c53  uart_sendChar                 
00001c6f  uart_receive                  
00001caf  uart_sendStr                  
00001cd7  UART1_Handler                 
00001f4d  __aeabi_dsub                  
00001f57  __aeabi_dadd                  
00002105  servo_init                    
00002189  servo_stop                    
00002195  servo_move                    
000021f5  servo_setPWM                  
0000225d  scan_Objects                  
0000232d  main                          
000024e1  __aeabi_ddiv                  
0000273d  ir_init                       
000027a5  ir_getValue                   
000027cd  ir_getDistance                
000027d5  ADC0SS0_Handler               
000027eb  ir_enableInterrupt            
00002855  ldexp                         
00002855  ldexpl                        
00002855  scalbn                        
00002855  scalbnl                       
00002965  __aeabi_dmul                  
00002b13  __aeabi_memcpy                
00002b13  __aeabi_memcpy4               
00002b13  __aeabi_memcpy8               
00002b13  memcpy                        
00002baf  __aeabi_uldivmod              
00002c45  __aeabi_cdcmpeq               
00002c45  __aeabi_cdcmple               
00002ccb  __aeabi_cdrcmple              
00002d51  button_init                   
00002d85  button_getButton              
00002dd5  __aeabi_memclr                
00002dd5  __aeabi_memclr4               
00002dd5  __aeabi_memclr8               
00002dd7  __aeabi_memset                
00002dd7  __aeabi_memset4               
00002dd7  __aeabi_memset8               
00002ddd  memset                        
00002ebd  __TI_decompress_lzss          
00002f25  frexp                         
00002f25  frexpl                        
00002fdf  __TI_ltoa                     
00003085  atoi                          
000030d1  __aeabi_d2iz                  
00003119  __TI_auto_init_nobinit_nopinit
0000315d  sprintf                       
0000319d  vsnprintf                     
0000321b  __aeabi_f2d                   
00003255  IntRegister                   
00003289  _c_int00_noargs               
000032ed  __aeabi_i2d                   
0000331b  __TI_zero_init_nomemset       
00003337  memccpy                       
00003353  copysign                      
00003353  copysignl                     
0000339d  strcmp                        
000033b5  strchr                        
000033cb  strcpy                        
000033df  strlen                        
000033f3  wcslen                        
00003405  IntMasterEnable               
00003415  lcd_clear                     
00003425  __TI_decompress_none          
00003433  CPUcpsie                      
0000343f  ResetISR                      
00003455  __aeabi_errno_addr            
0000345d  _system_pre_init              
00003461  C$$EXIT                       
00003461  abort                         
00003738  _ctypes_                      
00003848  __TI_Handler_Table_Base       
00003854  __TI_Handler_Table_Limit      
00003870  __TI_CINIT_Base               
00003888  __TI_CINIT_Limit              
20000000  __start___llvm_prf_cnts       
20000000  __stop___llvm_prf_cnts        
20000000  g_pfnRAMVectors               
20000270  __stack                       
20000470  __STACK_TOP                   
20001270  __STACK_END                   
20001270  _sys_memory                   
200022c4  isr_char_buffer               
200022f8  _timeout_ticks                
200022fc  command_flag                  
20002300  fallingEdge                   
20002304  isr_int_value                 
20002308  left_calibration_value        
2000230c  pulseLength                   
20002310  right_calibration_value       
20002314  risingEdge                    
20002318  command_byte                  
20002319  isRisingEdge                  
2000231c  cyBOT_scan_features           
20002320  isr_counter                   
20002324  errno                         
20002328  _running                      
ffffffff  __TI_pprof_out_hndl           
ffffffff  __TI_prof_data_size           
ffffffff  __TI_prof_data_start          
ffffffff  __binit__                     
ffffffff  __c_args__                    
ffffffff  binit                         
UNDEFED   __mpu_init                    
UNDEFED   _system_post_cinit            

[150 symbols]
