******************************************************************************
                  TI ARM Linker PC v20.2.6                     
******************************************************************************
>> Linked Fri Apr 14 11:52:45 2023

OUTPUT FILE NAME:   <Lab10.out>
ENTRY POINT SYMBOL: "_c_int00_noargs"  address: 00002b39


MEMORY CONFIGURATION

         name            origin    length      used     unused   attr    fill
----------------------  --------  ---------  --------  --------  ----  --------
  FLASH                 00000000   00040000  00002e5d  0003d1a3  R  X
  SRAM                  20000000   00008000  000022d2  00005d2e  RW X


SEGMENT ALLOCATION MAP

run origin  load origin   length   init length attrs members
----------  ----------- ---------- ----------- ----- -------
00000000    00000000    00002e60   00002e60    r-x
  00000000    00000000    0000026c   0000026c    r-- .intvecs
  0000026c    0000026c    00002aa8   00002aa8    r-x .text
  00002d14    00002d14    00000109   00000109    r-- .const
  00002e20    00002e20    00000040   00000040    r-- .cinit
20000000    20000000    000022d6   00000000    rw-
  20000000    20000000    0000026c   00000000    rw- .vtable
  20000270    20000270    00001000   00000000    rw- .stack
  20001270    20001270    00001000   00000000    rw- .sysmem
  20002270    20002270    00000058   00000000    rw- .bss
  200022c8    200022c8    0000000e   00000000    rw- .data


SECTION ALLOCATION MAP

 output                                  attributes/
section   page    origin      length       input sections
--------  ----  ----------  ----------   ----------------
.intvecs   0    00000000    0000026c     
                  00000000    0000026c     tm4c123gh6pm_startup_ccs.obj (.intvecs)

.text      0    0000026c    00002aa8     
                  0000026c    00000a4e     rtsv7M4_T_le_v4SPD16_eabi.lib : _printfi.c.obj (.text:__TI_printfi)
                  00000cba    00000002                                   : div0.asm.obj (.text)
                  00000cbc    000003e0     lcd.obj (.text)
                  0000109c    00000270     rtsv7M4_T_le_v4SPD16_eabi.lib : _printfi.c.obj (.text:_pconv_a)
                  0000130c    00000248     Timer.obj (.text)
                  00001554    000001d0     rtsv7M4_T_le_v4SPD16_eabi.lib : _printfi.c.obj (.text:_pconv_g)
                  00001724    000001c8     uart-interrupt.obj (.text)
                  000018ec    000001b6     rtsv7M4_T_le_v4SPD16_eabi.lib : fd_add_t2.asm.obj (.text)
                  00001aa2    00000002     --HOLE-- [fill = 0]
                  00001aa4    00000170     servo.obj (.text)
                  00001c14    0000015c     main.obj (.text)
                  00001d70    0000013c     rtsv7M4_T_le_v4SPD16_eabi.lib : _printfi.c.obj (.text:_pconv_e)
                  00001eac    00000136                                   : fd_div_t2.asm.obj (.text)
                  00001fe2    00000002     --HOLE-- [fill = 0]
                  00001fe4    00000124                                   : _printfi.c.obj (.text:fcvt)
                  00002108    00000110                                   : s_scalbn.c.obj (.text:scalbn)
                  00002218    000000fc                                   : fd_mul_t2.asm.obj (.text)
                  00002314    000000b1                                   : _printfi.c.obj (.text:_ltostr)
                  000023c5    00000001     --HOLE-- [fill = 0]
                  000023c6    0000009c                                   : memcpy_t2.asm.obj (.text)
                  00002462    00000096                                   : ull_div_t2.asm.obj (.text)
                  000024f8    00000088     button.obj (.text)
                  00002580    00000086     rtsv7M4_T_le_v4SPD16_eabi.lib : fd_cmp_t2.asm.obj (.text:__aeabi_cdcmple)
                  00002606    00000086                                   : fd_cmp_t2.asm.obj (.text:__aeabi_cdrcmple)
                  0000268c    0000007a                                   : memset_t2.asm.obj (.text)
                  00002706    0000006e                                   : _printfi.c.obj (.text:_mcpy)
                  00002774    0000006e                                   : fd_tos_t2.asm.obj (.text)
                  000027e2    00000068                                   : copy_decompress_lzss.c.obj (.text:decompress:lzss:__TI_decompress_lzss)
                  0000284a    00000002     --HOLE-- [fill = 0]
                  0000284c    00000064                                   : s_frexp.c.obj (.text:frexp)
                  000028b0    00000056                                   : _printfi.c.obj (.text:_pconv_f)
                  00002906    00000054                                   : _ltoa.c.obj (.text:__TI_ltoa)
                  0000295a    00000052                                   : _printfi.c.obj (.text:_ecpy)
                  000029ac    0000004c                                   : atoi.c.obj (.text:atoi)
                  000029f8    00000048                                   : fd_toi_t2.asm.obj (.text)
                  00002a40    00000044                                   : autoinit.c.obj (.text:__TI_auto_init_nobinit_nopinit:__TI_auto_init_nobinit_nopinit)
                  00002a84    00000040                                   : vsnprintf.c.obj (.text:vsnprintf)
                  00002ac4    0000003e                                   : _printfi.c.obj (.text:_fcpy)
                  00002b02    00000002     --HOLE-- [fill = 0]
                  00002b04    00000034     driverlib.lib : interrupt.obj (.text:IntRegister)
                  00002b38    00000034     rtsv7M4_T_le_v4SPD16_eabi.lib : boot_cortex_m.c.obj (.text:_c_int00_noargs:_c_int00_noargs)
                  00002b6c    00000030                                   : vsnprintf.c.obj (.text:_outs)
                  00002b9c    0000002e                                   : i_tofd_t2.asm.obj (.text)
                  00002bca    00000020                                   : u_tofd_t2.asm.obj (.text)
                  00002bea    0000001c                                   : copy_zero_init.c.obj (.text:decompress:ZI:__TI_zero_init_nomemset:__TI_zero_init_nomemset)
                  00002c06    0000001c                                   : memccpy.c.obj (.text:memccpy)
                  00002c22    0000001a                                   : s_copysign.c.obj (.text:copysign)
                  00002c3c    00000018                                   : vsnprintf.c.obj (.text:_outc)
                  00002c54    00000018                                   : strcmp.c.obj (.text:strcmp)
                  00002c6c    00000016                                   : strchr.c.obj (.text:strchr)
                  00002c82    00000014                                   : strcpy.c.obj (.text:strcpy)
                  00002c96    00000014                                   : strlen.c.obj (.text:strlen)
                  00002caa    00000012                                   : wcslen.c.obj (.text:wcslen)
                  00002cbc    00000010     driverlib.lib : interrupt.obj (.text:IntMasterEnable)
                  00002ccc    00000010     lcd.obj (.text:lcd_clear)
                  00002cdc    0000000e     rtsv7M4_T_le_v4SPD16_eabi.lib : copy_decompress_none.c.obj (.text:decompress:none:__TI_decompress_none)
                  00002cea    0000000c     driverlib.lib : cpu.obj (.text:CPUcpsie)
                  00002cf6    0000000c     tm4c123gh6pm_startup_ccs.obj (.text)
                  00002d02    00000002     --HOLE-- [fill = 0]
                  00002d04    00000008     rtsv7M4_T_le_v4SPD16_eabi.lib : errno.c.obj (.text:__aeabi_errno_addr)
                  00002d0c    00000004                                   : pre_init.c.obj (.text:_system_pre_init)
                  00002d10    00000004                                   : exit.c.obj (.text:abort:abort)

.const     0    00002d14    00000109     
                  00002d14    00000101     rtsv7M4_T_le_v4SPD16_eabi.lib : ctype.c.obj (.const:.string:_ctypes_)
                  00002e15    00000004     lcd.obj (.const:.string:lineAddress$1)
                  00002e19    00000004     lcd.obj (.const:.string:lineAddresses$2)

.cinit     0    00002e20    00000040     
                  00002e20    0000000c     (__TI_handler_table)
                  00002e2c    0000000b     (.cinit..data.load) [load image, compression = lzss]
                  00002e37    00000001     --HOLE-- [fill = 0]
                  00002e38    00000008     (.cinit..bss.load) [load image, compression = zero_init]
                  00002e40    00000008     (.cinit..vtable.load) [load image, compression = zero_init]
                  00002e48    00000018     (__TI_cinit_table)

.init_array 
*          0    00000000    00000000     UNINITIALIZED

.vtable    0    20000000    0000026c     UNINITIALIZED
                  20000000    0000026c     driverlib.lib : interrupt.obj (.vtable)

.stack     0    20000270    00001000     UNINITIALIZED
                  20000270    00000004     rtsv7M4_T_le_v4SPD16_eabi.lib : boot_cortex_m.c.obj (.stack)
                  20000274    00000ffc     --HOLE--

.sysmem    0    20001270    00001000     UNINITIALIZED
                  20001270    00000010     rtsv7M4_T_le_v4SPD16_eabi.lib : memory.c.obj (.sysmem)
                  20001280    00000ff0     --HOLE--

.bss       0    20002270    00000058     UNINITIALIZED
                  20002270    00000054     lcd.obj (.bss:lastbuffer$3)
                  200022c4    00000004     (.common:_timeout_ticks)

.data      0    200022c8    0000000e     UNINITIALIZED
                  200022c8    00000008     uart-interrupt.obj (.data)
                  200022d0    00000004     rtsv7M4_T_le_v4SPD16_eabi.lib : errno.c.obj (.data)
                  200022d4    00000001     Timer.obj (.data)
                  200022d5    00000001     button.obj (.data)

__llvm_prf_cnts 
*          0    20000000    00000000     UNINITIALIZED

MODULE SUMMARY

       Module                         code    ro data   rw data
       ------                         ----    -------   -------
    .\
       lcd.obj                        1008    8         84     
       tm4c123gh6pm_startup_ccs.obj   12      620       0      
       Timer.obj                      584     0         5      
       uart-interrupt.obj             456     0         8      
       servo.obj                      368     0         0      
       main.obj                       348     0         0      
       button.obj                     136     0         1      
    +--+------------------------------+-------+---------+---------+
       Total:                         2912    628       98     
                                                               
    C:/ti/TivaWare_C_Series-2.2.0.295/driverlib/ccs/Debug/driverlib.lib
       interrupt.obj                  68      0         620    
       cpu.obj                        12      0         0      
    +--+------------------------------+-------+---------+---------+
       Total:                         80      0         620    
                                                               
    C:\ti\ccs1200\ccs\tools\compiler\ti-cgt-arm_20.2.6.LTS\lib\rtsv7M4_T_le_v4SPD16_eabi.lib
       _printfi.c.obj                 4851    0         0      
       fd_add_t2.asm.obj              438     0         0      
       fd_div_t2.asm.obj              310     0         0      
       s_scalbn.c.obj                 272     0         0      
       fd_cmp_t2.asm.obj              268     0         0      
       ctype.c.obj                    0       257       0      
       fd_mul_t2.asm.obj              252     0         0      
       memcpy_t2.asm.obj              156     0         0      
       ull_div_t2.asm.obj             150     0         0      
       vsnprintf.c.obj                136     0         0      
       memset_t2.asm.obj              122     0         0      
       fd_tos_t2.asm.obj              110     0         0      
       copy_decompress_lzss.c.obj     104     0         0      
       s_frexp.c.obj                  100     0         0      
       _ltoa.c.obj                    84      0         0      
       atoi.c.obj                     76      0         0      
       fd_toi_t2.asm.obj              72      0         0      
       autoinit.c.obj                 68      0         0      
       boot_cortex_m.c.obj            52      0         0      
       i_tofd_t2.asm.obj              46      0         0      
       u_tofd_t2.asm.obj              32      0         0      
       copy_zero_init.c.obj           28      0         0      
       memccpy.c.obj                  28      0         0      
       s_copysign.c.obj               26      0         0      
       strcmp.c.obj                   24      0         0      
       strchr.c.obj                   22      0         0      
       strcpy.c.obj                   20      0         0      
       strlen.c.obj                   20      0         0      
       wcslen.c.obj                   18      0         0      
       copy_decompress_none.c.obj     14      0         0      
       errno.c.obj                    8       0         4      
       exit.c.obj                     4       0         0      
       pre_init.c.obj                 4       0         0      
       div0.asm.obj                   2       0         0      
    +--+------------------------------+-------+---------+---------+
       Total:                         7917    257       4      
                                                               
       Heap:                          0       0         4096   
       Stack:                         0       0         4096   
       Linker Generated:              0       63        0      
    +--+------------------------------+-------+---------+---------+
       Grand Total:                   10909   948       8914   


LINKER GENERATED COPY TABLES

__TI_cinit_table @ 00002e48 records: 3, size/record: 8, table size: 24
	.data: load addr=00002e2c, load size=0000000b bytes, run addr=200022c8, run size=0000000e bytes, compression=lzss
	.bss: load addr=00002e38, load size=00000008 bytes, run addr=20002270, run size=00000058 bytes, compression=zero_init
	.vtable: load addr=00002e40, load size=00000008 bytes, run addr=20000000, run size=0000026c bytes, compression=zero_init


LINKER GENERATED HANDLER TABLE

__TI_handler_table @ 00002e20 records: 3, size/record: 4, table size: 12
	index: 0, handler: __TI_zero_init
	index: 1, handler: __TI_decompress_lzss
	index: 2, handler: __TI_decompress_none


GLOBAL SYMBOLS: SORTED ALPHABETICALLY BY Name 

address   name                          
-------   ----                          
00002d11  C$$EXIT                       
00002ceb  CPUcpsie                      
00002cbd  IntMasterEnable               
00002b05  IntRegister                   
00002cf7  ResetISR                      
00001841  UART1_Handler                 
20001270  __STACK_END                   
00001000  __STACK_SIZE                  
20000470  __STACK_TOP                   
00001000  __SYSMEM_SIZE                 
00002e48  __TI_CINIT_Base               
00002e60  __TI_CINIT_Limit              
00002e20  __TI_Handler_Table_Base       
00002e2c  __TI_Handler_Table_Limit      
00002a41  __TI_auto_init_nobinit_nopinit
000027e3  __TI_decompress_lzss          
00002cdd  __TI_decompress_none          
00002907  __TI_ltoa                     
ffffffff  __TI_pprof_out_hndl           
0000026d  __TI_printfi                  
ffffffff  __TI_prof_data_size           
ffffffff  __TI_prof_data_start          
00000000  __TI_static_base__            
00002beb  __TI_zero_init_nomemset       
00002581  __aeabi_cdcmpeq               
00002581  __aeabi_cdcmple               
00002607  __aeabi_cdrcmple              
00002775  __aeabi_d2f                   
000029f9  __aeabi_d2iz                  
000018f7  __aeabi_dadd                  
00001ead  __aeabi_ddiv                  
00002219  __aeabi_dmul                  
000018ed  __aeabi_dsub                  
00002d05  __aeabi_errno_addr            
00002b9d  __aeabi_i2d                   
00000cbb  __aeabi_idiv0                 
00000cbb  __aeabi_ldiv0                 
0000268d  __aeabi_memclr                
0000268d  __aeabi_memclr4               
0000268d  __aeabi_memclr8               
000023c7  __aeabi_memcpy                
000023c7  __aeabi_memcpy4               
000023c7  __aeabi_memcpy8               
0000268f  __aeabi_memset                
0000268f  __aeabi_memset4               
0000268f  __aeabi_memset8               
00002bcb  __aeabi_ui2d                  
00002463  __aeabi_uldivmod              
ffffffff  __binit__                     
ffffffff  __c_args__                    
UNDEFED   __mpu_init                    
20000270  __stack                       
20000000  __start___llvm_prf_cnts       
20000000  __stop___llvm_prf_cnts        
00002b39  _c_int00_noargs               
00002d14  _ctypes_                      
200022d4  _running                      
20001270  _sys_memory                   
UNDEFED   _system_post_cinit            
00002d0d  _system_pre_init              
200022c4  _timeout_ticks                
00002d11  abort                         
000029ad  atoi                          
ffffffff  binit                         
0000252d  button_getButton              
000024f9  button_init                   
200022c8  command_byte                  
200022cc  command_flag                  
00002c23  copysign                      
00002c23  copysignl                     
200022d0  errno                         
0000284d  frexp                         
0000284d  frexpl                        
20000000  g_pfnRAMVectors               
00000000  g_pfnVectors                  
00002ccd  lcd_clear                     
00000e91  lcd_gotoLine                  
00000cf9  lcd_init                      
00000ef7  lcd_printf                    
00000db9  lcd_putc                      
00000df1  lcd_puts                      
00000cbd  lcd_reverseNibble             
00000fd5  lcd_rotatingBanner            
00000e0f  lcd_sendCommand               
00000e4d  lcd_sendNibble                
00000eb9  lcd_setCursorPos              
00002109  ldexp                         
00002109  ldexpl                        
00001c15  main                          
00002c07  memccpy                       
000023c7  memcpy                        
00002695  memset                        
00002109  scalbn                        
00002109  scalbnl                       
00001aa5  servomotor_init               
00001b37  servomotor_move               
00002c6d  strchr                        
00002c55  strcmp                        
00002c83  strcpy                        
00002c97  strlen                        
0000142b  timer_getMicros               
000013d3  timer_getMillis               
0000130d  timer_init                    
000013af  timer_pause                   
000013c1  timer_resume                  
00001385  timer_stop                    
00001485  timer_waitMicros              
000014b7  timer_waitMillis              
00001725  uart_interrupt_init           
000017f7  uart_receive                  
00001817  uart_receive_nonBlocking      
000017e3  uart_sendChar                 
000017f9  uart_sendStr                  
00002a85  vsnprintf                     
00002cab  wcslen                        


GLOBAL SYMBOLS: SORTED BY Symbol Address 

address   name                          
-------   ----                          
00000000  __TI_static_base__            
00000000  g_pfnVectors                  
0000026d  __TI_printfi                  
00000cbb  __aeabi_idiv0                 
00000cbb  __aeabi_ldiv0                 
00000cbd  lcd_reverseNibble             
00000cf9  lcd_init                      
00000db9  lcd_putc                      
00000df1  lcd_puts                      
00000e0f  lcd_sendCommand               
00000e4d  lcd_sendNibble                
00000e91  lcd_gotoLine                  
00000eb9  lcd_setCursorPos              
00000ef7  lcd_printf                    
00000fd5  lcd_rotatingBanner            
00001000  __STACK_SIZE                  
00001000  __SYSMEM_SIZE                 
0000130d  timer_init                    
00001385  timer_stop                    
000013af  timer_pause                   
000013c1  timer_resume                  
000013d3  timer_getMillis               
0000142b  timer_getMicros               
00001485  timer_waitMicros              
000014b7  timer_waitMillis              
00001725  uart_interrupt_init           
000017e3  uart_sendChar                 
000017f7  uart_receive                  
000017f9  uart_sendStr                  
00001817  uart_receive_nonBlocking      
00001841  UART1_Handler                 
000018ed  __aeabi_dsub                  
000018f7  __aeabi_dadd                  
00001aa5  servomotor_init               
00001b37  servomotor_move               
00001c15  main                          
00001ead  __aeabi_ddiv                  
00002109  ldexp                         
00002109  ldexpl                        
00002109  scalbn                        
00002109  scalbnl                       
00002219  __aeabi_dmul                  
000023c7  __aeabi_memcpy                
000023c7  __aeabi_memcpy4               
000023c7  __aeabi_memcpy8               
000023c7  memcpy                        
00002463  __aeabi_uldivmod              
000024f9  button_init                   
0000252d  button_getButton              
00002581  __aeabi_cdcmpeq               
00002581  __aeabi_cdcmple               
00002607  __aeabi_cdrcmple              
0000268d  __aeabi_memclr                
0000268d  __aeabi_memclr4               
0000268d  __aeabi_memclr8               
0000268f  __aeabi_memset                
0000268f  __aeabi_memset4               
0000268f  __aeabi_memset8               
00002695  memset                        
00002775  __aeabi_d2f                   
000027e3  __TI_decompress_lzss          
0000284d  frexp                         
0000284d  frexpl                        
00002907  __TI_ltoa                     
000029ad  atoi                          
000029f9  __aeabi_d2iz                  
00002a41  __TI_auto_init_nobinit_nopinit
00002a85  vsnprintf                     
00002b05  IntRegister                   
00002b39  _c_int00_noargs               
00002b9d  __aeabi_i2d                   
00002bcb  __aeabi_ui2d                  
00002beb  __TI_zero_init_nomemset       
00002c07  memccpy                       
00002c23  copysign                      
00002c23  copysignl                     
00002c55  strcmp                        
00002c6d  strchr                        
00002c83  strcpy                        
00002c97  strlen                        
00002cab  wcslen                        
00002cbd  IntMasterEnable               
00002ccd  lcd_clear                     
00002cdd  __TI_decompress_none          
00002ceb  CPUcpsie                      
00002cf7  ResetISR                      
00002d05  __aeabi_errno_addr            
00002d0d  _system_pre_init              
00002d11  C$$EXIT                       
00002d11  abort                         
00002d14  _ctypes_                      
00002e20  __TI_Handler_Table_Base       
00002e2c  __TI_Handler_Table_Limit      
00002e48  __TI_CINIT_Base               
00002e60  __TI_CINIT_Limit              
20000000  __start___llvm_prf_cnts       
20000000  __stop___llvm_prf_cnts        
20000000  g_pfnRAMVectors               
20000270  __stack                       
20000470  __STACK_TOP                   
20001270  __STACK_END                   
20001270  _sys_memory                   
200022c4  _timeout_ticks                
200022c8  command_byte                  
200022cc  command_flag                  
200022d0  errno                         
200022d4  _running                      
ffffffff  __TI_pprof_out_hndl           
ffffffff  __TI_prof_data_size           
ffffffff  __TI_prof_data_start          
ffffffff  __binit__                     
ffffffff  __c_args__                    
ffffffff  binit                         
UNDEFED   __mpu_init                    
UNDEFED   _system_post_cinit            

[115 symbols]
